MPLINK 3.90, Linker
Linker Map File - Created Thu Feb  8 19:01:26 2007

                                 Section Info
                  Section       Type    Address   Location Size(Bytes)
                ---------  ---------  ---------  ---------  ---------
               _entry_scn       code   0x000800    program   0x000006
       .romdata_adcbusy.o    romdata   0x000806    program   0x000000
      .romdata_adcclose.o    romdata   0x000806    program   0x000000
       .romdata_adcconv.o    romdata   0x000806    program   0x000000
   .romdata_ifi_startup.o    romdata   0x000806    program   0x000000
   .romdata_ifi_library.o    romdata   0x000806    program   0x000000
.romdata_user_routines_fast.o    romdata   0x000806    program   0x000000
.idata_user_routines_fast.o_i    romdata   0x000806    program   0x000000
 .romdata_user_routines.o    romdata   0x000806    program   0x000000
        .idata_u1open.o_i    romdata   0x000806    program   0x000000
  .romdata_serial_ports.o    romdata   0x000806    program   0x000000
        .romdata_u1open.o    romdata   0x000806    program   0x000000
       .romdata_adcopen.o    romdata   0x000806    program   0x000000
          .romdata_main.o    romdata   0x000806    program   0x000000
      .romdata_spi1open.o    romdata   0x000806    program   0x000000
           .romdata_pwm.o    romdata   0x000806    program   0x000000
        .romdata_stdout.o    romdata   0x000806    program   0x000000
       .romdata_adcread.o    romdata   0x000806    program   0x000000
 .romdata_ifi_utilities.o    romdata   0x000806    program   0x000000
        .idata_stdout.o_i    romdata   0x000806    program   0x000002
      InterruptVectorHigh       code   0x000808    program   0x000006
          .code_adcbusy.o       code   0x00080e    program   0x00000a
       InterruptVectorLow       code   0x000818    program   0x000006
                   .cinit    romdata   0x00081e    program   0x000032
      .code_ifi_library.o       code   0x000850    program   0x000736
    .code_user_routines.o       code   0x000f86    program   0x0005f4
                 UTIL_LIB       code   0x00157a    program   0x000396
                     PROG       code   0x001910    program   0x000356
     .code_serial_ports.o       code   0x001c66    program   0x00027e
    .code_ifi_utilities.o       code   0x001ee4    program   0x00018e
.code_user_routines_fast.o       code   0x002072    program   0x00014a
              .code_pwm.o       code   0x0021bc    program   0x000116
               _cinit_scn       code   0x0022d2    program   0x00009e
          .code_adcopen.o       code   0x002370    program   0x000068
         .code_spi1open.o       code   0x0023d8    program   0x000066
           .code_u1open.o       code   0x00243e    program   0x000064
          .code_adcread.o       code   0x0024a2    program   0x00003e
             .code_main.o       code   0x0024e0    program   0x000026
             _startup_scn       code   0x002506    program   0x000020
              D1KTCYXCODE       code   0x002526    program   0x000020
              D10TCYXCODE       code   0x002546    program   0x000016
         .code_adcclose.o       code   0x00255c    program   0x000006
          .code_adcconv.o       code   0x002562    program   0x000004
 .idata_user_routines.o_i    romdata   0x002566    program   0x000003
  .idata_serial_ports.o_i    romdata   0x002569    program   0x000019
      .idata_spi1open.o_i    romdata   0x002569    program   0x000000
          .idata_main.o_i    romdata   0x002582    program   0x000000
 .idata_ifi_utilities.o_i    romdata   0x002582    program   0x000004
           .idata_pwm.o_i    romdata   0x002582    program   0x000000
       .idata_adcopen.o_i    romdata   0x002586    program   0x000000
   .idata_ifi_startup.o_i    romdata   0x002586    program   0x000000
   .idata_ifi_library.o_i    romdata   0x002586    program   0x000000
       .idata_adcread.o_i    romdata   0x002586    program   0x000000
      .code_ifi_startup.o       code   0x002586    program   0x000000
       .idata_adcconv.o_i    romdata   0x002586    program   0x000000
      .idata_adcclose.o_i    romdata   0x002586    program   0x000000
           .code_stdout.o       code   0x002586    program   0x000000
       .idata_adcbusy.o_i    romdata   0x002586    program   0x000000
                  .config       code   0x300000    program   0x00000e
                  SPI_VAR      udata   0x000000       data   0x000017
                MATH_DATA      udata   0x000017       data   0x000014
                 .tmpdata      udata   0x00002b       data   0x00000c
                DELAYDAT1      udata   0x000037       data   0x000001
                 COPY_VAR      udata   0x000080       data   0x000080
    .udata_serial_ports.o      udata   0x000100       data   0x000080
            .udata_main.o      udata   0x000180       data   0x000041
    .idata_serial_ports.o      idata   0x0001c1       data   0x000019
     .udata_ifi_library.o      udata   0x0001da       data   0x00000d
     .udata_ifi_startup.o      udata   0x0001e7       data   0x00000a
   .udata_ifi_utilities.o      udata   0x0001f1       data   0x000004
   .idata_ifi_utilities.o      idata   0x0001f5       data   0x000004
   .idata_user_routines.o      idata   0x0001f9       data   0x000003
   .udata_user_routines.o      udata   0x0001fc       data   0x000002
          .idata_stdout.o      idata   0x0001fe       data   0x000002
        .udata_spi1open.o      udata   0x000200       data   0x000000
        .idata_spi1open.o      idata   0x000200       data   0x000000
         .idata_adcopen.o      idata   0x000200       data   0x000000
         .udata_adcopen.o      udata   0x000200       data   0x000000
          .idata_u1open.o      idata   0x000200       data   0x000000
         .udata_adcread.o      udata   0x000200       data   0x000000
         .idata_adcread.o      idata   0x000200       data   0x000000
          .udata_u1open.o      udata   0x000200       data   0x000000
     .idata_ifi_library.o      idata   0x000200       data   0x000000
          .udata_stdout.o      udata   0x000200       data   0x000000
         .idata_adcconv.o      idata   0x000200       data   0x000000
         .udata_adcconv.o      udata   0x000200       data   0x000000
        .idata_adcclose.o      idata   0x000200       data   0x000000
        .udata_adcclose.o      udata   0x000200       data   0x000000
         .idata_adcbusy.o      idata   0x000200       data   0x000000
         .udata_adcbusy.o      udata   0x000200       data   0x000000
     .idata_ifi_startup.o      idata   0x000200       data   0x000000
.idata_user_routines_fast.o      idata   0x000200       data   0x000000
.udata_user_routines_fast.o      udata   0x000200       data   0x000000
            .idata_main.o      idata   0x000200       data   0x000000
             .idata_pwm.o      idata   0x000200       data   0x000000
             .udata_pwm.o      udata   0x000200       data   0x000000
                   .stack      udata   0x000e00       data   0x000100
            SFR_UNBANKED0      udata   0x000f62       data   0x00009e



                              Program Memory Usage 
                               Start         End      
                           ---------   ---------      
                            0x000800    0x002585      
                            0x300000    0x30000d      
            7572 out of 132120 program addresses used, program memory utilization is 5%



                              Symbols - Sorted by Name
                     Name    Address   Location    Storage File                     
                ---------  ---------  ---------  --------- ---------                
                  Adj_lp4   0x001906    program     static C:\mcc18\Projects\EduCode\Util_lib.asm
                  Adjust4   0x001902    program     static C:\mcc18\Projects\EduCode\Util_lib.asm
                  BusyADC   0x00080e    program     extern C:\mcc18\src\TRADIT~1\pmc\ADC\adcbusy.c
       Check_4_Violations   0x000bac    program     extern C:\mcc18\Projects\EduCode\ifi_library.c
               Clear_Bank   0x001594    program     static C:\mcc18\Projects\EduCode\Util_lib.asm
               Clear_Loop   0x001580    program     static C:\mcc18\Projects\EduCode\Util_lib.asm
             Clear_Memory   0x00157a    program     extern C:\mcc18\Projects\EduCode\Util_lib.asm
       Clear_SPIdata_flag   0x000b1e    program     extern C:\mcc18\Projects\EduCode\ifi_library.c
                 CloseADC   0x00255c    program     extern C:\mcc18\src\TRADIT~1\pmc\ADC\adcclose.c
               ConvertADC   0x002562    program     extern C:\mcc18\src\TRADIT~1\pmc\ADC\adcconv.c
                    D10_1   0x002556    program     static C:\MCC18\SRC\TRADIT~1\DELAYS\d10tcyx.asm
                     D10x   0x00254e    program     static C:\MCC18\SRC\TRADIT~1\DELAYS\d10tcyx.asm
                    D1K_1   0x002532    program     static C:\MCC18\SRC\TRADIT~1\DELAYS\d1ktcyx.asm
                     D1Kx   0x002530    program     static C:\MCC18\SRC\TRADIT~1\DELAYS\d1ktcyx.asm
                      DL1   0x0018c2    program     static C:\mcc18\Projects\EduCode\Util_lib.asm
                      DL2   0x0018d8    program     static C:\mcc18\Projects\EduCode\Util_lib.asm
          Dead_Space_Loop   0x0018be    program     static C:\mcc18\Projects\EduCode\Util_lib.asm
          Default_Routine   0x0010d6    program     extern Z:\home\prog\code\robo2007\branches\arm_test\user_routines.c
              Delay10TCYx   0x002546    program     extern C:\MCC18\SRC\TRADIT~1\DELAYS\d10tcyx.asm
              Delay1KTCYx   0x002526    program     extern C:\MCC18\SRC\TRADIT~1\DELAYS\d1ktcyx.asm
              DisplayBufr   0x001f24    program     extern Z:\home\prog\code\robo2007\branches\arm_test\ifi_utilities.c
                 FLO0832S   0x001914    program     extern C:\MCC18\SRC\TRADIT~1\MATH\cast08FP.asm
                 FLO0832U   0x001910    program     extern C:\MCC18\SRC\TRADIT~1\MATH\cast08FP.asm
                    FPD32   0x001932    program     extern C:\MCC18\SRC\TRADIT~1\MATH\divFP.asm
                    FPM32   0x0019d8    program     extern C:\MCC18\SRC\TRADIT~1\MATH\mulFP.asm
                 FXM1616S   0x001ab2    program     extern C:\MCC18\SRC\TRADIT~1\MATH\fxm1616s.asm
            Generate_Pwms   0x001818    program     extern C:\mcc18\Projects\EduCode\Util_lib.asm
       Generate_Pwms_Cont   0x00185c    program     static C:\mcc18\Projects\EduCode\Util_lib.asm
        GetDataFromMaster   0x0016f0    program     extern C:\mcc18\Projects\EduCode\Util_lib.asm
         Get_Analog_Value   0x001fda    program     extern Z:\home\prog\code\robo2007\branches\arm_test\ifi_utilities.c
                  Getdata   0x000a72    program     extern C:\mcc18\Projects\EduCode\ifi_library.c
           Handle_Spi_Int   0x000a1a    program     extern C:\mcc18\Projects\EduCode\ifi_library.c
               Hex_output   0x00159e    program     extern C:\mcc18\Projects\EduCode\Util_lib.asm
       IFI_Initialization   0x000920    program     extern C:\mcc18\Projects\EduCode\ifi_library.c
                  INT3208   0x001b0c    program     extern C:\MCC18\SRC\TRADIT~1\MATH\castFP08.asm
     Init_Serial_Port_One   0x001c66    program     extern Z:\home\prog\code\robo2007\branches\arm_test\serial_ports.c
     Init_Serial_Port_Two   0x001c98    program     extern Z:\home\prog\code\robo2007\branches\arm_test\serial_ports.c
           Initialize_PWM   0x0021bc    program     extern Z:\home\prog\code\robo2007\branches\arm_test\pwm.c
     Initialize_Registers   0x0008a8    program     extern C:\mcc18\Projects\EduCode\ifi_library.c
  Initialize_Serial_Comms   0x001fb4    program     extern Z:\home\prog\code\robo2007\branches\arm_test\ifi_utilities.c
     InterruptHandlerHigh   0x000850    program     extern C:\mcc18\Projects\EduCode\ifi_library.c
      InterruptHandlerLow   0x002072    program     extern Z:\home\prog\code\robo2007\branches\arm_test\user_routines_fast.c
      InterruptVectorHigh   0x000808    program     extern C:\mcc18\Projects\EduCode\ifi_library.c
       InterruptVectorLow   0x000818    program     extern Z:\home\prog\code\robo2007\branches\arm_test\user_routines_fast.c
                      LP4   0x001860    program     static C:\mcc18\Projects\EduCode\Util_lib.asm
                LP4_Cont1   0x00186a    program     static C:\mcc18\Projects\EduCode\Util_lib.asm
                LP4_Cont2   0x001874    program     static C:\mcc18\Projects\EduCode\Util_lib.asm
                LP4_Cont3   0x00187e    program     static C:\mcc18\Projects\EduCode\Util_lib.asm
                LP4_Cont4   0x00188a    program     static C:\mcc18\Projects\EduCode\Util_lib.asm
                LP4_Cont5   0x001894    program     static C:\mcc18\Projects\EduCode\Util_lib.asm
                LP4_Cont6   0x00189e    program     static C:\mcc18\Projects\EduCode\Util_lib.asm
                LP4_Cont7   0x0018a8    program     static C:\mcc18\Projects\EduCode\Util_lib.asm
                LP4_Cont8   0x0018b2    program     static C:\mcc18\Projects\EduCode\Util_lib.asm
                Limit_Mix   0x000fba    program     extern Z:\home\prog\code\robo2007\branches\arm_test\user_routines.c
         Limit_Switch_Max   0x000f86    program     extern Z:\home\prog\code\robo2007\branches\arm_test\user_routines.c
         Limit_Switch_Min   0x000f9e    program     extern Z:\home\prog\code\robo2007\branches\arm_test\user_routines.c
           MoveData4Buff0   0x001666    program     static C:\mcc18\Projects\EduCode\Util_lib.asm
        MoveDataFromBuff1   0x00178e    program     static C:\mcc18\Projects\EduCode\Util_lib.asm
               Open1USART   0x00243e    program     extern C:\mcc18\src\TRADIT~1\pmc\USART\u1open.c
                  OpenADC   0x002370    program     extern C:\mcc18\src\TRADIT~1\pmc\ADC\adcopen.c
                 OpenSPI1   0x0023d8    program     extern C:\mcc18\src\TRADIT~1\pmc\SPI\spi1open.c
                      PWM   0x0021d4    program     extern Z:\home\prog\code\robo2007\branches\arm_test\pwm.c
          PacketNum_Check   0x001f4c    program     extern Z:\home\prog\code\robo2007\branches\arm_test\ifi_utilities.c
    Prep_SPI_4_First_Byte   0x0009bc    program     extern C:\mcc18\Projects\EduCode\ifi_library.c
                PrintByte   0x001eea    program     extern Z:\home\prog\code\robo2007\branches\arm_test\ifi_utilities.c
                PrintWord   0x001efa    program     extern Z:\home\prog\code\robo2007\branches\arm_test\ifi_utilities.c
Process_Data_From_Local_IO   0x0021ae    program     extern Z:\home\prog\code\robo2007\branches\arm_test\user_routines_fast.c
Process_Data_From_Master_uP   0x001098    program     extern Z:\home\prog\code\robo2007\branches\arm_test\user_routines.c
                  Putdata   0x000aa4    program     extern C:\mcc18\Projects\EduCode\ifi_library.c
                Pwm_Delay   0x0018ee    program     static C:\mcc18\Projects\EduCode\Util_lib.asm
                  ReadADC   0x0024a2    program     extern C:\mcc18\src\TRADIT~1\pmc\ADC\adcread.c
     Read_Serial_Port_One   0x001cee    program     extern Z:\home\prog\code\robo2007\branches\arm_test\serial_ports.c
     Read_Serial_Port_Two   0x001d2a    program     extern Z:\home\prog\code\robo2007\branches\arm_test\serial_ports.c
         Rx_1_Int_Handler   0x001dce    program     extern Z:\home\prog\code\robo2007\branches\arm_test\serial_ports.c
         Rx_2_Int_Handler   0x001e0c    program     extern Z:\home\prog\code\robo2007\branches\arm_test\serial_ports.c
         SendDataToMaster   0x0015cc    program     extern C:\mcc18\Projects\EduCode\Util_lib.asm
     Serial_Char_Callback   0x0021b0    program     extern Z:\home\prog\code\robo2007\branches\arm_test\user_routines_fast.c
Serial_Port_One_Byte_Count   0x001cca    program     extern Z:\home\prog\code\robo2007\branches\arm_test\serial_ports.c
Serial_Port_Two_Byte_Count   0x001cdc    program     extern Z:\home\prog\code\robo2007\branches\arm_test\serial_ports.c
Set_Number_of_Analog_Channels   0x001fd0    program     extern Z:\home\prog\code\robo2007\branches\arm_test\ifi_utilities.c
    Setup_PWM_Output_Type   0x000b28    program     extern C:\mcc18\Projects\EduCode\ifi_library.c
          Setup_Spi_Slave   0x000892    program     extern C:\mcc18\Projects\EduCode\ifi_library.c
               TSIGN1616A   0x001afe    program     static C:\MCC18\SRC\TRADIT~1\MATH\fxm1616s.asm
             TerminateGet   0x00180e    program     static C:\mcc18\Projects\EduCode\Util_lib.asm
            TerminateSend   0x0016e6    program     static C:\mcc18\Projects\EduCode\Util_lib.asm
         Tx_1_Int_Handler   0x001e4a    program     extern Z:\home\prog\code\robo2007\branches\arm_test\serial_ports.c
         Tx_2_Int_Handler   0x001e7a    program     extern Z:\home\prog\code\robo2007\branches\arm_test\serial_ports.c
  UpdateLocalPWMDirection   0x0015ca    program     extern C:\mcc18\Projects\EduCode\Util_lib.asm
     User_Autonomous_Code   0x00211e    program     extern Z:\home\prog\code\robo2007\branches\arm_test\user_routines_fast.c
      User_Initialization   0x001014    program     extern Z:\home\prog\code\robo2007\branches\arm_test\user_routines.c
       User_Proc_Is_Ready   0x0009b2    program     extern C:\mcc18\Projects\EduCode\ifi_library.c
             Wait4TXEmpty   0x001ee4    program     extern Z:\home\prog\code\robo2007\branches\arm_test\ifi_utilities.c
    Write_Serial_Port_One   0x001d66    program     extern Z:\home\prog\code\robo2007\branches\arm_test\serial_ports.c
    Write_Serial_Port_Two   0x001d9a    program     extern Z:\home\prog\code\robo2007\branches\arm_test\serial_ports.c
        _D10TCYXCODE_000A   0x002550    program     static C:\MCC18\SRC\TRADIT~1\DELAYS\d10tcyx.asm
        _D10TCYXCODE_000C   0x002552    program     static C:\MCC18\SRC\TRADIT~1\DELAYS\d10tcyx.asm
        _D10TCYXCODE_000E   0x002554    program     static C:\MCC18\SRC\TRADIT~1\DELAYS\d10tcyx.asm
        _D1KTCYXCODE_0010   0x002536    program     static C:\MCC18\SRC\TRADIT~1\DELAYS\d1ktcyx.asm
        _D1KTCYXCODE_0016   0x00253c    program     static C:\MCC18\SRC\TRADIT~1\DELAYS\d1ktcyx.asm
                 __FpExit   0x001b66    program     extern C:\MCC18\SRC\TRADIT~1\MATH\packFP.asm
                 __FpPack   0x001b92    program     extern C:\MCC18\SRC\TRADIT~1\MATH\packFP.asm
            __FpReturnNaN   0x001b5a    program     extern C:\MCC18\SRC\TRADIT~1\MATH\packFP.asm
         __FpReturnNegInf   0x001b6c    program     extern C:\MCC18\SRC\TRADIT~1\MATH\packFP.asm
        __FpReturnNegZero   0x001b84    program     extern C:\MCC18\SRC\TRADIT~1\MATH\packFP.asm
         __FpReturnPosInf   0x001b72    program     extern C:\MCC18\SRC\TRADIT~1\MATH\packFP.asm
        __FpReturnPosZero   0x001b8c    program     extern C:\MCC18\SRC\TRADIT~1\MATH\packFP.asm
        __FpReturnSignInf   0x001b68    program     extern C:\MCC18\SRC\TRADIT~1\MATH\packFP.asm
       __FpReturnSignZero   0x001b80    program     extern C:\MCC18\SRC\TRADIT~1\MATH\packFP.asm
              __FpReturnW   0x001bea    program     extern C:\MCC18\SRC\TRADIT~1\MATH\packFP.asm
              __FpUnPackA   0x001c0a    program     extern C:\MCC18\SRC\TRADIT~1\MATH\UnpackFP.asm
              __FpUnPackB   0x001c3a    program     extern C:\MCC18\SRC\TRADIT~1\MATH\UnpackFP.asm
       ___return_lbl00000   0x000804    program     static                          
       ___return_lbl00000   0x00080c    program     static                          
       ___return_lbl00000   0x00081c    program     static                          
       ___return_lbl00001   0x002524    program     static                          
       ___return_lbl00002   0x00236e    program     static                          
                   __pa_0   0x00204c    program     static Z:\home\prog\code\robo2007\branches\arm_test\ifi_utilities.c
                   __pa_0   0x002292    program     static Z:\home\prog\code\robo2007\branches\arm_test\pwm.c
                   __pa_0   0x0014e0    program     static Z:\home\prog\code\robo2007\branches\arm_test\user_routines.c
                   __pa_0   0x001ed2    program     static Z:\home\prog\code\robo2007\branches\arm_test\serial_ports.c
                   __pa_1   0x002054    program     static Z:\home\prog\code\robo2007\branches\arm_test\ifi_utilities.c
                   __pa_1   0x001eda    program     static Z:\home\prog\code\robo2007\branches\arm_test\serial_ports.c
                   __pa_1   0x0014ec    program     static Z:\home\prog\code\robo2007\branches\arm_test\user_routines.c
                   __pa_1   0x0022c4    program     static Z:\home\prog\code\robo2007\branches\arm_test\pwm.c
                  __pa_10   0x001566    program     static Z:\home\prog\code\robo2007\branches\arm_test\user_routines.c
                  __pa_11   0x001570    program     static Z:\home\prog\code\robo2007\branches\arm_test\user_routines.c
                   __pa_2   0x00205e    program     static Z:\home\prog\code\robo2007\branches\arm_test\ifi_utilities.c
                   __pa_2   0x0014f8    program     static Z:\home\prog\code\robo2007\branches\arm_test\user_routines.c
                   __pa_3   0x00206a    program     static Z:\home\prog\code\robo2007\branches\arm_test\ifi_utilities.c
                   __pa_3   0x001506    program     static Z:\home\prog\code\robo2007\branches\arm_test\user_routines.c
                   __pa_4   0x001518    program     static Z:\home\prog\code\robo2007\branches\arm_test\user_routines.c
                   __pa_5   0x001528    program     static Z:\home\prog\code\robo2007\branches\arm_test\user_routines.c
                   __pa_6   0x001532    program     static Z:\home\prog\code\robo2007\branches\arm_test\user_routines.c
                   __pa_7   0x00153a    program     static Z:\home\prog\code\robo2007\branches\arm_test\user_routines.c
                   __pa_8   0x00154a    program     static Z:\home\prog\code\robo2007\branches\arm_test\user_routines.c
                   __pa_9   0x001558    program     static Z:\home\prog\code\robo2007\branches\arm_test\user_routines.c
                _do_cinit   0x0022d2    program     extern Z:\home\prog\code\robo2007\branches\arm_test\ifi_startup.c
                   _entry   0x000800    program     extern Z:\home\prog\code\robo2007\branches\arm_test\ifi_startup.c
                 _startup   0x002506    program     extern Z:\home\prog\code\robo2007\branches\arm_test\ifi_startup.c
               _user_putc   0x001eaa    program     extern Z:\home\prog\code\robo2007\branches\arm_test\serial_ports.c
                copy_loop   0x002344    program     static                          
            copy_one_byte   0x00234a    program     static                          
                     done   0x00236e    program     static                          
             done_copying   0x002358    program     static                          
                 jANotInf   0x001950    program     static C:\MCC18\SRC\TRADIT~1\MATH\divFP.asm
                 jANotInf   0x0019f6    program     static C:\MCC18\SRC\TRADIT~1\MATH\mulFP.asm
                jANotZero   0x001964    program     static C:\MCC18\SRC\TRADIT~1\MATH\divFP.asm
              jBothFinite   0x001a04    program     static C:\MCC18\SRC\TRADIT~1\MATH\mulFP.asm
             jBothNotZero   0x001a10    program     static C:\MCC18\SRC\TRADIT~1\MATH\mulFP.asm
                    jExit   0x001b58    program     static C:\MCC18\SRC\TRADIT~1\MATH\castFP08.asm
                jHaveZero   0x001a0c    program     static C:\MCC18\SRC\TRADIT~1\MATH\mulFP.asm
                jI2F08Beg   0x00191e    program     static C:\MCC18\SRC\TRADIT~1\MATH\cast08FP.asm
                    jLoop   0x001b40    program     static C:\MCC18\SRC\TRADIT~1\MATH\castFP08.asm
                    jLoop   0x00198c    program     static C:\MCC18\SRC\TRADIT~1\MATH\divFP.asm
                jLoopExit   0x001b4e    program     static C:\MCC18\SRC\TRADIT~1\MATH\castFP08.asm
                     jMax   0x001b1c    program     static C:\MCC18\SRC\TRADIT~1\MATH\castFP08.asm
                  jMaxNeg   0x001b26    program     static C:\MCC18\SRC\TRADIT~1\MATH\castFP08.asm
                  jMaxPos   0x001b20    program     static C:\MCC18\SRC\TRADIT~1\MATH\castFP08.asm
                    jNext   0x0019b2    program     static C:\MCC18\SRC\TRADIT~1\MATH\divFP.asm
                jNoAdjust   0x0019b0    program     static C:\MCC18\SRC\TRADIT~1\MATH\divFP.asm
                  jNotInf   0x001b30    program     static C:\MCC18\SRC\TRADIT~1\MATH\castFP08.asm
                  jPkLoop   0x001ba0    program     static C:\MCC18\SRC\TRADIT~1\MATH\packFP.asm
             jPkRoundDone   0x001bea    program     static C:\MCC18\SRC\TRADIT~1\MATH\packFP.asm
               jPkRoundIt   0x001bd2    program     static C:\MCC18\SRC\TRADIT~1\MATH\packFP.asm
             jPkShiftDone   0x001bbc    program     static C:\MCC18\SRC\TRADIT~1\MATH\packFP.asm
           jReturnPosInf0   0x001b76    program     static C:\MCC18\SRC\TRADIT~1\MATH\packFP.asm
              jSignedZero   0x00195a    program     static C:\MCC18\SRC\TRADIT~1\MATH\divFP.asm
                  jUnpkA1   0x001c14    program     static C:\MCC18\SRC\TRADIT~1\MATH\UnpackFP.asm
                  jUnpkA2   0x001c2c    program     static C:\MCC18\SRC\TRADIT~1\MATH\UnpackFP.asm
                 jUnpkANZ   0x001c22    program     static C:\MCC18\SRC\TRADIT~1\MATH\UnpackFP.asm
                  jUnpkB1   0x001c44    program     static C:\MCC18\SRC\TRADIT~1\MATH\UnpackFP.asm
                  jUnpkB2   0x001c5c    program     static C:\MCC18\SRC\TRADIT~1\MATH\UnpackFP.asm
                 jUnpkBNZ   0x001c52    program     static C:\MCC18\SRC\TRADIT~1\MATH\UnpackFP.asm
                 jUnpkNaN   0x001c36    program     static C:\MCC18\SRC\TRADIT~1\MATH\UnpackFP.asm
                    jZero   0x001b2c    program     static C:\MCC18\SRC\TRADIT~1\MATH\castFP08.asm
               jZero1and2   0x001b7a    program     static C:\MCC18\SRC\TRADIT~1\MATH\packFP.asm
                     loop   0x002516    program     static                          
                     main   0x0024e0    program     extern Z:\home\prog\code\robo2007\branches\arm_test\main.c
                  s_delay   0x0018f4    program     static C:\mcc18\Projects\EduCode\Util_lib.asm
                     test   0x0022ec    program     static                          
                   AARGB0   0x00001e       data     extern C:\MCC18\SRC\TRADIT~1\MATH\aarg.asm
                   AARGB1   0x00001d       data     extern C:\MCC18\SRC\TRADIT~1\MATH\aarg.asm
                   AARGB2   0x00001c       data     extern C:\MCC18\SRC\TRADIT~1\MATH\aarg.asm
                   AARGB3   0x00001b       data     extern C:\MCC18\SRC\TRADIT~1\MATH\aarg.asm
                   AARGB4   0x00001a       data     extern C:\MCC18\SRC\TRADIT~1\MATH\aarg.asm
                   AARGB5   0x000019       data     extern C:\MCC18\SRC\TRADIT~1\MATH\aarg.asm
                   AARGB6   0x000018       data     extern C:\MCC18\SRC\TRADIT~1\MATH\aarg.asm
                   AARGB7   0x000017       data     extern C:\MCC18\SRC\TRADIT~1\MATH\aarg.asm
                   ADCON0   0x000fc2       data     extern C:\MCC18\SRC\TRADIT~1\PROC\p18f8722.asm
               ADCON0bits   0x000fc2       data     extern C:\MCC18\SRC\TRADIT~1\PROC\p18f8722.asm
                   ADCON1   0x000fc1       data     extern C:\MCC18\SRC\TRADIT~1\PROC\p18f8722.asm
               ADCON1bits   0x000fc1       data     extern C:\MCC18\SRC\TRADIT~1\PROC\p18f8722.asm
                   ADCON2   0x000fc0       data     extern C:\MCC18\SRC\TRADIT~1\PROC\p18f8722.asm
               ADCON2bits   0x000fc0       data     extern C:\MCC18\SRC\TRADIT~1\PROC\p18f8722.asm
                    ADRES   0x000fc3       data     extern C:\MCC18\SRC\TRADIT~1\PROC\p18f8722.asm
                   ADRESH   0x000fc4       data     extern C:\MCC18\SRC\TRADIT~1\PROC\p18f8722.asm
                   ADRESL   0x000fc3       data     extern C:\MCC18\SRC\TRADIT~1\PROC\p18f8722.asm
                     AEXP   0x00001f       data     extern C:\MCC18\SRC\TRADIT~1\MATH\aarg.asm
                   BARGB0   0x000023       data     extern C:\MCC18\SRC\TRADIT~1\MATH\barg.asm
                   BARGB1   0x000022       data     extern C:\MCC18\SRC\TRADIT~1\MATH\barg.asm
                   BARGB2   0x000021       data     extern C:\MCC18\SRC\TRADIT~1\MATH\barg.asm
                   BARGB3   0x000020       data     extern C:\MCC18\SRC\TRADIT~1\MATH\barg.asm
                  BAUDCON   0x000f7e       data     extern C:\MCC18\SRC\TRADIT~1\PROC\p18f8722.asm
                 BAUDCON1   0x000f7e       data     extern C:\MCC18\SRC\TRADIT~1\PROC\p18f8722.asm
             BAUDCON1bits   0x000f7e       data     extern C:\MCC18\SRC\TRADIT~1\PROC\p18f8722.asm
                 BAUDCON2   0x000f7c       data     extern C:\MCC18\SRC\TRADIT~1\PROC\p18f8722.asm
             BAUDCON2bits   0x000f7c       data     extern C:\MCC18\SRC\TRADIT~1\PROC\p18f8722.asm
              BAUDCONbits   0x000f7e       data     extern C:\MCC18\SRC\TRADIT~1\PROC\p18f8722.asm
                     BEXP   0x000024       data     extern C:\MCC18\SRC\TRADIT~1\MATH\barg.asm
                      BSR   0x000fe0       data     extern C:\MCC18\SRC\TRADIT~1\PROC\p18f8722.asm
                  CCP1CON   0x000fbd       data     extern C:\MCC18\SRC\TRADIT~1\PROC\p18f8722.asm
              CCP1CONbits   0x000fbd       data     extern C:\MCC18\SRC\TRADIT~1\PROC\p18f8722.asm
                  CCP2CON   0x000fba       data     extern C:\MCC18\SRC\TRADIT~1\PROC\p18f8722.asm
              CCP2CONbits   0x000fba       data     extern C:\MCC18\SRC\TRADIT~1\PROC\p18f8722.asm
                  CCP3CON   0x000fb7       data     extern C:\MCC18\SRC\TRADIT~1\PROC\p18f8722.asm
              CCP3CONbits   0x000fb7       data     extern C:\MCC18\SRC\TRADIT~1\PROC\p18f8722.asm
                  CCP4CON   0x000f73       data     extern C:\MCC18\SRC\TRADIT~1\PROC\p18f8722.asm
              CCP4CONbits   0x000f73       data     extern C:\MCC18\SRC\TRADIT~1\PROC\p18f8722.asm
                  CCP5CON   0x000f70       data     extern C:\MCC18\SRC\TRADIT~1\PROC\p18f8722.asm
              CCP5CONbits   0x000f70       data     extern C:\MCC18\SRC\TRADIT~1\PROC\p18f8722.asm
                    CCPR1   0x000fbe       data     extern C:\MCC18\SRC\TRADIT~1\PROC\p18f8722.asm
                   CCPR1H   0x000fbf       data     extern C:\MCC18\SRC\TRADIT~1\PROC\p18f8722.asm
                   CCPR1L   0x000fbe       data     extern C:\MCC18\SRC\TRADIT~1\PROC\p18f8722.asm
                    CCPR2   0x000fbb       data     extern C:\MCC18\SRC\TRADIT~1\PROC\p18f8722.asm
                   CCPR2H   0x000fbc       data     extern C:\MCC18\SRC\TRADIT~1\PROC\p18f8722.asm
                   CCPR2L   0x000fbb       data     extern C:\MCC18\SRC\TRADIT~1\PROC\p18f8722.asm
                    CCPR3   0x000fb8       data     extern C:\MCC18\SRC\TRADIT~1\PROC\p18f8722.asm
                   CCPR3H   0x000fb9       data     extern C:\MCC18\SRC\TRADIT~1\PROC\p18f8722.asm
                   CCPR3L   0x000fb8       data     extern C:\MCC18\SRC\TRADIT~1\PROC\p18f8722.asm
                    CCPR4   0x000f74       data     extern C:\MCC18\SRC\TRADIT~1\PROC\p18f8722.asm
                   CCPR4H   0x000f75       data     extern C:\MCC18\SRC\TRADIT~1\PROC\p18f8722.asm
                   CCPR4L   0x000f74       data     extern C:\MCC18\SRC\TRADIT~1\PROC\p18f8722.asm
                    CCPR5   0x000f71       data     extern C:\MCC18\SRC\TRADIT~1\PROC\p18f8722.asm
                   CCPR5H   0x000f72       data     extern C:\MCC18\SRC\TRADIT~1\PROC\p18f8722.asm
                   CCPR5L   0x000f71       data     extern C:\MCC18\SRC\TRADIT~1\PROC\p18f8722.asm
                    CMCON   0x000fb4       data     extern C:\MCC18\SRC\TRADIT~1\PROC\p18f8722.asm
                CMCONbits   0x000fb4       data     extern C:\MCC18\SRC\TRADIT~1\PROC\p18f8722.asm
                   CVRCON   0x000fb5       data     extern C:\MCC18\SRC\TRADIT~1\PROC\p18f8722.asm
               CVRCONbits   0x000fb5       data     extern C:\MCC18\SRC\TRADIT~1\PROC\p18f8722.asm
                      Cnt   0x000013       data     static C:\mcc18\Projects\EduCode\Util_lib.asm
                     Cnt1   0x000014       data     static C:\mcc18\Projects\EduCode\Util_lib.asm
                     DDRA   0x000f92       data     extern C:\MCC18\SRC\TRADIT~1\PROC\p18f8722.asm
                 DDRAbits   0x000f92       data     extern C:\MCC18\SRC\TRADIT~1\PROC\p18f8722.asm
                     DDRB   0x000f93       data     extern C:\MCC18\SRC\TRADIT~1\PROC\p18f8722.asm
                 DDRBbits   0x000f93       data     extern C:\MCC18\SRC\TRADIT~1\PROC\p18f8722.asm
                     DDRC   0x000f94       data     extern C:\MCC18\SRC\TRADIT~1\PROC\p18f8722.asm
                 DDRCbits   0x000f94       data     extern C:\MCC18\SRC\TRADIT~1\PROC\p18f8722.asm
                     DDRD   0x000f95       data     extern C:\MCC18\SRC\TRADIT~1\PROC\p18f8722.asm
                 DDRDbits   0x000f95       data     extern C:\MCC18\SRC\TRADIT~1\PROC\p18f8722.asm
                     DDRE   0x000f96       data     extern C:\MCC18\SRC\TRADIT~1\PROC\p18f8722.asm
                 DDREbits   0x000f96       data     extern C:\MCC18\SRC\TRADIT~1\PROC\p18f8722.asm
                     DDRF   0x000f97       data     extern C:\MCC18\SRC\TRADIT~1\PROC\p18f8722.asm
                 DDRFbits   0x000f97       data     extern C:\MCC18\SRC\TRADIT~1\PROC\p18f8722.asm
                     DDRG   0x000f98       data     extern C:\MCC18\SRC\TRADIT~1\PROC\p18f8722.asm
                 DDRGbits   0x000f98       data     extern C:\MCC18\SRC\TRADIT~1\PROC\p18f8722.asm
                     DDRH   0x000f99       data     extern C:\MCC18\SRC\TRADIT~1\PROC\p18f8722.asm
                 DDRHbits   0x000f99       data     extern C:\MCC18\SRC\TRADIT~1\PROC\p18f8722.asm
                     DDRJ   0x000f9a       data     extern C:\MCC18\SRC\TRADIT~1\PROC\p18f8722.asm
                 DDRJbits   0x000f9a       data     extern C:\MCC18\SRC\TRADIT~1\PROC\p18f8722.asm
            DelayCounter1   0x000037       data     extern C:\MCC18\SRC\TRADIT~1\DELAYS\delayd1.asm
                  ECCP1AS   0x000fb6       data     extern C:\MCC18\SRC\TRADIT~1\PROC\p18f8722.asm
              ECCP1ASbits   0x000fb6       data     extern C:\MCC18\SRC\TRADIT~1\PROC\p18f8722.asm
                 ECCP1CON   0x000fbd       data     extern C:\MCC18\SRC\TRADIT~1\PROC\p18f8722.asm
             ECCP1CONbits   0x000fbd       data     extern C:\MCC18\SRC\TRADIT~1\PROC\p18f8722.asm
                 ECCP1DEL   0x000f79       data     extern C:\MCC18\SRC\TRADIT~1\PROC\p18f8722.asm
             ECCP1DELbits   0x000f79       data     extern C:\MCC18\SRC\TRADIT~1\PROC\p18f8722.asm
                  ECCP2AS   0x000f68       data     extern C:\MCC18\SRC\TRADIT~1\PROC\p18f8722.asm
              ECCP2ASbits   0x000f68       data     extern C:\MCC18\SRC\TRADIT~1\PROC\p18f8722.asm
                 ECCP2CON   0x000fba       data     extern C:\MCC18\SRC\TRADIT~1\PROC\p18f8722.asm
             ECCP2CONbits   0x000fba       data     extern C:\MCC18\SRC\TRADIT~1\PROC\p18f8722.asm
                 ECCP2DEL   0x000f67       data     extern C:\MCC18\SRC\TRADIT~1\PROC\p18f8722.asm
             ECCP2DELbits   0x000f67       data     extern C:\MCC18\SRC\TRADIT~1\PROC\p18f8722.asm
                  ECCP3AS   0x000f6a       data     extern C:\MCC18\SRC\TRADIT~1\PROC\p18f8722.asm
              ECCP3ASbits   0x000f6a       data     extern C:\MCC18\SRC\TRADIT~1\PROC\p18f8722.asm
                 ECCP3CON   0x000fb7       data     extern C:\MCC18\SRC\TRADIT~1\PROC\p18f8722.asm
             ECCP3CONbits   0x000fb7       data     extern C:\MCC18\SRC\TRADIT~1\PROC\p18f8722.asm
                 ECCP3DEL   0x000f69       data     extern C:\MCC18\SRC\TRADIT~1\PROC\p18f8722.asm
             ECCP3DELbits   0x000f69       data     extern C:\MCC18\SRC\TRADIT~1\PROC\p18f8722.asm
                    EEADR   0x000fa9       data     extern C:\MCC18\SRC\TRADIT~1\PROC\p18f8722.asm
                   EEADRH   0x000faa       data     extern C:\MCC18\SRC\TRADIT~1\PROC\p18f8722.asm
                   EECON1   0x000fa6       data     extern C:\MCC18\SRC\TRADIT~1\PROC\p18f8722.asm
               EECON1bits   0x000fa6       data     extern C:\MCC18\SRC\TRADIT~1\PROC\p18f8722.asm
                   EECON2   0x000fa7       data     extern C:\MCC18\SRC\TRADIT~1\PROC\p18f8722.asm
                   EEDATA   0x000fa8       data     extern C:\MCC18\SRC\TRADIT~1\PROC\p18f8722.asm
                  FPFLAGS   0x000026       data     extern C:\MCC18\SRC\TRADIT~1\MATH\cmath18.asm
              FPFLAGSbits   0x000026       data     extern C:\MCC18\SRC\TRADIT~1\MATH\cmath18.asm
                     FSR0   0x000fe9       data     extern C:\MCC18\SRC\TRADIT~1\PROC\p18f8722.asm
                    FSR0H   0x000fea       data     extern C:\MCC18\SRC\TRADIT~1\PROC\p18f8722.asm
                    FSR0L   0x000fe9       data     extern C:\MCC18\SRC\TRADIT~1\PROC\p18f8722.asm
                     FSR1   0x000fe1       data     extern C:\MCC18\SRC\TRADIT~1\PROC\p18f8722.asm
                    FSR1H   0x000fe2       data     extern C:\MCC18\SRC\TRADIT~1\PROC\p18f8722.asm
                    FSR1L   0x000fe1       data     extern C:\MCC18\SRC\TRADIT~1\PROC\p18f8722.asm
                     FSR2   0x000fd9       data     extern C:\MCC18\SRC\TRADIT~1\PROC\p18f8722.asm
                    FSR2H   0x000fda       data     extern C:\MCC18\SRC\TRADIT~1\PROC\p18f8722.asm
                    FSR2L   0x000fd9       data     extern C:\MCC18\SRC\TRADIT~1\PROC\p18f8722.asm
                FSRH_temp   0x000004       data     static C:\mcc18\Projects\EduCode\Util_lib.asm
                FSRL_temp   0x000005       data     static C:\mcc18\Projects\EduCode\Util_lib.asm
                  HLVDCON   0x000fd2       data     extern C:\MCC18\SRC\TRADIT~1\PROC\p18f8722.asm
              HLVDCONbits   0x000fd2       data     extern C:\MCC18\SRC\TRADIT~1\PROC\p18f8722.asm
                        I   0x0001e0       data     static C:\mcc18\Projects\EduCode\ifi_library.c
                    INDF0   0x000fef       data     extern C:\MCC18\SRC\TRADIT~1\PROC\p18f8722.asm
                    INDF1   0x000fe7       data     extern C:\MCC18\SRC\TRADIT~1\PROC\p18f8722.asm
                    INDF2   0x000fdf       data     extern C:\MCC18\SRC\TRADIT~1\PROC\p18f8722.asm
                   INTCON   0x000ff2       data     extern C:\MCC18\SRC\TRADIT~1\PROC\p18f8722.asm
                  INTCON2   0x000ff1       data     extern C:\MCC18\SRC\TRADIT~1\PROC\p18f8722.asm
              INTCON2bits   0x000ff1       data     extern C:\MCC18\SRC\TRADIT~1\PROC\p18f8722.asm
                  INTCON3   0x000ff0       data     extern C:\MCC18\SRC\TRADIT~1\PROC\p18f8722.asm
              INTCON3bits   0x000ff0       data     extern C:\MCC18\SRC\TRADIT~1\PROC\p18f8722.asm
               INTCONbits   0x000ff2       data     extern C:\MCC18\SRC\TRADIT~1\PROC\p18f8722.asm
                     IPR1   0x000f9f       data     extern C:\MCC18\SRC\TRADIT~1\PROC\p18f8722.asm
                 IPR1bits   0x000f9f       data     extern C:\MCC18\SRC\TRADIT~1\PROC\p18f8722.asm
                     IPR2   0x000fa2       data     extern C:\MCC18\SRC\TRADIT~1\PROC\p18f8722.asm
                 IPR2bits   0x000fa2       data     extern C:\MCC18\SRC\TRADIT~1\PROC\p18f8722.asm
                     IPR3   0x000fa5       data     extern C:\MCC18\SRC\TRADIT~1\PROC\p18f8722.asm
                 IPR3bits   0x000fa5       data     extern C:\MCC18\SRC\TRADIT~1\PROC\p18f8722.asm
                     LATA   0x000f89       data     extern C:\MCC18\SRC\TRADIT~1\PROC\p18f8722.asm
                 LATAbits   0x000f89       data     extern C:\MCC18\SRC\TRADIT~1\PROC\p18f8722.asm
                     LATB   0x000f8a       data     extern C:\MCC18\SRC\TRADIT~1\PROC\p18f8722.asm
                 LATBbits   0x000f8a       data     extern C:\MCC18\SRC\TRADIT~1\PROC\p18f8722.asm
                     LATC   0x000f8b       data     extern C:\MCC18\SRC\TRADIT~1\PROC\p18f8722.asm
                 LATCbits   0x000f8b       data     extern C:\MCC18\SRC\TRADIT~1\PROC\p18f8722.asm
                     LATD   0x000f8c       data     extern C:\MCC18\SRC\TRADIT~1\PROC\p18f8722.asm
                 LATDbits   0x000f8c       data     extern C:\MCC18\SRC\TRADIT~1\PROC\p18f8722.asm
                     LATE   0x000f8d       data     extern C:\MCC18\SRC\TRADIT~1\PROC\p18f8722.asm
                 LATEbits   0x000f8d       data     extern C:\MCC18\SRC\TRADIT~1\PROC\p18f8722.asm
                     LATF   0x000f8e       data     extern C:\MCC18\SRC\TRADIT~1\PROC\p18f8722.asm
                 LATFbits   0x000f8e       data     extern C:\MCC18\SRC\TRADIT~1\PROC\p18f8722.asm
                     LATG   0x000f8f       data     extern C:\MCC18\SRC\TRADIT~1\PROC\p18f8722.asm
                 LATGbits   0x000f8f       data     extern C:\MCC18\SRC\TRADIT~1\PROC\p18f8722.asm
                     LATH   0x000f90       data     extern C:\MCC18\SRC\TRADIT~1\PROC\p18f8722.asm
                 LATHbits   0x000f90       data     extern C:\MCC18\SRC\TRADIT~1\PROC\p18f8722.asm
                     LATJ   0x000f91       data     extern C:\MCC18\SRC\TRADIT~1\PROC\p18f8722.asm
                 LATJbits   0x000f91       data     extern C:\MCC18\SRC\TRADIT~1\PROC\p18f8722.asm
                   LVDCON   0x000fd2       data     extern C:\MCC18\SRC\TRADIT~1\PROC\p18f8722.asm
               LVDCONbits   0x000fd2       data     extern C:\MCC18\SRC\TRADIT~1\PROC\p18f8722.asm
                   MEMCON   0x000f9c       data     extern C:\MCC18\SRC\TRADIT~1\PROC\p18f8722.asm
               MEMCONbits   0x000f9c       data     extern C:\MCC18\SRC\TRADIT~1\PROC\p18f8722.asm
                   OSCCON   0x000fd3       data     extern C:\MCC18\SRC\TRADIT~1\PROC\p18f8722.asm
               OSCCONbits   0x000fd3       data     extern C:\MCC18\SRC\TRADIT~1\PROC\p18f8722.asm
                  OSCTUNE   0x000f9b       data     extern C:\MCC18\SRC\TRADIT~1\PROC\p18f8722.asm
              OSCTUNEbits   0x000f9b       data     extern C:\MCC18\SRC\TRADIT~1\PROC\p18f8722.asm
                       PC   0x000ff9       data     extern C:\MCC18\SRC\TRADIT~1\PROC\p18f8722.asm
                      PCL   0x000ff9       data     extern C:\MCC18\SRC\TRADIT~1\PROC\p18f8722.asm
                   PCLATH   0x000ffa       data     extern C:\MCC18\SRC\TRADIT~1\PROC\p18f8722.asm
                   PCLATU   0x000ffb       data     extern C:\MCC18\SRC\TRADIT~1\PROC\p18f8722.asm
                     PIE1   0x000f9d       data     extern C:\MCC18\SRC\TRADIT~1\PROC\p18f8722.asm
                 PIE1bits   0x000f9d       data     extern C:\MCC18\SRC\TRADIT~1\PROC\p18f8722.asm
                     PIE2   0x000fa0       data     extern C:\MCC18\SRC\TRADIT~1\PROC\p18f8722.asm
                 PIE2bits   0x000fa0       data     extern C:\MCC18\SRC\TRADIT~1\PROC\p18f8722.asm
                     PIE3   0x000fa3       data     extern C:\MCC18\SRC\TRADIT~1\PROC\p18f8722.asm
                 PIE3bits   0x000fa3       data     extern C:\MCC18\SRC\TRADIT~1\PROC\p18f8722.asm
                     PIR1   0x000f9e       data     extern C:\MCC18\SRC\TRADIT~1\PROC\p18f8722.asm
                 PIR1bits   0x000f9e       data     extern C:\MCC18\SRC\TRADIT~1\PROC\p18f8722.asm
                     PIR2   0x000fa1       data     extern C:\MCC18\SRC\TRADIT~1\PROC\p18f8722.asm
                 PIR2bits   0x000fa1       data     extern C:\MCC18\SRC\TRADIT~1\PROC\p18f8722.asm
                     PIR3   0x000fa4       data     extern C:\MCC18\SRC\TRADIT~1\PROC\p18f8722.asm
                 PIR3bits   0x000fa4       data     extern C:\MCC18\SRC\TRADIT~1\PROC\p18f8722.asm
                   PLUSW0   0x000feb       data     extern C:\MCC18\SRC\TRADIT~1\PROC\p18f8722.asm
                   PLUSW1   0x000fe3       data     extern C:\MCC18\SRC\TRADIT~1\PROC\p18f8722.asm
                   PLUSW2   0x000fdb       data     extern C:\MCC18\SRC\TRADIT~1\PROC\p18f8722.asm
                    PORTA   0x000f80       data     extern C:\MCC18\SRC\TRADIT~1\PROC\p18f8722.asm
                PORTAbits   0x000f80       data     extern C:\MCC18\SRC\TRADIT~1\PROC\p18f8722.asm
                    PORTB   0x000f81       data     extern C:\MCC18\SRC\TRADIT~1\PROC\p18f8722.asm
                PORTBbits   0x000f81       data     extern C:\MCC18\SRC\TRADIT~1\PROC\p18f8722.asm
                    PORTC   0x000f82       data     extern C:\MCC18\SRC\TRADIT~1\PROC\p18f8722.asm
                PORTCbits   0x000f82       data     extern C:\MCC18\SRC\TRADIT~1\PROC\p18f8722.asm
                    PORTD   0x000f83       data     extern C:\MCC18\SRC\TRADIT~1\PROC\p18f8722.asm
                PORTDbits   0x000f83       data     extern C:\MCC18\SRC\TRADIT~1\PROC\p18f8722.asm
                    PORTE   0x000f84       data     extern C:\MCC18\SRC\TRADIT~1\PROC\p18f8722.asm
                PORTEbits   0x000f84       data     extern C:\MCC18\SRC\TRADIT~1\PROC\p18f8722.asm
                    PORTF   0x000f85       data     extern C:\MCC18\SRC\TRADIT~1\PROC\p18f8722.asm
                PORTFbits   0x000f85       data     extern C:\MCC18\SRC\TRADIT~1\PROC\p18f8722.asm
                    PORTG   0x000f86       data     extern C:\MCC18\SRC\TRADIT~1\PROC\p18f8722.asm
                PORTGbits   0x000f86       data     extern C:\MCC18\SRC\TRADIT~1\PROC\p18f8722.asm
                    PORTH   0x000f87       data     extern C:\MCC18\SRC\TRADIT~1\PROC\p18f8722.asm
                PORTHbits   0x000f87       data     extern C:\MCC18\SRC\TRADIT~1\PROC\p18f8722.asm
                    PORTJ   0x000f88       data     extern C:\MCC18\SRC\TRADIT~1\PROC\p18f8722.asm
                PORTJbits   0x000f88       data     extern C:\MCC18\SRC\TRADIT~1\PROC\p18f8722.asm
               PORT_TRASH   0x000012       data     static C:\mcc18\Projects\EduCode\Util_lib.asm
                 POSTDEC0   0x000fed       data     extern C:\MCC18\SRC\TRADIT~1\PROC\p18f8722.asm
                 POSTDEC1   0x000fe5       data     extern C:\MCC18\SRC\TRADIT~1\PROC\p18f8722.asm
                 POSTDEC2   0x000fdd       data     extern C:\MCC18\SRC\TRADIT~1\PROC\p18f8722.asm
                 POSTINC0   0x000fee       data     extern C:\MCC18\SRC\TRADIT~1\PROC\p18f8722.asm
                 POSTINC1   0x000fe6       data     extern C:\MCC18\SRC\TRADIT~1\PROC\p18f8722.asm
                 POSTINC2   0x000fde       data     extern C:\MCC18\SRC\TRADIT~1\PROC\p18f8722.asm
                      PR2   0x000fcb       data     extern C:\MCC18\SRC\TRADIT~1\PROC\p18f8722.asm
                      PR4   0x000f77       data     extern C:\MCC18\SRC\TRADIT~1\PROC\p18f8722.asm
                  PREINC0   0x000fec       data     extern C:\MCC18\SRC\TRADIT~1\PROC\p18f8722.asm
                  PREINC1   0x000fe4       data     extern C:\MCC18\SRC\TRADIT~1\PROC\p18f8722.asm
                  PREINC2   0x000fdc       data     extern C:\MCC18\SRC\TRADIT~1\PROC\p18f8722.asm
                     PROD   0x000ff3       data     extern C:\MCC18\SRC\TRADIT~1\PROC\p18f8722.asm
                    PRODH   0x000ff4       data     extern C:\MCC18\SRC\TRADIT~1\PROC\p18f8722.asm
                    PRODL   0x000ff3       data     extern C:\MCC18\SRC\TRADIT~1\PROC\p18f8722.asm
                   PSPCON   0x000fb0       data     extern C:\MCC18\SRC\TRADIT~1\PROC\p18f8722.asm
               PSPCONbits   0x000fb0       data     extern C:\MCC18\SRC\TRADIT~1\PROC\p18f8722.asm
           PWMdisableMask   0x000016       data     extern C:\mcc18\Projects\EduCode\Util_lib.asm
                     RCON   0x000fd0       data     extern C:\MCC18\SRC\TRADIT~1\PROC\p18f8722.asm
                 RCONbits   0x000fd0       data     extern C:\MCC18\SRC\TRADIT~1\PROC\p18f8722.asm
                    RCREG   0x000fae       data     extern C:\MCC18\SRC\TRADIT~1\PROC\p18f8722.asm
                   RCREG1   0x000fae       data     extern C:\MCC18\SRC\TRADIT~1\PROC\p18f8722.asm
                   RCREG2   0x000f6e       data     extern C:\MCC18\SRC\TRADIT~1\PROC\p18f8722.asm
                    RCSTA   0x000fab       data     extern C:\MCC18\SRC\TRADIT~1\PROC\p18f8722.asm
                   RCSTA1   0x000fab       data     extern C:\MCC18\SRC\TRADIT~1\PROC\p18f8722.asm
               RCSTA1bits   0x000fab       data     extern C:\MCC18\SRC\TRADIT~1\PROC\p18f8722.asm
                   RCSTA2   0x000f6b       data     extern C:\MCC18\SRC\TRADIT~1\PROC\p18f8722.asm
               RCSTA2bits   0x000f6b       data     extern C:\MCC18\SRC\TRADIT~1\PROC\p18f8722.asm
                RCSTAbits   0x000fab       data     extern C:\MCC18\SRC\TRADIT~1\PROC\p18f8722.asm
                    REMB0   0x00001a       data     extern C:\MCC18\SRC\TRADIT~1\MATH\aarg.asm
                    REMB1   0x000019       data     extern C:\MCC18\SRC\TRADIT~1\MATH\aarg.asm
                    REMB2   0x000018       data     extern C:\MCC18\SRC\TRADIT~1\MATH\aarg.asm
                    REMB3   0x000017       data     extern C:\MCC18\SRC\TRADIT~1\MATH\aarg.asm
      RX_1_Framing_Errors   0x0001c8       data     extern Z:\home\prog\code\robo2007\branches\arm_test\serial_ports.c
      RX_1_Overrun_Errors   0x0001c7       data     extern Z:\home\prog\code\robo2007\branches\arm_test\serial_ports.c
      RX_2_Framing_Errors   0x0001d4       data     extern Z:\home\prog\code\robo2007\branches\arm_test\serial_ports.c
      RX_2_Overrun_Errors   0x0001d3       data     extern Z:\home\prog\code\robo2007\branches\arm_test\serial_ports.c
               Rx_1_Queue   0x000100       data     extern Z:\home\prog\code\robo2007\branches\arm_test\serial_ports.c
    Rx_1_Queue_Byte_Count   0x0001c6       data     extern Z:\home\prog\code\robo2007\branches\arm_test\serial_ports.c
         Rx_1_Queue_Empty   0x0001c3       data     extern Z:\home\prog\code\robo2007\branches\arm_test\serial_ports.c
          Rx_1_Queue_Full   0x0001c2       data     extern Z:\home\prog\code\robo2007\branches\arm_test\serial_ports.c
    Rx_1_Queue_Read_Index   0x0001c4       data     extern Z:\home\prog\code\robo2007\branches\arm_test\serial_ports.c
   Rx_1_Queue_Write_Index   0x0001c5       data     extern Z:\home\prog\code\robo2007\branches\arm_test\serial_ports.c
               Rx_2_Queue   0x000140       data     extern Z:\home\prog\code\robo2007\branches\arm_test\serial_ports.c
    Rx_2_Queue_Byte_Count   0x0001d2       data     extern Z:\home\prog\code\robo2007\branches\arm_test\serial_ports.c
         Rx_2_Queue_Empty   0x0001cf       data     extern Z:\home\prog\code\robo2007\branches\arm_test\serial_ports.c
          Rx_2_Queue_Full   0x0001ce       data     extern Z:\home\prog\code\robo2007\branches\arm_test\serial_ports.c
    Rx_2_Queue_Read_Index   0x0001d0       data     extern Z:\home\prog\code\robo2007\branches\arm_test\serial_ports.c
   Rx_2_Queue_Write_Index   0x0001d1       data     extern Z:\home\prog\code\robo2007\branches\arm_test\serial_ports.c
                     SIGN   0x000025       data     extern C:\MCC18\SRC\TRADIT~1\MATH\cmath18.asm
                    SPBRG   0x000faf       data     extern C:\MCC18\SRC\TRADIT~1\PROC\p18f8722.asm
                   SPBRG1   0x000faf       data     extern C:\MCC18\SRC\TRADIT~1\PROC\p18f8722.asm
                   SPBRG2   0x000f6f       data     extern C:\MCC18\SRC\TRADIT~1\PROC\p18f8722.asm
                   SPBRGH   0x000f7f       data     extern C:\MCC18\SRC\TRADIT~1\PROC\p18f8722.asm
                  SPBRGH1   0x000f7f       data     extern C:\MCC18\SRC\TRADIT~1\PROC\p18f8722.asm
                  SPBRGH2   0x000f7d       data     extern C:\MCC18\SRC\TRADIT~1\PROC\p18f8722.asm
                  SSP1ADD   0x000fc8       data     extern C:\MCC18\SRC\TRADIT~1\PROC\p18f8722.asm
                  SSP1BUF   0x000fc9       data     extern C:\MCC18\SRC\TRADIT~1\PROC\p18f8722.asm
                 SSP1CON1   0x000fc6       data     extern C:\MCC18\SRC\TRADIT~1\PROC\p18f8722.asm
             SSP1CON1bits   0x000fc6       data     extern C:\MCC18\SRC\TRADIT~1\PROC\p18f8722.asm
                 SSP1CON2   0x000fc5       data     extern C:\MCC18\SRC\TRADIT~1\PROC\p18f8722.asm
             SSP1CON2bits   0x000fc5       data     extern C:\MCC18\SRC\TRADIT~1\PROC\p18f8722.asm
                 SSP1STAT   0x000fc7       data     extern C:\MCC18\SRC\TRADIT~1\PROC\p18f8722.asm
             SSP1STATbits   0x000fc7       data     extern C:\MCC18\SRC\TRADIT~1\PROC\p18f8722.asm
                  SSP2ADD   0x000f65       data     extern C:\MCC18\SRC\TRADIT~1\PROC\p18f8722.asm
                  SSP2BUF   0x000f66       data     extern C:\MCC18\SRC\TRADIT~1\PROC\p18f8722.asm
                 SSP2CON1   0x000f63       data     extern C:\MCC18\SRC\TRADIT~1\PROC\p18f8722.asm
             SSP2CON1bits   0x000f63       data     extern C:\MCC18\SRC\TRADIT~1\PROC\p18f8722.asm
                 SSP2CON2   0x000f62       data     extern C:\MCC18\SRC\TRADIT~1\PROC\p18f8722.asm
             SSP2CON2bits   0x000f62       data     extern C:\MCC18\SRC\TRADIT~1\PROC\p18f8722.asm
                 SSP2STAT   0x000f64       data     extern C:\MCC18\SRC\TRADIT~1\PROC\p18f8722.asm
             SSP2STATbits   0x000f64       data     extern C:\MCC18\SRC\TRADIT~1\PROC\p18f8722.asm
                   SSPADD   0x000fc8       data     extern C:\MCC18\SRC\TRADIT~1\PROC\p18f8722.asm
                   SSPBUF   0x000fc9       data     extern C:\MCC18\SRC\TRADIT~1\PROC\p18f8722.asm
                  SSPCON1   0x000fc6       data     extern C:\MCC18\SRC\TRADIT~1\PROC\p18f8722.asm
              SSPCON1bits   0x000fc6       data     extern C:\MCC18\SRC\TRADIT~1\PROC\p18f8722.asm
                  SSPCON2   0x000fc5       data     extern C:\MCC18\SRC\TRADIT~1\PROC\p18f8722.asm
              SSPCON2bits   0x000fc5       data     extern C:\MCC18\SRC\TRADIT~1\PROC\p18f8722.asm
                  SSPSTAT   0x000fc7       data     extern C:\MCC18\SRC\TRADIT~1\PROC\p18f8722.asm
              SSPSTATbits   0x000fc7       data     extern C:\MCC18\SRC\TRADIT~1\PROC\p18f8722.asm
                   STATUS   0x000fd8       data     extern C:\MCC18\SRC\TRADIT~1\PROC\p18f8722.asm
               STATUSbits   0x000fd8       data     extern C:\MCC18\SRC\TRADIT~1\PROC\p18f8722.asm
                   STKPTR   0x000ffc       data     extern C:\MCC18\SRC\TRADIT~1\PROC\p18f8722.asm
               STKPTRbits   0x000ffc       data     extern C:\MCC18\SRC\TRADIT~1\PROC\p18f8722.asm
                    T0CON   0x000fd5       data     extern C:\MCC18\SRC\TRADIT~1\PROC\p18f8722.asm
                T0CONbits   0x000fd5       data     extern C:\MCC18\SRC\TRADIT~1\PROC\p18f8722.asm
                    T1CON   0x000fcd       data     extern C:\MCC18\SRC\TRADIT~1\PROC\p18f8722.asm
                T1CONbits   0x000fcd       data     extern C:\MCC18\SRC\TRADIT~1\PROC\p18f8722.asm
                    T2CON   0x000fca       data     extern C:\MCC18\SRC\TRADIT~1\PROC\p18f8722.asm
                T2CONbits   0x000fca       data     extern C:\MCC18\SRC\TRADIT~1\PROC\p18f8722.asm
                    T3CON   0x000fb1       data     extern C:\MCC18\SRC\TRADIT~1\PROC\p18f8722.asm
                T3CONbits   0x000fb1       data     extern C:\MCC18\SRC\TRADIT~1\PROC\p18f8722.asm
                    T4CON   0x000f76       data     extern C:\MCC18\SRC\TRADIT~1\PROC\p18f8722.asm
                T4CONbits   0x000f76       data     extern C:\MCC18\SRC\TRADIT~1\PROC\p18f8722.asm
                   TABLAT   0x000ff5       data     extern C:\MCC18\SRC\TRADIT~1\PROC\p18f8722.asm
                   TBLPTR   0x000ff6       data     extern C:\MCC18\SRC\TRADIT~1\PROC\p18f8722.asm
                  TBLPTRH   0x000ff7       data     extern C:\MCC18\SRC\TRADIT~1\PROC\p18f8722.asm
                  TBLPTRL   0x000ff6       data     extern C:\MCC18\SRC\TRADIT~1\PROC\p18f8722.asm
                  TBLPTRU   0x000ff8       data     extern C:\MCC18\SRC\TRADIT~1\PROC\p18f8722.asm
                     TEMP   0x00002a       data     extern C:\MCC18\SRC\TRADIT~1\MATH\temparg.asm
                   TEMPB0   0x00002a       data     extern C:\MCC18\SRC\TRADIT~1\MATH\temparg.asm
                   TEMPB1   0x000029       data     extern C:\MCC18\SRC\TRADIT~1\MATH\temparg.asm
                   TEMPB2   0x000028       data     extern C:\MCC18\SRC\TRADIT~1\MATH\temparg.asm
                   TEMPB3   0x000027       data     extern C:\MCC18\SRC\TRADIT~1\MATH\temparg.asm
                    TMR0H   0x000fd7       data     extern C:\MCC18\SRC\TRADIT~1\PROC\p18f8722.asm
                    TMR0L   0x000fd6       data     extern C:\MCC18\SRC\TRADIT~1\PROC\p18f8722.asm
                    TMR1H   0x000fcf       data     extern C:\MCC18\SRC\TRADIT~1\PROC\p18f8722.asm
                    TMR1L   0x000fce       data     extern C:\MCC18\SRC\TRADIT~1\PROC\p18f8722.asm
                     TMR2   0x000fcc       data     extern C:\MCC18\SRC\TRADIT~1\PROC\p18f8722.asm
                    TMR3H   0x000fb3       data     extern C:\MCC18\SRC\TRADIT~1\PROC\p18f8722.asm
                    TMR3L   0x000fb2       data     extern C:\MCC18\SRC\TRADIT~1\PROC\p18f8722.asm
                     TMR4   0x000f78       data     extern C:\MCC18\SRC\TRADIT~1\PROC\p18f8722.asm
                      TOS   0x000ffd       data     extern C:\MCC18\SRC\TRADIT~1\PROC\p18f8722.asm
                     TOSH   0x000ffe       data     extern C:\MCC18\SRC\TRADIT~1\PROC\p18f8722.asm
                     TOSL   0x000ffd       data     extern C:\MCC18\SRC\TRADIT~1\PROC\p18f8722.asm
                     TOSU   0x000fff       data     extern C:\MCC18\SRC\TRADIT~1\PROC\p18f8722.asm
                    TRISA   0x000f92       data     extern C:\MCC18\SRC\TRADIT~1\PROC\p18f8722.asm
                TRISAbits   0x000f92       data     extern C:\MCC18\SRC\TRADIT~1\PROC\p18f8722.asm
                    TRISB   0x000f93       data     extern C:\MCC18\SRC\TRADIT~1\PROC\p18f8722.asm
                TRISBbits   0x000f93       data     extern C:\MCC18\SRC\TRADIT~1\PROC\p18f8722.asm
                    TRISC   0x000f94       data     extern C:\MCC18\SRC\TRADIT~1\PROC\p18f8722.asm
                TRISCbits   0x000f94       data     extern C:\MCC18\SRC\TRADIT~1\PROC\p18f8722.asm
                    TRISD   0x000f95       data     extern C:\MCC18\SRC\TRADIT~1\PROC\p18f8722.asm
                TRISDbits   0x000f95       data     extern C:\MCC18\SRC\TRADIT~1\PROC\p18f8722.asm
                    TRISE   0x000f96       data     extern C:\MCC18\SRC\TRADIT~1\PROC\p18f8722.asm
                TRISEbits   0x000f96       data     extern C:\MCC18\SRC\TRADIT~1\PROC\p18f8722.asm
                    TRISF   0x000f97       data     extern C:\MCC18\SRC\TRADIT~1\PROC\p18f8722.asm
                TRISFbits   0x000f97       data     extern C:\MCC18\SRC\TRADIT~1\PROC\p18f8722.asm
                    TRISG   0x000f98       data     extern C:\MCC18\SRC\TRADIT~1\PROC\p18f8722.asm
                TRISGbits   0x000f98       data     extern C:\MCC18\SRC\TRADIT~1\PROC\p18f8722.asm
                    TRISH   0x000f99       data     extern C:\MCC18\SRC\TRADIT~1\PROC\p18f8722.asm
                TRISHbits   0x000f99       data     extern C:\MCC18\SRC\TRADIT~1\PROC\p18f8722.asm
                    TRISJ   0x000f9a       data     extern C:\MCC18\SRC\TRADIT~1\PROC\p18f8722.asm
                TRISJbits   0x000f9a       data     extern C:\MCC18\SRC\TRADIT~1\PROC\p18f8722.asm
                    TXREG   0x000fad       data     extern C:\MCC18\SRC\TRADIT~1\PROC\p18f8722.asm
                   TXREG1   0x000fad       data     extern C:\MCC18\SRC\TRADIT~1\PROC\p18f8722.asm
                   TXREG2   0x000f6d       data     extern C:\MCC18\SRC\TRADIT~1\PROC\p18f8722.asm
                    TXSTA   0x000fac       data     extern C:\MCC18\SRC\TRADIT~1\PROC\p18f8722.asm
                   TXSTA1   0x000fac       data     extern C:\MCC18\SRC\TRADIT~1\PROC\p18f8722.asm
               TXSTA1bits   0x000fac       data     extern C:\MCC18\SRC\TRADIT~1\PROC\p18f8722.asm
                   TXSTA2   0x000f6c       data     extern C:\MCC18\SRC\TRADIT~1\PROC\p18f8722.asm
               TXSTA2bits   0x000f6c       data     extern C:\MCC18\SRC\TRADIT~1\PROC\p18f8722.asm
                TXSTAbits   0x000fac       data     extern C:\MCC18\SRC\TRADIT~1\PROC\p18f8722.asm
               Tx_1_Queue   0x000120       data     extern Z:\home\prog\code\robo2007\branches\arm_test\serial_ports.c
    Tx_1_Queue_Byte_Count   0x0001cd       data     extern Z:\home\prog\code\robo2007\branches\arm_test\serial_ports.c
         Tx_1_Queue_Empty   0x0001ca       data     extern Z:\home\prog\code\robo2007\branches\arm_test\serial_ports.c
          Tx_1_Queue_Full   0x0001c9       data     extern Z:\home\prog\code\robo2007\branches\arm_test\serial_ports.c
    Tx_1_Queue_Read_Index   0x0001cb       data     extern Z:\home\prog\code\robo2007\branches\arm_test\serial_ports.c
   Tx_1_Queue_Write_Index   0x0001cc       data     extern Z:\home\prog\code\robo2007\branches\arm_test\serial_ports.c
               Tx_2_Queue   0x000160       data     extern Z:\home\prog\code\robo2007\branches\arm_test\serial_ports.c
    Tx_2_Queue_Byte_Count   0x0001d9       data     extern Z:\home\prog\code\robo2007\branches\arm_test\serial_ports.c
         Tx_2_Queue_Empty   0x0001d6       data     extern Z:\home\prog\code\robo2007\branches\arm_test\serial_ports.c
          Tx_2_Queue_Full   0x0001d5       data     extern Z:\home\prog\code\robo2007\branches\arm_test\serial_ports.c
    Tx_2_Queue_Read_Index   0x0001d7       data     extern Z:\home\prog\code\robo2007\branches\arm_test\serial_ports.c
   Tx_2_Queue_Write_Index   0x0001d8       data     extern Z:\home\prog\code\robo2007\branches\arm_test\serial_ports.c
                   WDTCON   0x000fd1       data     extern C:\MCC18\SRC\TRADIT~1\PROC\p18f8722.asm
               WDTCONbits   0x000fd1       data     extern C:\MCC18\SRC\TRADIT~1\PROC\p18f8722.asm
                     WREG   0x000fe8       data     extern C:\MCC18\SRC\TRADIT~1\PROC\p18f8722.asm
                  __tmp_0   0x00002b       data     static C:\mcc18\src\TRADIT~1\pmc\ADC\adcread.c
                  __tmp_0   0x00002b       data     static Z:\home\prog\code\robo2007\branches\arm_test\pwm.c
                  __tmp_0   0x00002b       data     static Z:\home\prog\code\robo2007\branches\arm_test\ifi_utilities.c
                  __tmp_0   0x00002b       data     static Z:\home\prog\code\robo2007\branches\arm_test\user_routines.c
       camera_menu_active   0x0001fa       data     static Z:\home\prog\code\robo2007\branches\arm_test\user_routines.c
                    count   0x0001e1       data     static C:\mcc18\Projects\EduCode\ifi_library.c
                    count   0x0001f9       data     static Z:\home\prog\code\robo2007\branches\arm_test\user_routines.c
                curr_byte   0x0001ea       data     static Z:\home\prog\code\robo2007\branches\arm_test\ifi_startup.c
               curr_entry   0x0001ec       data     static Z:\home\prog\code\robo2007\branches\arm_test\ifi_startup.c
                 data_ptr   0x0001ee       data     static Z:\home\prog\code\robo2007\branches\arm_test\ifi_startup.c
               gPWM_DATA1   0x00000a       data     static C:\mcc18\Projects\EduCode\Util_lib.asm
               gPWM_DATA2   0x00000b       data     static C:\mcc18\Projects\EduCode\Util_lib.asm
               gPWM_DATA3   0x00000c       data     static C:\mcc18\Projects\EduCode\Util_lib.asm
               gPWM_DATA4   0x00000d       data     static C:\mcc18\Projects\EduCode\Util_lib.asm
               gPWM_DATA5   0x00000e       data     static C:\mcc18\Projects\EduCode\Util_lib.asm
               gPWM_DATA6   0x00000f       data     static C:\mcc18\Projects\EduCode\Util_lib.asm
               gPWM_DATA7   0x000010       data     static C:\mcc18\Projects\EduCode\Util_lib.asm
               gPWM_DATA8   0x000011       data     static C:\mcc18\Projects\EduCode\Util_lib.asm
                gRX_BUFF0   0x0000c0       data     extern C:\mcc18\Projects\EduCode\Util_lib.asm
                gRX_BUFF1   0x0000e0       data     extern C:\mcc18\Projects\EduCode\Util_lib.asm
                 gRX_PTRH   0x000002       data     static C:\mcc18\Projects\EduCode\Util_lib.asm
                 gRX_PTRL   0x000003       data     static C:\mcc18\Projects\EduCode\Util_lib.asm
                  gSPICNT   0x000006       data     static C:\mcc18\Projects\EduCode\Util_lib.asm
             gSPI_RCV_PTR   0x000007       data     extern C:\mcc18\Projects\EduCode\Util_lib.asm
             gSPI_XMT_PTR   0x000008       data     extern C:\mcc18\Projects\EduCode\Util_lib.asm
                gTX_BUFF0   0x000080       data     extern C:\mcc18\Projects\EduCode\Util_lib.asm
                gTX_BUFF1   0x0000a0       data     extern C:\mcc18\Projects\EduCode\Util_lib.asm
                 gTX_PTRH   0x000000       data     static C:\mcc18\Projects\EduCode\Util_lib.asm
                 gTX_PTRL   0x000001       data     static C:\mcc18\Projects\EduCode\Util_lib.asm
      ifi_analog_channels   0x0001f4       data     extern Z:\home\prog\code\robo2007\branches\arm_test\ifi_utilities.c
                ifi_count   0x0001f3       data     extern Z:\home\prog\code\robo2007\branches\arm_test\ifi_utilities.c
         ifi_last_packet1   0x0001f7       data     extern Z:\home\prog\code\robo2007\branches\arm_test\ifi_utilities.c
          ifi_packet_num1   0x0001f5       data     extern Z:\home\prog\code\robo2007\branches\arm_test\ifi_utilities.c
            limited_value   0x0001fc       data     static Z:\home\prog\code\robo2007\branches\arm_test\user_routines.c
                     prom   0x0001e7       data     static Z:\home\prog\code\robo2007\branches\arm_test\ifi_startup.c
                      ptr   0x0001f1       data     extern Z:\home\prog\code\robo2007\branches\arm_test\ifi_utilities.c
                    rxPtr   0x0001e3       data     static C:\mcc18\Projects\EduCode\ifi_library.c
                   rxdata   0x0001a0       data     extern Z:\home\prog\code\robo2007\branches\arm_test\main.c
                rxferbufr   0x0001de       data     static C:\mcc18\Projects\EduCode\ifi_library.c
               statusflag   0x0001c0       data     extern Z:\home\prog\code\robo2007\branches\arm_test\main.c
                   stdout   0x0001fe       data     extern C:\mcc18\src\TRADIT~1\stdclib\stdout.c
       stdout_serial_port   0x0001c1       data     extern Z:\home\prog\code\robo2007\branches\arm_test\serial_ports.c
                     temp   0x0001e2       data     static C:\mcc18\Projects\EduCode\ifi_library.c
                      tmp   0x000009       data     static C:\mcc18\Projects\EduCode\Util_lib.asm
     tracking_menu_active   0x0001fb       data     static Z:\home\prog\code\robo2007\branches\arm_test\user_routines.c
               txPWM_MASK   0x000015       data     static C:\mcc18\Projects\EduCode\Util_lib.asm
                    txPtr   0x0001e5       data     static C:\mcc18\Projects\EduCode\ifi_library.c
                   txdata   0x000180       data     extern Z:\home\prog\code\robo2007\branches\arm_test\main.c
                txferbufr   0x0001dc       data     static C:\mcc18\Projects\EduCode\ifi_library.c
                 xferbufr   0x0001da       data     static C:\mcc18\Projects\EduCode\ifi_library.c



                              Symbols - Sorted by Address
                     Name    Address   Location    Storage File                     
                ---------  ---------  ---------  --------- ---------                
                   _entry   0x000800    program     extern Z:\home\prog\code\robo2007\branches\arm_test\ifi_startup.c
       ___return_lbl00000   0x000804    program     static                          
      InterruptVectorHigh   0x000808    program     extern C:\mcc18\Projects\EduCode\ifi_library.c
       ___return_lbl00000   0x00080c    program     static                          
                  BusyADC   0x00080e    program     extern C:\mcc18\src\TRADIT~1\pmc\ADC\adcbusy.c
       InterruptVectorLow   0x000818    program     extern Z:\home\prog\code\robo2007\branches\arm_test\user_routines_fast.c
       ___return_lbl00000   0x00081c    program     static                          
     InterruptHandlerHigh   0x000850    program     extern C:\mcc18\Projects\EduCode\ifi_library.c
          Setup_Spi_Slave   0x000892    program     extern C:\mcc18\Projects\EduCode\ifi_library.c
     Initialize_Registers   0x0008a8    program     extern C:\mcc18\Projects\EduCode\ifi_library.c
       IFI_Initialization   0x000920    program     extern C:\mcc18\Projects\EduCode\ifi_library.c
       User_Proc_Is_Ready   0x0009b2    program     extern C:\mcc18\Projects\EduCode\ifi_library.c
    Prep_SPI_4_First_Byte   0x0009bc    program     extern C:\mcc18\Projects\EduCode\ifi_library.c
           Handle_Spi_Int   0x000a1a    program     extern C:\mcc18\Projects\EduCode\ifi_library.c
                  Getdata   0x000a72    program     extern C:\mcc18\Projects\EduCode\ifi_library.c
                  Putdata   0x000aa4    program     extern C:\mcc18\Projects\EduCode\ifi_library.c
       Clear_SPIdata_flag   0x000b1e    program     extern C:\mcc18\Projects\EduCode\ifi_library.c
    Setup_PWM_Output_Type   0x000b28    program     extern C:\mcc18\Projects\EduCode\ifi_library.c
       Check_4_Violations   0x000bac    program     extern C:\mcc18\Projects\EduCode\ifi_library.c
         Limit_Switch_Max   0x000f86    program     extern Z:\home\prog\code\robo2007\branches\arm_test\user_routines.c
         Limit_Switch_Min   0x000f9e    program     extern Z:\home\prog\code\robo2007\branches\arm_test\user_routines.c
                Limit_Mix   0x000fba    program     extern Z:\home\prog\code\robo2007\branches\arm_test\user_routines.c
      User_Initialization   0x001014    program     extern Z:\home\prog\code\robo2007\branches\arm_test\user_routines.c
Process_Data_From_Master_uP   0x001098    program     extern Z:\home\prog\code\robo2007\branches\arm_test\user_routines.c
          Default_Routine   0x0010d6    program     extern Z:\home\prog\code\robo2007\branches\arm_test\user_routines.c
                   __pa_0   0x0014e0    program     static Z:\home\prog\code\robo2007\branches\arm_test\user_routines.c
                   __pa_1   0x0014ec    program     static Z:\home\prog\code\robo2007\branches\arm_test\user_routines.c
                   __pa_2   0x0014f8    program     static Z:\home\prog\code\robo2007\branches\arm_test\user_routines.c
                   __pa_3   0x001506    program     static Z:\home\prog\code\robo2007\branches\arm_test\user_routines.c
                   __pa_4   0x001518    program     static Z:\home\prog\code\robo2007\branches\arm_test\user_routines.c
                   __pa_5   0x001528    program     static Z:\home\prog\code\robo2007\branches\arm_test\user_routines.c
                   __pa_6   0x001532    program     static Z:\home\prog\code\robo2007\branches\arm_test\user_routines.c
                   __pa_7   0x00153a    program     static Z:\home\prog\code\robo2007\branches\arm_test\user_routines.c
                   __pa_8   0x00154a    program     static Z:\home\prog\code\robo2007\branches\arm_test\user_routines.c
                   __pa_9   0x001558    program     static Z:\home\prog\code\robo2007\branches\arm_test\user_routines.c
                  __pa_10   0x001566    program     static Z:\home\prog\code\robo2007\branches\arm_test\user_routines.c
                  __pa_11   0x001570    program     static Z:\home\prog\code\robo2007\branches\arm_test\user_routines.c
             Clear_Memory   0x00157a    program     extern C:\mcc18\Projects\EduCode\Util_lib.asm
               Clear_Loop   0x001580    program     static C:\mcc18\Projects\EduCode\Util_lib.asm
               Clear_Bank   0x001594    program     static C:\mcc18\Projects\EduCode\Util_lib.asm
               Hex_output   0x00159e    program     extern C:\mcc18\Projects\EduCode\Util_lib.asm
  UpdateLocalPWMDirection   0x0015ca    program     extern C:\mcc18\Projects\EduCode\Util_lib.asm
         SendDataToMaster   0x0015cc    program     extern C:\mcc18\Projects\EduCode\Util_lib.asm
           MoveData4Buff0   0x001666    program     static C:\mcc18\Projects\EduCode\Util_lib.asm
            TerminateSend   0x0016e6    program     static C:\mcc18\Projects\EduCode\Util_lib.asm
        GetDataFromMaster   0x0016f0    program     extern C:\mcc18\Projects\EduCode\Util_lib.asm
        MoveDataFromBuff1   0x00178e    program     static C:\mcc18\Projects\EduCode\Util_lib.asm
             TerminateGet   0x00180e    program     static C:\mcc18\Projects\EduCode\Util_lib.asm
            Generate_Pwms   0x001818    program     extern C:\mcc18\Projects\EduCode\Util_lib.asm
       Generate_Pwms_Cont   0x00185c    program     static C:\mcc18\Projects\EduCode\Util_lib.asm
                      LP4   0x001860    program     static C:\mcc18\Projects\EduCode\Util_lib.asm
                LP4_Cont1   0x00186a    program     static C:\mcc18\Projects\EduCode\Util_lib.asm
                LP4_Cont2   0x001874    program     static C:\mcc18\Projects\EduCode\Util_lib.asm
                LP4_Cont3   0x00187e    program     static C:\mcc18\Projects\EduCode\Util_lib.asm
                LP4_Cont4   0x00188a    program     static C:\mcc18\Projects\EduCode\Util_lib.asm
                LP4_Cont5   0x001894    program     static C:\mcc18\Projects\EduCode\Util_lib.asm
                LP4_Cont6   0x00189e    program     static C:\mcc18\Projects\EduCode\Util_lib.asm
                LP4_Cont7   0x0018a8    program     static C:\mcc18\Projects\EduCode\Util_lib.asm
                LP4_Cont8   0x0018b2    program     static C:\mcc18\Projects\EduCode\Util_lib.asm
          Dead_Space_Loop   0x0018be    program     static C:\mcc18\Projects\EduCode\Util_lib.asm
                      DL1   0x0018c2    program     static C:\mcc18\Projects\EduCode\Util_lib.asm
                      DL2   0x0018d8    program     static C:\mcc18\Projects\EduCode\Util_lib.asm
                Pwm_Delay   0x0018ee    program     static C:\mcc18\Projects\EduCode\Util_lib.asm
                  s_delay   0x0018f4    program     static C:\mcc18\Projects\EduCode\Util_lib.asm
                  Adjust4   0x001902    program     static C:\mcc18\Projects\EduCode\Util_lib.asm
                  Adj_lp4   0x001906    program     static C:\mcc18\Projects\EduCode\Util_lib.asm
                 FLO0832U   0x001910    program     extern C:\MCC18\SRC\TRADIT~1\MATH\cast08FP.asm
                 FLO0832S   0x001914    program     extern C:\MCC18\SRC\TRADIT~1\MATH\cast08FP.asm
                jI2F08Beg   0x00191e    program     static C:\MCC18\SRC\TRADIT~1\MATH\cast08FP.asm
                    FPD32   0x001932    program     extern C:\MCC18\SRC\TRADIT~1\MATH\divFP.asm
                 jANotInf   0x001950    program     static C:\MCC18\SRC\TRADIT~1\MATH\divFP.asm
              jSignedZero   0x00195a    program     static C:\MCC18\SRC\TRADIT~1\MATH\divFP.asm
                jANotZero   0x001964    program     static C:\MCC18\SRC\TRADIT~1\MATH\divFP.asm
                    jLoop   0x00198c    program     static C:\MCC18\SRC\TRADIT~1\MATH\divFP.asm
                jNoAdjust   0x0019b0    program     static C:\MCC18\SRC\TRADIT~1\MATH\divFP.asm
                    jNext   0x0019b2    program     static C:\MCC18\SRC\TRADIT~1\MATH\divFP.asm
                    FPM32   0x0019d8    program     extern C:\MCC18\SRC\TRADIT~1\MATH\mulFP.asm
                 jANotInf   0x0019f6    program     static C:\MCC18\SRC\TRADIT~1\MATH\mulFP.asm
              jBothFinite   0x001a04    program     static C:\MCC18\SRC\TRADIT~1\MATH\mulFP.asm
                jHaveZero   0x001a0c    program     static C:\MCC18\SRC\TRADIT~1\MATH\mulFP.asm
             jBothNotZero   0x001a10    program     static C:\MCC18\SRC\TRADIT~1\MATH\mulFP.asm
                 FXM1616S   0x001ab2    program     extern C:\MCC18\SRC\TRADIT~1\MATH\fxm1616s.asm
               TSIGN1616A   0x001afe    program     static C:\MCC18\SRC\TRADIT~1\MATH\fxm1616s.asm
                  INT3208   0x001b0c    program     extern C:\MCC18\SRC\TRADIT~1\MATH\castFP08.asm
                     jMax   0x001b1c    program     static C:\MCC18\SRC\TRADIT~1\MATH\castFP08.asm
                  jMaxPos   0x001b20    program     static C:\MCC18\SRC\TRADIT~1\MATH\castFP08.asm
                  jMaxNeg   0x001b26    program     static C:\MCC18\SRC\TRADIT~1\MATH\castFP08.asm
                    jZero   0x001b2c    program     static C:\MCC18\SRC\TRADIT~1\MATH\castFP08.asm
                  jNotInf   0x001b30    program     static C:\MCC18\SRC\TRADIT~1\MATH\castFP08.asm
                    jLoop   0x001b40    program     static C:\MCC18\SRC\TRADIT~1\MATH\castFP08.asm
                jLoopExit   0x001b4e    program     static C:\MCC18\SRC\TRADIT~1\MATH\castFP08.asm
                    jExit   0x001b58    program     static C:\MCC18\SRC\TRADIT~1\MATH\castFP08.asm
            __FpReturnNaN   0x001b5a    program     extern C:\MCC18\SRC\TRADIT~1\MATH\packFP.asm
                 __FpExit   0x001b66    program     extern C:\MCC18\SRC\TRADIT~1\MATH\packFP.asm
        __FpReturnSignInf   0x001b68    program     extern C:\MCC18\SRC\TRADIT~1\MATH\packFP.asm
         __FpReturnNegInf   0x001b6c    program     extern C:\MCC18\SRC\TRADIT~1\MATH\packFP.asm
         __FpReturnPosInf   0x001b72    program     extern C:\MCC18\SRC\TRADIT~1\MATH\packFP.asm
           jReturnPosInf0   0x001b76    program     static C:\MCC18\SRC\TRADIT~1\MATH\packFP.asm
               jZero1and2   0x001b7a    program     static C:\MCC18\SRC\TRADIT~1\MATH\packFP.asm
       __FpReturnSignZero   0x001b80    program     extern C:\MCC18\SRC\TRADIT~1\MATH\packFP.asm
        __FpReturnNegZero   0x001b84    program     extern C:\MCC18\SRC\TRADIT~1\MATH\packFP.asm
        __FpReturnPosZero   0x001b8c    program     extern C:\MCC18\SRC\TRADIT~1\MATH\packFP.asm
                 __FpPack   0x001b92    program     extern C:\MCC18\SRC\TRADIT~1\MATH\packFP.asm
                  jPkLoop   0x001ba0    program     static C:\MCC18\SRC\TRADIT~1\MATH\packFP.asm
             jPkShiftDone   0x001bbc    program     static C:\MCC18\SRC\TRADIT~1\MATH\packFP.asm
               jPkRoundIt   0x001bd2    program     static C:\MCC18\SRC\TRADIT~1\MATH\packFP.asm
              __FpReturnW   0x001bea    program     extern C:\MCC18\SRC\TRADIT~1\MATH\packFP.asm
             jPkRoundDone   0x001bea    program     static C:\MCC18\SRC\TRADIT~1\MATH\packFP.asm
              __FpUnPackA   0x001c0a    program     extern C:\MCC18\SRC\TRADIT~1\MATH\UnpackFP.asm
                  jUnpkA1   0x001c14    program     static C:\MCC18\SRC\TRADIT~1\MATH\UnpackFP.asm
                 jUnpkANZ   0x001c22    program     static C:\MCC18\SRC\TRADIT~1\MATH\UnpackFP.asm
                  jUnpkA2   0x001c2c    program     static C:\MCC18\SRC\TRADIT~1\MATH\UnpackFP.asm
[...]
                TRISCbits   0x000f94       data     extern C:\MCC18\SRC\TRADIT~1\PROC\p18f8722.asm
                TRISDbits   0x000f95       data     extern C:\MCC18\SRC\TRADIT~1\PROC\p18f8722.asm
                     DDRD   0x000f95       data     extern C:\MCC18\SRC\TRADIT~1\PROC\p18f8722.asm
                    TRISD   0x000f95       data     extern C:\MCC18\SRC\TRADIT~1\PROC\p18f8722.asm
                 DDRDbits   0x000f95       data     extern C:\MCC18\SRC\TRADIT~1\PROC\p18f8722.asm
                     DDRE   0x000f96       data     extern C:\MCC18\SRC\TRADIT~1\PROC\p18f8722.asm
                 DDREbits   0x000f96       data     extern C:\MCC18\SRC\TRADIT~1\PROC\p18f8722.asm
                TRISEbits   0x000f96       data     extern C:\MCC18\SRC\TRADIT~1\PROC\p18f8722.asm
                    TRISE   0x000f96       data     extern C:\MCC18\SRC\TRADIT~1\PROC\p18f8722.asm
                    TRISF   0x000f97       data     extern C:\MCC18\SRC\TRADIT~1\PROC\p18f8722.asm
                TRISFbits   0x000f97       data     extern C:\MCC18\SRC\TRADIT~1\PROC\p18f8722.asm
                     DDRF   0x000f97       data     extern C:\MCC18\SRC\TRADIT~1\PROC\p18f8722.asm
                 DDRFbits   0x000f97       data     extern C:\MCC18\SRC\TRADIT~1\PROC\p18f8722.asm
                    TRISG   0x000f98       data     extern C:\MCC18\SRC\TRADIT~1\PROC\p18f8722.asm
                TRISGbits   0x000f98       data     extern C:\MCC18\SRC\TRADIT~1\PROC\p18f8722.asm
                     DDRG   0x000f98       data     extern C:\MCC18\SRC\TRADIT~1\PROC\p18f8722.asm
                 DDRGbits   0x000f98       data     extern C:\MCC18\SRC\TRADIT~1\PROC\p18f8722.asm
                 DDRHbits   0x000f99       data     extern C:\MCC18\SRC\TRADIT~1\PROC\p18f8722.asm
                     DDRH   0x000f99       data     extern C:\MCC18\SRC\TRADIT~1\PROC\p18f8722.asm
                    TRISH   0x000f99       data     extern C:\MCC18\SRC\TRADIT~1\PROC\p18f8722.asm
                TRISHbits   0x000f99       data     extern C:\MCC18\SRC\TRADIT~1\PROC\p18f8722.asm
                    TRISJ   0x000f9a       data     extern C:\MCC18\SRC\TRADIT~1\PROC\p18f8722.asm
                TRISJbits   0x000f9a       data     extern C:\MCC18\SRC\TRADIT~1\PROC\p18f8722.asm
                 DDRJbits   0x000f9a       data     extern C:\MCC18\SRC\TRADIT~1\PROC\p18f8722.asm
                     DDRJ   0x000f9a       data     extern C:\MCC18\SRC\TRADIT~1\PROC\p18f8722.asm
              OSCTUNEbits   0x000f9b       data     extern C:\MCC18\SRC\TRADIT~1\PROC\p18f8722.asm
                  OSCTUNE   0x000f9b       data     extern C:\MCC18\SRC\TRADIT~1\PROC\p18f8722.asm
               MEMCONbits   0x000f9c       data     extern C:\MCC18\SRC\TRADIT~1\PROC\p18f8722.asm
                   MEMCON   0x000f9c       data     extern C:\MCC18\SRC\TRADIT~1\PROC\p18f8722.asm
                     PIE1   0x000f9d       data     extern C:\MCC18\SRC\TRADIT~1\PROC\p18f8722.asm
                 PIE1bits   0x000f9d       data     extern C:\MCC18\SRC\TRADIT~1\PROC\p18f8722.asm
                     PIR1   0x000f9e       data     extern C:\MCC18\SRC\TRADIT~1\PROC\p18f8722.asm
                 PIR1bits   0x000f9e       data     extern C:\MCC18\SRC\TRADIT~1\PROC\p18f8722.asm
                     IPR1   0x000f9f       data     extern C:\MCC18\SRC\TRADIT~1\PROC\p18f8722.asm
                 IPR1bits   0x000f9f       data     extern C:\MCC18\SRC\TRADIT~1\PROC\p18f8722.asm
                     PIE2   0x000fa0       data     extern C:\MCC18\SRC\TRADIT~1\PROC\p18f8722.asm
                 PIE2bits   0x000fa0       data     extern C:\MCC18\SRC\TRADIT~1\PROC\p18f8722.asm
                     PIR2   0x000fa1       data     extern C:\MCC18\SRC\TRADIT~1\PROC\p18f8722.asm
                 PIR2bits   0x000fa1       data     extern C:\MCC18\SRC\TRADIT~1\PROC\p18f8722.asm
                 IPR2bits   0x000fa2       data     extern C:\MCC18\SRC\TRADIT~1\PROC\p18f8722.asm
                     IPR2   0x000fa2       data     extern C:\MCC18\SRC\TRADIT~1\PROC\p18f8722.asm
                     PIE3   0x000fa3       data     extern C:\MCC18\SRC\TRADIT~1\PROC\p18f8722.asm
                 PIE3bits   0x000fa3       data     extern C:\MCC18\SRC\TRADIT~1\PROC\p18f8722.asm
                 PIR3bits   0x000fa4       data     extern C:\MCC18\SRC\TRADIT~1\PROC\p18f8722.asm
                     PIR3   0x000fa4       data     extern C:\MCC18\SRC\TRADIT~1\PROC\p18f8722.asm
                 IPR3bits   0x000fa5       data     extern C:\MCC18\SRC\TRADIT~1\PROC\p18f8722.asm
                     IPR3   0x000fa5       data     extern C:\MCC18\SRC\TRADIT~1\PROC\p18f8722.asm
               EECON1bits   0x000fa6       data     extern C:\MCC18\SRC\TRADIT~1\PROC\p18f8722.asm
                   EECON1   0x000fa6       data     extern C:\MCC18\SRC\TRADIT~1\PROC\p18f8722.asm
                   EECON2   0x000fa7       data     extern C:\MCC18\SRC\TRADIT~1\PROC\p18f8722.asm
                   EEDATA   0x000fa8       data     extern C:\MCC18\SRC\TRADIT~1\PROC\p18f8722.asm
                    EEADR   0x000fa9       data     extern C:\MCC18\SRC\TRADIT~1\PROC\p18f8722.asm
                   EEADRH   0x000faa       data     extern C:\MCC18\SRC\TRADIT~1\PROC\p18f8722.asm
                RCSTAbits   0x000fab       data     extern C:\MCC18\SRC\TRADIT~1\PROC\p18f8722.asm
               RCSTA1bits   0x000fab       data     extern C:\MCC18\SRC\TRADIT~1\PROC\p18f8722.asm
                   RCSTA1   0x000fab       data     extern C:\MCC18\SRC\TRADIT~1\PROC\p18f8722.asm
                    RCSTA   0x000fab       data     extern C:\MCC18\SRC\TRADIT~1\PROC\p18f8722.asm
                    TXSTA   0x000fac       data     extern C:\MCC18\SRC\TRADIT~1\PROC\p18f8722.asm
                   TXSTA1   0x000fac       data     extern C:\MCC18\SRC\TRADIT~1\PROC\p18f8722.asm
               TXSTA1bits   0x000fac       data     extern C:\MCC18\SRC\TRADIT~1\PROC\p18f8722.asm
                TXSTAbits   0x000fac       data     extern C:\MCC18\SRC\TRADIT~1\PROC\p18f8722.asm
                    TXREG   0x000fad       data     extern C:\MCC18\SRC\TRADIT~1\PROC\p18f8722.asm
                   TXREG1   0x000fad       data     extern C:\MCC18\SRC\TRADIT~1\PROC\p18f8722.asm
                   RCREG1   0x000fae       data     extern C:\MCC18\SRC\TRADIT~1\PROC\p18f8722.asm
                    RCREG   0x000fae       data     extern C:\MCC18\SRC\TRADIT~1\PROC\p18f8722.asm
                   SPBRG1   0x000faf       data     extern C:\MCC18\SRC\TRADIT~1\PROC\p18f8722.asm
                    SPBRG   0x000faf       data     extern C:\MCC18\SRC\TRADIT~1\PROC\p18f8722.asm
                   PSPCON   0x000fb0       data     extern C:\MCC18\SRC\TRADIT~1\PROC\p18f8722.asm
               PSPCONbits   0x000fb0       data     extern C:\MCC18\SRC\TRADIT~1\PROC\p18f8722.asm
                T3CONbits   0x000fb1       data     extern C:\MCC18\SRC\TRADIT~1\PROC\p18f8722.asm
                    T3CON   0x000fb1       data     extern C:\MCC18\SRC\TRADIT~1\PROC\p18f8722.asm
                    TMR3L   0x000fb2       data     extern C:\MCC18\SRC\TRADIT~1\PROC\p18f8722.asm
                    TMR3H   0x000fb3       data     extern C:\MCC18\SRC\TRADIT~1\PROC\p18f8722.asm
                CMCONbits   0x000fb4       data     extern C:\MCC18\SRC\TRADIT~1\PROC\p18f8722.asm
                    CMCON   0x000fb4       data     extern C:\MCC18\SRC\TRADIT~1\PROC\p18f8722.asm
                   CVRCON   0x000fb5       data     extern C:\MCC18\SRC\TRADIT~1\PROC\p18f8722.asm
               CVRCONbits   0x000fb5       data     extern C:\MCC18\SRC\TRADIT~1\PROC\p18f8722.asm
              ECCP1ASbits   0x000fb6       data     extern C:\MCC18\SRC\TRADIT~1\PROC\p18f8722.asm
                  ECCP1AS   0x000fb6       data     extern C:\MCC18\SRC\TRADIT~1\PROC\p18f8722.asm
             ECCP3CONbits   0x000fb7       data     extern C:\MCC18\SRC\TRADIT~1\PROC\p18f8722.asm
                 ECCP3CON   0x000fb7       data     extern C:\MCC18\SRC\TRADIT~1\PROC\p18f8722.asm
              CCP3CONbits   0x000fb7       data     extern C:\MCC18\SRC\TRADIT~1\PROC\p18f8722.asm
                  CCP3CON   0x000fb7       data     extern C:\MCC18\SRC\TRADIT~1\PROC\p18f8722.asm
                    CCPR3   0x000fb8       data     extern C:\MCC18\SRC\TRADIT~1\PROC\p18f8722.asm
                   CCPR3L   0x000fb8       data     extern C:\MCC18\SRC\TRADIT~1\PROC\p18f8722.asm
                   CCPR3H   0x000fb9       data     extern C:\MCC18\SRC\TRADIT~1\PROC\p18f8722.asm
              CCP2CONbits   0x000fba       data     extern C:\MCC18\SRC\TRADIT~1\PROC\p18f8722.asm
                  CCP2CON   0x000fba       data     extern C:\MCC18\SRC\TRADIT~1\PROC\p18f8722.asm
                 ECCP2CON   0x000fba       data     extern C:\MCC18\SRC\TRADIT~1\PROC\p18f8722.asm
             ECCP2CONbits   0x000fba       data     extern C:\MCC18\SRC\TRADIT~1\PROC\p18f8722.asm
                    CCPR2   0x000fbb       data     extern C:\MCC18\SRC\TRADIT~1\PROC\p18f8722.asm
                   CCPR2L   0x000fbb       data     extern C:\MCC18\SRC\TRADIT~1\PROC\p18f8722.asm
                   CCPR2H   0x000fbc       data     extern C:\MCC18\SRC\TRADIT~1\PROC\p18f8722.asm
              CCP1CONbits   0x000fbd       data     extern C:\MCC18\SRC\TRADIT~1\PROC\p18f8722.asm
                  CCP1CON   0x000fbd       data     extern C:\MCC18\SRC\TRADIT~1\PROC\p18f8722.asm
             ECCP1CONbits   0x000fbd       data     extern C:\MCC18\SRC\TRADIT~1\PROC\p18f8722.asm
                 ECCP1CON   0x000fbd       data     extern C:\MCC18\SRC\TRADIT~1\PROC\p18f8722.asm
                    CCPR1   0x000fbe       data     extern C:\MCC18\SRC\TRADIT~1\PROC\p18f8722.asm
                   CCPR1L   0x000fbe       data     extern C:\MCC18\SRC\TRADIT~1\PROC\p18f8722.asm
                   CCPR1H   0x000fbf       data     extern C:\MCC18\SRC\TRADIT~1\PROC\p18f8722.asm
               ADCON2bits   0x000fc0       data     extern C:\MCC18\SRC\TRADIT~1\PROC\p18f8722.asm
                   ADCON2   0x000fc0       data     extern C:\MCC18\SRC\TRADIT~1\PROC\p18f8722.asm
               ADCON1bits   0x000fc1       data     extern C:\MCC18\SRC\TRADIT~1\PROC\p18f8722.asm
                   ADCON1   0x000fc1       data     extern C:\MCC18\SRC\TRADIT~1\PROC\p18f8722.asm
               ADCON0bits   0x000fc2       data     extern C:\MCC18\SRC\TRADIT~1\PROC\p18f8722.asm
                   ADCON0   0x000fc2       data     extern C:\MCC18\SRC\TRADIT~1\PROC\p18f8722.asm
                   ADRESL   0x000fc3       data     extern C:\MCC18\SRC\TRADIT~1\PROC\p18f8722.asm
                    ADRES   0x000fc3       data     extern C:\MCC18\SRC\TRADIT~1\PROC\p18f8722.asm
                   ADRESH   0x000fc4       data     extern C:\MCC18\SRC\TRADIT~1\PROC\p18f8722.asm
             SSP1CON2bits   0x000fc5       data     extern C:\MCC18\SRC\TRADIT~1\PROC\p18f8722.asm
                 SSP1CON2   0x000fc5       data     extern C:\MCC18\SRC\TRADIT~1\PROC\p18f8722.asm
              SSPCON2bits   0x000fc5       data     extern C:\MCC18\SRC\TRADIT~1\PROC\p18f8722.asm
                  SSPCON2   0x000fc5       data     extern C:\MCC18\SRC\TRADIT~1\PROC\p18f8722.asm
                  SSPCON1   0x000fc6       data     extern C:\MCC18\SRC\TRADIT~1\PROC\p18f8722.asm
              SSPCON1bits   0x000fc6       data     extern C:\MCC18\SRC\TRADIT~1\PROC\p18f8722.asm
                 SSP1CON1   0x000fc6       data     extern C:\MCC18\SRC\TRADIT~1\PROC\p18f8722.asm
             SSP1CON1bits   0x000fc6       data     extern C:\MCC18\SRC\TRADIT~1\PROC\p18f8722.asm
                  SSPSTAT   0x000fc7       data     extern C:\MCC18\SRC\TRADIT~1\PROC\p18f8722.asm
              SSPSTATbits   0x000fc7       data     extern C:\MCC18\SRC\TRADIT~1\PROC\p18f8722.asm
             SSP1STATbits   0x000fc7       data     extern C:\MCC18\SRC\TRADIT~1\PROC\p18f8722.asm
                 SSP1STAT   0x000fc7       data     extern C:\MCC18\SRC\TRADIT~1\PROC\p18f8722.asm
                   SSPADD   0x000fc8       data     extern C:\MCC18\SRC\TRADIT~1\PROC\p18f8722.asm
                  SSP1ADD   0x000fc8       data     extern C:\MCC18\SRC\TRADIT~1\PROC\p18f8722.asm
                  SSP1BUF   0x000fc9       data     extern C:\MCC18\SRC\TRADIT~1\PROC\p18f8722.asm
                   SSPBUF   0x000fc9       data     extern C:\MCC18\SRC\TRADIT~1\PROC\p18f8722.asm
                T2CONbits   0x000fca       data     extern C:\MCC18\SRC\TRADIT~1\PROC\p18f8722.asm
                    T2CON   0x000fca       data     extern C:\MCC18\SRC\TRADIT~1\PROC\p18f8722.asm
                      PR2   0x000fcb       data     extern C:\MCC18\SRC\TRADIT~1\PROC\p18f8722.asm
                     TMR2   0x000fcc       data     extern C:\MCC18\SRC\TRADIT~1\PROC\p18f8722.asm
                T1CONbits   0x000fcd       data     extern C:\MCC18\SRC\TRADIT~1\PROC\p18f8722.asm
                    T1CON   0x000fcd       data     extern C:\MCC18\SRC\TRADIT~1\PROC\p18f8722.asm
                    TMR1L   0x000fce       data     extern C:\MCC18\SRC\TRADIT~1\PROC\p18f8722.asm
                    TMR1H   0x000fcf       data     extern C:\MCC18\SRC\TRADIT~1\PROC\p18f8722.asm
                     RCON   0x000fd0       data     extern C:\MCC18\SRC\TRADIT~1\PROC\p18f8722.asm
                 RCONbits   0x000fd0       data     extern C:\MCC18\SRC\TRADIT~1\PROC\p18f8722.asm
               WDTCONbits   0x000fd1       data     extern C:\MCC18\SRC\TRADIT~1\PROC\p18f8722.asm
                   WDTCON   0x000fd1       data     extern C:\MCC18\SRC\TRADIT~1\PROC\p18f8722.asm
              HLVDCONbits   0x000fd2       data     extern C:\MCC18\SRC\TRADIT~1\PROC\p18f8722.asm
               LVDCONbits   0x000fd2       data     extern C:\MCC18\SRC\TRADIT~1\PROC\p18f8722.asm
                   LVDCON   0x000fd2       data     extern C:\MCC18\SRC\TRADIT~1\PROC\p18f8722.asm
                  HLVDCON   0x000fd2       data     extern C:\MCC18\SRC\TRADIT~1\PROC\p18f8722.asm
               OSCCONbits   0x000fd3       data     extern C:\MCC18\SRC\TRADIT~1\PROC\p18f8722.asm
                   OSCCON   0x000fd3       data     extern C:\MCC18\SRC\TRADIT~1\PROC\p18f8722.asm
                T0CONbits   0x000fd5       data     extern C:\MCC18\SRC\TRADIT~1\PROC\p18f8722.asm
                    T0CON   0x000fd5       data     extern C:\MCC18\SRC\TRADIT~1\PROC\p18f8722.asm
                    TMR0L   0x000fd6       data     extern C:\MCC18\SRC\TRADIT~1\PROC\p18f8722.asm
                    TMR0H   0x000fd7       data     extern C:\MCC18\SRC\TRADIT~1\PROC\p18f8722.asm
               STATUSbits   0x000fd8       data     extern C:\MCC18\SRC\TRADIT~1\PROC\p18f8722.asm
                   STATUS   0x000fd8       data     extern C:\MCC18\SRC\TRADIT~1\PROC\p18f8722.asm
                     FSR2   0x000fd9       data     extern C:\MCC18\SRC\TRADIT~1\PROC\p18f8722.asm
                    FSR2L   0x000fd9       data     extern C:\MCC18\SRC\TRADIT~1\PROC\p18f8722.asm
                    FSR2H   0x000fda       data     extern C:\MCC18\SRC\TRADIT~1\PROC\p18f8722.asm
                   PLUSW2   0x000fdb       data     extern C:\MCC18\SRC\TRADIT~1\PROC\p18f8722.asm
                  PREINC2   0x000fdc       data     extern C:\MCC18\SRC\TRADIT~1\PROC\p18f8722.asm
                 POSTDEC2   0x000fdd       data     extern C:\MCC18\SRC\TRADIT~1\PROC\p18f8722.asm
                 POSTINC2   0x000fde       data     extern C:\MCC18\SRC\TRADIT~1\PROC\p18f8722.asm
                    INDF2   0x000fdf       data     extern C:\MCC18\SRC\TRADIT~1\PROC\p18f8722.asm
                      BSR   0x000fe0       data     extern C:\MCC18\SRC\TRADIT~1\PROC\p18f8722.asm
                     FSR1   0x000fe1       data     extern C:\MCC18\SRC\TRADIT~1\PROC\p18f8722.asm
                    FSR1L   0x000fe1       data     extern C:\MCC18\SRC\TRADIT~1\PROC\p18f8722.asm
                    FSR1H   0x000fe2       data     extern C:\MCC18\SRC\TRADIT~1\PROC\p18f8722.asm
                   PLUSW1   0x000fe3       data     extern C:\MCC18\SRC\TRADIT~1\PROC\p18f8722.asm
                  PREINC1   0x000fe4       data     extern C:\MCC18\SRC\TRADIT~1\PROC\p18f8722.asm
                 POSTDEC1   0x000fe5       data     extern C:\MCC18\SRC\TRADIT~1\PROC\p18f8722.asm
                 POSTINC1   0x000fe6       data     extern C:\MCC18\SRC\TRADIT~1\PROC\p18f8722.asm
                    INDF1   0x000fe7       data     extern C:\MCC18\SRC\TRADIT~1\PROC\p18f8722.asm
                     WREG   0x000fe8       data     extern C:\MCC18\SRC\TRADIT~1\PROC\p18f8722.asm
                    FSR0L   0x000fe9       data     extern C:\MCC18\SRC\TRADIT~1\PROC\p18f8722.asm
                     FSR0   0x000fe9       data     extern C:\MCC18\SRC\TRADIT~1\PROC\p18f8722.asm
                    FSR0H   0x000fea       data     extern C:\MCC18\SRC\TRADIT~1\PROC\p18f8722.asm
                   PLUSW0   0x000feb       data     extern C:\MCC18\SRC\TRADIT~1\PROC\p18f8722.asm
                  PREINC0   0x000fec       data     extern C:\MCC18\SRC\TRADIT~1\PROC\p18f8722.asm
                 POSTDEC0   0x000fed       data     extern C:\MCC18\SRC\TRADIT~1\PROC\p18f8722.asm
                 POSTINC0   0x000fee       data     extern C:\MCC18\SRC\TRADIT~1\PROC\p18f8722.asm
                    INDF0   0x000fef       data     extern C:\MCC18\SRC\TRADIT~1\PROC\p18f8722.asm
                  INTCON3   0x000ff0       data     extern C:\MCC18\SRC\TRADIT~1\PROC\p18f8722.asm
              INTCON3bits   0x000ff0       data     extern C:\MCC18\SRC\TRADIT~1\PROC\p18f8722.asm
                  INTCON2   0x000ff1       data     extern C:\MCC18\SRC\TRADIT~1\PROC\p18f8722.asm
              INTCON2bits   0x000ff1       data     extern C:\MCC18\SRC\TRADIT~1\PROC\p18f8722.asm
                   INTCON   0x000ff2       data     extern C:\MCC18\SRC\TRADIT~1\PROC\p18f8722.asm
               INTCONbits   0x000ff2       data     extern C:\MCC18\SRC\TRADIT~1\PROC\p18f8722.asm
                    PRODL   0x000ff3       data     extern C:\MCC18\SRC\TRADIT~1\PROC\p18f8722.asm
                     PROD   0x000ff3       data     extern C:\MCC18\SRC\TRADIT~1\PROC\p18f8722.asm
                    PRODH   0x000ff4       data     extern C:\MCC18\SRC\TRADIT~1\PROC\p18f8722.asm
                   TABLAT   0x000ff5       data     extern C:\MCC18\SRC\TRADIT~1\PROC\p18f8722.asm
                  TBLPTRL   0x000ff6       data     extern C:\MCC18\SRC\TRADIT~1\PROC\p18f8722.asm
                   TBLPTR   0x000ff6       data     extern C:\MCC18\SRC\TRADIT~1\PROC\p18f8722.asm
                  TBLPTRH   0x000ff7       data     extern C:\MCC18\SRC\TRADIT~1\PROC\p18f8722.asm
                  TBLPTRU   0x000ff8       data     extern C:\MCC18\SRC\TRADIT~1\PROC\p18f8722.asm
                       PC   0x000ff9       data     extern C:\MCC18\SRC\TRADIT~1\PROC\p18f8722.asm
                      PCL   0x000ff9       data     extern C:\MCC18\SRC\TRADIT~1\PROC\p18f8722.asm
                   PCLATH   0x000ffa       data     extern C:\MCC18\SRC\TRADIT~1\PROC\p18f8722.asm
                   PCLATU   0x000ffb       data     extern C:\MCC18\SRC\TRADIT~1\PROC\p18f8722.asm
               STKPTRbits   0x000ffc       data     extern C:\MCC18\SRC\TRADIT~1\PROC\p18f8722.asm
                   STKPTR   0x000ffc       data     extern C:\MCC18\SRC\TRADIT~1\PROC\p18f8722.asm
                     TOSL   0x000ffd       data     extern C:\MCC18\SRC\TRADIT~1\PROC\p18f8722.asm
                      TOS   0x000ffd       data     extern C:\MCC18\SRC\TRADIT~1\PROC\p18f8722.asm
                     TOSH   0x000ffe       data     extern C:\MCC18\SRC\TRADIT~1\PROC\p18f8722.asm
                     TOSU   0x000fff       data     extern C:\MCC18\SRC\TRADIT~1\PROC\p18f8722.asm


