MPLINK 3.90, Linker
Linker Map File - Created Thu Mar 29 18:51:40 2007

                                 Section Info
                  Section       Type    Address   Location Size(Bytes)
                ---------  ---------  ---------  ---------  ---------
               _entry_scn       code   0x000800    program   0x000006
        .idata_stdout.o_i    romdata   0x000806    program   0x000002
      InterruptVectorHigh       code   0x000808    program   0x000006
          .code_adcbusy.o       code   0x00080e    program   0x00000a
       InterruptVectorLow       code   0x000818    program   0x000006
                   .cinit    romdata   0x00081e    program   0x0000b6
    .code_user_routines.o       code   0x0008d4    program   0x000e32
         .code_vfprintf.o       code   0x001706    program   0x000c22
                     PROG       code   0x002328    program   0x000740
      .code_ifi_library.o       code   0x002a68    program   0x000722
       .code_controller.o       code   0x00318a    program   0x0006a8
    .code_traj_straight.o       code   0x003832    program   0x000696
              .code_tan.o       code   0x003ec8    program   0x0004e0
         .code_tracking.o       code   0x0043a8    program   0x0004aa
           .code_camera.o       code   0x004852    program   0x0004a0
         .code_velocity.o       code   0x004cf2    program   0x000494
      .code_arm_control.o       code   0x005186    program   0x0003fc
                 UTIL_LIB       code   0x005582    program   0x000396
              .code_adc.o       code   0x005918    program   0x000352
.code_user_routines_fast.o       code   0x005c6a    program   0x000288
     .code_serial_ports.o       code   0x005ef2    program   0x00027e
           .code_eeprom.o       code   0x006170    program   0x00026a
             .code_gyro.o       code   0x0063da    program   0x00021a
             .stringtable    romdata   0x0065f4    program   0x0001e3
      .idata_fxd1616u.o_i    romdata   0x0067d7    program   0x000000
      .romdata_fxd0808u.o    romdata   0x0067d7    program   0x000000
      .idata_fxd3232u.o_i    romdata   0x0067d7    program   0x000000
      .romdata_fxd3232u.o    romdata   0x0067d7    program   0x000000
      .idata_fxd0808u.o_i    romdata   0x0067d7    program   0x000000
       .idata_adcconv.o_i    romdata   0x0067d7    program   0x000000
      .romdata_adcclose.o    romdata   0x0067d7    program   0x000000
      .idata_adcclose.o_i    romdata   0x0067d7    program   0x000000
       .idata_adcbusy.o_i    romdata   0x0067d7    program   0x000000
     .romdata_OurCamera.o    romdata   0x0067d7    program   0x000000
    .romdata_trajectory.o    romdata   0x0067d7    program   0x000000
           .idata_pwm.o_i    romdata   0x0067d7    program   0x000000
          .idata_putc.o_i    romdata   0x0067d7    program   0x000000
          .idata_fabs.o_i    romdata   0x0067d7    program   0x000000
         .romdata_errno.o    romdata   0x0067d7    program   0x000000
         .idata_errno.o_i    romdata   0x0067d7    program   0x000000
           .romdata_tan.o    romdata   0x0067d7    program   0x000000
           .idata_tan.o_i    romdata   0x0067d7    program   0x000000
           .romdata_pwm.o    romdata   0x0067d7    program   0x000000
        .romdata_printf.o    romdata   0x0067d7    program   0x000000
        .idata_printf.o_i    romdata   0x0067d7    program   0x000000
       .idata_adcread.o_i    romdata   0x0067d7    program   0x000000
      .romdata_spi_open.o    romdata   0x0067d7    program   0x000000
      .idata_spi_open.o_i    romdata   0x0067d7    program   0x000000
       .romdata_adcopen.o    romdata   0x0067d7    program   0x000000
       .idata_adcopen.o_i    romdata   0x0067d7    program   0x000000
        .idata_u1open.o_i    romdata   0x0067d7    program   0x000000
   .idata_ifi_library.o_i    romdata   0x0067d7    program   0x000000
       .idata_fxm3232.o_i    romdata   0x0067d7    program   0x000000
          .romdata_gyro.o    romdata   0x0067d7    program   0x000000
          .idata_main.o_i    romdata   0x0067d7    program   0x000000
          .idata_gyro.o_i    romdata   0x0067d7    program   0x000000
      .romdata_velocity.o    romdata   0x0067d7    program   0x000000
      .idata_velocity.o_i    romdata   0x0067d7    program   0x000000
   .romdata_arm_control.o    romdata   0x0067d7    program   0x000000
   .romdata_ifi_startup.o    romdata   0x0067d7    program   0x000000
   .idata_ifi_startup.o_i    romdata   0x0067d7    program   0x000000
           .romdata_adc.o    romdata   0x0067d7    program   0x000000
           .idata_adc.o_i    romdata   0x0067d7    program   0x000001
 .romdata_user_routines.o    romdata   0x0067d7    program   0x000000
    .romdata_interrupts.o    romdata   0x0067d7    program   0x000000
    .romdata_controller.o    romdata   0x0067d7    program   0x000000
      .romdata_tracking.o    romdata   0x0067d7    program   0x000000
    .idata_trajectory.o_i    romdata   0x0067d7    program   0x000000
    .code_ifi_utilities.o       code   0x0067d8    program   0x000188
         .code_terminal.o       code   0x006960    program   0x00014c
        .code_OurCamera.o       code   0x006aac    program   0x000128
              .code_pwm.o       code   0x006bd4    program   0x000126
         .code_UnpkMath.o       code   0x006cfa    program   0x00011c
       .code_interrupts.o       code   0x006e16    program   0x0000e4
                   STRING       code   0x006efa    program   0x0000bc
               _cinit_scn       code   0x006fb6    program   0x00009e
           .code_printf.o       code   0x007054    program   0x000094
             .code_putc.o       code   0x0070e8    program   0x000084
          .code_fxm3232.o       code   0x00716c    program   0x000070
         .code_spi_open.o       code   0x0071dc    program   0x000066
             .code_fabs.o       code   0x007242    program   0x000066
           .code_u1open.o       code   0x0072a8    program   0x000064
          .code_adcopen.o       code   0x00730c    program   0x000062
         .code_fxd3232u.o       code   0x00736e    program   0x000048
          .code_adcread.o       code   0x0073b6    program   0x00003e
         .code_fxd1616u.o       code   0x0073f4    program   0x00002c
             .code_main.o       code   0x007420    program   0x000026
                    CTYPE       code   0x007446    program   0x000024
             _startup_scn       code   0x00746a    program   0x000020
              D1KTCYXCODE       code   0x00748a    program   0x000020
                    STDIO       code   0x0074aa    program   0x00001c
         .code_fxd0808u.o       code   0x0074c6    program   0x00001c
              D10TCYXCODE       code   0x0074e2    program   0x000016
      .romdata_vfprintf.o    romdata   0x0074f8    program   0x000011
  .romdata_serial_ports.o    romdata   0x007509    program   0x000000
 .romdata_ifi_utilities.o    romdata   0x007509    program   0x000000
        .romdata_stdout.o    romdata   0x007509    program   0x000000
       .romdata_adcread.o    romdata   0x007509    program   0x000000
      .romdata_terminal.o    romdata   0x007509    program   0x000000
          .romdata_fabs.o    romdata   0x007509    program   0x000000
      .romdata_UnpkMath.o    romdata   0x007509    program   0x000000
.romdata_user_routines_fast.o    romdata   0x007509    program   0x000000
        .romdata_camera.o    romdata   0x007509    program   0x000000
        .romdata_u1open.o    romdata   0x007509    program   0x000000
      .idata_vfprintf.o_i    romdata   0x007509    program   0x000000
 .romdata_traj_straight.o    romdata   0x007509    program   0x000000
.idata_user_routines_fast.o_i    romdata   0x007509    program   0x000001
   .romdata_ifi_library.o    romdata   0x007509    program   0x000000
       .romdata_fxm3232.o    romdata   0x007509    program   0x000000
      .romdata_fxd1616u.o    romdata   0x007509    program   0x000000
       .romdata_adcbusy.o    romdata   0x007509    program   0x000000
        .romdata_eeprom.o    romdata   0x007509    program   0x000000
          .romdata_putc.o    romdata   0x007509    program   0x000000
       .romdata_adcconv.o    romdata   0x007509    program   0x000000
          .romdata_main.o    romdata   0x007509    program   0x000000
         .code_adcclose.o       code   0x00750a    program   0x000006
       .code_trajectory.o       code   0x007510    program   0x000004
          .code_adcconv.o       code   0x007514    program   0x000004
 .idata_user_routines.o_i    romdata   0x007518    program   0x000013
 .idata_traj_straight.o_i    romdata   0x00752b    program   0x000004
      .idata_tracking.o_i    romdata   0x00752f    program   0x000006
      .idata_terminal.o_i    romdata   0x007535    program   0x000003
  .idata_serial_ports.o_i    romdata   0x007538    program   0x000019
    .idata_interrupts.o_i    romdata   0x007551    program   0x000010
 .idata_ifi_utilities.o_i    romdata   0x007561    program   0x000004
        .idata_eeprom.o_i    romdata   0x007565    program   0x000005
    .idata_controller.o_i    romdata   0x00756a    program   0x000008
        .idata_camera.o_i    romdata   0x007572    program   0x00000a
   .idata_arm_control.o_i    romdata   0x00757c    program   0x000008
     .idata_OurCamera.o_i    romdata   0x007584    program   0x000004
      .idata_UnpkMath.o_i    romdata   0x007584    program   0x000000
      .code_ifi_startup.o       code   0x007588    program   0x000000
            .code_errno.o       code   0x007588    program   0x000000
           .code_stdout.o       code   0x007588    program   0x000000
                  .config       code   0x300000    program   0x00000e
                 .tmpdata      udata   0x000000       data   0x00001b
                  SPI_VAR      udata   0x00001b       data   0x000017
                MATH_DATA      udata   0x000032       data   0x000014
                DELAYDAT1      udata   0x000046       data   0x000001
                 COPY_VAR      udata   0x000080       data   0x000080
   .udata_user_routines.o      udata   0x000100       data   0x00007d
   .udata_traj_straight.o      udata   0x00017d       data   0x00005d
        .udata_velocity.o      udata   0x0001da       data   0x000024
        .udata_tracking.o      udata   0x0001fe       data   0x000002
            .udata_main.o      udata   0x000200       data   0x000041
          .udata_camera.o      udata   0x000241       data   0x000031
     .udata_arm_control.o      udata   0x000272       data   0x00001c
    .idata_serial_ports.o      idata   0x00028e       data   0x000019
             .udata_adc.o      udata   0x0002a7       data   0x000015
      .idata_interrupts.o      idata   0x0002bc       data   0x000010
            .udata_gyro.o      udata   0x0002cc       data   0x00000f
     .udata_ifi_library.o      udata   0x0002db       data   0x00000d
     .udata_ifi_startup.o      udata   0x0002e8       data   0x00000a
          .idata_camera.o      idata   0x0002f2       data   0x00000a
   .udata_ifi_utilities.o      udata   0x0002fc       data   0x000004
      .idata_controller.o      idata   0x000300       data   0x000008
     .idata_arm_control.o      idata   0x000308       data   0x000008
      .udata_trajectory.o      udata   0x000310       data   0x000006
        .idata_tracking.o      idata   0x000316       data   0x000006
          .idata_eeprom.o      idata   0x00031c       data   0x000005
   .idata_traj_straight.o      idata   0x000321       data   0x000004
   .idata_ifi_utilities.o      idata   0x000325       data   0x000004
       .idata_OurCamera.o      idata   0x000329       data   0x000004
        .idata_terminal.o      idata   0x00032d       data   0x000003
           .udata_errno.o      udata   0x000330       data   0x000002
      .udata_controller.o      udata   0x000332       data   0x000002
          .idata_stdout.o      idata   0x000334       data   0x000002
             .idata_adc.o      idata   0x000336       data   0x000001
         .udata_adcread.o      udata   0x000337       data   0x000000
        .idata_spi_open.o      idata   0x000337       data   0x000000
        .udata_spi_open.o      udata   0x000337       data   0x000000
         .idata_adcopen.o      idata   0x000337       data   0x000000
         .udata_adcopen.o      udata   0x000337       data   0x000000
          .idata_u1open.o      idata   0x000337       data   0x000000
          .udata_u1open.o      udata   0x000337       data   0x000000
     .idata_ifi_library.o      idata   0x000337       data   0x000000
         .idata_fxm3232.o      idata   0x000337       data   0x000000
         .udata_fxm3232.o      udata   0x000337       data   0x000000
         .idata_adcread.o      idata   0x000337       data   0x000000
          .udata_printf.o      udata   0x000337       data   0x000000
          .idata_printf.o      idata   0x000337       data   0x000000
          .udata_stdout.o      udata   0x000337       data   0x000000
             .udata_tan.o      udata   0x000337       data   0x000000
             .idata_tan.o      idata   0x000337       data   0x000000
        .udata_UnpkMath.o      udata   0x000337       data   0x000000
        .idata_UnpkMath.o      idata   0x000337       data   0x000000
           .idata_errno.o      idata   0x000337       data   0x000000
            .udata_fabs.o      udata   0x000337       data   0x000000
            .idata_fabs.o      idata   0x000337       data   0x000000
        .udata_vfprintf.o      udata   0x000337       data   0x000000
        .idata_vfprintf.o      idata   0x000337       data   0x000000
            .udata_putc.o      udata   0x000337       data   0x000000
            .idata_putc.o      idata   0x000337       data   0x000000
             .udata_pwm.o      udata   0x000337       data   0x000000
             .idata_pwm.o      idata   0x000337       data   0x000000
      .udata_interrupts.o      udata   0x000337       data   0x000000
     .idata_ifi_startup.o      idata   0x000337       data   0x000000
        .idata_velocity.o      idata   0x000337       data   0x000000
            .idata_gyro.o      idata   0x000337       data   0x000000
            .idata_main.o      idata   0x000337       data   0x000000
.udata_user_routines_fast.o      udata   0x000337       data   0x000000
      .idata_trajectory.o      idata   0x000337       data   0x000000
        .udata_terminal.o      udata   0x000337       data   0x000000
       .udata_OurCamera.o      udata   0x000337       data   0x000000
        .idata_fxd3232u.o      idata   0x000337       data   0x000000
        .udata_fxd3232u.o      udata   0x000337       data   0x000000
        .idata_fxd1616u.o      idata   0x000337       data   0x000000
        .udata_fxd1616u.o      udata   0x000337       data   0x000000
        .idata_fxd0808u.o      idata   0x000337       data   0x000000
        .udata_fxd0808u.o      udata   0x000337       data   0x000000
         .idata_adcconv.o      idata   0x000337       data   0x000000
         .udata_adcconv.o      udata   0x000337       data   0x000000
        .idata_adcclose.o      idata   0x000337       data   0x000000
        .udata_adcclose.o      udata   0x000337       data   0x000000
         .idata_adcbusy.o      idata   0x000337       data   0x000000
         .udata_adcbusy.o      udata   0x000337       data   0x000000
                   .stack      udata   0x000600       data   0x000100
    .udata_serial_ports.o      udata   0x000700       data   0x000080
          .udata_eeprom.o      udata   0x000780       data   0x000060
   .idata_user_routines.o      idata   0x0007e0       data   0x000013
.idata_user_routines_fast.o      idata   0x0007f3       data   0x000001
            SFR_UNBANKED0      udata   0x000f6b       data   0x000095



                              Program Memory Usage 
                               Start         End      
                           ---------   ---------      
                            0x000800    0x007587      
                            0x300000    0x30000d      
            28054 out of 33816 program addresses used, program memory utilization is 82%



                              Symbols - Sorted by Name
                     Name    Address   Location    Storage File                     
                ---------  ---------  ---------  --------- ---------                
          ADC_Int_Handler   0x005aec    program     extern Z:\home\prog\code\robo2007\branches\yvetteencoder\adc.c
                  Adj_lp4   0x00590e    program     static C:\mcc18\Projects\FrcCode\FrcCode\Util_lib.asm
                  Adjust4   0x00590a    program     static C:\mcc18\Projects\FrcCode\FrcCode\Util_lib.asm
                  Arm_Pos   0x0051a4    program     extern Z:\home\prog\code\robo2007\branches\yvetteencoder\arm_control.c
                  BusyADC   0x00080e    program     extern C:\mcc18\src\TRADIT~1\pmc\ADC\adcbusy.c
           Camera_Handler   0x004852    program     extern Z:\home\prog\code\robo2007\branches\yvetteencoder\camera.c
              Camera_Idle   0x004c06    program     extern Z:\home\prog\code\robo2007\branches\yvetteencoder\camera.c
Camera_Serial_Port_Byte_Count   0x004c58    program     extern Z:\home\prog\code\robo2007\branches\yvetteencoder\camera.c
     Camera_State_Machine   0x0048b6    program     extern Z:\home\prog\code\robo2007\branches\yvetteencoder\camera.c
       Check_4_Violations   0x002db0    program     extern C:\mcc18\Projects\FrcCode\FrcCode\ifi_library.c
               Clear_Bank   0x00559c    program     static C:\mcc18\Projects\FrcCode\FrcCode\Util_lib.asm
               Clear_Loop   0x005588    program     static C:\mcc18\Projects\FrcCode\FrcCode\Util_lib.asm
             Clear_Memory   0x005582    program     extern C:\mcc18\Projects\FrcCode\FrcCode\Util_lib.asm
       Clear_SPIdata_flag   0x002d22    program     extern C:\mcc18\Projects\FrcCode\FrcCode\ifi_library.c
                 CloseADC   0x00750a    program     extern C:\mcc18\src\TRADIT~1\pmc\ADC\adcclose.c
               ConvertADC   0x007514    program     extern C:\mcc18\src\TRADIT~1\pmc\ADC\adcconv.c
        Convert_ADC_to_mV   0x005a52    program     extern Z:\home\prog\code\robo2007\branches\yvetteencoder\adc.c
                    D10_1   0x0074f2    program     static C:\MCC18\SRC\TRADIT~1\DELAYS\d10tcyx.asm
                     D10x   0x0074ea    program     static C:\MCC18\SRC\TRADIT~1\DELAYS\d10tcyx.asm
                   D1616S   0x00267a    program     static C:\MCC18\SRC\TRADIT~1\MATH\fxd1616s.asm
                D1616SNEG   0x002688    program     static C:\MCC18\SRC\TRADIT~1\MATH\fxd1616s.asm
                 D1616SOK   0x002684    program     static C:\MCC18\SRC\TRADIT~1\MATH\fxd1616s.asm
                  D1616SX   0x00269a    program     static C:\MCC18\SRC\TRADIT~1\MATH\fxd1616s.asm
                    D1K_1   0x007496    program     static C:\MCC18\SRC\TRADIT~1\DELAYS\d1ktcyx.asm
                     D1Kx   0x007494    program     static C:\MCC18\SRC\TRADIT~1\DELAYS\d1ktcyx.asm
                   D3232S   0x0026d4    program     static C:\MCC18\SRC\TRADIT~1\MATH\fxd3232s.asm
                D3232SNEG   0x0026e2    program     static C:\MCC18\SRC\TRADIT~1\MATH\fxd3232s.asm
                 D3232SOK   0x0026de    program     static C:\MCC18\SRC\TRADIT~1\MATH\fxd3232s.asm
                  D3232SX   0x002702    program     static C:\MCC18\SRC\TRADIT~1\MATH\fxd3232s.asm
                  DA1616S   0x00266a    program     static C:\MCC18\SRC\TRADIT~1\MATH\fxd1616s.asm
                  DA3232S   0x0026be    program     static C:\MCC18\SRC\TRADIT~1\MATH\fxd3232s.asm
                      DL1   0x0058ca    program     static C:\mcc18\Projects\FrcCode\FrcCode\Util_lib.asm
                      DL2   0x0058e0    program     static C:\mcc18\Projects\FrcCode\FrcCode\Util_lib.asm
          Dead_Space_Loop   0x0058c6    program     static C:\mcc18\Projects\FrcCode\FrcCode\Util_lib.asm
              Delay10TCYx   0x0074e2    program     extern C:\MCC18\SRC\TRADIT~1\DELAYS\d10tcyx.asm
              Delay1KTCYx   0x00748a    program     extern C:\MCC18\SRC\TRADIT~1\DELAYS\d1ktcyx.asm
             Deploy_Ramps   0x00124e    program     extern Z:\home\prog\code\robo2007\branches\yvetteencoder\user_routines.c
              Disable_ADC   0x005972    program     extern Z:\home\prog\code\robo2007\branches\yvetteencoder\adc.c
          Disable_Timer_2   0x005a04    program     extern Z:\home\prog\code\robo2007\branches\yvetteencoder\adc.c
              DisplayBufr   0x006818    program     extern Z:\home\prog\code\robo2007\branches\yvetteencoder\ifi_utilities.c
  EEPROM_Queue_Free_Space   0x006284    program     extern Z:\home\prog\code\robo2007\branches\yvetteencoder\eeprom.c
              EEPROM_Read   0x006170    program     extern Z:\home\prog\code\robo2007\branches\yvetteencoder\eeprom.c
          EEPROM_Read_Int   0x0062f2    program     extern Z:\home\prog\code\robo2007\branches\yvetteencoder\eeprom.c
             EEPROM_Write   0x00618e    program     extern Z:\home\prog\code\robo2007\branches\yvetteencoder\eeprom.c
     EEPROM_Write_Handler   0x0061dc    program     extern Z:\home\prog\code\robo2007\branches\yvetteencoder\eeprom.c
         EEPROM_Write_Int   0x00628e    program     extern Z:\home\prog\code\robo2007\branches\yvetteencoder\eeprom.c
                 FLO0832S   0x00232c    program     extern C:\MCC18\SRC\TRADIT~1\MATH\cast08FP.asm
                 FLO0832U   0x002328    program     extern C:\MCC18\SRC\TRADIT~1\MATH\cast08FP.asm
                 FLO1632S   0x00234e    program     extern C:\MCC18\SRC\TRADIT~1\MATH\cast16FP.asm
                 FLO1632U   0x00234a    program     extern C:\MCC18\SRC\TRADIT~1\MATH\cast16FP.asm
                 FLO3232S   0x002378    program     extern C:\MCC18\SRC\TRADIT~1\MATH\cast32FP.asm
                 FLO3232U   0x002374    program     extern C:\MCC18\SRC\TRADIT~1\MATH\cast32FP.asm
                    FPA32   0x0023ac    program     extern C:\MCC18\SRC\TRADIT~1\MATH\addFP.asm
                    FPD32   0x0024d8    program     extern C:\MCC18\SRC\TRADIT~1\MATH\divFP.asm
                    FPM32   0x00257e    program     extern C:\MCC18\SRC\TRADIT~1\MATH\mulFP.asm
                    FPS32   0x0023aa    program     extern C:\MCC18\SRC\TRADIT~1\MATH\addFP.asm
                 FXD0808U   0x0074c6    program     extern C:\mcc18\src\TRADIT~1\math\fxd0808u.c
                 FXD1616S   0x002658    program     extern C:\MCC18\SRC\TRADIT~1\MATH\fxd1616s.asm
                 FXD1616U   0x0073f4    program     extern C:\mcc18\src\TRADIT~1\math\fxd1616u.c
                 FXD3232S   0x0026a4    program     extern C:\MCC18\SRC\TRADIT~1\MATH\fxd3232s.asm
                 FXD3232U   0x00736e    program     extern C:\mcc18\src\TRADIT~1\math\fxd3232u.c
                 FXM1616S   0x00270c    program     extern C:\MCC18\SRC\TRADIT~1\MATH\fxm1616s.asm
                  FXM3232   0x00716c    program     extern C:\mcc18\src\TRADIT~1\math\fxm3232.c
               Gear_Input   0x001212    program     extern Z:\home\prog\code\robo2007\branches\yvetteencoder\user_routines.c
            Generate_Pwms   0x005820    program     extern C:\mcc18\Projects\FrcCode\FrcCode\Util_lib.asm
       Generate_Pwms_Cont   0x005864    program     static C:\mcc18\Projects\FrcCode\FrcCode\Util_lib.asm
        GetDataFromMaster   0x0056f8    program     extern C:\mcc18\Projects\FrcCode\FrcCode\Util_lib.asm
           Get_ADC_Result   0x005a0a    program     extern Z:\home\prog\code\robo2007\branches\yvetteencoder\adc.c
     Get_ADC_Result_Count   0x005acc    program     extern Z:\home\prog\code\robo2007\branches\yvetteencoder\adc.c
         Get_Analog_Value   0x0068ce    program     extern Z:\home\prog\code\robo2007\branches\yvetteencoder\ifi_utilities.c
         Get_Camera_State   0x004c12    program     extern Z:\home\prog\code\robo2007\branches\yvetteencoder\camera.c
           Get_Gyro_Angle   0x006444    program     extern Z:\home\prog\code\robo2007\branches\yvetteencoder\gyro.c
            Get_Gyro_Bias   0x0064ca    program     extern Z:\home\prog\code\robo2007\branches\yvetteencoder\gyro.c
            Get_Gyro_Rate   0x0063e8    program     extern Z:\home\prog\code\robo2007\branches\yvetteencoder\gyro.c
       Get_Tracking_State   0x00460a    program     extern Z:\home\prog\code\robo2007\branches\yvetteencoder\tracking.c
                  Getdata   0x002c76    program     extern C:\mcc18\Projects\FrcCode\FrcCode\ifi_library.c
           Handle_Spi_Int   0x002c1e    program     extern C:\mcc18\Projects\FrcCode\FrcCode\ifi_library.c
               Hex_output   0x0055a6    program     extern C:\mcc18\Projects\FrcCode\FrcCode\Util_lib.asm
       IFI_Initialization   0x002b24    program     extern C:\mcc18\Projects\FrcCode\FrcCode\ifi_library.c
                  INT3208   0x002766    program     extern C:\MCC18\SRC\TRADIT~1\MATH\castFP08.asm
                  INT3216   0x0027b4    program     extern C:\MCC18\SRC\TRADIT~1\MATH\castFP16.asm
                  INT3232   0x0029fa    program     extern C:\MCC18\SRC\TRADIT~1\MATH\castFP32.asm
     Init_Serial_Port_One   0x005ef2    program     extern Z:\home\prog\code\robo2007\branches\yvetteencoder\serial_ports.c
     Init_Serial_Port_Two   0x005f24    program     extern Z:\home\prog\code\robo2007\branches\yvetteencoder\serial_ports.c
           Initialize_ADC   0x005918    program     extern Z:\home\prog\code\robo2007\branches\yvetteencoder\adc.c
        Initialize_Camera   0x004a02    program     extern Z:\home\prog\code\robo2007\branches\yvetteencoder\camera.c
          Initialize_Gyro   0x0063da    program     extern Z:\home\prog\code\robo2007\branches\yvetteencoder\gyro.c
    Initialize_Interrupts   0x006e16    program     extern Z:\home\prog\code\robo2007\branches\yvetteencoder\interrupts.c
           Initialize_PWM   0x006bd4    program     extern Z:\home\prog\code\robo2007\branches\yvetteencoder\pwm.c
     Initialize_Registers   0x002aac    program     extern C:\mcc18\Projects\FrcCode\FrcCode\ifi_library.c
  Initialize_Serial_Comms   0x0068a8    program     extern Z:\home\prog\code\robo2007\branches\yvetteencoder\ifi_utilities.c
       Initialize_Timer_0   0x006e3e    program     extern Z:\home\prog\code\robo2007\branches\yvetteencoder\interrupts.c
       Initialize_Timer_1   0x006e5a    program     extern Z:\home\prog\code\robo2007\branches\yvetteencoder\interrupts.c
       Initialize_Timer_2   0x005980    program     extern Z:\home\prog\code\robo2007\branches\yvetteencoder\adc.c
       Initialize_Timer_3   0x006e72    program     extern Z:\home\prog\code\robo2007\branches\yvetteencoder\interrupts.c
       Initialize_Timer_4   0x006e8a    program     extern Z:\home\prog\code\robo2007\branches\yvetteencoder\interrupts.c
            Int_1_Handler   0x006eba    program     extern Z:\home\prog\code\robo2007\branches\yvetteencoder\interrupts.c
            Int_2_Handler   0x006ed0    program     extern Z:\home\prog\code\robo2007\branches\yvetteencoder\interrupts.c
            Int_3_Handler   0x006ee6    program     extern Z:\home\prog\code\robo2007\branches\yvetteencoder\interrupts.c
            Int_4_Handler   0x006ee8    program     extern Z:\home\prog\code\robo2007\branches\yvetteencoder\interrupts.c
            Int_5_Handler   0x006eea    program     extern Z:\home\prog\code\robo2007\branches\yvetteencoder\interrupts.c
            Int_6_Handler   0x006eec    program     extern Z:\home\prog\code\robo2007\branches\yvetteencoder\interrupts.c
     InterruptHandlerHigh   0x002a68    program     extern C:\mcc18\Projects\FrcCode\FrcCode\ifi_library.c
      InterruptHandlerLow   0x005c6a    program     extern Z:\home\prog\code\robo2007\branches\yvetteencoder\user_routines_fast.c
      InterruptVectorHigh   0x000808    program     extern C:\mcc18\Projects\FrcCode\FrcCode\ifi_library.c
       InterruptVectorLow   0x000818    program     extern Z:\home\prog\code\robo2007\branches\yvetteencoder\user_routines_fast.c
                LED_Reset   0x0010e2    program     extern Z:\home\prog\code\robo2007\branches\yvetteencoder\user_routines.c
                      LP4   0x005868    program     static C:\mcc18\Projects\FrcCode\FrcCode\Util_lib.asm
                LP4_Cont1   0x005872    program     static C:\mcc18\Projects\FrcCode\FrcCode\Util_lib.asm
                LP4_Cont2   0x00587c    program     static C:\mcc18\Projects\FrcCode\FrcCode\Util_lib.asm
                LP4_Cont3   0x005886    program     static C:\mcc18\Projects\FrcCode\FrcCode\Util_lib.asm
                LP4_Cont4   0x005892    program     static C:\mcc18\Projects\FrcCode\FrcCode\Util_lib.asm
                LP4_Cont5   0x00589c    program     static C:\mcc18\Projects\FrcCode\FrcCode\Util_lib.asm
                LP4_Cont6   0x0058a6    program     static C:\mcc18\Projects\FrcCode\FrcCode\Util_lib.asm
                LP4_Cont7   0x0058b0    program     static C:\mcc18\Projects\FrcCode\FrcCode\Util_lib.asm
                LP4_Cont8   0x0058ba    program     static C:\mcc18\Projects\FrcCode\FrcCode\Util_lib.asm
           Load_Positions   0x0051b2    program     extern Z:\home\prog\code\robo2007\branches\yvetteencoder\arm_control.c
           MoveData4Buff0   0x00566e    program     static C:\mcc18\Projects\FrcCode\FrcCode\Util_lib.asm
        MoveDataFromBuff1   0x005796    program     static C:\mcc18\Projects\FrcCode\FrcCode\Util_lib.asm
             Noise_Filter   0x004c34    program     extern Z:\home\prog\code\robo2007\branches\yvetteencoder\camera.c
               Open1USART   0x0072a8    program     extern C:\mcc18\src\TRADIT~1\pmc\USART\u1open.c
                  OpenADC   0x00730c    program     extern C:\mcc18\src\TRADIT~1\pmc\ADC\adcopen.c
                  OpenSPI   0x0071dc    program     extern C:\mcc18\src\TRADIT~1\pmc\SPI\spi_open.c
      Our_Autonomous_Code   0x000a40    program     extern Z:\home\prog\code\robo2007\branches\yvetteencoder\user_routines.c
            Our_User_Code   0x000a6c    program     extern Z:\home\prog\code\robo2007\branches\yvetteencoder\user_routines.c
                      PWM   0x006bec    program     extern Z:\home\prog\code\robo2007\branches\yvetteencoder\pwm.c
          PacketNum_Check   0x006840    program     extern Z:\home\prog\code\robo2007\branches\yvetteencoder\ifi_utilities.c
              Polled_Mode   0x004c98    program     extern Z:\home\prog\code\robo2007\branches\yvetteencoder\camera.c
    Prep_SPI_4_First_Byte   0x002bc0    program     extern C:\mcc18\Projects\FrcCode\FrcCode\ifi_library.c
                PrintByte   0x0067de    program     extern Z:\home\prog\code\robo2007\branches\yvetteencoder\ifi_utilities.c
                PrintWord   0x0067ee    program     extern Z:\home\prog\code\robo2007\branches\yvetteencoder\ifi_utilities.c
Process_Data_From_Local_IO   0x005ef0    program     extern Z:\home\prog\code\robo2007\branches\yvetteencoder\user_routines_fast.c
Process_Data_From_Master_uP   0x0009a2    program     extern Z:\home\prog\code\robo2007\branches\yvetteencoder\user_routines.c
        Process_Gyro_Data   0x0064fc    program     extern Z:\home\prog\code\robo2007\branches\yvetteencoder\gyro.c
                  Putdata   0x002ca8    program     extern C:\mcc18\Projects\FrcCode\FrcCode\ifi_library.c
                Pwm_Delay   0x0058f6    program     static C:\mcc18\Projects\FrcCode\FrcCode\Util_lib.asm
                 Raw_Mode   0x004c18    program     extern Z:\home\prog\code\robo2007\branches\yvetteencoder\camera.c
                  ReadADC   0x0073b6    program     extern C:\mcc18\src\TRADIT~1\pmc\ADC\adcread.c
  Read_Camera_Serial_Port   0x004c5c    program     extern Z:\home\prog\code\robo2007\branches\yvetteencoder\camera.c
     Read_Serial_Port_One   0x005f7a    program     extern Z:\home\prog\code\robo2007\branches\yvetteencoder\serial_ports.c
     Read_Serial_Port_Two   0x005fb6    program     extern Z:\home\prog\code\robo2007\branches\yvetteencoder\serial_ports.c
Read_Terminal_Serial_Port   0x004c74    program     extern Z:\home\prog\code\robo2007\branches\yvetteencoder\camera.c
   Reset_ADC_Result_Count   0x005ade    program     extern Z:\home\prog\code\robo2007\branches\yvetteencoder\adc.c
         Reset_Gyro_Angle   0x0064f0    program     extern Z:\home\prog\code\robo2007\branches\yvetteencoder\gyro.c
           Restart_Camera   0x004c0c    program     extern Z:\home\prog\code\robo2007\branches\yvetteencoder\camera.c
         Rx_1_Int_Handler   0x00605a    program     extern Z:\home\prog\code\robo2007\branches\yvetteencoder\serial_ports.c
         Rx_2_Int_Handler   0x006098    program     extern Z:\home\prog\code\robo2007\branches\yvetteencoder\serial_ports.c
             Save_Arm_Pos   0x005186    program     extern Z:\home\prog\code\robo2007\branches\yvetteencoder\arm_control.c
         SendDataToMaster   0x0055d4    program     extern C:\mcc18\Projects\FrcCode\FrcCode\Util_lib.asm
Serial_Port_One_Byte_Count   0x005f56    program     extern Z:\home\prog\code\robo2007\branches\yvetteencoder\serial_ports.c
Serial_Port_Two_Byte_Count   0x005f68    program     extern Z:\home\prog\code\robo2007\branches\yvetteencoder\serial_ports.c
              Servo_Track   0x0043a8    program     extern Z:\home\prog\code\robo2007\branches\yvetteencoder\tracking.c
              Set_Arm_Pos   0x005416    program     extern Z:\home\prog\code\robo2007\branches\yvetteencoder\arm_control.c
            Set_Gyro_Bias   0x0064d4    program     extern Z:\home\prog\code\robo2007\branches\yvetteencoder\gyro.c
Set_Number_of_Analog_Channels   0x0068c4    program     extern Z:\home\prog\code\robo2007\branches\yvetteencoder\ifi_utilities.c
   Set_Pan_Servo_Position   0x004632    program     extern Z:\home\prog\code\robo2007\branches\yvetteencoder\tracking.c
  Set_Tilt_Servo_Position   0x00463c    program     extern Z:\home\prog\code\robo2007\branches\yvetteencoder\tracking.c
    Setup_PWM_Output_Type   0x002d2c    program     extern C:\mcc18\Projects\FrcCode\FrcCode\ifi_library.c
          Setup_Spi_Slave   0x002a96    program     extern C:\mcc18\Projects\FrcCode\FrcCode\ifi_library.c
               Shift_Gear   0x0011de    program     extern Z:\home\prog\code\robo2007\branches\yvetteencoder\user_routines.c
           Standard_Drive   0x000adc    program     extern Z:\home\prog\code\robo2007\branches\yvetteencoder\user_routines.c
     Start_Gyro_Bias_Calc   0x00646e    program     extern Z:\home\prog\code\robo2007\branches\yvetteencoder\gyro.c
      Stop_Gyro_Bias_Calc   0x006486    program     extern Z:\home\prog\code\robo2007\branches\yvetteencoder\gyro.c
                  TAEQB32   0x002812    program     extern C:\MCC18\SRC\TRADIT~1\MATH\eqFP.asm
                  TAGTB32   0x002820    program     extern C:\MCC18\SRC\TRADIT~1\MATH\gtFP.asm
                  TALTB32   0x002832    program     extern C:\MCC18\SRC\TRADIT~1\MATH\ltFP.asm
               TSIGN1616A   0x002758    program     static C:\MCC18\SRC\TRADIT~1\MATH\fxm1616s.asm
          Target_Distance   0x004646    program     extern Z:\home\prog\code\robo2007\branches\yvetteencoder\tracking.c
Terminal_Serial_Port_Byte_Count   0x004c70    program     extern Z:\home\prog\code\robo2007\branches\yvetteencoder\camera.c
             TerminateGet   0x005816    program     static C:\mcc18\Projects\FrcCode\FrcCode\Util_lib.asm
            TerminateSend   0x0056ee    program     static C:\mcc18\Projects\FrcCode\FrcCode\Util_lib.asm
      Timer_0_Int_Handler   0x006ea6    program     extern Z:\home\prog\code\robo2007\branches\yvetteencoder\interrupts.c
      Timer_1_Int_Handler   0x006ea8    program     extern Z:\home\prog\code\robo2007\branches\yvetteencoder\interrupts.c
      Timer_2_Int_Handler   0x005ae8    program     extern Z:\home\prog\code\robo2007\branches\yvetteencoder\adc.c
      Timer_3_Int_Handler   0x006eaa    program     extern Z:\home\prog\code\robo2007\branches\yvetteencoder\interrupts.c
      Timer_4_Int_Handler   0x006eac    program     extern Z:\home\prog\code\robo2007\branches\yvetteencoder\interrupts.c
              Track_Color   0x004bee    program     extern Z:\home\prog\code\robo2007\branches\yvetteencoder\camera.c
   Tracking_Info_Terminal   0x006960    program     extern Z:\home\prog\code\robo2007\branches\yvetteencoder\terminal.c
         Tx_1_Int_Handler   0x0060d6    program     extern Z:\home\prog\code\robo2007\branches\yvetteencoder\serial_ports.c
         Tx_2_Int_Handler   0x006106    program     extern Z:\home\prog\code\robo2007\branches\yvetteencoder\serial_ports.c
  UpdateLocalPWMDirection   0x0055d2    program     extern C:\mcc18\Projects\FrcCode\FrcCode\Util_lib.asm
         User_Arm_Control   0x00521e    program     extern Z:\home\prog\code\robo2007\branches\yvetteencoder\arm_control.c
     User_Autonomous_Code   0x005e78    program     extern Z:\home\prog\code\robo2007\branches\yvetteencoder\user_routines_fast.c
      User_Initialization   0x0008d4    program     extern Z:\home\prog\code\robo2007\branches\yvetteencoder\user_routines.c
       User_Proc_Is_Ready   0x002bb6    program     extern C:\mcc18\Projects\FrcCode\FrcCode\ifi_library.c
           Virtual_Window   0x004c88    program     extern Z:\home\prog\code\robo2007\branches\yvetteencoder\camera.c
             Wait4TXEmpty   0x0067d8    program     extern Z:\home\prog\code\robo2007\branches\yvetteencoder\ifi_utilities.c
Write_Camera_Module_Register   0x004c48    program     extern Z:\home\prog\code\robo2007\branches\yvetteencoder\camera.c
 Write_Camera_Serial_Port   0x004c60    program     extern Z:\home\prog\code\robo2007\branches\yvetteencoder\camera.c
    Write_Serial_Port_One   0x005ff2    program     extern Z:\home\prog\code\robo2007\branches\yvetteencoder\serial_ports.c
    Write_Serial_Port_Two   0x006026    program     extern Z:\home\prog\code\robo2007\branches\yvetteencoder\serial_ports.c
Write_Terminal_Serial_Port   0x004c78    program     extern Z:\home\prog\code\robo2007\branches\yvetteencoder\camera.c
                   _2jEnd   0x006fa0    program     static C:\MCC18\SRC\TRADIT~1\STDCLIB\slenpgm.asm
              _4jContinue   0x006f2e    program     static C:\MCC18\SRC\TRADIT~1\STDCLIB\memcpy.asm
                   _5jEnd   0x006f38    program     static C:\MCC18\SRC\TRADIT~1\STDCLIB\memcpy.asm
        _D10TCYXCODE_000A   0x0074ec    program     static C:\MCC18\SRC\TRADIT~1\DELAYS\d10tcyx.asm
        _D10TCYXCODE_000C   0x0074ee    program     static C:\MCC18\SRC\TRADIT~1\DELAYS\d10tcyx.asm
        _D10TCYXCODE_000E   0x0074f0    program     static C:\MCC18\SRC\TRADIT~1\DELAYS\d10tcyx.asm
        _D1KTCYXCODE_0010   0x00749a    program     static C:\MCC18\SRC\TRADIT~1\DELAYS\d1ktcyx.asm
        _D1KTCYXCODE_0016   0x0074a0    program     static C:\MCC18\SRC\TRADIT~1\DELAYS\d1ktcyx.asm
                _UnpkMath   0x006cfa    program     extern C:\mcc18\src\TRADIT~1\stdclib\UnpkMath.c
              __FpCompare   0x002844    program     extern C:\MCC18\SRC\TRADIT~1\MATH\compFP.asm
                 __FpExit   0x0028fa    program     extern C:\MCC18\SRC\TRADIT~1\MATH\packFP.asm
                 __FpPack   0x002926    program     extern C:\MCC18\SRC\TRADIT~1\MATH\packFP.asm
            __FpReturnNaN   0x0028ee    program     extern C:\MCC18\SRC\TRADIT~1\MATH\packFP.asm
         __FpReturnNegInf   0x002900    program     extern C:\MCC18\SRC\TRADIT~1\MATH\packFP.asm
        __FpReturnNegZero   0x002918    program     extern C:\MCC18\SRC\TRADIT~1\MATH\packFP.asm
         __FpReturnPosInf   0x002906    program     extern C:\MCC18\SRC\TRADIT~1\MATH\packFP.asm
        __FpReturnPosZero   0x002920    program     extern C:\MCC18\SRC\TRADIT~1\MATH\packFP.asm
        __FpReturnSignInf   0x0028fc    program     extern C:\MCC18\SRC\TRADIT~1\MATH\packFP.asm
       __FpReturnSignZero   0x002914    program     extern C:\MCC18\SRC\TRADIT~1\MATH\packFP.asm
              __FpReturnW   0x00297e    program     extern C:\MCC18\SRC\TRADIT~1\MATH\packFP.asm
              __FpUnPackA   0x00299e    program     extern C:\MCC18\SRC\TRADIT~1\MATH\UnpackFP.asm
              __FpUnPackB   0x0029ce    program     extern C:\MCC18\SRC\TRADIT~1\MATH\UnpackFP.asm
       ___return_lbl00000   0x0074e0    program     static                          
       ___return_lbl00000   0x0073b4    program     static                          
       ___return_lbl00000   0x00741e    program     static                          
       ___return_lbl00000   0x0071da    program     static                          
       ___return_lbl00000   0x000804    program     static                          
       ___return_lbl00000   0x00081c    program     static                          
       ___return_lbl00000   0x00080c    program     static                          
       ___return_lbl00001   0x007488    program     static                          
       ___return_lbl00002   0x007052    program     static                          
                   __pa_0   0x0035e2    program     static Z:\home\prog\code\robo2007\branches\yvetteencoder\controller.c
                   __pa_0   0x006cba    program     static Z:\home\prog\code\robo2007\branches\yvetteencoder\pwm.c
                   __pa_0   0x004772    program     static Z:\home\prog\code\robo2007\branches\yvetteencoder\tracking.c
                   __pa_0   0x003cd0    program     static Z:\home\prog\code\robo2007\branches\yvetteencoder\traj_straight.c
                   __pa_0   0x0042c4    program     static C:\mcc18\src\TRADIT~1\stdclib\tan.c
                   __pa_0   0x006a2e    program     static Z:\home\prog\code\robo2007\branches\yvetteencoder\terminal.c
                   __pa_0   0x0065ba    program     static Z:\home\prog\code\robo2007\branches\yvetteencoder\gyro.c
                   __pa_0   0x006e08    program     static C:\mcc18\src\TRADIT~1\stdclib\UnpkMath.c
                   __pa_0   0x002046    program     static C:\mcc18\src\TRADIT~1\stdclib\vfprintf.c
                   __pa_0   0x00615e    program     static Z:\home\prog\code\robo2007\branches\yvetteencoder\serial_ports.c
                   __pa_0   0x004caa    program     static Z:\home\prog\code\robo2007\branches\yvetteencoder\camera.c
                   __pa_0   0x00693a    program     static Z:\home\prog\code\robo2007\branches\yvetteencoder\ifi_utilities.c
                   __pa_0   0x0054bc    program     static Z:\home\prog\code\robo2007\branches\yvetteencoder\arm_control.c
                   __pa_0   0x0050cc    program     static Z:\home\prog\code\robo2007\branches\yvetteencoder\velocity.c
                   __pa_0   0x00637e    program     static Z:\home\prog\code\robo2007\branches\yvetteencoder\eeprom.c
                   __pa_0   0x006eee    program     static Z:\home\prog\code\robo2007\branches\yvetteencoder\interrupts.c
                   __pa_0   0x00127e    program     static Z:\home\prog\code\robo2007\branches\yvetteencoder\user_routines.c
                   __pa_0   0x005bfa    program     static Z:\home\prog\code\robo2007\branches\yvetteencoder\adc.c
                   __pa_1   0x006a4a    program     static Z:\home\prog\code\robo2007\branches\yvetteencoder\terminal.c
                   __pa_1   0x0065d4    program     static Z:\home\prog\code\robo2007\branches\yvetteencoder\gyro.c
                   __pa_1   0x003cf4    program     static Z:\home\prog\code\robo2007\branches\yvetteencoder\traj_straight.c
                   __pa_1   0x0050ec    program     static Z:\home\prog\code\robo2007\branches\yvetteencoder\velocity.c
                   __pa_1   0x0035f0    program     static Z:\home\prog\code\robo2007\branches\yvetteencoder\controller.c
                   __pa_1   0x0054d0    program     static Z:\home\prog\code\robo2007\branches\yvetteencoder\arm_control.c
                   __pa_1   0x00479e    program     static Z:\home\prog\code\robo2007\branches\yvetteencoder\tracking.c
                   __pa_1   0x006166    program     static Z:\home\prog\code\robo2007\branches\yvetteencoder\serial_ports.c
                   __pa_1   0x00204e    program     static C:\mcc18\src\TRADIT~1\stdclib\vfprintf.c
                   __pa_1   0x0042e0    program     static C:\mcc18\src\TRADIT~1\stdclib\tan.c
                   __pa_1   0x006392    program     static Z:\home\prog\code\robo2007\branches\yvetteencoder\eeprom.c
                   __pa_1   0x004cb6    program     static Z:\home\prog\code\robo2007\branches\yvetteencoder\camera.c
                   __pa_1   0x006942    program     static Z:\home\prog\code\robo2007\branches\yvetteencoder\ifi_utilities.c
                   __pa_1   0x006cdc    program     static Z:\home\prog\code\robo2007\branches\yvetteencoder\pwm.c
                   __pa_1   0x005c12    program     static Z:\home\prog\code\robo2007\branches\yvetteencoder\adc.c
                   __pa_1   0x00128c    program     static Z:\home\prog\code\robo2007\branches\yvetteencoder\user_routines.c
                  __pa_10   0x004808    program     static Z:\home\prog\code\robo2007\branches\yvetteencoder\tracking.c
                  __pa_10   0x005550    program     static Z:\home\prog\code\robo2007\branches\yvetteencoder\arm_control.c
                  __pa_10   0x003db4    program     static Z:\home\prog\code\robo2007\branches\yvetteencoder\traj_straight.c
                  __pa_10   0x003714    program     static Z:\home\prog\code\robo2007\branches\yvetteencoder\controller.c
                  __pa_10   0x001314    program     static Z:\home\prog\code\robo2007\branches\yvetteencoder\user_routines.c
                  __pa_10   0x00517e    program     static Z:\home\prog\code\robo2007\branches\yvetteencoder\velocity.c
                  __pa_10   0x004388    program     static C:\mcc18\src\TRADIT~1\stdclib\tan.c
                  __pa_10   0x002102    program     static C:\mcc18\src\TRADIT~1\stdclib\vfprintf.c
                  __pa_11   0x003dc6    program     static Z:\home\prog\code\robo2007\branches\yvetteencoder\traj_straight.c
                  __pa_11   0x004816    program     static Z:\home\prog\code\robo2007\branches\yvetteencoder\tracking.c
                  __pa_11   0x004396    program     static C:\mcc18\src\TRADIT~1\stdclib\tan.c
                  __pa_11   0x001326    program     static Z:\home\prog\code\robo2007\branches\yvetteencoder\user_routines.c
                  __pa_11   0x002110    program     static C:\mcc18\src\TRADIT~1\stdclib\vfprintf.c
                  __pa_11   0x003726    program     static Z:\home\prog\code\robo2007\branches\yvetteencoder\controller.c
                  __pa_11   0x00555a    program     static Z:\home\prog\code\robo2007\branches\yvetteencoder\arm_control.c
                  __pa_12   0x002126    program     static C:\mcc18\src\TRADIT~1\stdclib\vfprintf.c
                  __pa_12   0x004828    program     static Z:\home\prog\code\robo2007\branches\yvetteencoder\tracking.c
                  __pa_12   0x003738    program     static Z:\home\prog\code\robo2007\branches\yvetteencoder\controller.c
                  __pa_12   0x001330    program     static Z:\home\prog\code\robo2007\branches\yvetteencoder\user_routines.c
                  __pa_12   0x003dd8    program     static Z:\home\prog\code\robo2007\branches\yvetteencoder\traj_straight.c
                  __pa_12   0x005564    program     static Z:\home\prog\code\robo2007\branches\yvetteencoder\arm_control.c
                  __pa_13   0x003dea    program     static Z:\home\prog\code\robo2007\branches\yvetteencoder\traj_straight.c
                  __pa_13   0x004838    program     static Z:\home\prog\code\robo2007\branches\yvetteencoder\tracking.c
                  __pa_13   0x005574    program     static Z:\home\prog\code\robo2007\branches\yvetteencoder\arm_control.c
                  __pa_13   0x002140    program     static C:\mcc18\src\TRADIT~1\stdclib\vfprintf.c
                  __pa_13   0x003742    program     static Z:\home\prog\code\robo2007\branches\yvetteencoder\controller.c
                  __pa_13   0x001366    program     static Z:\home\prog\code\robo2007\branches\yvetteencoder\user_routines.c
                  __pa_14   0x003752    program     static Z:\home\prog\code\robo2007\branches\yvetteencoder\controller.c
                  __pa_14   0x004844    program     static Z:\home\prog\code\robo2007\branches\yvetteencoder\tracking.c
                  __pa_14   0x002158    program     static C:\mcc18\src\TRADIT~1\stdclib\vfprintf.c
                  __pa_14   0x003dfc    program     static Z:\home\prog\code\robo2007\branches\yvetteencoder\traj_straight.c
                  __pa_14   0x001374    program     static Z:\home\prog\code\robo2007\branches\yvetteencoder\user_routines.c
                  __pa_15   0x003760    program     static Z:\home\prog\code\robo2007\branches\yvetteencoder\controller.c
                  __pa_15   0x002168    program     static C:\mcc18\src\TRADIT~1\stdclib\vfprintf.c
                  __pa_15   0x00137c    program     static Z:\home\prog\code\robo2007\branches\yvetteencoder\user_routines.c
                  __pa_15   0x003e0e    program     static Z:\home\prog\code\robo2007\branches\yvetteencoder\traj_straight.c
                  __pa_16   0x003e18    program     static Z:\home\prog\code\robo2007\branches\yvetteencoder\traj_straight.c
                  __pa_16   0x00376e    program     static Z:\home\prog\code\robo2007\branches\yvetteencoder\controller.c
                  __pa_16   0x00217e    program     static C:\mcc18\src\TRADIT~1\stdclib\vfprintf.c
                  __pa_16   0x001386    program     static Z:\home\prog\code\robo2007\branches\yvetteencoder\user_routines.c
                  __pa_17   0x002190    program     static C:\mcc18\src\TRADIT~1\stdclib\vfprintf.c
                  __pa_17   0x003774    program     static Z:\home\prog\code\robo2007\branches\yvetteencoder\controller.c
                  __pa_17   0x003e24    program     static Z:\home\prog\code\robo2007\branches\yvetteencoder\traj_straight.c
                  __pa_17   0x001392    program     static Z:\home\prog\code\robo2007\branches\yvetteencoder\user_routines.c
                  __pa_18   0x003e32    program     static Z:\home\prog\code\robo2007\branches\yvetteencoder\traj_straight.c
                  __pa_18   0x0021a2    program     static C:\mcc18\src\TRADIT~1\stdclib\vfprintf.c
                  __pa_18   0x0013a4    program     static Z:\home\prog\code\robo2007\branches\yvetteencoder\user_routines.c
                  __pa_18   0x00377e    program     static Z:\home\prog\code\robo2007\branches\yvetteencoder\controller.c
                  __pa_19   0x0013b6    program     static Z:\home\prog\code\robo2007\branches\yvetteencoder\user_routines.c
                  __pa_19   0x003788    program     static Z:\home\prog\code\robo2007\branches\yvetteencoder\controller.c
                  __pa_19   0x0021ac    program     static C:\mcc18\src\TRADIT~1\stdclib\vfprintf.c
                  __pa_19   0x003e3e    program     static Z:\home\prog\code\robo2007\branches\yvetteencoder\traj_straight.c
                   __pa_2   0x006a5c    program     static Z:\home\prog\code\robo2007\branches\yvetteencoder\terminal.c
                   __pa_2   0x004cbe    program     static Z:\home\prog\code\robo2007\branches\yvetteencoder\camera.c
                   __pa_2   0x0063ae    program     static Z:\home\prog\code\robo2007\branches\yvetteencoder\eeprom.c
                   __pa_2   0x0065de    program     static Z:\home\prog\code\robo2007\branches\yvetteencoder\gyro.c
                   __pa_2   0x006cec    program     static Z:\home\prog\code\robo2007\branches\yvetteencoder\pwm.c
                   __pa_2   0x00694c    program     static Z:\home\prog\code\robo2007\branches\yvetteencoder\ifi_utilities.c
                   __pa_2   0x0042f2    program     static C:\mcc18\src\TRADIT~1\stdclib\tan.c
                   __pa_2   0x003d10    program     static Z:\home\prog\code\robo2007\branches\yvetteencoder\traj_straight.c
                   __pa_2   0x005c1c    program     static Z:\home\prog\code\robo2007\branches\yvetteencoder\adc.c
                   __pa_2   0x002058    program     static C:\mcc18\src\TRADIT~1\stdclib\vfprintf.c
                   __pa_2   0x00129a    program     static Z:\home\prog\code\robo2007\branches\yvetteencoder\user_routines.c
                   __pa_2   0x0047a6    program     static Z:\home\prog\code\robo2007\branches\yvetteencoder\tracking.c
                   __pa_2   0x0054e6    program     static Z:\home\prog\code\robo2007\branches\yvetteencoder\arm_control.c
                   __pa_2   0x00365a    program     static Z:\home\prog\code\robo2007\branches\yvetteencoder\controller.c
                   __pa_2   0x005106    program     static Z:\home\prog\code\robo2007\branches\yvetteencoder\velocity.c
                  __pa_20   0x003790    program     static Z:\home\prog\code\robo2007\branches\yvetteencoder\controller.c
                  __pa_20   0x003e4c    program     static Z:\home\prog\code\robo2007\branches\yvetteencoder\traj_straight.c
                  __pa_20   0x0013c8    program     static Z:\home\prog\code\robo2007\branches\yvetteencoder\user_routines.c
                  __pa_20   0x0021bc    program     static C:\mcc18\src\TRADIT~1\stdclib\vfprintf.c
                  __pa_21   0x0021cc    program     static C:\mcc18\src\TRADIT~1\stdclib\vfprintf.c
                  __pa_21   0x003e52    program     static Z:\home\prog\code\robo2007\branches\yvetteencoder\traj_straight.c
                  __pa_21   0x00379a    program     static Z:\home\prog\code\robo2007\branches\yvetteencoder\controller.c
                  __pa_21   0x0013d2    program     static Z:\home\prog\code\robo2007\branches\yvetteencoder\user_routines.c
                  __pa_22   0x003e60    program     static Z:\home\prog\code\robo2007\branches\yvetteencoder\traj_straight.c
                  __pa_22   0x0013de    program     static Z:\home\prog\code\robo2007\branches\yvetteencoder\user_routines.c
                  __pa_22   0x0037ac    program     static Z:\home\prog\code\robo2007\branches\yvetteencoder\controller.c
                  __pa_22   0x0021dc    program     static C:\mcc18\src\TRADIT~1\stdclib\vfprintf.c
                  __pa_23   0x0013f0    program     static Z:\home\prog\code\robo2007\branches\yvetteencoder\user_routines.c
                  __pa_23   0x0037be    program     static Z:\home\prog\code\robo2007\branches\yvetteencoder\controller.c
                  __pa_23   0x003e70    program     static Z:\home\prog\code\robo2007\branches\yvetteencoder\traj_straight.c
                  __pa_23   0x0021e8    program     static C:\mcc18\src\TRADIT~1\stdclib\vfprintf.c
                  __pa_24   0x003e84    program     static Z:\home\prog\code\robo2007\branches\yvetteencoder\traj_straight.c
                  __pa_24   0x001406    program     static Z:\home\prog\code\robo2007\branches\yvetteencoder\user_routines.c
                  __pa_24   0x0021f6    program     static C:\mcc18\src\TRADIT~1\stdclib\vfprintf.c
                  __pa_24   0x0037d0    program     static Z:\home\prog\code\robo2007\branches\yvetteencoder\controller.c
                  __pa_25   0x003e94    program     static Z:\home\prog\code\robo2007\branches\yvetteencoder\traj_straight.c
                  __pa_25   0x001410    program     static Z:\home\prog\code\robo2007\branches\yvetteencoder\user_routines.c
                  __pa_25   0x0021fe    program     static C:\mcc18\src\TRADIT~1\stdclib\vfprintf.c
                  __pa_25   0x0037d8    program     static Z:\home\prog\code\robo2007\branches\yvetteencoder\controller.c
                  __pa_26   0x00141a    program     static Z:\home\prog\code\robo2007\branches\yvetteencoder\user_routines.c
                  __pa_26   0x0037e0    program     static Z:\home\prog\code\robo2007\branches\yvetteencoder\controller.c
                  __pa_26   0x002208    program     static C:\mcc18\src\TRADIT~1\stdclib\vfprintf.c
                  __pa_26   0x003ea6    program     static Z:\home\prog\code\robo2007\branches\yvetteencoder\traj_straight.c
                  __pa_27   0x00142c    program     static Z:\home\prog\code\robo2007\branches\yvetteencoder\user_routines.c
                  __pa_27   0x0037e8    program     static Z:\home\prog\code\robo2007\branches\yvetteencoder\controller.c
                  __pa_27   0x002212    program     static C:\mcc18\src\TRADIT~1\stdclib\vfprintf.c
                  __pa_27   0x003eb0    program     static Z:\home\prog\code\robo2007\branches\yvetteencoder\traj_straight.c
                  __pa_28   0x001438    program     static Z:\home\prog\code\robo2007\branches\yvetteencoder\user_routines.c
                  __pa_28   0x003eb6    program     static Z:\home\prog\code\robo2007\branches\yvetteencoder\traj_straight.c
                  __pa_28   0x00221a    program     static C:\mcc18\src\TRADIT~1\stdclib\vfprintf.c
                  __pa_28   0x0037f0    program     static Z:\home\prog\code\robo2007\branches\yvetteencoder\controller.c
                  __pa_29   0x003ebe    program     static Z:\home\prog\code\robo2007\branches\yvetteencoder\traj_straight.c
                  __pa_29   0x001448    program     static Z:\home\prog\code\robo2007\branches\yvetteencoder\user_routines.c
                  __pa_29   0x002228    program     static C:\mcc18\src\TRADIT~1\stdclib\vfprintf.c
                  __pa_29   0x0037fc    program     static Z:\home\prog\code\robo2007\branches\yvetteencoder\controller.c
                   __pa_3   0x0063b4    program     static Z:\home\prog\code\robo2007\branches\yvetteencoder\eeprom.c
                   __pa_3   0x004cc8    program     static Z:\home\prog\code\robo2007\branches\yvetteencoder\camera.c
                   __pa_3   0x00510e    program     static Z:\home\prog\code\robo2007\branches\yvetteencoder\velocity.c
                   __pa_3   0x003678    program     static Z:\home\prog\code\robo2007\branches\yvetteencoder\controller.c
                   __pa_3   0x0054f2    program     static Z:\home\prog\code\robo2007\branches\yvetteencoder\arm_control.c
                   __pa_3   0x006958    program     static Z:\home\prog\code\robo2007\branches\yvetteencoder\ifi_utilities.c
                   __pa_3   0x003d1e    program     static Z:\home\prog\code\robo2007\branches\yvetteencoder\traj_straight.c
                   __pa_3   0x005c24    program     static Z:\home\prog\code\robo2007\branches\yvetteencoder\adc.c
                   __pa_3   0x0047b6    program     static Z:\home\prog\code\robo2007\branches\yvetteencoder\tracking.c
                   __pa_3   0x0012a8    program     static Z:\home\prog\code\robo2007\branches\yvetteencoder\user_routines.c
                   __pa_3   0x002062    program     static C:\mcc18\src\TRADIT~1\stdclib\vfprintf.c
                   __pa_3   0x006a7e    program     static Z:\home\prog\code\robo2007\branches\yvetteencoder\terminal.c
                   __pa_3   0x0042fc    program     static C:\mcc18\src\TRADIT~1\stdclib\tan.c
                  __pa_30   0x003808    program     static Z:\home\prog\code\robo2007\branches\yvetteencoder\controller.c
                  __pa_30   0x002244    program     static C:\mcc18\src\TRADIT~1\stdclib\vfprintf.c
                  __pa_30   0x001456    program     static Z:\home\prog\code\robo2007\branches\yvetteencoder\user_routines.c
                  __pa_31   0x003814    program     static Z:\home\prog\code\robo2007\branches\yvetteencoder\controller.c
                  __pa_31   0x00225e    program     static C:\mcc18\src\TRADIT~1\stdclib\vfprintf.c
                  __pa_31   0x001464    program     static Z:\home\prog\code\robo2007\branches\yvetteencoder\user_routines.c
                  __pa_32   0x002278    program     static C:\mcc18\src\TRADIT~1\stdclib\vfprintf.c
                  __pa_32   0x001472    program     static Z:\home\prog\code\robo2007\branches\yvetteencoder\user_routines.c
                  __pa_32   0x003822    program     static Z:\home\prog\code\robo2007\branches\yvetteencoder\controller.c
                  __pa_33   0x002290    program     static C:\mcc18\src\TRADIT~1\stdclib\vfprintf.c
                  __pa_33   0x00382a    program     static Z:\home\prog\code\robo2007\branches\yvetteencoder\controller.c
                  __pa_33   0x0014b6    program     static Z:\home\prog\code\robo2007\branches\yvetteencoder\user_routines.c
                  __pa_34   0x00229a    program     static C:\mcc18\src\TRADIT~1\stdclib\vfprintf.c
                  __pa_34   0x0014f6    program     static Z:\home\prog\code\robo2007\branches\yvetteencoder\user_routines.c
                  __pa_35   0x0022a8    program     static C:\mcc18\src\TRADIT~1\stdclib\vfprintf.c
                  __pa_35   0x00152c    program     static Z:\home\prog\code\robo2007\branches\yvetteencoder\user_routines.c
                  __pa_36   0x001532    program     static Z:\home\prog\code\robo2007\branches\yvetteencoder\user_routines.c
                  __pa_36   0x0022b0    program     static C:\mcc18\src\TRADIT~1\stdclib\vfprintf.c
                  __pa_37   0x0022ba    program     static C:\mcc18\src\TRADIT~1\stdclib\vfprintf.c
                  __pa_37   0x00153a    program     static Z:\home\prog\code\robo2007\branches\yvetteencoder\user_routines.c
                  __pa_38   0x001542    program     static Z:\home\prog\code\robo2007\branches\yvetteencoder\user_routines.c
                  __pa_38   0x0022ca    program     static C:\mcc18\src\TRADIT~1\stdclib\vfprintf.c
                  __pa_39   0x00154a    program     static Z:\home\prog\code\robo2007\branches\yvetteencoder\user_routines.c
                  __pa_39   0x0022d8    program     static C:\mcc18\src\TRADIT~1\stdclib\vfprintf.c
                   __pa_4   0x0054fc    program     static Z:\home\prog\code\robo2007\branches\yvetteencoder\arm_control.c
                   __pa_4   0x00207a    program     static C:\mcc18\src\TRADIT~1\stdclib\vfprintf.c
                   __pa_4   0x0047c0    program     static Z:\home\prog\code\robo2007\branches\yvetteencoder\tracking.c
                   __pa_4   0x004318    program     static C:\mcc18\src\TRADIT~1\stdclib\tan.c
                   __pa_4   0x003d44    program     static Z:\home\prog\code\robo2007\branches\yvetteencoder\traj_straight.c
                   __pa_4   0x005c38    program     static Z:\home\prog\code\robo2007\branches\yvetteencoder\adc.c
                   __pa_4   0x003680    program     static Z:\home\prog\code\robo2007\branches\yvetteencoder\controller.c
                   __pa_4   0x006a90    program     static Z:\home\prog\code\robo2007\branches\yvetteencoder\terminal.c
                   __pa_4   0x005124    program     static Z:\home\prog\code\robo2007\branches\yvetteencoder\velocity.c
                   __pa_4   0x0063be    program     static Z:\home\prog\code\robo2007\branches\yvetteencoder\eeprom.c
                   __pa_4   0x004cd2    program     static Z:\home\prog\code\robo2007\branches\yvetteencoder\camera.c
                   __pa_4   0x0012b0    program     static Z:\home\prog\code\robo2007\branches\yvetteencoder\user_routines.c
                  __pa_40   0x00156a    program     static Z:\home\prog\code\robo2007\branches\yvetteencoder\user_routines.c
                  __pa_40   0x0022e4    program     static C:\mcc18\src\TRADIT~1\stdclib\vfprintf.c
                  __pa_41   0x0022f0    program     static C:\mcc18\src\TRADIT~1\stdclib\vfprintf.c
                  __pa_41   0x001574    program     static Z:\home\prog\code\robo2007\branches\yvetteencoder\user_routines.c
                  __pa_42   0x0022f8    program     static C:\mcc18\src\TRADIT~1\stdclib\vfprintf.c
                  __pa_42   0x00157a    program     static Z:\home\prog\code\robo2007\branches\yvetteencoder\user_routines.c
                  __pa_43   0x002302    program     static C:\mcc18\src\TRADIT~1\stdclib\vfprintf.c
                  __pa_43   0x001582    program     static Z:\home\prog\code\robo2007\branches\yvetteencoder\user_routines.c
                  __pa_44   0x001596    program     static Z:\home\prog\code\robo2007\branches\yvetteencoder\user_routines.c
                  __pa_44   0x002308    program     static C:\mcc18\src\TRADIT~1\stdclib\vfprintf.c
                  __pa_45   0x002312    program     static C:\mcc18\src\TRADIT~1\stdclib\vfprintf.c
                  __pa_45   0x0015a2    program     static Z:\home\prog\code\robo2007\branches\yvetteencoder\user_routines.c
                  __pa_46   0x0015ac    program     static Z:\home\prog\code\robo2007\branches\yvetteencoder\user_routines.c
                  __pa_46   0x00231e    program     static C:\mcc18\src\TRADIT~1\stdclib\vfprintf.c
                  __pa_47   0x0015c6    program     static Z:\home\prog\code\robo2007\branches\yvetteencoder\user_routines.c
                  __pa_48   0x0015d2    program     static Z:\home\prog\code\robo2007\branches\yvetteencoder\user_routines.c
                  __pa_49   0x0015da    program     static Z:\home\prog\code\robo2007\branches\yvetteencoder\user_routines.c
                   __pa_5   0x005c4c    program     static Z:\home\prog\code\robo2007\branches\yvetteencoder\adc.c
                   __pa_5   0x006aa0    program     static Z:\home\prog\code\robo2007\branches\yvetteencoder\terminal.c
                   __pa_5   0x004332    program     static C:\mcc18\src\TRADIT~1\stdclib\tan.c
                   __pa_5   0x004cda    program     static Z:\home\prog\code\robo2007\branches\yvetteencoder\camera.c
                   __pa_5   0x0063d2    program     static Z:\home\prog\code\robo2007\branches\yvetteencoder\eeprom.c
                   __pa_5   0x0036b2    program     static Z:\home\prog\code\robo2007\branches\yvetteencoder\controller.c
                   __pa_5   0x00513a    program     static Z:\home\prog\code\robo2007\branches\yvetteencoder\velocity.c
                   __pa_5   0x005504    program     static Z:\home\prog\code\robo2007\branches\yvetteencoder\arm_control.c
                   __pa_5   0x003d4c    program     static Z:\home\prog\code\robo2007\branches\yvetteencoder\traj_straight.c
                   __pa_5   0x0047ca    program     static Z:\home\prog\code\robo2007\branches\yvetteencoder\tracking.c
                   __pa_5   0x0012c0    program     static Z:\home\prog\code\robo2007\branches\yvetteencoder\user_routines.c
                   __pa_5   0x00208e    program     static C:\mcc18\src\TRADIT~1\stdclib\vfprintf.c
                  __pa_50   0x0015ea    program     static Z:\home\prog\code\robo2007\branches\yvetteencoder\user_routines.c
                  __pa_51   0x0015fc    program     static Z:\home\prog\code\robo2007\branches\yvetteencoder\user_routines.c
                  __pa_52   0x001608    program     static Z:\home\prog\code\robo2007\branches\yvetteencoder\user_routines.c
                  __pa_53   0x00161a    program     static Z:\home\prog\code\robo2007\branches\yvetteencoder\user_routines.c
                  __pa_54   0x001622    program     static Z:\home\prog\code\robo2007\branches\yvetteencoder\user_routines.c
                  __pa_55   0x00162a    program     static Z:\home\prog\code\robo2007\branches\yvetteencoder\user_routines.c
                  __pa_56   0x001636    program     static Z:\home\prog\code\robo2007\branches\yvetteencoder\user_routines.c
                  __pa_57   0x00163e    program     static Z:\home\prog\code\robo2007\branches\yvetteencoder\user_routines.c
                  __pa_58   0x001646    program     static Z:\home\prog\code\robo2007\branches\yvetteencoder\user_routines.c
                  __pa_59   0x001652    program     static Z:\home\prog\code\robo2007\branches\yvetteencoder\user_routines.c
                   __pa_6   0x005c5c    program     static Z:\home\prog\code\robo2007\branches\yvetteencoder\adc.c
                   __pa_6   0x004348    program     static C:\mcc18\src\TRADIT~1\stdclib\tan.c
                   __pa_6   0x0012c6    program     static Z:\home\prog\code\robo2007\branches\yvetteencoder\user_routines.c
                   __pa_6   0x0047d4    program     static Z:\home\prog\code\robo2007\branches\yvetteencoder\tracking.c
                   __pa_6   0x0020aa    program     static C:\mcc18\src\TRADIT~1\stdclib\vfprintf.c
                   __pa_6   0x003d5e    program     static Z:\home\prog\code\robo2007\branches\yvetteencoder\traj_straight.c
                   __pa_6   0x005148    program     static Z:\home\prog\code\robo2007\branches\yvetteencoder\velocity.c
                   __pa_6   0x00551e    program     static Z:\home\prog\code\robo2007\branches\yvetteencoder\arm_control.c
                   __pa_6   0x0036c8    program     static Z:\home\prog\code\robo2007\branches\yvetteencoder\controller.c
                   __pa_6   0x004ce6    program     static Z:\home\prog\code\robo2007\branches\yvetteencoder\camera.c
                  __pa_60   0x00165a    program     static Z:\home\prog\code\robo2007\branches\yvetteencoder\user_routines.c
                  __pa_61   0x001668    program     static Z:\home\prog\code\robo2007\branches\yvetteencoder\user_routines.c
                  __pa_62   0x00166e    program     static Z:\home\prog\code\robo2007\branches\yvetteencoder\user_routines.c
                  __pa_63   0x001678    program     static Z:\home\prog\code\robo2007\branches\yvetteencoder\user_routines.c
                  __pa_64   0x001684    program     static Z:\home\prog\code\robo2007\branches\yvetteencoder\user_routines.c
                  __pa_65   0x001690    program     static Z:\home\prog\code\robo2007\branches\yvetteencoder\user_routines.c
                  __pa_66   0x001696    program     static Z:\home\prog\code\robo2007\branches\yvetteencoder\user_routines.c
                  __pa_67   0x0016a0    program     static Z:\home\prog\code\robo2007\branches\yvetteencoder\user_routines.c
                  __pa_68   0x0016a6    program     static Z:\home\prog\code\robo2007\branches\yvetteencoder\user_routines.c
                  __pa_69   0x0016ba    program     static Z:\home\prog\code\robo2007\branches\yvetteencoder\user_routines.c
                   __pa_7   0x0020b4    program     static C:\mcc18\src\TRADIT~1\stdclib\vfprintf.c
                   __pa_7   0x0012d8    program     static Z:\home\prog\code\robo2007\branches\yvetteencoder\user_routines.c
                   __pa_7   0x003d70    program     static Z:\home\prog\code\robo2007\branches\yvetteencoder\traj_straight.c
                   __pa_7   0x005154    program     static Z:\home\prog\code\robo2007\branches\yvetteencoder\velocity.c
                   __pa_7   0x005534    program     static Z:\home\prog\code\robo2007\branches\yvetteencoder\arm_control.c
                   __pa_7   0x00435a    program     static C:\mcc18\src\TRADIT~1\stdclib\tan.c
                   __pa_7   0x0047dc    program     static Z:\home\prog\code\robo2007\branches\yvetteencoder\tracking.c
                   __pa_7   0x0036e4    program     static Z:\home\prog\code\robo2007\branches\yvetteencoder\controller.c
                  __pa_70   0x0016c2    program     static Z:\home\prog\code\robo2007\branches\yvetteencoder\user_routines.c
                  __pa_71   0x0016cc    program     static Z:\home\prog\code\robo2007\branches\yvetteencoder\user_routines.c
                  __pa_72   0x0016d6    program     static Z:\home\prog\code\robo2007\branches\yvetteencoder\user_routines.c
                  __pa_73   0x0016e0    program     static Z:\home\prog\code\robo2007\branches\yvetteencoder\user_routines.c
                  __pa_74   0x0016e6    program     static Z:\home\prog\code\robo2007\branches\yvetteencoder\user_routines.c
                  __pa_75   0x0016ec    program     static Z:\home\prog\code\robo2007\branches\yvetteencoder\user_routines.c
                  __pa_76   0x0016f2    program     static Z:\home\prog\code\robo2007\branches\yvetteencoder\user_routines.c
                  __pa_77   0x0016f8    program     static Z:\home\prog\code\robo2007\branches\yvetteencoder\user_routines.c
                  __pa_78   0x001700    program     static Z:\home\prog\code\robo2007\branches\yvetteencoder\user_routines.c
                   __pa_8   0x0036fc    program     static Z:\home\prog\code\robo2007\branches\yvetteencoder\controller.c
                   __pa_8   0x00436c    program     static C:\mcc18\src\TRADIT~1\stdclib\tan.c
                   __pa_8   0x005162    program     static Z:\home\prog\code\robo2007\branches\yvetteencoder\velocity.c
                   __pa_8   0x003d86    program     static Z:\home\prog\code\robo2007\branches\yvetteencoder\traj_straight.c
                   __pa_8   0x0047ec    program     static Z:\home\prog\code\robo2007\branches\yvetteencoder\tracking.c
                   __pa_8   0x00553c    program     static Z:\home\prog\code\robo2007\branches\yvetteencoder\arm_control.c
                   __pa_8   0x0012ea    program     static Z:\home\prog\code\robo2007\branches\yvetteencoder\user_routines.c
                   __pa_8   0x0020c0    program     static C:\mcc18\src\TRADIT~1\stdclib\vfprintf.c
                   __pa_9   0x00437e    program     static C:\mcc18\src\TRADIT~1\stdclib\tan.c
                   __pa_9   0x003706    program     static Z:\home\prog\code\robo2007\branches\yvetteencoder\controller.c
                   __pa_9   0x0020e2    program     static C:\mcc18\src\TRADIT~1\stdclib\vfprintf.c
                   __pa_9   0x0047fa    program     static Z:\home\prog\code\robo2007\branches\yvetteencoder\tracking.c
                   __pa_9   0x005546    program     static Z:\home\prog\code\robo2007\branches\yvetteencoder\arm_control.c
                   __pa_9   0x001302    program     static Z:\home\prog\code\robo2007\branches\yvetteencoder\user_routines.c
                   __pa_9   0x005170    program     static Z:\home\prog\code\robo2007\branches\yvetteencoder\velocity.c
                   __pa_9   0x003da0    program     static Z:\home\prog\code\robo2007\branches\yvetteencoder\traj_straight.c
               __string_0   0x006740    program     static Z:\home\prog\code\robo2007\branches\yvetteencoder\terminal.c
               __string_0   0x0067b9    program     static Z:\home\prog\code\robo2007\branches\yvetteencoder\traj_straight.c
               __string_0   0x00660b    program     static Z:\home\prog\code\robo2007\branches\yvetteencoder\eeprom.c
               __string_0   0x006766    program     static Z:\home\prog\code\robo2007\branches\yvetteencoder\OurCamera.c
               __string_0   0x006660    program     static Z:\home\prog\code\robo2007\branches\yvetteencoder\user_routines.c
               __string_0   0x00668b    program     static Z:\home\prog\code\robo2007\branches\yvetteencoder\velocity.c
               __string_1   0x00673d    program     static Z:\home\prog\code\robo2007\branches\yvetteencoder\terminal.c
               __string_1   0x00667d    program     static Z:\home\prog\code\robo2007\branches\yvetteencoder\velocity.c
               __string_1   0x006638    program     static Z:\home\prog\code\robo2007\branches\yvetteencoder\user_routines.c
               __string_1   0x00674f    program     static Z:\home\prog\code\robo2007\branches\yvetteencoder\OurCamera.c
               __string_1   0x00679b    program     static Z:\home\prog\code\robo2007\branches\yvetteencoder\traj_straight.c
               __string_1   0x0065f4    program     static Z:\home\prog\code\robo2007\branches\yvetteencoder\eeprom.c
               __string_2   0x006721    program     static Z:\home\prog\code\robo2007\branches\yvetteencoder\terminal.c
               __string_2   0x00661e    program     static Z:\home\prog\code\robo2007\branches\yvetteencoder\user_routines.c
               __string_2   0x006671    program     static Z:\home\prog\code\robo2007\branches\yvetteencoder\velocity.c
               __string_2   0x00678b    program     static Z:\home\prog\code\robo2007\branches\yvetteencoder\traj_straight.c
               __string_3   0x006618    program     static Z:\home\prog\code\robo2007\branches\yvetteencoder\user_routines.c
               __string_3   0x006770    program     static Z:\home\prog\code\robo2007\branches\yvetteencoder\traj_straight.c
               __string_3   0x006705    program     static Z:\home\prog\code\robo2007\branches\yvetteencoder\terminal.c
               __string_4   0x0066e9    program     static Z:\home\prog\code\robo2007\branches\yvetteencoder\terminal.c
               __string_5   0x0066cd    program     static Z:\home\prog\code\robo2007\branches\yvetteencoder\terminal.c
               __string_6   0x0066b1    program     static Z:\home\prog\code\robo2007\branches\yvetteencoder\terminal.c
               __string_7   0x006695    program     static Z:\home\prog\code\robo2007\branches\yvetteencoder\terminal.c
              __tmplbl_42   0x0021dc    program     static                          
              __tmplbl_43   0x002028    program     static                          
              __tmplbl_44   0x00200e    program     static                          
               __tmplbl_5   0x001374    program     static                          
              __tmplbl_86   0x00175c    program     static                          
                _do_cinit   0x006fb6    program     extern Z:\home\prog\code\robo2007\branches\yvetteencoder\ifi_startup.c
                   _entry   0x000800    program     extern Z:\home\prog\code\robo2007\branches\yvetteencoder\ifi_startup.c
                   _false   0x0073b0    program     static                          
                 _startup   0x00746a    program     extern Z:\home\prog\code\robo2007\branches\yvetteencoder\ifi_startup.c
              _usart_putc   0x0074aa    program     extern C:\MCC18\SRC\TRADIT~1\PMC\USART\_usartpc.asm
               _user_putc   0x006136    program     extern Z:\home\prog\code\robo2007\branches\yvetteencoder\serial_ports.c
                      abs   0x0010f6    program     extern Z:\home\prog\code\robo2007\branches\yvetteencoder\user_routines.c
    check_multiple_lights   0x006aac    program     extern Z:\home\prog\code\robo2007\branches\yvetteencoder\OurCamera.c
                  control   0x000bde    program     extern Z:\home\prog\code\robo2007\branches\yvetteencoder\user_routines.c
               controller   0x003284    program     extern Z:\home\prog\code\robo2007\branches\yvetteencoder\controller.c
                copy_loop   0x007028    program     static                          
            copy_one_byte   0x00702e    program     static                          
                     done   0x007052    program     static                          
             done_copying   0x00703c    program     static                          
                  endloop   0x00741a    program     static                          
                  endloop   0x0074dc    program     static                          
                     fabs   0x007242    program     extern C:\mcc18\src\TRADIT~1\stdclib\fabs.c
               get_rpm_1k   0x004cf2    program     extern Z:\home\prog\code\robo2007\branches\yvetteencoder\velocity.c
[...]
                 LATEbits   0x000f8d       data     extern C:\MCC18\SRC\TRADIT~1\PROC\p18f8520.asm
                     LATE   0x000f8d       data     extern C:\MCC18\SRC\TRADIT~1\PROC\p18f8520.asm
                     LATF   0x000f8e       data     extern C:\MCC18\SRC\TRADIT~1\PROC\p18f8520.asm
                 LATFbits   0x000f8e       data     extern C:\MCC18\SRC\TRADIT~1\PROC\p18f8520.asm
                     LATG   0x000f8f       data     extern C:\MCC18\SRC\TRADIT~1\PROC\p18f8520.asm
                 LATGbits   0x000f8f       data     extern C:\MCC18\SRC\TRADIT~1\PROC\p18f8520.asm
                 LATHbits   0x000f90       data     extern C:\MCC18\SRC\TRADIT~1\PROC\p18f8520.asm
                     LATH   0x000f90       data     extern C:\MCC18\SRC\TRADIT~1\PROC\p18f8520.asm
                     LATJ   0x000f91       data     extern C:\MCC18\SRC\TRADIT~1\PROC\p18f8520.asm
                 LATJbits   0x000f91       data     extern C:\MCC18\SRC\TRADIT~1\PROC\p18f8520.asm
                TRISAbits   0x000f92       data     extern C:\MCC18\SRC\TRADIT~1\PROC\p18f8520.asm
                    TRISA   0x000f92       data     extern C:\MCC18\SRC\TRADIT~1\PROC\p18f8520.asm
                     DDRA   0x000f92       data     extern C:\MCC18\SRC\TRADIT~1\PROC\p18f8520.asm
                 DDRAbits   0x000f92       data     extern C:\MCC18\SRC\TRADIT~1\PROC\p18f8520.asm
                TRISBbits   0x000f93       data     extern C:\MCC18\SRC\TRADIT~1\PROC\p18f8520.asm
                    TRISB   0x000f93       data     extern C:\MCC18\SRC\TRADIT~1\PROC\p18f8520.asm
                     DDRB   0x000f93       data     extern C:\MCC18\SRC\TRADIT~1\PROC\p18f8520.asm
                 DDRBbits   0x000f93       data     extern C:\MCC18\SRC\TRADIT~1\PROC\p18f8520.asm
                TRISCbits   0x000f94       data     extern C:\MCC18\SRC\TRADIT~1\PROC\p18f8520.asm
                    TRISC   0x000f94       data     extern C:\MCC18\SRC\TRADIT~1\PROC\p18f8520.asm
                     DDRC   0x000f94       data     extern C:\MCC18\SRC\TRADIT~1\PROC\p18f8520.asm
                 DDRCbits   0x000f94       data     extern C:\MCC18\SRC\TRADIT~1\PROC\p18f8520.asm
                 DDRDbits   0x000f95       data     extern C:\MCC18\SRC\TRADIT~1\PROC\p18f8520.asm
                     DDRD   0x000f95       data     extern C:\MCC18\SRC\TRADIT~1\PROC\p18f8520.asm
                TRISDbits   0x000f95       data     extern C:\MCC18\SRC\TRADIT~1\PROC\p18f8520.asm
                    TRISD   0x000f95       data     extern C:\MCC18\SRC\TRADIT~1\PROC\p18f8520.asm
                 DDREbits   0x000f96       data     extern C:\MCC18\SRC\TRADIT~1\PROC\p18f8520.asm
                     DDRE   0x000f96       data     extern C:\MCC18\SRC\TRADIT~1\PROC\p18f8520.asm
                    TRISE   0x000f96       data     extern C:\MCC18\SRC\TRADIT~1\PROC\p18f8520.asm
                TRISEbits   0x000f96       data     extern C:\MCC18\SRC\TRADIT~1\PROC\p18f8520.asm
                     DDRF   0x000f97       data     extern C:\MCC18\SRC\TRADIT~1\PROC\p18f8520.asm
                 DDRFbits   0x000f97       data     extern C:\MCC18\SRC\TRADIT~1\PROC\p18f8520.asm
                    TRISF   0x000f97       data     extern C:\MCC18\SRC\TRADIT~1\PROC\p18f8520.asm
                TRISFbits   0x000f97       data     extern C:\MCC18\SRC\TRADIT~1\PROC\p18f8520.asm
                    TRISG   0x000f98       data     extern C:\MCC18\SRC\TRADIT~1\PROC\p18f8520.asm
                TRISGbits   0x000f98       data     extern C:\MCC18\SRC\TRADIT~1\PROC\p18f8520.asm
                 DDRGbits   0x000f98       data     extern C:\MCC18\SRC\TRADIT~1\PROC\p18f8520.asm
                     DDRG   0x000f98       data     extern C:\MCC18\SRC\TRADIT~1\PROC\p18f8520.asm
                TRISHbits   0x000f99       data     extern C:\MCC18\SRC\TRADIT~1\PROC\p18f8520.asm
                    TRISH   0x000f99       data     extern C:\MCC18\SRC\TRADIT~1\PROC\p18f8520.asm
                 DDRHbits   0x000f99       data     extern C:\MCC18\SRC\TRADIT~1\PROC\p18f8520.asm
                     DDRH   0x000f99       data     extern C:\MCC18\SRC\TRADIT~1\PROC\p18f8520.asm
                    TRISJ   0x000f9a       data     extern C:\MCC18\SRC\TRADIT~1\PROC\p18f8520.asm
                TRISJbits   0x000f9a       data     extern C:\MCC18\SRC\TRADIT~1\PROC\p18f8520.asm
                     DDRJ   0x000f9a       data     extern C:\MCC18\SRC\TRADIT~1\PROC\p18f8520.asm
                 DDRJbits   0x000f9a       data     extern C:\MCC18\SRC\TRADIT~1\PROC\p18f8520.asm
               MEMCONbits   0x000f9c       data     extern C:\MCC18\SRC\TRADIT~1\PROC\p18f8520.asm
                   MEMCON   0x000f9c       data     extern C:\MCC18\SRC\TRADIT~1\PROC\p18f8520.asm
                     PIE1   0x000f9d       data     extern C:\MCC18\SRC\TRADIT~1\PROC\p18f8520.asm
                 PIE1bits   0x000f9d       data     extern C:\MCC18\SRC\TRADIT~1\PROC\p18f8520.asm
                     PIR1   0x000f9e       data     extern C:\MCC18\SRC\TRADIT~1\PROC\p18f8520.asm
                 PIR1bits   0x000f9e       data     extern C:\MCC18\SRC\TRADIT~1\PROC\p18f8520.asm
                 IPR1bits   0x000f9f       data     extern C:\MCC18\SRC\TRADIT~1\PROC\p18f8520.asm
                     IPR1   0x000f9f       data     extern C:\MCC18\SRC\TRADIT~1\PROC\p18f8520.asm
                     PIE2   0x000fa0       data     extern C:\MCC18\SRC\TRADIT~1\PROC\p18f8520.asm
                 PIE2bits   0x000fa0       data     extern C:\MCC18\SRC\TRADIT~1\PROC\p18f8520.asm
                     PIR2   0x000fa1       data     extern C:\MCC18\SRC\TRADIT~1\PROC\p18f8520.asm
                 PIR2bits   0x000fa1       data     extern C:\MCC18\SRC\TRADIT~1\PROC\p18f8520.asm
                 IPR2bits   0x000fa2       data     extern C:\MCC18\SRC\TRADIT~1\PROC\p18f8520.asm
                     IPR2   0x000fa2       data     extern C:\MCC18\SRC\TRADIT~1\PROC\p18f8520.asm
                 PIE3bits   0x000fa3       data     extern C:\MCC18\SRC\TRADIT~1\PROC\p18f8520.asm
                     PIE3   0x000fa3       data     extern C:\MCC18\SRC\TRADIT~1\PROC\p18f8520.asm
                     PIR3   0x000fa4       data     extern C:\MCC18\SRC\TRADIT~1\PROC\p18f8520.asm
                 PIR3bits   0x000fa4       data     extern C:\MCC18\SRC\TRADIT~1\PROC\p18f8520.asm
                     IPR3   0x000fa5       data     extern C:\MCC18\SRC\TRADIT~1\PROC\p18f8520.asm
                 IPR3bits   0x000fa5       data     extern C:\MCC18\SRC\TRADIT~1\PROC\p18f8520.asm
               EECON1bits   0x000fa6       data     extern C:\MCC18\SRC\TRADIT~1\PROC\p18f8520.asm
                   EECON1   0x000fa6       data     extern C:\MCC18\SRC\TRADIT~1\PROC\p18f8520.asm
                   EECON2   0x000fa7       data     extern C:\MCC18\SRC\TRADIT~1\PROC\p18f8520.asm
                   EEDATA   0x000fa8       data     extern C:\MCC18\SRC\TRADIT~1\PROC\p18f8520.asm
                    EEADR   0x000fa9       data     extern C:\MCC18\SRC\TRADIT~1\PROC\p18f8520.asm
                   EEADRH   0x000faa       data     extern C:\MCC18\SRC\TRADIT~1\PROC\p18f8520.asm
                RCSTAbits   0x000fab       data     extern C:\MCC18\SRC\TRADIT~1\PROC\p18f8520.asm
               RCSTA1bits   0x000fab       data     extern C:\MCC18\SRC\TRADIT~1\PROC\p18f8520.asm
                   RCSTA1   0x000fab       data     extern C:\MCC18\SRC\TRADIT~1\PROC\p18f8520.asm
                    RCSTA   0x000fab       data     extern C:\MCC18\SRC\TRADIT~1\PROC\p18f8520.asm
               TXSTA1bits   0x000fac       data     extern C:\MCC18\SRC\TRADIT~1\PROC\p18f8520.asm
                   TXSTA1   0x000fac       data     extern C:\MCC18\SRC\TRADIT~1\PROC\p18f8520.asm
                TXSTAbits   0x000fac       data     extern C:\MCC18\SRC\TRADIT~1\PROC\p18f8520.asm
                    TXSTA   0x000fac       data     extern C:\MCC18\SRC\TRADIT~1\PROC\p18f8520.asm
                    TXREG   0x000fad       data     extern C:\MCC18\SRC\TRADIT~1\PROC\p18f8520.asm
                   TXREG1   0x000fad       data     extern C:\MCC18\SRC\TRADIT~1\PROC\p18f8520.asm
                   RCREG1   0x000fae       data     extern C:\MCC18\SRC\TRADIT~1\PROC\p18f8520.asm
                    SPBRG   0x000faf       data     extern C:\MCC18\SRC\TRADIT~1\PROC\p18f8520.asm
                   SPBRG1   0x000faf       data     extern C:\MCC18\SRC\TRADIT~1\PROC\p18f8520.asm
                   PSPCON   0x000fb0       data     extern C:\MCC18\SRC\TRADIT~1\PROC\p18f8520.asm
               PSPCONbits   0x000fb0       data     extern C:\MCC18\SRC\TRADIT~1\PROC\p18f8520.asm
                T3CONbits   0x000fb1       data     extern C:\MCC18\SRC\TRADIT~1\PROC\p18f8520.asm
                    T3CON   0x000fb1       data     extern C:\MCC18\SRC\TRADIT~1\PROC\p18f8520.asm
                    TMR3L   0x000fb2       data     extern C:\MCC18\SRC\TRADIT~1\PROC\p18f8520.asm
                    TMR3H   0x000fb3       data     extern C:\MCC18\SRC\TRADIT~1\PROC\p18f8520.asm
                CMCONbits   0x000fb4       data     extern C:\MCC18\SRC\TRADIT~1\PROC\p18f8520.asm
                    CMCON   0x000fb4       data     extern C:\MCC18\SRC\TRADIT~1\PROC\p18f8520.asm
                   CVRCON   0x000fb5       data     extern C:\MCC18\SRC\TRADIT~1\PROC\p18f8520.asm
               CVRCONbits   0x000fb5       data     extern C:\MCC18\SRC\TRADIT~1\PROC\p18f8520.asm
              CCP3CONbits   0x000fb7       data     extern C:\MCC18\SRC\TRADIT~1\PROC\p18f8520.asm
                  CCP3CON   0x000fb7       data     extern C:\MCC18\SRC\TRADIT~1\PROC\p18f8520.asm
                    CCPR3   0x000fb8       data     extern C:\MCC18\SRC\TRADIT~1\PROC\p18f8520.asm
                   CCPR3L   0x000fb8       data     extern C:\MCC18\SRC\TRADIT~1\PROC\p18f8520.asm
                   CCPR3H   0x000fb9       data     extern C:\MCC18\SRC\TRADIT~1\PROC\p18f8520.asm
              CCP2CONbits   0x000fba       data     extern C:\MCC18\SRC\TRADIT~1\PROC\p18f8520.asm
                  CCP2CON   0x000fba       data     extern C:\MCC18\SRC\TRADIT~1\PROC\p18f8520.asm
                    CCPR2   0x000fbb       data     extern C:\MCC18\SRC\TRADIT~1\PROC\p18f8520.asm
                   CCPR2L   0x000fbb       data     extern C:\MCC18\SRC\TRADIT~1\PROC\p18f8520.asm
                   CCPR2H   0x000fbc       data     extern C:\MCC18\SRC\TRADIT~1\PROC\p18f8520.asm
                  CCP1CON   0x000fbd       data     extern C:\MCC18\SRC\TRADIT~1\PROC\p18f8520.asm
              CCP1CONbits   0x000fbd       data     extern C:\MCC18\SRC\TRADIT~1\PROC\p18f8520.asm
                   CCPR1L   0x000fbe       data     extern C:\MCC18\SRC\TRADIT~1\PROC\p18f8520.asm
                    CCPR1   0x000fbe       data     extern C:\MCC18\SRC\TRADIT~1\PROC\p18f8520.asm
                   CCPR1H   0x000fbf       data     extern C:\MCC18\SRC\TRADIT~1\PROC\p18f8520.asm
                   ADCON2   0x000fc0       data     extern C:\MCC18\SRC\TRADIT~1\PROC\p18f8520.asm
               ADCON2bits   0x000fc0       data     extern C:\MCC18\SRC\TRADIT~1\PROC\p18f8520.asm
                   ADCON1   0x000fc1       data     extern C:\MCC18\SRC\TRADIT~1\PROC\p18f8520.asm
               ADCON1bits   0x000fc1       data     extern C:\MCC18\SRC\TRADIT~1\PROC\p18f8520.asm
               ADCON0bits   0x000fc2       data     extern C:\MCC18\SRC\TRADIT~1\PROC\p18f8520.asm
                   ADCON0   0x000fc2       data     extern C:\MCC18\SRC\TRADIT~1\PROC\p18f8520.asm
                   ADRESL   0x000fc3       data     extern C:\MCC18\SRC\TRADIT~1\PROC\p18f8520.asm
                    ADRES   0x000fc3       data     extern C:\MCC18\SRC\TRADIT~1\PROC\p18f8520.asm
                   ADRESH   0x000fc4       data     extern C:\MCC18\SRC\TRADIT~1\PROC\p18f8520.asm
                  SSPCON2   0x000fc5       data     extern C:\MCC18\SRC\TRADIT~1\PROC\p18f8520.asm
              SSPCON2bits   0x000fc5       data     extern C:\MCC18\SRC\TRADIT~1\PROC\p18f8520.asm
              SSPCON1bits   0x000fc6       data     extern C:\MCC18\SRC\TRADIT~1\PROC\p18f8520.asm
                  SSPCON1   0x000fc6       data     extern C:\MCC18\SRC\TRADIT~1\PROC\p18f8520.asm
                  SSPSTAT   0x000fc7       data     extern C:\MCC18\SRC\TRADIT~1\PROC\p18f8520.asm
              SSPSTATbits   0x000fc7       data     extern C:\MCC18\SRC\TRADIT~1\PROC\p18f8520.asm
                   SSPADD   0x000fc8       data     extern C:\MCC18\SRC\TRADIT~1\PROC\p18f8520.asm
                   SSPBUF   0x000fc9       data     extern C:\MCC18\SRC\TRADIT~1\PROC\p18f8520.asm
                    T2CON   0x000fca       data     extern C:\MCC18\SRC\TRADIT~1\PROC\p18f8520.asm
                T2CONbits   0x000fca       data     extern C:\MCC18\SRC\TRADIT~1\PROC\p18f8520.asm
                      PR2   0x000fcb       data     extern C:\MCC18\SRC\TRADIT~1\PROC\p18f8520.asm
                     TMR2   0x000fcc       data     extern C:\MCC18\SRC\TRADIT~1\PROC\p18f8520.asm
                    T1CON   0x000fcd       data     extern C:\MCC18\SRC\TRADIT~1\PROC\p18f8520.asm
                T1CONbits   0x000fcd       data     extern C:\MCC18\SRC\TRADIT~1\PROC\p18f8520.asm
                    TMR1L   0x000fce       data     extern C:\MCC18\SRC\TRADIT~1\PROC\p18f8520.asm
                    TMR1H   0x000fcf       data     extern C:\MCC18\SRC\TRADIT~1\PROC\p18f8520.asm
                     RCON   0x000fd0       data     extern C:\MCC18\SRC\TRADIT~1\PROC\p18f8520.asm
                 RCONbits   0x000fd0       data     extern C:\MCC18\SRC\TRADIT~1\PROC\p18f8520.asm
               WDTCONbits   0x000fd1       data     extern C:\MCC18\SRC\TRADIT~1\PROC\p18f8520.asm
                   WDTCON   0x000fd1       data     extern C:\MCC18\SRC\TRADIT~1\PROC\p18f8520.asm
               LVDCONbits   0x000fd2       data     extern C:\MCC18\SRC\TRADIT~1\PROC\p18f8520.asm
                   LVDCON   0x000fd2       data     extern C:\MCC18\SRC\TRADIT~1\PROC\p18f8520.asm
               OSCCONbits   0x000fd3       data     extern C:\MCC18\SRC\TRADIT~1\PROC\p18f8520.asm
                   OSCCON   0x000fd3       data     extern C:\MCC18\SRC\TRADIT~1\PROC\p18f8520.asm
                T0CONbits   0x000fd5       data     extern C:\MCC18\SRC\TRADIT~1\PROC\p18f8520.asm
                    T0CON   0x000fd5       data     extern C:\MCC18\SRC\TRADIT~1\PROC\p18f8520.asm
                    TMR0L   0x000fd6       data     extern C:\MCC18\SRC\TRADIT~1\PROC\p18f8520.asm
                    TMR0H   0x000fd7       data     extern C:\MCC18\SRC\TRADIT~1\PROC\p18f8520.asm
               STATUSbits   0x000fd8       data     extern C:\MCC18\SRC\TRADIT~1\PROC\p18f8520.asm
                   STATUS   0x000fd8       data     extern C:\MCC18\SRC\TRADIT~1\PROC\p18f8520.asm
                    FSR2L   0x000fd9       data     extern C:\MCC18\SRC\TRADIT~1\PROC\p18f8520.asm
                     FSR2   0x000fd9       data     extern C:\MCC18\SRC\TRADIT~1\PROC\p18f8520.asm
                    FSR2H   0x000fda       data     extern C:\MCC18\SRC\TRADIT~1\PROC\p18f8520.asm
                   PLUSW2   0x000fdb       data     extern C:\MCC18\SRC\TRADIT~1\PROC\p18f8520.asm
                  PREINC2   0x000fdc       data     extern C:\MCC18\SRC\TRADIT~1\PROC\p18f8520.asm
                 POSTDEC2   0x000fdd       data     extern C:\MCC18\SRC\TRADIT~1\PROC\p18f8520.asm
                 POSTINC2   0x000fde       data     extern C:\MCC18\SRC\TRADIT~1\PROC\p18f8520.asm
                    INDF2   0x000fdf       data     extern C:\MCC18\SRC\TRADIT~1\PROC\p18f8520.asm
                      BSR   0x000fe0       data     extern C:\MCC18\SRC\TRADIT~1\PROC\p18f8520.asm
                     FSR1   0x000fe1       data     extern C:\MCC18\SRC\TRADIT~1\PROC\p18f8520.asm
                    FSR1L   0x000fe1       data     extern C:\MCC18\SRC\TRADIT~1\PROC\p18f8520.asm
                    FSR1H   0x000fe2       data     extern C:\MCC18\SRC\TRADIT~1\PROC\p18f8520.asm
                   PLUSW1   0x000fe3       data     extern C:\MCC18\SRC\TRADIT~1\PROC\p18f8520.asm
                  PREINC1   0x000fe4       data     extern C:\MCC18\SRC\TRADIT~1\PROC\p18f8520.asm
                 POSTDEC1   0x000fe5       data     extern C:\MCC18\SRC\TRADIT~1\PROC\p18f8520.asm
                 POSTINC1   0x000fe6       data     extern C:\MCC18\SRC\TRADIT~1\PROC\p18f8520.asm
                    INDF1   0x000fe7       data     extern C:\MCC18\SRC\TRADIT~1\PROC\p18f8520.asm
                     WREG   0x000fe8       data     extern C:\MCC18\SRC\TRADIT~1\PROC\p18f8520.asm
                     FSR0   0x000fe9       data     extern C:\MCC18\SRC\TRADIT~1\PROC\p18f8520.asm
                    FSR0L   0x000fe9       data     extern C:\MCC18\SRC\TRADIT~1\PROC\p18f8520.asm
                    FSR0H   0x000fea       data     extern C:\MCC18\SRC\TRADIT~1\PROC\p18f8520.asm
                   PLUSW0   0x000feb       data     extern C:\MCC18\SRC\TRADIT~1\PROC\p18f8520.asm
                  PREINC0   0x000fec       data     extern C:\MCC18\SRC\TRADIT~1\PROC\p18f8520.asm
                 POSTDEC0   0x000fed       data     extern C:\MCC18\SRC\TRADIT~1\PROC\p18f8520.asm
                 POSTINC0   0x000fee       data     extern C:\MCC18\SRC\TRADIT~1\PROC\p18f8520.asm
                    INDF0   0x000fef       data     extern C:\MCC18\SRC\TRADIT~1\PROC\p18f8520.asm
                  INTCON3   0x000ff0       data     extern C:\MCC18\SRC\TRADIT~1\PROC\p18f8520.asm
              INTCON3bits   0x000ff0       data     extern C:\MCC18\SRC\TRADIT~1\PROC\p18f8520.asm
                  INTCON2   0x000ff1       data     extern C:\MCC18\SRC\TRADIT~1\PROC\p18f8520.asm
              INTCON2bits   0x000ff1       data     extern C:\MCC18\SRC\TRADIT~1\PROC\p18f8520.asm
                   INTCON   0x000ff2       data     extern C:\MCC18\SRC\TRADIT~1\PROC\p18f8520.asm
               INTCONbits   0x000ff2       data     extern C:\MCC18\SRC\TRADIT~1\PROC\p18f8520.asm
                    PRODL   0x000ff3       data     extern C:\MCC18\SRC\TRADIT~1\PROC\p18f8520.asm
                     PROD   0x000ff3       data     extern C:\MCC18\SRC\TRADIT~1\PROC\p18f8520.asm
                    PRODH   0x000ff4       data     extern C:\MCC18\SRC\TRADIT~1\PROC\p18f8520.asm
                   TABLAT   0x000ff5       data     extern C:\MCC18\SRC\TRADIT~1\PROC\p18f8520.asm
                   TBLPTR   0x000ff6       data     extern C:\MCC18\SRC\TRADIT~1\PROC\p18f8520.asm
                  TBLPTRL   0x000ff6       data     extern C:\MCC18\SRC\TRADIT~1\PROC\p18f8520.asm
                  TBLPTRH   0x000ff7       data     extern C:\MCC18\SRC\TRADIT~1\PROC\p18f8520.asm
                  TBLPTRU   0x000ff8       data     extern C:\MCC18\SRC\TRADIT~1\PROC\p18f8520.asm
                      PCL   0x000ff9       data     extern C:\MCC18\SRC\TRADIT~1\PROC\p18f8520.asm
                       PC   0x000ff9       data     extern C:\MCC18\SRC\TRADIT~1\PROC\p18f8520.asm
                   PCLATH   0x000ffa       data     extern C:\MCC18\SRC\TRADIT~1\PROC\p18f8520.asm
                   PCLATU   0x000ffb       data     extern C:\MCC18\SRC\TRADIT~1\PROC\p18f8520.asm
                   STKPTR   0x000ffc       data     extern C:\MCC18\SRC\TRADIT~1\PROC\p18f8520.asm
               STKPTRbits   0x000ffc       data     extern C:\MCC18\SRC\TRADIT~1\PROC\p18f8520.asm
                      TOS   0x000ffd       data     extern C:\MCC18\SRC\TRADIT~1\PROC\p18f8520.asm
                     TOSL   0x000ffd       data     extern C:\MCC18\SRC\TRADIT~1\PROC\p18f8520.asm
                     TOSH   0x000ffe       data     extern C:\MCC18\SRC\TRADIT~1\PROC\p18f8520.asm
                     TOSU   0x000fff       data     extern C:\MCC18\SRC\TRADIT~1\PROC\p18f8520.asm


