MPLINK 3.90, Linker
Linker Map File - Created Mon Mar 31 18:45:26 2008

                                 Section Info
                  Section       Type    Address   Location Size(Bytes)
                ---------  ---------  ---------  ---------  ---------
               _entry_scn       code   0x000800    program   0x000006
        .idata_stdout.o_i    romdata   0x000806    program   0x000002
      InterruptVectorHigh       code   0x000808    program   0x000006
          .code_adcbusy.o       code   0x00080e    program   0x00000a
       InterruptVectorLow       code   0x000818    program   0x000006
                   .cinit    romdata   0x00081e    program   0x000086
         .code_vfprintf.o       code   0x0008a4    program   0x000c22
      .code_ifi_library.o       code   0x0014c6    program   0x000722
    .code_user_routines.o       code   0x001be8    program   0x00053c
         .code_velocity.o       code   0x002124    program   0x000494
               .code_ir.o       code   0x0025b8    program   0x00043a
                     PROG       code   0x0029f2    program   0x00040a
                 UTIL_LIB       code   0x002dfc    program   0x000396
       .code_controller.o       code   0x003192    program   0x000364
              .code_adc.o       code   0x0034f6    program   0x000352
        .code_gyrodrive.o       code   0x003848    program   0x000324
.code_user_routines_fast.o       code   0x003b6c    program   0x0002f8
     .code_serial_ports.o       code   0x003e64    program   0x00027e
              .code_arm.o       code   0x0040e2    program   0x000262
             .code_gyro.o       code   0x004344    program   0x00021a
    .code_ifi_utilities.o       code   0x00455e    program   0x00018e
           .code_record.o       code   0x0046ec    program   0x00017a
             .stringtable    romdata   0x004866    program   0x000168
           .code_eeprom.o       code   0x0049ce    program   0x00015c
       .code_interrupts.o       code   0x004b2a    program   0x0000e4
               _cinit_scn       code   0x004c0e    program   0x00009e
           .code_printf.o       code   0x004cac    program   0x000094
             .code_putc.o       code   0x004d40    program   0x000084
          .code_fxm3232.o       code   0x004dc4    program   0x000070
          .code_adcopen.o       code   0x004e34    program   0x000068
                   STRING       code   0x004e9c    program   0x000066
         .code_spi1open.o       code   0x004f02    program   0x000066
           .code_u1open.o       code   0x004f68    program   0x000064
         .code_fxd3232u.o       code   0x004fcc    program   0x000048
          .code_adcread.o       code   0x005014    program   0x00003e
         .code_fxd1616u.o       code   0x005052    program   0x00002c
             .code_main.o       code   0x00507e    program   0x000026
                    CTYPE       code   0x0050a4    program   0x000024
             _startup_scn       code   0x0050c8    program   0x000020
              D1KTCYXCODE       code   0x0050e8    program   0x000020
                    STDIO       code   0x005108    program   0x00001c
              D10TCYXCODE       code   0x005124    program   0x000016
      .romdata_vfprintf.o    romdata   0x00513a    program   0x000011
          .romdata_putc.o    romdata   0x00514b    program   0x000000
      .idata_fxd1616u.o_i    romdata   0x00514b    program   0x000000
      .romdata_fxd1616u.o    romdata   0x00514b    program   0x000000
          .idata_putc.o_i    romdata   0x00514b    program   0x000000
      .idata_fxd3232u.o_i    romdata   0x00514b    program   0x000000
      .romdata_fxd3232u.o    romdata   0x00514b    program   0x000000
      .idata_vfprintf.o_i    romdata   0x00514b    program   0x000000
        .romdata_stdout.o    romdata   0x00514b    program   0x000000
       .idata_fxm3232.o_i    romdata   0x00514b    program   0x000000
        .romdata_printf.o    romdata   0x00514b    program   0x000000
       .romdata_fxm3232.o    romdata   0x00514b    program   0x000000
        .idata_printf.o_i    romdata   0x00514b    program   0x000000
       .romdata_adcread.o    romdata   0x00514b    program   0x000000
   .idata_ifi_library.o_i    romdata   0x00514b    program   0x000000
   .romdata_ifi_library.o    romdata   0x00514b    program   0x000000
       .idata_adcread.o_i    romdata   0x00514b    program   0x000000
      .romdata_spi1open.o    romdata   0x00514b    program   0x000000
      .idata_spi1open.o_i    romdata   0x00514b    program   0x000000
       .romdata_adcopen.o    romdata   0x00514b    program   0x000000
        .idata_u1open.o_i    romdata   0x00514b    program   0x000000
        .romdata_u1open.o    romdata   0x00514b    program   0x000000
       .idata_adcopen.o_i    romdata   0x00514b    program   0x000000
           .idata_adc.o_i    romdata   0x00514b    program   0x000001
           .romdata_adc.o    romdata   0x00514b    program   0x000000
 .romdata_user_routines.o    romdata   0x00514b    program   0x000000
            .romdata_ir.o    romdata   0x00514b    program   0x000000
          .idata_gyro.o_i    romdata   0x00514b    program   0x000000
          .romdata_gyro.o    romdata   0x00514b    program   0x000000
   .idata_ifi_startup.o_i    romdata   0x00514b    program   0x000000
   .romdata_ifi_startup.o    romdata   0x00514b    program   0x000000
 .romdata_ifi_utilities.o    romdata   0x00514b    program   0x000000
          .idata_main.o_i    romdata   0x00514b    program   0x000000
          .romdata_main.o    romdata   0x00514b    program   0x000000
  .romdata_serial_ports.o    romdata   0x00514b    program   0x000000
.romdata_user_routines_fast.o    romdata   0x00514b    program   0x000000
    .idata_controller.o_i    romdata   0x00514b    program   0x000000
    .romdata_controller.o    romdata   0x00514b    program   0x000000
     .romdata_gyrodrive.o    romdata   0x00514b    program   0x000000
        .romdata_eeprom.o    romdata   0x00514b    program   0x000000
       .romdata_adcconv.o    romdata   0x00514b    program   0x000000
       .idata_adcconv.o_i    romdata   0x00514b    program   0x000000
    .romdata_interrupts.o    romdata   0x00514b    program   0x000000
        .idata_record.o_i    romdata   0x00514b    program   0x000000
        .romdata_record.o    romdata   0x00514b    program   0x000000
      .idata_velocity.o_i    romdata   0x00514b    program   0x000000
      .romdata_adcclose.o    romdata   0x00514b    program   0x000000
      .romdata_velocity.o    romdata   0x00514b    program   0x000000
      .idata_adcclose.o_i    romdata   0x00514b    program   0x000000
           .romdata_arm.o    romdata   0x00514b    program   0x000000
       .romdata_adcbusy.o    romdata   0x00514b    program   0x000000
       .idata_adcbusy.o_i    romdata   0x00514b    program   0x000000
         .code_adcclose.o       code   0x00514c    program   0x000006
          .code_adcconv.o       code   0x005152    program   0x000004
.idata_user_routines_fast.o_i    romdata   0x005156    program   0x000005
 .idata_user_routines.o_i    romdata   0x00515b    program   0x000007
  .idata_serial_ports.o_i    romdata   0x005162    program   0x000019
            .idata_ir.o_i    romdata   0x00517b    program   0x000007
    .idata_interrupts.o_i    romdata   0x005182    program   0x000010
 .idata_ifi_utilities.o_i    romdata   0x005192    program   0x000004
     .idata_gyrodrive.o_i    romdata   0x005196    program   0x000005
        .idata_eeprom.o_i    romdata   0x00519b    program   0x000005
           .idata_arm.o_i    romdata   0x0051a0    program   0x000004
           .code_stdout.o       code   0x0051a4    program   0x000000
      .code_ifi_startup.o       code   0x0051a4    program   0x000000
                  SPI_VAR      udata   0x000000       data   0x000017
                MATH_DATA      udata   0x000017       data   0x000014
                 .tmpdata      udata   0x00002b       data   0x00000c
                DELAYDAT1      udata   0x000037       data   0x000001
                 COPY_VAR      udata   0x000080       data   0x000080
    .udata_serial_ports.o      udata   0x000100       data   0x000080
          .udata_eeprom.o      udata   0x000180       data   0x000060
    .idata_serial_ports.o      idata   0x0001e0       data   0x000019
   .idata_user_routines.o      idata   0x0001f9       data   0x000007
            .udata_main.o      udata   0x000200       data   0x000041
              .udata_ir.o      udata   0x000241       data   0x00003f
       .udata_gyrodrive.o      udata   0x000280       data   0x00002a
             .udata_adc.o      udata   0x0002aa       data   0x000027
        .udata_velocity.o      udata   0x0002d1       data   0x000024
     .udata_ifi_startup.o      udata   0x0002f5       data   0x00000a
             .idata_adc.o      idata   0x0002ff       data   0x000001
             .udata_arm.o      udata   0x000300       data   0x000014
      .idata_interrupts.o      idata   0x000314       data   0x000010
            .udata_gyro.o      udata   0x000324       data   0x00000f
     .udata_ifi_library.o      udata   0x000333       data   0x00000d
          .udata_record.o      udata   0x000340       data   0x000008
              .idata_ir.o      idata   0x000348       data   0x000007
   .udata_user_routines.o      udata   0x00034f       data   0x000006
.idata_user_routines_fast.o      idata   0x000355       data   0x000005
       .idata_gyrodrive.o      idata   0x00035a       data   0x000005
          .idata_eeprom.o      idata   0x00035f       data   0x000005
   .udata_ifi_utilities.o      udata   0x000364       data   0x000004
   .idata_ifi_utilities.o      idata   0x000368       data   0x000004
             .idata_arm.o      idata   0x00036c       data   0x000004
          .idata_stdout.o      idata   0x000370       data   0x000002
         .udata_fxm3232.o      udata   0x000372       data   0x000000
         .idata_fxm3232.o      idata   0x000372       data   0x000000
            .idata_putc.o      idata   0x000372       data   0x000000
     .idata_ifi_library.o      idata   0x000372       data   0x000000
            .udata_putc.o      udata   0x000372       data   0x000000
          .udata_u1open.o      udata   0x000372       data   0x000000
          .idata_u1open.o      idata   0x000372       data   0x000000
         .udata_adcopen.o      udata   0x000372       data   0x000000
         .idata_adcopen.o      idata   0x000372       data   0x000000
        .udata_spi1open.o      udata   0x000372       data   0x000000
        .idata_spi1open.o      idata   0x000372       data   0x000000
         .udata_adcread.o      udata   0x000372       data   0x000000
        .idata_vfprintf.o      idata   0x000372       data   0x000000
        .udata_vfprintf.o      udata   0x000372       data   0x000000
         .idata_adcread.o      idata   0x000372       data   0x000000
          .udata_printf.o      udata   0x000372       data   0x000000
          .udata_stdout.o      udata   0x000372       data   0x000000
          .idata_printf.o      idata   0x000372       data   0x000000
            .idata_gyro.o      idata   0x000372       data   0x000000
     .idata_ifi_startup.o      idata   0x000372       data   0x000000
            .idata_main.o      idata   0x000372       data   0x000000
.udata_user_routines_fast.o      udata   0x000372       data   0x000000
      .udata_controller.o      udata   0x000372       data   0x000000
      .idata_controller.o      idata   0x000372       data   0x000000
      .udata_interrupts.o      udata   0x000372       data   0x000000
          .idata_record.o      idata   0x000372       data   0x000000
        .idata_velocity.o      idata   0x000372       data   0x000000
         .udata_adcbusy.o      udata   0x000372       data   0x000000
         .idata_adcbusy.o      idata   0x000372       data   0x000000
        .udata_adcclose.o      udata   0x000372       data   0x000000
        .idata_adcclose.o      idata   0x000372       data   0x000000
         .udata_adcconv.o      udata   0x000372       data   0x000000
         .idata_adcconv.o      idata   0x000372       data   0x000000
        .udata_fxd1616u.o      udata   0x000372       data   0x000000
        .idata_fxd1616u.o      idata   0x000372       data   0x000000
        .udata_fxd3232u.o      udata   0x000372       data   0x000000
        .idata_fxd3232u.o      idata   0x000372       data   0x000000
                   .stack      udata   0x000e00       data   0x000100
            SFR_UNBANKED0      udata   0x000f62       data   0x00009e



                              Program Memory Usage 
                               Start         End      
                           ---------   ---------      
                            0x000800    0x0051a3      
            18852 out of 132120 program addresses used, program memory utilization is 14%



                              Symbols - Sorted by Name
                     Name    Address   Location    Storage File                     
                ---------  ---------  ---------  --------- ---------                
          ADC_Int_Handler   0x0036ca    program     extern Z:\home\prog\code\2008\desbot3\adc.c
                  Adj_lp4   0x003188    program     static C:\FrcCode_2006_8722\Util_lib.asm
                  Adjust4   0x003184    program     static C:\FrcCode_2006_8722\Util_lib.asm
                  BusyADC   0x00080e    program     extern C:\mcc18\src\TRADIT~1\pmc\ADC\adcbusy.c
       Check_4_Violations   0x00180e    program     extern C:\FrcCode_2006_8722\ifi_library.c
               Clear_Bank   0x002e16    program     static C:\FrcCode_2006_8722\Util_lib.asm
               Clear_Loop   0x002e02    program     static C:\FrcCode_2006_8722\Util_lib.asm
             Clear_Memory   0x002dfc    program     extern C:\FrcCode_2006_8722\Util_lib.asm
       Clear_SPIdata_flag   0x001780    program     extern C:\FrcCode_2006_8722\ifi_library.c
                 CloseADC   0x00514c    program     extern C:\mcc18\src\TRADIT~1\pmc\ADC\adcclose.c
               ConvertADC   0x005152    program     extern C:\mcc18\src\TRADIT~1\pmc\ADC\adcconv.c
        Convert_ADC_to_mV   0x003630    program     extern Z:\home\prog\code\2008\desbot3\adc.c
                    D10_1   0x005134    program     static C:\MCC18\SRC\TRADIT~1\DELAYS\d10tcyx.asm
                     D10x   0x00512c    program     static C:\MCC18\SRC\TRADIT~1\DELAYS\d10tcyx.asm
                   D1616S   0x002bb6    program     static C:\MCC18\SRC\TRADIT~1\MATH\fxd1616s.asm
                D1616SNEG   0x002bc4    program     static C:\MCC18\SRC\TRADIT~1\MATH\fxd1616s.asm
                 D1616SOK   0x002bc0    program     static C:\MCC18\SRC\TRADIT~1\MATH\fxd1616s.asm
                  D1616SX   0x002bd6    program     static C:\MCC18\SRC\TRADIT~1\MATH\fxd1616s.asm
                    D1K_1   0x0050f4    program     static C:\MCC18\SRC\TRADIT~1\DELAYS\d1ktcyx.asm
                     D1Kx   0x0050f2    program     static C:\MCC18\SRC\TRADIT~1\DELAYS\d1ktcyx.asm
                   D3232S   0x002c10    program     static C:\MCC18\SRC\TRADIT~1\MATH\fxd3232s.asm
                D3232SNEG   0x002c1e    program     static C:\MCC18\SRC\TRADIT~1\MATH\fxd3232s.asm
                 D3232SOK   0x002c1a    program     static C:\MCC18\SRC\TRADIT~1\MATH\fxd3232s.asm
                  D3232SX   0x002c3e    program     static C:\MCC18\SRC\TRADIT~1\MATH\fxd3232s.asm
                  DA1616S   0x002ba6    program     static C:\MCC18\SRC\TRADIT~1\MATH\fxd1616s.asm
                  DA3232S   0x002bfa    program     static C:\MCC18\SRC\TRADIT~1\MATH\fxd3232s.asm
                      DL1   0x003144    program     static C:\FrcCode_2006_8722\Util_lib.asm
                      DL2   0x00315a    program     static C:\FrcCode_2006_8722\Util_lib.asm
          Dead_Space_Loop   0x003140    program     static C:\FrcCode_2006_8722\Util_lib.asm
          Default_Routine   0x001e42    program     extern Z:\home\prog\code\2008\desbot3\user_routines.c
              Delay10TCYx   0x005124    program     extern C:\MCC18\SRC\TRADIT~1\DELAYS\d10tcyx.asm
              Delay1KTCYx   0x0050e8    program     extern C:\MCC18\SRC\TRADIT~1\DELAYS\d1ktcyx.asm
              Disable_ADC   0x003550    program     extern Z:\home\prog\code\2008\desbot3\adc.c
          Disable_Timer_2   0x0035e2    program     extern Z:\home\prog\code\2008\desbot3\adc.c
              DisplayBufr   0x00459e    program     extern Z:\home\prog\code\2008\desbot3\ifi_utilities.c
  EEPROM_Queue_Free_Space   0x004ae6    program     extern Z:\home\prog\code\2008\desbot3\eeprom.c
              EEPROM_Read   0x0049ce    program     extern Z:\home\prog\code\2008\desbot3\eeprom.c
             EEPROM_Write   0x0049ec    program     extern Z:\home\prog\code\2008\desbot3\eeprom.c
     EEPROM_Write_Handler   0x004a3a    program     extern Z:\home\prog\code\2008\desbot3\eeprom.c
                 FLO0832S   0x0029f6    program     extern C:\MCC18\SRC\TRADIT~1\MATH\cast08FP.asm
                 FLO0832U   0x0029f2    program     extern C:\MCC18\SRC\TRADIT~1\MATH\cast08FP.asm
                    FPD32   0x002a14    program     extern C:\MCC18\SRC\TRADIT~1\MATH\divFP.asm
                    FPM32   0x002aba    program     extern C:\MCC18\SRC\TRADIT~1\MATH\mulFP.asm
                 FXD1616S   0x002b94    program     extern C:\MCC18\SRC\TRADIT~1\MATH\fxd1616s.asm
                 FXD1616U   0x005052    program     extern C:\mcc18\src\TRADIT~1\math\fxd1616u.c
                 FXD3232S   0x002be0    program     extern C:\MCC18\SRC\TRADIT~1\MATH\fxd3232s.asm
                 FXD3232U   0x004fcc    program     extern C:\mcc18\src\TRADIT~1\math\fxd3232u.c
                 FXM1616S   0x002c48    program     extern C:\MCC18\SRC\TRADIT~1\MATH\fxm1616s.asm
                  FXM3232   0x004dc4    program     extern C:\mcc18\src\TRADIT~1\math\fxm3232.c
            Generate_Pwms   0x00309a    program     extern C:\FrcCode_2006_8722\Util_lib.asm
       Generate_Pwms_Cont   0x0030de    program     static C:\FrcCode_2006_8722\Util_lib.asm
        GetDataFromMaster   0x002f72    program     extern C:\FrcCode_2006_8722\Util_lib.asm
           Get_ADC_Result   0x0035e8    program     extern Z:\home\prog\code\2008\desbot3\adc.c
     Get_ADC_Result_Count   0x0036aa    program     extern Z:\home\prog\code\2008\desbot3\adc.c
         Get_Analog_Value   0x004654    program     extern Z:\home\prog\code\2008\desbot3\ifi_utilities.c
           Get_Gyro_Angle   0x0043ae    program     extern Z:\home\prog\code\2008\desbot3\gyro.c
            Get_Gyro_Bias   0x004434    program     extern Z:\home\prog\code\2008\desbot3\gyro.c
            Get_Gyro_Rate   0x004352    program     extern Z:\home\prog\code\2008\desbot3\gyro.c
                  Getdata   0x0016d4    program     extern C:\FrcCode_2006_8722\ifi_library.c
               Gyro_Drive   0x003898    program     extern Z:\home\prog\code\2008\desbot3\gyrodrive.c
           Handle_Spi_Int   0x00167c    program     extern C:\FrcCode_2006_8722\ifi_library.c
               Hex_output   0x002e20    program     extern C:\FrcCode_2006_8722\Util_lib.asm
       IFI_Initialization   0x001582    program     extern C:\FrcCode_2006_8722\ifi_library.c
                  INT3208   0x002ca2    program     extern C:\MCC18\SRC\TRADIT~1\MATH\castFP08.asm
                 IR_Drive   0x002690    program     extern Z:\home\prog\code\2008\desbot3\ir.c
     Init_Serial_Port_One   0x003e64    program     extern Z:\home\prog\code\2008\desbot3\serial_ports.c
     Init_Serial_Port_Two   0x003e96    program     extern Z:\home\prog\code\2008\desbot3\serial_ports.c
           Initialize_ADC   0x0034f6    program     extern Z:\home\prog\code\2008\desbot3\adc.c
          Initialize_Gyro   0x004344    program     extern Z:\home\prog\code\2008\desbot3\gyro.c
    Initialize_Interrupts   0x004b2a    program     extern Z:\home\prog\code\2008\desbot3\interrupts.c
     Initialize_Registers   0x00150a    program     extern C:\FrcCode_2006_8722\ifi_library.c
  Initialize_Serial_Comms   0x00462e    program     extern Z:\home\prog\code\2008\desbot3\ifi_utilities.c
       Initialize_Timer_0   0x004b52    program     extern Z:\home\prog\code\2008\desbot3\interrupts.c
       Initialize_Timer_1   0x004b6e    program     extern Z:\home\prog\code\2008\desbot3\interrupts.c
       Initialize_Timer_2   0x00355e    program     extern Z:\home\prog\code\2008\desbot3\adc.c
       Initialize_Timer_3   0x004b86    program     extern Z:\home\prog\code\2008\desbot3\interrupts.c
       Initialize_Timer_4   0x004b9e    program     extern Z:\home\prog\code\2008\desbot3\interrupts.c
            Int_1_Handler   0x004bce    program     extern Z:\home\prog\code\2008\desbot3\interrupts.c
            Int_2_Handler   0x004be4    program     extern Z:\home\prog\code\2008\desbot3\interrupts.c
            Int_3_Handler   0x004bfa    program     extern Z:\home\prog\code\2008\desbot3\interrupts.c
            Int_4_Handler   0x004bfc    program     extern Z:\home\prog\code\2008\desbot3\interrupts.c
            Int_5_Handler   0x004bfe    program     extern Z:\home\prog\code\2008\desbot3\interrupts.c
            Int_6_Handler   0x004c00    program     extern Z:\home\prog\code\2008\desbot3\interrupts.c
     InterruptHandlerHigh   0x0014c6    program     extern C:\FrcCode_2006_8722\ifi_library.c
      InterruptHandlerLow   0x003b6c    program     extern Z:\home\prog\code\2008\desbot3\user_routines_fast.c
      InterruptVectorHigh   0x000808    program     extern C:\FrcCode_2006_8722\ifi_library.c
       InterruptVectorLow   0x000818    program     extern Z:\home\prog\code\2008\desbot3\user_routines_fast.c
                      LP4   0x0030e2    program     static C:\FrcCode_2006_8722\Util_lib.asm
                LP4_Cont1   0x0030ec    program     static C:\FrcCode_2006_8722\Util_lib.asm
                LP4_Cont2   0x0030f6    program     static C:\FrcCode_2006_8722\Util_lib.asm
                LP4_Cont3   0x003100    program     static C:\FrcCode_2006_8722\Util_lib.asm
                LP4_Cont4   0x00310c    program     static C:\FrcCode_2006_8722\Util_lib.asm
                LP4_Cont5   0x003116    program     static C:\FrcCode_2006_8722\Util_lib.asm
                LP4_Cont6   0x003120    program     static C:\FrcCode_2006_8722\Util_lib.asm
                LP4_Cont7   0x00312a    program     static C:\FrcCode_2006_8722\Util_lib.asm
                LP4_Cont8   0x003134    program     static C:\FrcCode_2006_8722\Util_lib.asm
                Limit_Mix   0x001be8    program     extern Z:\home\prog\code\2008\desbot3\user_routines.c
           MoveData4Buff0   0x002ee8    program     static C:\FrcCode_2006_8722\Util_lib.asm
        MoveDataFromBuff1   0x003010    program     static C:\FrcCode_2006_8722\Util_lib.asm
               Open1USART   0x004f68    program     extern C:\mcc18\src\TRADIT~1\pmc\USART\u1open.c
                  OpenADC   0x004e34    program     extern C:\mcc18\src\TRADIT~1\pmc\ADC\adcopen.c
                 OpenSPI1   0x004f02    program     extern C:\mcc18\src\TRADIT~1\pmc\SPI\spi1open.c
          PacketNum_Check   0x0045c6    program     extern Z:\home\prog\code\2008\desbot3\ifi_utilities.c
    Prep_SPI_4_First_Byte   0x00161e    program     extern C:\FrcCode_2006_8722\ifi_library.c
                PrintByte   0x004564    program     extern Z:\home\prog\code\2008\desbot3\ifi_utilities.c
                PrintWord   0x004574    program     extern Z:\home\prog\code\2008\desbot3\ifi_utilities.c
Process_Data_From_Local_IO   0x003e52    program     extern Z:\home\prog\code\2008\desbot3\user_routines_fast.c
Process_Data_From_Master_uP   0x001cbe    program     extern Z:\home\prog\code\2008\desbot3\user_routines.c
        Process_Gyro_Data   0x004466    program     extern Z:\home\prog\code\2008\desbot3\gyro.c
                  Putdata   0x001706    program     extern C:\FrcCode_2006_8722\ifi_library.c
                Pwm_Delay   0x003170    program     static C:\FrcCode_2006_8722\Util_lib.asm
                  ReadADC   0x005014    program     extern C:\mcc18\src\TRADIT~1\pmc\ADC\adcread.c
     Read_Serial_Port_One   0x003eec    program     extern Z:\home\prog\code\2008\desbot3\serial_ports.c
     Read_Serial_Port_Two   0x003f28    program     extern Z:\home\prog\code\2008\desbot3\serial_ports.c
   Reset_ADC_Result_Count   0x0036bc    program     extern Z:\home\prog\code\2008\desbot3\adc.c
         Reset_Gyro_Angle   0x00445a    program     extern Z:\home\prog\code\2008\desbot3\gyro.c
         Rx_1_Int_Handler   0x003fcc    program     extern Z:\home\prog\code\2008\desbot3\serial_ports.c
         Rx_2_Int_Handler   0x00400a    program     extern Z:\home\prog\code\2008\desbot3\serial_ports.c
         SendDataToMaster   0x002e4e    program     extern C:\FrcCode_2006_8722\Util_lib.asm
Serial_Port_One_Byte_Count   0x003ec8    program     extern Z:\home\prog\code\2008\desbot3\serial_ports.c
Serial_Port_Two_Byte_Count   0x003eda    program     extern Z:\home\prog\code\2008\desbot3\serial_ports.c
            Set_Gyro_Bias   0x00443e    program     extern Z:\home\prog\code\2008\desbot3\gyro.c
Set_Number_of_Analog_Channels   0x00464a    program     extern Z:\home\prog\code\2008\desbot3\ifi_utilities.c
    Setup_PWM_Output_Type   0x00178a    program     extern C:\FrcCode_2006_8722\ifi_library.c
          Setup_Spi_Slave   0x0014f4    program     extern C:\FrcCode_2006_8722\ifi_library.c
     Start_Gyro_Bias_Calc   0x0043d8    program     extern Z:\home\prog\code\2008\desbot3\gyro.c
      Stop_Gyro_Bias_Calc   0x0043f0    program     extern Z:\home\prog\code\2008\desbot3\gyro.c
               TSIGN1616A   0x002c94    program     static C:\MCC18\SRC\TRADIT~1\MATH\fxm1616s.asm
             TerminateGet   0x003090    program     static C:\FrcCode_2006_8722\Util_lib.asm
            TerminateSend   0x002f68    program     static C:\FrcCode_2006_8722\Util_lib.asm
      Timer_0_Int_Handler   0x004bba    program     extern Z:\home\prog\code\2008\desbot3\interrupts.c
      Timer_1_Int_Handler   0x004bbc    program     extern Z:\home\prog\code\2008\desbot3\interrupts.c
      Timer_2_Int_Handler   0x0036c6    program     extern Z:\home\prog\code\2008\desbot3\adc.c
      Timer_3_Int_Handler   0x004bbe    program     extern Z:\home\prog\code\2008\desbot3\interrupts.c
      Timer_4_Int_Handler   0x004bc0    program     extern Z:\home\prog\code\2008\desbot3\interrupts.c
         Tx_1_Int_Handler   0x004048    program     extern Z:\home\prog\code\2008\desbot3\serial_ports.c
         Tx_2_Int_Handler   0x004078    program     extern Z:\home\prog\code\2008\desbot3\serial_ports.c
  UpdateLocalPWMDirection   0x002e4c    program     extern C:\FrcCode_2006_8722\Util_lib.asm
     User_Autonomous_Code   0x003d5c    program     extern Z:\home\prog\code\2008\desbot3\user_routines_fast.c
      User_Initialization   0x001c42    program     extern Z:\home\prog\code\2008\desbot3\user_routines.c
       User_Proc_Is_Ready   0x001614    program     extern C:\FrcCode_2006_8722\ifi_library.c
             Wait4TXEmpty   0x00455e    program     extern Z:\home\prog\code\2008\desbot3\ifi_utilities.c
    Write_Serial_Port_One   0x003f64    program     extern Z:\home\prog\code\2008\desbot3\serial_ports.c
    Write_Serial_Port_Two   0x003f98    program     extern Z:\home\prog\code\2008\desbot3\serial_ports.c
                   _2jEnd   0x004eec    program     static C:\MCC18\SRC\TRADIT~1\STDCLIB\slenpgm.asm
        _D10TCYXCODE_000A   0x00512e    program     static C:\MCC18\SRC\TRADIT~1\DELAYS\d10tcyx.asm
        _D10TCYXCODE_000C   0x005130    program     static C:\MCC18\SRC\TRADIT~1\DELAYS\d10tcyx.asm
        _D10TCYXCODE_000E   0x005132    program     static C:\MCC18\SRC\TRADIT~1\DELAYS\d10tcyx.asm
        _D1KTCYXCODE_0010   0x0050f8    program     static C:\MCC18\SRC\TRADIT~1\DELAYS\d1ktcyx.asm
        _D1KTCYXCODE_0016   0x0050fe    program     static C:\MCC18\SRC\TRADIT~1\DELAYS\d1ktcyx.asm
                 __FpExit   0x002cfc    program     extern C:\MCC18\SRC\TRADIT~1\MATH\packFP.asm
                 __FpPack   0x002d28    program     extern C:\MCC18\SRC\TRADIT~1\MATH\packFP.asm
            __FpReturnNaN   0x002cf0    program     extern C:\MCC18\SRC\TRADIT~1\MATH\packFP.asm
         __FpReturnNegInf   0x002d02    program     extern C:\MCC18\SRC\TRADIT~1\MATH\packFP.asm
        __FpReturnNegZero   0x002d1a    program     extern C:\MCC18\SRC\TRADIT~1\MATH\packFP.asm
         __FpReturnPosInf   0x002d08    program     extern C:\MCC18\SRC\TRADIT~1\MATH\packFP.asm
        __FpReturnPosZero   0x002d22    program     extern C:\MCC18\SRC\TRADIT~1\MATH\packFP.asm
        __FpReturnSignInf   0x002cfe    program     extern C:\MCC18\SRC\TRADIT~1\MATH\packFP.asm
       __FpReturnSignZero   0x002d16    program     extern C:\MCC18\SRC\TRADIT~1\MATH\packFP.asm
              __FpReturnW   0x002d80    program     extern C:\MCC18\SRC\TRADIT~1\MATH\packFP.asm
              __FpUnPackA   0x002da0    program     extern C:\MCC18\SRC\TRADIT~1\MATH\UnpackFP.asm
              __FpUnPackB   0x002dd0    program     extern C:\MCC18\SRC\TRADIT~1\MATH\UnpackFP.asm
       ___return_lbl00000   0x00507c    program     static                          
       ___return_lbl00000   0x00080c    program     static                          
       ___return_lbl00000   0x00081c    program     static                          
       ___return_lbl00000   0x000804    program     static                          
       ___return_lbl00000   0x004e32    program     static                          
       ___return_lbl00000   0x005012    program     static                          
       ___return_lbl00001   0x0050e6    program     static                          
       ___return_lbl00002   0x004caa    program     static                          
                   __pa_0   0x004524    program     static Z:\home\prog\code\2008\desbot3\gyro.c
                   __pa_0   0x002080    program     static Z:\home\prog\code\2008\desbot3\user_routines.c
                   __pa_0   0x0037d8    program     static Z:\home\prog\code\2008\desbot3\adc.c
                   __pa_0   0x0046c6    program     static Z:\home\prog\code\2008\desbot3\ifi_utilities.c
                   __pa_0   0x0042f2    program     static Z:\home\prog\code\2008\desbot3\arm.c
                   __pa_0   0x0024fe    program     static Z:\home\prog\code\2008\desbot3\velocity.c
                   __pa_0   0x002952    program     static Z:\home\prog\code\2008\desbot3\ir.c
                   __pa_0   0x003424    program     static Z:\home\prog\code\2008\desbot3\controller.c
                   __pa_0   0x004af0    program     static Z:\home\prog\code\2008\desbot3\eeprom.c
                   __pa_0   0x003ac0    program     static Z:\home\prog\code\2008\desbot3\gyrodrive.c
                   __pa_0   0x0040d0    program     static Z:\home\prog\code\2008\desbot3\serial_ports.c
                   __pa_0   0x004812    program     static Z:\home\prog\code\2008\desbot3\record.c
                   __pa_0   0x0011e4    program     static C:\mcc18\src\TRADIT~1\stdclib\vfprintf.c
                   __pa_0   0x004c02    program     static Z:\home\prog\code\2008\desbot3\interrupts.c
                   __pa_1   0x004b04    program     static Z:\home\prog\code\2008\desbot3\eeprom.c
                   __pa_1   0x002096    program     static Z:\home\prog\code\2008\desbot3\user_routines.c
                   __pa_1   0x003afa    program     static Z:\home\prog\code\2008\desbot3\gyrodrive.c
                   __pa_1   0x003432    program     static Z:\home\prog\code\2008\desbot3\controller.c
                   __pa_1   0x00430e    program     static Z:\home\prog\code\2008\desbot3\arm.c
                   __pa_1   0x0040d8    program     static Z:\home\prog\code\2008\desbot3\serial_ports.c
                   __pa_1   0x002968    program     static Z:\home\prog\code\2008\desbot3\ir.c
                   __pa_1   0x0011ec    program     static C:\mcc18\src\TRADIT~1\stdclib\vfprintf.c
                   __pa_1   0x00453e    program     static Z:\home\prog\code\2008\desbot3\gyro.c
                   __pa_1   0x0046ce    program     static Z:\home\prog\code\2008\desbot3\ifi_utilities.c
                   __pa_1   0x00251e    program     static Z:\home\prog\code\2008\desbot3\velocity.c
                   __pa_1   0x00482e    program     static Z:\home\prog\code\2008\desbot3\record.c
                   __pa_1   0x0037f0    program     static Z:\home\prog\code\2008\desbot3\adc.c
                  __pa_10   0x0012a0    program     static C:\mcc18\src\TRADIT~1\stdclib\vfprintf.c
                  __pa_10   0x0034b2    program     static Z:\home\prog\code\2008\desbot3\controller.c
                  __pa_10   0x00211a    program     static Z:\home\prog\code\2008\desbot3\user_routines.c
                  __pa_10   0x0025b0    program     static Z:\home\prog\code\2008\desbot3\velocity.c
                  __pa_11   0x0012ae    program     static C:\mcc18\src\TRADIT~1\stdclib\vfprintf.c
                  __pa_11   0x0034ba    program     static Z:\home\prog\code\2008\desbot3\controller.c
                  __pa_12   0x0034c2    program     static Z:\home\prog\code\2008\desbot3\controller.c
                  __pa_12   0x0012c4    program     static C:\mcc18\src\TRADIT~1\stdclib\vfprintf.c
                  __pa_13   0x0034ca    program     static Z:\home\prog\code\2008\desbot3\controller.c
                  __pa_13   0x0012de    program     static C:\mcc18\src\TRADIT~1\stdclib\vfprintf.c
                  __pa_14   0x0034d6    program     static Z:\home\prog\code\2008\desbot3\controller.c
                  __pa_14   0x0012f6    program     static C:\mcc18\src\TRADIT~1\stdclib\vfprintf.c
                  __pa_15   0x001306    program     static C:\mcc18\src\TRADIT~1\stdclib\vfprintf.c
                  __pa_15   0x0034e2    program     static Z:\home\prog\code\2008\desbot3\controller.c
                  __pa_16   0x0034ee    program     static Z:\home\prog\code\2008\desbot3\controller.c
                  __pa_16   0x00131c    program     static C:\mcc18\src\TRADIT~1\stdclib\vfprintf.c
                  __pa_17   0x00132e    program     static C:\mcc18\src\TRADIT~1\stdclib\vfprintf.c
                  __pa_18   0x001340    program     static C:\mcc18\src\TRADIT~1\stdclib\vfprintf.c
                  __pa_19   0x00134a    program     static C:\mcc18\src\TRADIT~1\stdclib\vfprintf.c
                   __pa_2   0x0020b4    program     static Z:\home\prog\code\2008\desbot3\user_routines.c
                   __pa_2   0x004548    program     static Z:\home\prog\code\2008\desbot3\gyro.c
                   __pa_2   0x003b10    program     static Z:\home\prog\code\2008\desbot3\gyrodrive.c
                   __pa_2   0x003450    program     static Z:\home\prog\code\2008\desbot3\controller.c
                   __pa_2   0x0037fa    program     static Z:\home\prog\code\2008\desbot3\adc.c
                   __pa_2   0x00431e    program     static Z:\home\prog\code\2008\desbot3\arm.c
                   __pa_2   0x0011f6    program     static C:\mcc18\src\TRADIT~1\stdclib\vfprintf.c
                   __pa_2   0x00297c    program     static Z:\home\prog\code\2008\desbot3\ir.c
                   __pa_2   0x0046d8    program     static Z:\home\prog\code\2008\desbot3\ifi_utilities.c
                   __pa_2   0x004846    program     static Z:\home\prog\code\2008\desbot3\record.c
                   __pa_2   0x004b18    program     static Z:\home\prog\code\2008\desbot3\eeprom.c
                   __pa_2   0x002538    program     static Z:\home\prog\code\2008\desbot3\velocity.c
                  __pa_20   0x00135a    program     static C:\mcc18\src\TRADIT~1\stdclib\vfprintf.c
                  __pa_21   0x00136a    program     static C:\mcc18\src\TRADIT~1\stdclib\vfprintf.c
                  __pa_22   0x00137a    program     static C:\mcc18\src\TRADIT~1\stdclib\vfprintf.c
                  __pa_23   0x001386    program     static C:\mcc18\src\TRADIT~1\stdclib\vfprintf.c
                  __pa_24   0x001394    program     static C:\mcc18\src\TRADIT~1\stdclib\vfprintf.c
                  __pa_25   0x00139c    program     static C:\mcc18\src\TRADIT~1\stdclib\vfprintf.c
                  __pa_26   0x0013a6    program     static C:\mcc18\src\TRADIT~1\stdclib\vfprintf.c
                  __pa_27   0x0013b0    program     static C:\mcc18\src\TRADIT~1\stdclib\vfprintf.c
                  __pa_28   0x0013b8    program     static C:\mcc18\src\TRADIT~1\stdclib\vfprintf.c
                  __pa_29   0x0013c6    program     static C:\mcc18\src\TRADIT~1\stdclib\vfprintf.c
                   __pa_3   0x003802    program     static Z:\home\prog\code\2008\desbot3\adc.c
                   __pa_3   0x002540    program     static Z:\home\prog\code\2008\desbot3\velocity.c
                   __pa_3   0x00298e    program     static Z:\home\prog\code\2008\desbot3\ir.c
                   __pa_3   0x00485c    program     static Z:\home\prog\code\2008\desbot3\record.c
                   __pa_3   0x0046e4    program     static Z:\home\prog\code\2008\desbot3\ifi_utilities.c
                   __pa_3   0x003458    program     static Z:\home\prog\code\2008\desbot3\controller.c
                   __pa_3   0x00432c    program     static Z:\home\prog\code\2008\desbot3\arm.c
                   __pa_3   0x004b22    program     static Z:\home\prog\code\2008\desbot3\eeprom.c
                   __pa_3   0x0020c6    program     static Z:\home\prog\code\2008\desbot3\user_routines.c
                   __pa_3   0x003b1c    program     static Z:\home\prog\code\2008\desbot3\gyrodrive.c
                   __pa_3   0x001200    program     static C:\mcc18\src\TRADIT~1\stdclib\vfprintf.c
                  __pa_30   0x0013e2    program     static C:\mcc18\src\TRADIT~1\stdclib\vfprintf.c
                  __pa_31   0x0013fc    program     static C:\mcc18\src\TRADIT~1\stdclib\vfprintf.c
                  __pa_32   0x001416    program     static C:\mcc18\src\TRADIT~1\stdclib\vfprintf.c
                  __pa_33   0x00142e    program     static C:\mcc18\src\TRADIT~1\stdclib\vfprintf.c
                  __pa_34   0x001438    program     static C:\mcc18\src\TRADIT~1\stdclib\vfprintf.c
                  __pa_35   0x001446    program     static C:\mcc18\src\TRADIT~1\stdclib\vfprintf.c
                  __pa_36   0x00144e    program     static C:\mcc18\src\TRADIT~1\stdclib\vfprintf.c
                  __pa_37   0x001458    program     static C:\mcc18\src\TRADIT~1\stdclib\vfprintf.c
                  __pa_38   0x001468    program     static C:\mcc18\src\TRADIT~1\stdclib\vfprintf.c
                  __pa_39   0x001476    program     static C:\mcc18\src\TRADIT~1\stdclib\vfprintf.c
                   __pa_4   0x001218    program     static C:\mcc18\src\TRADIT~1\stdclib\vfprintf.c
                   __pa_4   0x003b32    program     static Z:\home\prog\code\2008\desbot3\gyrodrive.c
                   __pa_4   0x00433a    program     static Z:\home\prog\code\2008\desbot3\arm.c
                   __pa_4   0x0020d0    program     static Z:\home\prog\code\2008\desbot3\user_routines.c
                   __pa_4   0x003466    program     static Z:\home\prog\code\2008\desbot3\controller.c
                   __pa_4   0x00299a    program     static Z:\home\prog\code\2008\desbot3\ir.c
                   __pa_4   0x002556    program     static Z:\home\prog\code\2008\desbot3\velocity.c
                   __pa_4   0x003816    program     static Z:\home\prog\code\2008\desbot3\adc.c
                  __pa_40   0x001482    program     static C:\mcc18\src\TRADIT~1\stdclib\vfprintf.c
                  __pa_41   0x00148e    program     static C:\mcc18\src\TRADIT~1\stdclib\vfprintf.c
                  __pa_42   0x001496    program     static C:\mcc18\src\TRADIT~1\stdclib\vfprintf.c
                  __pa_43   0x0014a0    program     static C:\mcc18\src\TRADIT~1\stdclib\vfprintf.c
                  __pa_44   0x0014a6    program     static C:\mcc18\src\TRADIT~1\stdclib\vfprintf.c
                  __pa_45   0x0014b0    program     static C:\mcc18\src\TRADIT~1\stdclib\vfprintf.c
                  __pa_46   0x0014bc    program     static C:\mcc18\src\TRADIT~1\stdclib\vfprintf.c
                   __pa_5   0x003478    program     static Z:\home\prog\code\2008\desbot3\controller.c
                   __pa_5   0x00256c    program     static Z:\home\prog\code\2008\desbot3\velocity.c
                   __pa_5   0x0020d8    program     static Z:\home\prog\code\2008\desbot3\user_routines.c
                   __pa_5   0x003b44    program     static Z:\home\prog\code\2008\desbot3\gyrodrive.c
                   __pa_5   0x00382a    program     static Z:\home\prog\code\2008\desbot3\adc.c
                   __pa_5   0x0029aa    program     static Z:\home\prog\code\2008\desbot3\ir.c
                   __pa_5   0x00122c    program     static C:\mcc18\src\TRADIT~1\stdclib\vfprintf.c
                   __pa_6   0x00383a    program     static Z:\home\prog\code\2008\desbot3\adc.c
                   __pa_6   0x003b54    program     static Z:\home\prog\code\2008\desbot3\gyrodrive.c
                   __pa_6   0x00257a    program     static Z:\home\prog\code\2008\desbot3\velocity.c
                   __pa_6   0x003488    program     static Z:\home\prog\code\2008\desbot3\controller.c
                   __pa_6   0x0020e8    program     static Z:\home\prog\code\2008\desbot3\user_routines.c
                   __pa_6   0x0029be    program     static Z:\home\prog\code\2008\desbot3\ir.c
                   __pa_6   0x001248    program     static C:\mcc18\src\TRADIT~1\stdclib\vfprintf.c
                   __pa_7   0x002586    program     static Z:\home\prog\code\2008\desbot3\velocity.c
                   __pa_7   0x003496    program     static Z:\home\prog\code\2008\desbot3\controller.c
                   __pa_7   0x0020f0    program     static Z:\home\prog\code\2008\desbot3\user_routines.c
                   __pa_7   0x001252    program     static C:\mcc18\src\TRADIT~1\stdclib\vfprintf.c
                   __pa_7   0x0029ce    program     static Z:\home\prog\code\2008\desbot3\ir.c
                   __pa_7   0x003b5e    program     static Z:\home\prog\code\2008\desbot3\gyrodrive.c
                   __pa_8   0x002594    program     static Z:\home\prog\code\2008\desbot3\velocity.c
                   __pa_8   0x0034a0    program     static Z:\home\prog\code\2008\desbot3\controller.c
                   __pa_8   0x0020fe    program     static Z:\home\prog\code\2008\desbot3\user_routines.c
                   __pa_8   0x0029dc    program     static Z:\home\prog\code\2008\desbot3\ir.c
                   __pa_8   0x00125e    program     static C:\mcc18\src\TRADIT~1\stdclib\vfprintf.c
                   __pa_9   0x0029e6    program     static Z:\home\prog\code\2008\desbot3\ir.c
                   __pa_9   0x001280    program     static C:\mcc18\src\TRADIT~1\stdclib\vfprintf.c
                   __pa_9   0x00210c    program     static Z:\home\prog\code\2008\desbot3\user_routines.c
                   __pa_9   0x0034aa    program     static Z:\home\prog\code\2008\desbot3\controller.c
                   __pa_9   0x0025a2    program     static Z:\home\prog\code\2008\desbot3\velocity.c
               __string_0   0x004970    program     static Z:\home\prog\code\2008\desbot3\record.c
               __string_0   0x0048d7    program     static Z:\home\prog\code\2008\desbot3\ir.c
               __string_0   0x0049c3    program     static Z:\home\prog\code\2008\desbot3\arm.c
               __string_0   0x0048c7    program     static Z:\home\prog\code\2008\desbot3\user_routines.c
               __string_0   0x004951    program     static Z:\home\prog\code\2008\desbot3\gyrodrive.c
               __string_0   0x00499f    program     static Z:\home\prog\code\2008\desbot3\velocity.c
               __string_1   0x00495e    program     static Z:\home\prog\code\2008\desbot3\record.c
               __string_1   0x0049b4    program     static Z:\home\prog\code\2008\desbot3\arm.c
               __string_1   0x004991    program     static Z:\home\prog\code\2008\desbot3\velocity.c
               __string_1   0x00493d    program     static Z:\home\prog\code\2008\desbot3\gyrodrive.c
               __string_1   0x0048b7    program     static Z:\home\prog\code\2008\desbot3\user_routines.c
               __string_2   0x0049a9    program     static Z:\home\prog\code\2008\desbot3\arm.c
               __string_2   0x0048a5    program     static Z:\home\prog\code\2008\desbot3\user_routines.c
               __string_2   0x00492d    program     static Z:\home\prog\code\2008\desbot3\gyrodrive.c
               __string_2   0x004985    program     static Z:\home\prog\code\2008\desbot3\velocity.c
               __string_3   0x004893    program     static Z:\home\prog\code\2008\desbot3\user_routines.c
               __string_3   0x00491b    program     static Z:\home\prog\code\2008\desbot3\gyrodrive.c
               __string_4   0x004871    program     static Z:\home\prog\code\2008\desbot3\user_routines.c
               __string_4   0x00490c    program     static Z:\home\prog\code\2008\desbot3\gyrodrive.c
               __string_5   0x004866    program     static Z:\home\prog\code\2008\desbot3\user_routines.c
              __tmplbl_42   0x00137a    program     static                          
              __tmplbl_43   0x0011c6    program     static                          
              __tmplbl_44   0x0011ac    program     static                          
              __tmplbl_86   0x0008fa    program     static                          
                _do_cinit   0x004c0e    program     extern Z:\home\prog\code\2008\desbot3\ifi_startup.c
                   _entry   0x000800    program     extern Z:\home\prog\code\2008\desbot3\ifi_startup.c
                   _false   0x00500e    program     static                          
                 _startup   0x0050c8    program     extern Z:\home\prog\code\2008\desbot3\ifi_startup.c
              _usart_putc   0x005108    program     extern C:\MCC18\SRC\TRADIT~1\PMC\USART\_usartpc.asm
               _user_putc   0x0040a8    program     extern Z:\home\prog\code\2008\desbot3\serial_ports.c
                 check_ir   0x0025b8    program     extern Z:\home\prog\code\2008\desbot3\ir.c
               controller   0x003280    program     extern Z:\home\prog\code\2008\desbot3\controller.c
                copy_loop   0x004c80    program     static                          
            copy_one_byte   0x004c86    program     static                          
                   do_arm   0x004128    program     extern Z:\home\prog\code\2008\desbot3\arm.c
               do_puncher   0x004294    program     extern Z:\home\prog\code\2008\desbot3\arm.c
                  do_turn   0x001e1c    program     extern Z:\home\prog\code\2008\desbot3\user_routines.c
                     done   0x004caa    program     static                          
             done_copying   0x004c94    program     static                          
                  endloop   0x005078    program     static                          
               get_rpm_1k   0x002124    program     extern Z:\home\prog\code\2008\desbot3\velocity.c
             get_velocity   0x002278    program     extern Z:\home\prog\code\2008\desbot3\velocity.c
                 init_arm   0x0040e2    program     extern Z:\home\prog\code\2008\desbot3\arm.c
          init_controller   0x003192    program     extern Z:\home\prog\code\2008\desbot3\controller.c
           init_gyro_pids   0x003848    program     extern Z:\home\prog\code\2008\desbot3\gyrodrive.c
                  init_ir   0x00262e    program     extern Z:\home\prog\code\2008\desbot3\ir.c
                  isdigit   0x0050a4    program     extern C:\MCC18\SRC\TRADIT~1\STDCLIB\isdigit.asm
                 jANotInf   0x002ad8    program     static C:\MCC18\SRC\TRADIT~1\MATH\mulFP.asm
                 jANotInf   0x002a32    program     static C:\MCC18\SRC\TRADIT~1\MATH\divFP.asm
                jANotZero   0x002a46    program     static C:\MCC18\SRC\TRADIT~1\MATH\divFP.asm
              jBothFinite   0x002ae6    program     static C:\MCC18\SRC\TRADIT~1\MATH\mulFP.asm
             jBothNotZero   0x002af2    program     static C:\MCC18\SRC\TRADIT~1\MATH\mulFP.asm
                     jEnd   0x004eb6    program     static C:\MCC18\SRC\TRADIT~1\STDCLIB\strlen.asm
                     jEnd   0x004eee    program     static C:\MCC18\SRC\TRADIT~1\STDCLIB\slenpgm.asm
                    jExit   0x002cee    program     static C:\MCC18\SRC\TRADIT~1\MATH\castFP08.asm
                jHaveZero   0x002aee    program     static C:\MCC18\SRC\TRADIT~1\MATH\mulFP.asm
                jI2F08Beg   0x002a00    program     static C:\MCC18\SRC\TRADIT~1\MATH\cast08FP.asm
                    jLoop   0x004ed6    program     static C:\MCC18\SRC\TRADIT~1\STDCLIB\slenpgm.asm
                    jLoop   0x004eac    program     static C:\MCC18\SRC\TRADIT~1\STDCLIB\strlen.asm
                    jLoop   0x002a6e    program     static C:\MCC18\SRC\TRADIT~1\MATH\divFP.asm
                    jLoop   0x002cd6    program     static C:\MCC18\SRC\TRADIT~1\MATH\castFP08.asm
                jLoopExit   0x002ce4    program     static C:\MCC18\SRC\TRADIT~1\MATH\castFP08.asm
                   jMatch   0x0050c4    program     static C:\MCC18\SRC\TRADIT~1\STDCLIB\isdigit.asm
                     jMax   0x002cb2    program     static C:\MCC18\SRC\TRADIT~1\MATH\castFP08.asm
                  jMaxNeg   0x002cbc    program     static C:\MCC18\SRC\TRADIT~1\MATH\castFP08.asm
                  jMaxPos   0x002cb6    program     static C:\MCC18\SRC\TRADIT~1\MATH\castFP08.asm
                    jNext   0x002a94    program     static C:\MCC18\SRC\TRADIT~1\MATH\divFP.asm
                jNoAdjust   0x002a92    program     static C:\MCC18\SRC\TRADIT~1\MATH\divFP.asm
                 jNoMatch   0x0050c6    program     static C:\MCC18\SRC\TRADIT~1\STDCLIB\isdigit.asm
                  jNotInf   0x002cc6    program     static C:\MCC18\SRC\TRADIT~1\MATH\castFP08.asm
                  jPkLoop   0x002d36    program     static C:\MCC18\SRC\TRADIT~1\MATH\packFP.asm
             jPkRoundDone   0x002d80    program     static C:\MCC18\SRC\TRADIT~1\MATH\packFP.asm
               jPkRoundIt   0x002d68    program     static C:\MCC18\SRC\TRADIT~1\MATH\packFP.asm
             jPkShiftDone   0x002d52    program     static C:\MCC18\SRC\TRADIT~1\MATH\packFP.asm
           jReturnPosInf0   0x002d0c    program     static C:\MCC18\SRC\TRADIT~1\MATH\packFP.asm
              jSignedZero   0x002a3c    program     static C:\MCC18\SRC\TRADIT~1\MATH\divFP.asm
                  jUnpkA1   0x002daa    program     static C:\MCC18\SRC\TRADIT~1\MATH\UnpackFP.asm
                  jUnpkA2   0x002dc2    program     static C:\MCC18\SRC\TRADIT~1\MATH\UnpackFP.asm
                 jUnpkANZ   0x002db8    program     static C:\MCC18\SRC\TRADIT~1\MATH\UnpackFP.asm
                  jUnpkB1   0x002dda    program     static C:\MCC18\SRC\TRADIT~1\MATH\UnpackFP.asm
                  jUnpkB2   0x002df2    program     static C:\MCC18\SRC\TRADIT~1\MATH\UnpackFP.asm
                 jUnpkBNZ   0x002de8    program     static C:\MCC18\SRC\TRADIT~1\MATH\UnpackFP.asm
                 jUnpkNaN   0x002dcc    program     static C:\MCC18\SRC\TRADIT~1\MATH\UnpackFP.asm
                    jZero   0x002cc2    program     static C:\MCC18\SRC\TRADIT~1\MATH\castFP08.asm
               jZero1and2   0x002d10    program     static C:\MCC18\SRC\TRADIT~1\MATH\packFP.asm
                     loop   0x0050d8    program     static                          
                     loop   0x004fda    program     static                          
                     loop   0x005118    program     static C:\MCC18\SRC\TRADIT~1\PMC\USART\_usartpc.asm
                     loop   0x00505c    program     static                          
                     main   0x00507e    program     extern Z:\home\prog\code\2008\desbot3\main.c
                   printf   0x004cac    program     extern C:\mcc18\src\TRADIT~1\stdclib\printf.c
                     putc   0x004d40    program     extern C:\mcc18\src\TRADIT~1\stdclib\putc.c
                   record   0x0046fa    program     extern Z:\home\prog\code\2008\desbot3\record.c
             record_reset   0x0046ec    program     extern Z:\home\prog\code\2008\desbot3\record.c
                   replay   0x004784    program     extern Z:\home\prog\code\2008\desbot3\record.c
                  s_delay   0x003176    program     static C:\FrcCode_2006_8722\Util_lib.asm
                 s_digits   0x00513a    program     static C:\mcc18\src\TRADIT~1\stdclib\vfprintf.c
            s_put_n_chars   0x0008a4    program     static C:\mcc18\src\TRADIT~1\stdclib\vfprintf.c
                   strlen   0x004e9c    program     extern C:\MCC18\SRC\TRADIT~1\STDCLIB\strlen.asm
                strlenpgm   0x004eb8    program     extern C:\MCC18\SRC\TRADIT~1\STDCLIB\slenpgm.asm
                     test   0x004c28    program     static                          
                 vfprintf   0x0008d0    program     extern C:\mcc18\src\TRADIT~1\stdclib\vfprintf.c
                   AARGB0   0x00001e       data     extern C:\MCC18\SRC\TRADIT~1\MATH\aarg.asm
                   AARGB1   0x00001d       data     extern C:\MCC18\SRC\TRADIT~1\MATH\aarg.asm
                   AARGB2   0x00001c       data     extern C:\MCC18\SRC\TRADIT~1\MATH\aarg.asm
                   AARGB3   0x00001b       data     extern C:\MCC18\SRC\TRADIT~1\MATH\aarg.asm
                   AARGB4   0x00001a       data     extern C:\MCC18\SRC\TRADIT~1\MATH\aarg.asm
                   AARGB5   0x000019       data     extern C:\MCC18\SRC\TRADIT~1\MATH\aarg.asm
                   AARGB6   0x000018       data     extern C:\MCC18\SRC\TRADIT~1\MATH\aarg.asm
                   AARGB7   0x000017       data     extern C:\MCC18\SRC\TRADIT~1\MATH\aarg.asm
                   ADCON0   0x000fc2       data     extern C:\MCC18\SRC\TRADIT~1\PROC\p18f8722.asm
               ADCON0bits   0x000fc2       data     extern C:\MCC18\SRC\TRADIT~1\PROC\p18f8722.asm
                   ADCON1   0x000fc1       data     extern C:\MCC18\SRC\TRADIT~1\PROC\p18f8722.asm
               ADCON1bits   0x000fc1       data     extern C:\MCC18\SRC\TRADIT~1\PROC\p18f8722.asm
                   ADCON2   0x000fc0       data     extern C:\MCC18\SRC\TRADIT~1\PROC\p18f8722.asm
               ADCON2bits   0x000fc0       data     extern C:\MCC18\SRC\TRADIT~1\PROC\p18f8722.asm
                    ADRES   0x000fc3       data     extern C:\MCC18\SRC\TRADIT~1\PROC\p18f8722.asm
                   ADRESH   0x000fc4       data     extern C:\MCC18\SRC\TRADIT~1\PROC\p18f8722.asm
                   ADRESL   0x000fc3       data     extern C:\MCC18\SRC\TRADIT~1\PROC\p18f8722.asm
                     AEXP   0x00001f       data     extern C:\MCC18\SRC\TRADIT~1\MATH\aarg.asm
                   BARGB0   0x000023       data     extern C:\MCC18\SRC\TRADIT~1\MATH\barg.asm
                   BARGB1   0x000022       data     extern C:\MCC18\SRC\TRADIT~1\MATH\barg.asm
                   BARGB2   0x000021       data     extern C:\MCC18\SRC\TRADIT~1\MATH\barg.asm
                   BARGB3   0x000020       data     extern C:\MCC18\SRC\TRADIT~1\MATH\barg.asm
                  BAUDCON   0x000f7e       data     extern C:\MCC18\SRC\TRADIT~1\PROC\p18f8722.asm
                 BAUDCON1   0x000f7e       data     extern C:\MCC18\SRC\TRADIT~1\PROC\p18f8722.asm
             BAUDCON1bits   0x000f7e       data     extern C:\MCC18\SRC\TRADIT~1\PROC\p18f8722.asm
                 BAUDCON2   0x000f7c       data     extern C:\MCC18\SRC\TRADIT~1\PROC\p18f8722.asm
             BAUDCON2bits   0x000f7c       data     extern C:\MCC18\SRC\TRADIT~1\PROC\p18f8722.asm
              BAUDCONbits   0x000f7e       data     extern C:\MCC18\SRC\TRADIT~1\PROC\p18f8722.asm
                     BEXP   0x000024       data     extern C:\MCC18\SRC\TRADIT~1\MATH\barg.asm
                      BSR   0x000fe0       data     extern C:\MCC18\SRC\TRADIT~1\PROC\p18f8722.asm
                  CCP1CON   0x000fbd       data     extern C:\MCC18\SRC\TRADIT~1\PROC\p18f8722.asm
              CCP1CONbits   0x000fbd       data     extern C:\MCC18\SRC\TRADIT~1\PROC\p18f8722.asm
                  CCP2CON   0x000fba       data     extern C:\MCC18\SRC\TRADIT~1\PROC\p18f8722.asm
              CCP2CONbits   0x000fba       data     extern C:\MCC18\SRC\TRADIT~1\PROC\p18f8722.asm
                  CCP3CON   0x000fb7       data     extern C:\MCC18\SRC\TRADIT~1\PROC\p18f8722.asm
              CCP3CONbits   0x000fb7       data     extern C:\MCC18\SRC\TRADIT~1\PROC\p18f8722.asm
                  CCP4CON   0x000f73       data     extern C:\MCC18\SRC\TRADIT~1\PROC\p18f8722.asm
              CCP4CONbits   0x000f73       data     extern C:\MCC18\SRC\TRADIT~1\PROC\p18f8722.asm
                  CCP5CON   0x000f70       data     extern C:\MCC18\SRC\TRADIT~1\PROC\p18f8722.asm
              CCP5CONbits   0x000f70       data     extern C:\MCC18\SRC\TRADIT~1\PROC\p18f8722.asm
                    CCPR1   0x000fbe       data     extern C:\MCC18\SRC\TRADIT~1\PROC\p18f8722.asm
                   CCPR1H   0x000fbf       data     extern C:\MCC18\SRC\TRADIT~1\PROC\p18f8722.asm
                   CCPR1L   0x000fbe       data     extern C:\MCC18\SRC\TRADIT~1\PROC\p18f8722.asm
                    CCPR2   0x000fbb       data     extern C:\MCC18\SRC\TRADIT~1\PROC\p18f8722.asm
                   CCPR2H   0x000fbc       data     extern C:\MCC18\SRC\TRADIT~1\PROC\p18f8722.asm
                   CCPR2L   0x000fbb       data     extern C:\MCC18\SRC\TRADIT~1\PROC\p18f8722.asm
                    CCPR3   0x000fb8       data     extern C:\MCC18\SRC\TRADIT~1\PROC\p18f8722.asm
                   CCPR3H   0x000fb9       data     extern C:\MCC18\SRC\TRADIT~1\PROC\p18f8722.asm
                   CCPR3L   0x000fb8       data     extern C:\MCC18\SRC\TRADIT~1\PROC\p18f8722.asm
                    CCPR4   0x000f74       data     extern C:\MCC18\SRC\TRADIT~1\PROC\p18f8722.asm
                   CCPR4H   0x000f75       data     extern C:\MCC18\SRC\TRADIT~1\PROC\p18f8722.asm
                   CCPR4L   0x000f74       data     extern C:\MCC18\SRC\TRADIT~1\PROC\p18f8722.asm
                    CCPR5   0x000f71       data     extern C:\MCC18\SRC\TRADIT~1\PROC\p18f8722.asm
                   CCPR5H   0x000f72       data     extern C:\MCC18\SRC\TRADIT~1\PROC\p18f8722.asm
                   CCPR5L   0x000f71       data     extern C:\MCC18\SRC\TRADIT~1\PROC\p18f8722.asm
                    CMCON   0x000fb4       data     extern C:\MCC18\SRC\TRADIT~1\PROC\p18f8722.asm
                CMCONbits   0x000fb4       data     extern C:\MCC18\SRC\TRADIT~1\PROC\p18f8722.asm
                   CVRCON   0x000fb5       data     extern C:\MCC18\SRC\TRADIT~1\PROC\p18f8722.asm
               CVRCONbits   0x000fb5       data     extern C:\MCC18\SRC\TRADIT~1\PROC\p18f8722.asm
                      Cnt   0x000013       data     static C:\FrcCode_2006_8722\Util_lib.asm
                     Cnt1   0x000014       data     static C:\FrcCode_2006_8722\Util_lib.asm
                     DDRA   0x000f92       data     extern C:\MCC18\SRC\TRADIT~1\PROC\p18f8722.asm
                 DDRAbits   0x000f92       data     extern C:\MCC18\SRC\TRADIT~1\PROC\p18f8722.asm
                     DDRB   0x000f93       data     extern C:\MCC18\SRC\TRADIT~1\PROC\p18f8722.asm
                 DDRBbits   0x000f93       data     extern C:\MCC18\SRC\TRADIT~1\PROC\p18f8722.asm
                     DDRC   0x000f94       data     extern C:\MCC18\SRC\TRADIT~1\PROC\p18f8722.asm
                 DDRCbits   0x000f94       data     extern C:\MCC18\SRC\TRADIT~1\PROC\p18f8722.asm
                     DDRD   0x000f95       data     extern C:\MCC18\SRC\TRADIT~1\PROC\p18f8722.asm
                 DDRDbits   0x000f95       data     extern C:\MCC18\SRC\TRADIT~1\PROC\p18f8722.asm
                     DDRE   0x000f96       data     extern C:\MCC18\SRC\TRADIT~1\PROC\p18f8722.asm
                 DDREbits   0x000f96       data     extern C:\MCC18\SRC\TRADIT~1\PROC\p18f8722.asm
                     DDRF   0x000f97       data     extern C:\MCC18\SRC\TRADIT~1\PROC\p18f8722.asm
                 DDRFbits   0x000f97       data     extern C:\MCC18\SRC\TRADIT~1\PROC\p18f8722.asm
                     DDRG   0x000f98       data     extern C:\MCC18\SRC\TRADIT~1\PROC\p18f8722.asm
                 DDRGbits   0x000f98       data     extern C:\MCC18\SRC\TRADIT~1\PROC\p18f8722.asm
                     DDRH   0x000f99       data     extern C:\MCC18\SRC\TRADIT~1\PROC\p18f8722.asm
                 DDRHbits   0x000f99       data     extern C:\MCC18\SRC\TRADIT~1\PROC\p18f8722.asm
                     DDRJ   0x000f9a       data     extern C:\MCC18\SRC\TRADIT~1\PROC\p18f8722.asm
                 DDRJbits   0x000f9a       data     extern C:\MCC18\SRC\TRADIT~1\PROC\p18f8722.asm
            DelayCounter1   0x000037       data     extern C:\MCC18\SRC\TRADIT~1\DELAYS\delayd1.asm
                  ECCP1AS   0x000fb6       data     extern C:\MCC18\SRC\TRADIT~1\PROC\p18f8722.asm
              ECCP1ASbits   0x000fb6       data     extern C:\MCC18\SRC\TRADIT~1\PROC\p18f8722.asm
                 ECCP1CON   0x000fbd       data     extern C:\MCC18\SRC\TRADIT~1\PROC\p18f8722.asm
             ECCP1CONbits   0x000fbd       data     extern C:\MCC18\SRC\TRADIT~1\PROC\p18f8722.asm
                 ECCP1DEL   0x000f79       data     extern C:\MCC18\SRC\TRADIT~1\PROC\p18f8722.asm
             ECCP1DELbits   0x000f79       data     extern C:\MCC18\SRC\TRADIT~1\PROC\p18f8722.asm
                  ECCP2AS   0x000f68       data     extern C:\MCC18\SRC\TRADIT~1\PROC\p18f8722.asm
              ECCP2ASbits   0x000f68       data     extern C:\MCC18\SRC\TRADIT~1\PROC\p18f8722.asm
                 ECCP2CON   0x000fba       data     extern C:\MCC18\SRC\TRADIT~1\PROC\p18f8722.asm
             ECCP2CONbits   0x000fba       data     extern C:\MCC18\SRC\TRADIT~1\PROC\p18f8722.asm
                 ECCP2DEL   0x000f67       data     extern C:\MCC18\SRC\TRADIT~1\PROC\p18f8722.asm
             ECCP2DELbits   0x000f67       data     extern C:\MCC18\SRC\TRADIT~1\PROC\p18f8722.asm
                  ECCP3AS   0x000f6a       data     extern C:\MCC18\SRC\TRADIT~1\PROC\p18f8722.asm
              ECCP3ASbits   0x000f6a       data     extern C:\MCC18\SRC\TRADIT~1\PROC\p18f8722.asm
                 ECCP3CON   0x000fb7       data     extern C:\MCC18\SRC\TRADIT~1\PROC\p18f8722.asm
             ECCP3CONbits   0x000fb7       data     extern C:\MCC18\SRC\TRADIT~1\PROC\p18f8722.asm
                 ECCP3DEL   0x000f69       data     extern C:\MCC18\SRC\TRADIT~1\PROC\p18f8722.asm
             ECCP3DELbits   0x000f69       data     extern C:\MCC18\SRC\TRADIT~1\PROC\p18f8722.asm
                    EEADR   0x000fa9       data     extern C:\MCC18\SRC\TRADIT~1\PROC\p18f8722.asm
                   EEADRH   0x000faa       data     extern C:\MCC18\SRC\TRADIT~1\PROC\p18f8722.asm
                   EECON1   0x000fa6       data     extern C:\MCC18\SRC\TRADIT~1\PROC\p18f8722.asm
               EECON1bits   0x000fa6       data     extern C:\MCC18\SRC\TRADIT~1\PROC\p18f8722.asm
                   EECON2   0x000fa7       data     extern C:\MCC18\SRC\TRADIT~1\PROC\p18f8722.asm
                   EEDATA   0x000fa8       data     extern C:\MCC18\SRC\TRADIT~1\PROC\p18f8722.asm
                  FPFLAGS   0x000026       data     extern C:\MCC18\SRC\TRADIT~1\MATH\cmath18.asm
              FPFLAGSbits   0x000026       data     extern C:\MCC18\SRC\TRADIT~1\MATH\cmath18.asm
                     FSR0   0x000fe9       data     extern C:\MCC18\SRC\TRADIT~1\PROC\p18f8722.asm
                    FSR0H   0x000fea       data     extern C:\MCC18\SRC\TRADIT~1\PROC\p18f8722.asm
                    FSR0L   0x000fe9       data     extern C:\MCC18\SRC\TRADIT~1\PROC\p18f8722.asm
                     FSR1   0x000fe1       data     extern C:\MCC18\SRC\TRADIT~1\PROC\p18f8722.asm
                    FSR1H   0x000fe2       data     extern C:\MCC18\SRC\TRADIT~1\PROC\p18f8722.asm
                    FSR1L   0x000fe1       data     extern C:\MCC18\SRC\TRADIT~1\PROC\p18f8722.asm
                     FSR2   0x000fd9       data     extern C:\MCC18\SRC\TRADIT~1\PROC\p18f8722.asm
                    FSR2H   0x000fda       data     extern C:\MCC18\SRC\TRADIT~1\PROC\p18f8722.asm
                    FSR2L   0x000fd9       data     extern C:\MCC18\SRC\TRADIT~1\PROC\p18f8722.asm
                FSRH_temp   0x000004       data     static C:\FrcCode_2006_8722\Util_lib.asm
                FSRL_temp   0x000005       data     static C:\FrcCode_2006_8722\Util_lib.asm
                  HLVDCON   0x000fd2       data     extern C:\MCC18\SRC\TRADIT~1\PROC\p18f8722.asm
              HLVDCONbits   0x000fd2       data     extern C:\MCC18\SRC\TRADIT~1\PROC\p18f8722.asm
                        I   0x000339       data     static C:\FrcCode_2006_8722\ifi_library.c
                    INDF0   0x000fef       data     extern C:\MCC18\SRC\TRADIT~1\PROC\p18f8722.asm
                    INDF1   0x000fe7       data     extern C:\MCC18\SRC\TRADIT~1\PROC\p18f8722.asm
                    INDF2   0x000fdf       data     extern C:\MCC18\SRC\TRADIT~1\PROC\p18f8722.asm
                   INTCON   0x000ff2       data     extern C:\MCC18\SRC\TRADIT~1\PROC\p18f8722.asm
                  INTCON2   0x000ff1       data     extern C:\MCC18\SRC\TRADIT~1\PROC\p18f8722.asm
              INTCON2bits   0x000ff1       data     extern C:\MCC18\SRC\TRADIT~1\PROC\p18f8722.asm
                  INTCON3   0x000ff0       data     extern C:\MCC18\SRC\TRADIT~1\PROC\p18f8722.asm
              INTCON3bits   0x000ff0       data     extern C:\MCC18\SRC\TRADIT~1\PROC\p18f8722.asm
               INTCONbits   0x000ff2       data     extern C:\MCC18\SRC\TRADIT~1\PROC\p18f8722.asm
                     IPR1   0x000f9f       data     extern C:\MCC18\SRC\TRADIT~1\PROC\p18f8722.asm
                 IPR1bits   0x000f9f       data     extern C:\MCC18\SRC\TRADIT~1\PROC\p18f8722.asm
                     IPR2   0x000fa2       data     extern C:\MCC18\SRC\TRADIT~1\PROC\p18f8722.asm
                 IPR2bits   0x000fa2       data     extern C:\MCC18\SRC\TRADIT~1\PROC\p18f8722.asm
                     IPR3   0x000fa5       data     extern C:\MCC18\SRC\TRADIT~1\PROC\p18f8722.asm
                 IPR3bits   0x000fa5       data     extern C:\MCC18\SRC\TRADIT~1\PROC\p18f8722.asm
                     LATA   0x000f89       data     extern C:\MCC18\SRC\TRADIT~1\PROC\p18f8722.asm
                 LATAbits   0x000f89       data     extern C:\MCC18\SRC\TRADIT~1\PROC\p18f8722.asm
                     LATB   0x000f8a       data     extern C:\MCC18\SRC\TRADIT~1\PROC\p18f8722.asm
                 LATBbits   0x000f8a       data     extern C:\MCC18\SRC\TRADIT~1\PROC\p18f8722.asm
                     LATC   0x000f8b       data     extern C:\MCC18\SRC\TRADIT~1\PROC\p18f8722.asm
                 LATCbits   0x000f8b       data     extern C:\MCC18\SRC\TRADIT~1\PROC\p18f8722.asm
                     LATD   0x000f8c       data     extern C:\MCC18\SRC\TRADIT~1\PROC\p18f8722.asm
                 LATDbits   0x000f8c       data     extern C:\MCC18\SRC\TRADIT~1\PROC\p18f8722.asm
                     LATE   0x000f8d       data     extern C:\MCC18\SRC\TRADIT~1\PROC\p18f8722.asm
                 LATEbits   0x000f8d       data     extern C:\MCC18\SRC\TRADIT~1\PROC\p18f8722.asm
                     LATF   0x000f8e       data     extern C:\MCC18\SRC\TRADIT~1\PROC\p18f8722.asm
                 LATFbits   0x000f8e       data     extern C:\MCC18\SRC\TRADIT~1\PROC\p18f8722.asm
                     LATG   0x000f8f       data     extern C:\MCC18\SRC\TRADIT~1\PROC\p18f8722.asm
                 LATGbits   0x000f8f       data     extern C:\MCC18\SRC\TRADIT~1\PROC\p18f8722.asm
                     LATH   0x000f90       data     extern C:\MCC18\SRC\TRADIT~1\PROC\p18f8722.asm
                 LATHbits   0x000f90       data     extern C:\MCC18\SRC\TRADIT~1\PROC\p18f8722.asm
                     LATJ   0x000f91       data     extern C:\MCC18\SRC\TRADIT~1\PROC\p18f8722.asm
                 LATJbits   0x000f91       data     extern C:\MCC18\SRC\TRADIT~1\PROC\p18f8722.asm
                   LVDCON   0x000fd2       data     extern C:\MCC18\SRC\TRADIT~1\PROC\p18f8722.asm
               LVDCONbits   0x000fd2       data     extern C:\MCC18\SRC\TRADIT~1\PROC\p18f8722.asm
                   MEMCON   0x000f9c       data     extern C:\MCC18\SRC\TRADIT~1\PROC\p18f8722.asm
               MEMCONbits   0x000f9c       data     extern C:\MCC18\SRC\TRADIT~1\PROC\p18f8722.asm
                   OSCCON   0x000fd3       data     extern C:\MCC18\SRC\TRADIT~1\PROC\p18f8722.asm
               OSCCONbits   0x000fd3       data     extern C:\MCC18\SRC\TRADIT~1\PROC\p18f8722.asm
                  OSCTUNE   0x000f9b       data     extern C:\MCC18\SRC\TRADIT~1\PROC\p18f8722.asm
              OSCTUNEbits   0x000f9b       data     extern C:\MCC18\SRC\TRADIT~1\PROC\p18f8722.asm
               Old_Port_B   0x000355       data     extern Z:\home\prog\code\2008\desbot3\user_routines_fast.c
                       PC   0x000ff9       data     extern C:\MCC18\SRC\TRADIT~1\PROC\p18f8722.asm
                      PCL   0x000ff9       data     extern C:\MCC18\SRC\TRADIT~1\PROC\p18f8722.asm
                   PCLATH   0x000ffa       data     extern C:\MCC18\SRC\TRADIT~1\PROC\p18f8722.asm
                   PCLATU   0x000ffb       data     extern C:\MCC18\SRC\TRADIT~1\PROC\p18f8722.asm
                     PIE1   0x000f9d       data     extern C:\MCC18\SRC\TRADIT~1\PROC\p18f8722.asm
                 PIE1bits   0x000f9d       data     extern C:\MCC18\SRC\TRADIT~1\PROC\p18f8722.asm
                     PIE2   0x000fa0       data     extern C:\MCC18\SRC\TRADIT~1\PROC\p18f8722.asm
                 PIE2bits   0x000fa0       data     extern C:\MCC18\SRC\TRADIT~1\PROC\p18f8722.asm
                     PIE3   0x000fa3       data     extern C:\MCC18\SRC\TRADIT~1\PROC\p18f8722.asm
                 PIE3bits   0x000fa3       data     extern C:\MCC18\SRC\TRADIT~1\PROC\p18f8722.asm
                     PIR1   0x000f9e       data     extern C:\MCC18\SRC\TRADIT~1\PROC\p18f8722.asm
                 PIR1bits   0x000f9e       data     extern C:\MCC18\SRC\TRADIT~1\PROC\p18f8722.asm
                     PIR2   0x000fa1       data     extern C:\MCC18\SRC\TRADIT~1\PROC\p18f8722.asm
                 PIR2bits   0x000fa1       data     extern C:\MCC18\SRC\TRADIT~1\PROC\p18f8722.asm
                     PIR3   0x000fa4       data     extern C:\MCC18\SRC\TRADIT~1\PROC\p18f8722.asm
                 PIR3bits   0x000fa4       data     extern C:\MCC18\SRC\TRADIT~1\PROC\p18f8722.asm
                   PLUSW0   0x000feb       data     extern C:\MCC18\SRC\TRADIT~1\PROC\p18f8722.asm
                   PLUSW1   0x000fe3       data     extern C:\MCC18\SRC\TRADIT~1\PROC\p18f8722.asm
                   PLUSW2   0x000fdb       data     extern C:\MCC18\SRC\TRADIT~1\PROC\p18f8722.asm
                    PORTA   0x000f80       data     extern C:\MCC18\SRC\TRADIT~1\PROC\p18f8722.asm
                PORTAbits   0x000f80       data     extern C:\MCC18\SRC\TRADIT~1\PROC\p18f8722.asm
                    PORTB   0x000f81       data     extern C:\MCC18\SRC\TRADIT~1\PROC\p18f8722.asm
                PORTBbits   0x000f81       data     extern C:\MCC18\SRC\TRADIT~1\PROC\p18f8722.asm
                    PORTC   0x000f82       data     extern C:\MCC18\SRC\TRADIT~1\PROC\p18f8722.asm
                PORTCbits   0x000f82       data     extern C:\MCC18\SRC\TRADIT~1\PROC\p18f8722.asm
                    PORTD   0x000f83       data     extern C:\MCC18\SRC\TRADIT~1\PROC\p18f8722.asm
                PORTDbits   0x000f83       data     extern C:\MCC18\SRC\TRADIT~1\PROC\p18f8722.asm
                    PORTE   0x000f84       data     extern C:\MCC18\SRC\TRADIT~1\PROC\p18f8722.asm
                PORTEbits   0x000f84       data     extern C:\MCC18\SRC\TRADIT~1\PROC\p18f8722.asm
                    PORTF   0x000f85       data     extern C:\MCC18\SRC\TRADIT~1\PROC\p18f8722.asm
                PORTFbits   0x000f85       data     extern C:\MCC18\SRC\TRADIT~1\PROC\p18f8722.asm
                    PORTG   0x000f86       data     extern C:\MCC18\SRC\TRADIT~1\PROC\p18f8722.asm
                PORTGbits   0x000f86       data     extern C:\MCC18\SRC\TRADIT~1\PROC\p18f8722.asm
                    PORTH   0x000f87       data     extern C:\MCC18\SRC\TRADIT~1\PROC\p18f8722.asm
                PORTHbits   0x000f87       data     extern C:\MCC18\SRC\TRADIT~1\PROC\p18f8722.asm
                    PORTJ   0x000f88       data     extern C:\MCC18\SRC\TRADIT~1\PROC\p18f8722.asm
                PORTJbits   0x000f88       data     extern C:\MCC18\SRC\TRADIT~1\PROC\p18f8722.asm
               PORT_TRASH   0x000012       data     static C:\FrcCode_2006_8722\Util_lib.asm
                 POSTDEC0   0x000fed       data     extern C:\MCC18\SRC\TRADIT~1\PROC\p18f8722.asm
                 POSTDEC1   0x000fe5       data     extern C:\MCC18\SRC\TRADIT~1\PROC\p18f8722.asm
                 POSTDEC2   0x000fdd       data     extern C:\MCC18\SRC\TRADIT~1\PROC\p18f8722.asm
                 POSTINC0   0x000fee       data     extern C:\MCC18\SRC\TRADIT~1\PROC\p18f8722.asm
                 POSTINC1   0x000fe6       data     extern C:\MCC18\SRC\TRADIT~1\PROC\p18f8722.asm
                 POSTINC2   0x000fde       data     extern C:\MCC18\SRC\TRADIT~1\PROC\p18f8722.asm
                      PR2   0x000fcb       data     extern C:\MCC18\SRC\TRADIT~1\PROC\p18f8722.asm
                      PR4   0x000f77       data     extern C:\MCC18\SRC\TRADIT~1\PROC\p18f8722.asm
                  PREINC0   0x000fec       data     extern C:\MCC18\SRC\TRADIT~1\PROC\p18f8722.asm
                  PREINC1   0x000fe4       data     extern C:\MCC18\SRC\TRADIT~1\PROC\p18f8722.asm
                  PREINC2   0x000fdc       data     extern C:\MCC18\SRC\TRADIT~1\PROC\p18f8722.asm
                     PROD   0x000ff3       data     extern C:\MCC18\SRC\TRADIT~1\PROC\p18f8722.asm
                    PRODH   0x000ff4       data     extern C:\MCC18\SRC\TRADIT~1\PROC\p18f8722.asm
                    PRODL   0x000ff3       data     extern C:\MCC18\SRC\TRADIT~1\PROC\p18f8722.asm
                   PSPCON   0x000fb0       data     extern C:\MCC18\SRC\TRADIT~1\PROC\p18f8722.asm
               PSPCONbits   0x000fb0       data     extern C:\MCC18\SRC\TRADIT~1\PROC\p18f8722.asm
           PWMdisableMask   0x000016       data     extern C:\FrcCode_2006_8722\Util_lib.asm
                     RCON   0x000fd0       data     extern C:\MCC18\SRC\TRADIT~1\PROC\p18f8722.asm
                 RCONbits   0x000fd0       data     extern C:\MCC18\SRC\TRADIT~1\PROC\p18f8722.asm
                    RCREG   0x000fae       data     extern C:\MCC18\SRC\TRADIT~1\PROC\p18f8722.asm
                   RCREG1   0x000fae       data     extern C:\MCC18\SRC\TRADIT~1\PROC\p18f8722.asm
                   RCREG2   0x000f6e       data     extern C:\MCC18\SRC\TRADIT~1\PROC\p18f8722.asm
                    RCSTA   0x000fab       data     extern C:\MCC18\SRC\TRADIT~1\PROC\p18f8722.asm
                   RCSTA1   0x000fab       data     extern C:\MCC18\SRC\TRADIT~1\PROC\p18f8722.asm
               RCSTA1bits   0x000fab       data     extern C:\MCC18\SRC\TRADIT~1\PROC\p18f8722.asm
                   RCSTA2   0x000f6b       data     extern C:\MCC18\SRC\TRADIT~1\PROC\p18f8722.asm
               RCSTA2bits   0x000f6b       data     extern C:\MCC18\SRC\TRADIT~1\PROC\p18f8722.asm
                RCSTAbits   0x000fab       data     extern C:\MCC18\SRC\TRADIT~1\PROC\p18f8722.asm
                    REMB0   0x00001a       data     extern C:\MCC18\SRC\TRADIT~1\MATH\aarg.asm
                    REMB1   0x000019       data     extern C:\MCC18\SRC\TRADIT~1\MATH\aarg.asm
                    REMB2   0x000018       data     extern C:\MCC18\SRC\TRADIT~1\MATH\aarg.asm
                    REMB3   0x000017       data     extern C:\MCC18\SRC\TRADIT~1\MATH\aarg.asm
      RX_1_Framing_Errors   0x0001e7       data     extern Z:\home\prog\code\2008\desbot3\serial_ports.c
      RX_1_Overrun_Errors   0x0001e6       data     extern Z:\home\prog\code\2008\desbot3\serial_ports.c
      RX_2_Framing_Errors   0x0001f3       data     extern Z:\home\prog\code\2008\desbot3\serial_ports.c
      RX_2_Overrun_Errors   0x0001f2       data     extern Z:\home\prog\code\2008\desbot3\serial_ports.c
               Rx_1_Queue   0x000100       data     extern Z:\home\prog\code\2008\desbot3\serial_ports.c
    Rx_1_Queue_Byte_Count   0x0001e5       data     extern Z:\home\prog\code\2008\desbot3\serial_ports.c
         Rx_1_Queue_Empty   0x0001e2       data     extern Z:\home\prog\code\2008\desbot3\serial_ports.c
          Rx_1_Queue_Full   0x0001e1       data     extern Z:\home\prog\code\2008\desbot3\serial_ports.c
    Rx_1_Queue_Read_Index   0x0001e3       data     extern Z:\home\prog\code\2008\desbot3\serial_ports.c
   Rx_1_Queue_Write_Index   0x0001e4       data     extern Z:\home\prog\code\2008\desbot3\serial_ports.c
               Rx_2_Queue   0x000140       data     extern Z:\home\prog\code\2008\desbot3\serial_ports.c
    Rx_2_Queue_Byte_Count   0x0001f1       data     extern Z:\home\prog\code\2008\desbot3\serial_ports.c
         Rx_2_Queue_Empty   0x0001ee       data     extern Z:\home\prog\code\2008\desbot3\serial_ports.c
          Rx_2_Queue_Full   0x0001ed       data     extern Z:\home\prog\code\2008\desbot3\serial_ports.c
    Rx_2_Queue_Read_Index   0x0001ef       data     extern Z:\home\prog\code\2008\desbot3\serial_ports.c
   Rx_2_Queue_Write_Index   0x0001f0       data     extern Z:\home\prog\code\2008\desbot3\serial_ports.c
                     SIGN   0x000025       data     extern C:\MCC18\SRC\TRADIT~1\MATH\cmath18.asm
                    SPBRG   0x000faf       data     extern C:\MCC18\SRC\TRADIT~1\PROC\p18f8722.asm
                   SPBRG1   0x000faf       data     extern C:\MCC18\SRC\TRADIT~1\PROC\p18f8722.asm
                   SPBRG2   0x000f6f       data     extern C:\MCC18\SRC\TRADIT~1\PROC\p18f8722.asm
                   SPBRGH   0x000f7f       data     extern C:\MCC18\SRC\TRADIT~1\PROC\p18f8722.asm
                  SPBRGH1   0x000f7f       data     extern C:\MCC18\SRC\TRADIT~1\PROC\p18f8722.asm
                  SPBRGH2   0x000f7d       data     extern C:\MCC18\SRC\TRADIT~1\PROC\p18f8722.asm
                  SSP1ADD   0x000fc8       data     extern C:\MCC18\SRC\TRADIT~1\PROC\p18f8722.asm
                  SSP1BUF   0x000fc9       data     extern C:\MCC18\SRC\TRADIT~1\PROC\p18f8722.asm
                 SSP1CON1   0x000fc6       data     extern C:\MCC18\SRC\TRADIT~1\PROC\p18f8722.asm
             SSP1CON1bits   0x000fc6       data     extern C:\MCC18\SRC\TRADIT~1\PROC\p18f8722.asm
                 SSP1CON2   0x000fc5       data     extern C:\MCC18\SRC\TRADIT~1\PROC\p18f8722.asm
             SSP1CON2bits   0x000fc5       data     extern C:\MCC18\SRC\TRADIT~1\PROC\p18f8722.asm
[...]
                    TRISC   0x000f94       data     extern C:\MCC18\SRC\TRADIT~1\PROC\p18f8722.asm
                    TRISD   0x000f95       data     extern C:\MCC18\SRC\TRADIT~1\PROC\p18f8722.asm
                TRISDbits   0x000f95       data     extern C:\MCC18\SRC\TRADIT~1\PROC\p18f8722.asm
                 DDRDbits   0x000f95       data     extern C:\MCC18\SRC\TRADIT~1\PROC\p18f8722.asm
                     DDRD   0x000f95       data     extern C:\MCC18\SRC\TRADIT~1\PROC\p18f8722.asm
                    TRISE   0x000f96       data     extern C:\MCC18\SRC\TRADIT~1\PROC\p18f8722.asm
                TRISEbits   0x000f96       data     extern C:\MCC18\SRC\TRADIT~1\PROC\p18f8722.asm
                 DDREbits   0x000f96       data     extern C:\MCC18\SRC\TRADIT~1\PROC\p18f8722.asm
                     DDRE   0x000f96       data     extern C:\MCC18\SRC\TRADIT~1\PROC\p18f8722.asm
                 DDRFbits   0x000f97       data     extern C:\MCC18\SRC\TRADIT~1\PROC\p18f8722.asm
                    TRISF   0x000f97       data     extern C:\MCC18\SRC\TRADIT~1\PROC\p18f8722.asm
                TRISFbits   0x000f97       data     extern C:\MCC18\SRC\TRADIT~1\PROC\p18f8722.asm
                     DDRF   0x000f97       data     extern C:\MCC18\SRC\TRADIT~1\PROC\p18f8722.asm
                     DDRG   0x000f98       data     extern C:\MCC18\SRC\TRADIT~1\PROC\p18f8722.asm
                    TRISG   0x000f98       data     extern C:\MCC18\SRC\TRADIT~1\PROC\p18f8722.asm
                TRISGbits   0x000f98       data     extern C:\MCC18\SRC\TRADIT~1\PROC\p18f8722.asm
                 DDRGbits   0x000f98       data     extern C:\MCC18\SRC\TRADIT~1\PROC\p18f8722.asm
                 DDRHbits   0x000f99       data     extern C:\MCC18\SRC\TRADIT~1\PROC\p18f8722.asm
                    TRISH   0x000f99       data     extern C:\MCC18\SRC\TRADIT~1\PROC\p18f8722.asm
                TRISHbits   0x000f99       data     extern C:\MCC18\SRC\TRADIT~1\PROC\p18f8722.asm
                     DDRH   0x000f99       data     extern C:\MCC18\SRC\TRADIT~1\PROC\p18f8722.asm
                    TRISJ   0x000f9a       data     extern C:\MCC18\SRC\TRADIT~1\PROC\p18f8722.asm
                TRISJbits   0x000f9a       data     extern C:\MCC18\SRC\TRADIT~1\PROC\p18f8722.asm
                     DDRJ   0x000f9a       data     extern C:\MCC18\SRC\TRADIT~1\PROC\p18f8722.asm
                 DDRJbits   0x000f9a       data     extern C:\MCC18\SRC\TRADIT~1\PROC\p18f8722.asm
                  OSCTUNE   0x000f9b       data     extern C:\MCC18\SRC\TRADIT~1\PROC\p18f8722.asm
              OSCTUNEbits   0x000f9b       data     extern C:\MCC18\SRC\TRADIT~1\PROC\p18f8722.asm
                   MEMCON   0x000f9c       data     extern C:\MCC18\SRC\TRADIT~1\PROC\p18f8722.asm
               MEMCONbits   0x000f9c       data     extern C:\MCC18\SRC\TRADIT~1\PROC\p18f8722.asm
                     PIE1   0x000f9d       data     extern C:\MCC18\SRC\TRADIT~1\PROC\p18f8722.asm
                 PIE1bits   0x000f9d       data     extern C:\MCC18\SRC\TRADIT~1\PROC\p18f8722.asm
                 PIR1bits   0x000f9e       data     extern C:\MCC18\SRC\TRADIT~1\PROC\p18f8722.asm
                     PIR1   0x000f9e       data     extern C:\MCC18\SRC\TRADIT~1\PROC\p18f8722.asm
                 IPR1bits   0x000f9f       data     extern C:\MCC18\SRC\TRADIT~1\PROC\p18f8722.asm
                     IPR1   0x000f9f       data     extern C:\MCC18\SRC\TRADIT~1\PROC\p18f8722.asm
                     PIE2   0x000fa0       data     extern C:\MCC18\SRC\TRADIT~1\PROC\p18f8722.asm
                 PIE2bits   0x000fa0       data     extern C:\MCC18\SRC\TRADIT~1\PROC\p18f8722.asm
                 PIR2bits   0x000fa1       data     extern C:\MCC18\SRC\TRADIT~1\PROC\p18f8722.asm
                     PIR2   0x000fa1       data     extern C:\MCC18\SRC\TRADIT~1\PROC\p18f8722.asm
                 IPR2bits   0x000fa2       data     extern C:\MCC18\SRC\TRADIT~1\PROC\p18f8722.asm
                     IPR2   0x000fa2       data     extern C:\MCC18\SRC\TRADIT~1\PROC\p18f8722.asm
                 PIE3bits   0x000fa3       data     extern C:\MCC18\SRC\TRADIT~1\PROC\p18f8722.asm
                     PIE3   0x000fa3       data     extern C:\MCC18\SRC\TRADIT~1\PROC\p18f8722.asm
                 PIR3bits   0x000fa4       data     extern C:\MCC18\SRC\TRADIT~1\PROC\p18f8722.asm
                     PIR3   0x000fa4       data     extern C:\MCC18\SRC\TRADIT~1\PROC\p18f8722.asm
                 IPR3bits   0x000fa5       data     extern C:\MCC18\SRC\TRADIT~1\PROC\p18f8722.asm
                     IPR3   0x000fa5       data     extern C:\MCC18\SRC\TRADIT~1\PROC\p18f8722.asm
                   EECON1   0x000fa6       data     extern C:\MCC18\SRC\TRADIT~1\PROC\p18f8722.asm
               EECON1bits   0x000fa6       data     extern C:\MCC18\SRC\TRADIT~1\PROC\p18f8722.asm
                   EECON2   0x000fa7       data     extern C:\MCC18\SRC\TRADIT~1\PROC\p18f8722.asm
                   EEDATA   0x000fa8       data     extern C:\MCC18\SRC\TRADIT~1\PROC\p18f8722.asm
                    EEADR   0x000fa9       data     extern C:\MCC18\SRC\TRADIT~1\PROC\p18f8722.asm
                   EEADRH   0x000faa       data     extern C:\MCC18\SRC\TRADIT~1\PROC\p18f8722.asm
                    RCSTA   0x000fab       data     extern C:\MCC18\SRC\TRADIT~1\PROC\p18f8722.asm
                   RCSTA1   0x000fab       data     extern C:\MCC18\SRC\TRADIT~1\PROC\p18f8722.asm
               RCSTA1bits   0x000fab       data     extern C:\MCC18\SRC\TRADIT~1\PROC\p18f8722.asm
                RCSTAbits   0x000fab       data     extern C:\MCC18\SRC\TRADIT~1\PROC\p18f8722.asm
                TXSTAbits   0x000fac       data     extern C:\MCC18\SRC\TRADIT~1\PROC\p18f8722.asm
               TXSTA1bits   0x000fac       data     extern C:\MCC18\SRC\TRADIT~1\PROC\p18f8722.asm
                   TXSTA1   0x000fac       data     extern C:\MCC18\SRC\TRADIT~1\PROC\p18f8722.asm
                    TXSTA   0x000fac       data     extern C:\MCC18\SRC\TRADIT~1\PROC\p18f8722.asm
                   TXREG1   0x000fad       data     extern C:\MCC18\SRC\TRADIT~1\PROC\p18f8722.asm
                    TXREG   0x000fad       data     extern C:\MCC18\SRC\TRADIT~1\PROC\p18f8722.asm
                   RCREG1   0x000fae       data     extern C:\MCC18\SRC\TRADIT~1\PROC\p18f8722.asm
                    RCREG   0x000fae       data     extern C:\MCC18\SRC\TRADIT~1\PROC\p18f8722.asm
                    SPBRG   0x000faf       data     extern C:\MCC18\SRC\TRADIT~1\PROC\p18f8722.asm
                   SPBRG1   0x000faf       data     extern C:\MCC18\SRC\TRADIT~1\PROC\p18f8722.asm
               PSPCONbits   0x000fb0       data     extern C:\MCC18\SRC\TRADIT~1\PROC\p18f8722.asm
                   PSPCON   0x000fb0       data     extern C:\MCC18\SRC\TRADIT~1\PROC\p18f8722.asm
                T3CONbits   0x000fb1       data     extern C:\MCC18\SRC\TRADIT~1\PROC\p18f8722.asm
                    T3CON   0x000fb1       data     extern C:\MCC18\SRC\TRADIT~1\PROC\p18f8722.asm
                    TMR3L   0x000fb2       data     extern C:\MCC18\SRC\TRADIT~1\PROC\p18f8722.asm
                    TMR3H   0x000fb3       data     extern C:\MCC18\SRC\TRADIT~1\PROC\p18f8722.asm
                    CMCON   0x000fb4       data     extern C:\MCC18\SRC\TRADIT~1\PROC\p18f8722.asm
                CMCONbits   0x000fb4       data     extern C:\MCC18\SRC\TRADIT~1\PROC\p18f8722.asm
                   CVRCON   0x000fb5       data     extern C:\MCC18\SRC\TRADIT~1\PROC\p18f8722.asm
               CVRCONbits   0x000fb5       data     extern C:\MCC18\SRC\TRADIT~1\PROC\p18f8722.asm
              ECCP1ASbits   0x000fb6       data     extern C:\MCC18\SRC\TRADIT~1\PROC\p18f8722.asm
                  ECCP1AS   0x000fb6       data     extern C:\MCC18\SRC\TRADIT~1\PROC\p18f8722.asm
              CCP3CONbits   0x000fb7       data     extern C:\MCC18\SRC\TRADIT~1\PROC\p18f8722.asm
                  CCP3CON   0x000fb7       data     extern C:\MCC18\SRC\TRADIT~1\PROC\p18f8722.asm
                 ECCP3CON   0x000fb7       data     extern C:\MCC18\SRC\TRADIT~1\PROC\p18f8722.asm
             ECCP3CONbits   0x000fb7       data     extern C:\MCC18\SRC\TRADIT~1\PROC\p18f8722.asm
                   CCPR3L   0x000fb8       data     extern C:\MCC18\SRC\TRADIT~1\PROC\p18f8722.asm
                    CCPR3   0x000fb8       data     extern C:\MCC18\SRC\TRADIT~1\PROC\p18f8722.asm
                   CCPR3H   0x000fb9       data     extern C:\MCC18\SRC\TRADIT~1\PROC\p18f8722.asm
              CCP2CONbits   0x000fba       data     extern C:\MCC18\SRC\TRADIT~1\PROC\p18f8722.asm
                  CCP2CON   0x000fba       data     extern C:\MCC18\SRC\TRADIT~1\PROC\p18f8722.asm
             ECCP2CONbits   0x000fba       data     extern C:\MCC18\SRC\TRADIT~1\PROC\p18f8722.asm
                 ECCP2CON   0x000fba       data     extern C:\MCC18\SRC\TRADIT~1\PROC\p18f8722.asm
                   CCPR2L   0x000fbb       data     extern C:\MCC18\SRC\TRADIT~1\PROC\p18f8722.asm
                    CCPR2   0x000fbb       data     extern C:\MCC18\SRC\TRADIT~1\PROC\p18f8722.asm
                   CCPR2H   0x000fbc       data     extern C:\MCC18\SRC\TRADIT~1\PROC\p18f8722.asm
                  CCP1CON   0x000fbd       data     extern C:\MCC18\SRC\TRADIT~1\PROC\p18f8722.asm
              CCP1CONbits   0x000fbd       data     extern C:\MCC18\SRC\TRADIT~1\PROC\p18f8722.asm
             ECCP1CONbits   0x000fbd       data     extern C:\MCC18\SRC\TRADIT~1\PROC\p18f8722.asm
                 ECCP1CON   0x000fbd       data     extern C:\MCC18\SRC\TRADIT~1\PROC\p18f8722.asm
                    CCPR1   0x000fbe       data     extern C:\MCC18\SRC\TRADIT~1\PROC\p18f8722.asm
                   CCPR1L   0x000fbe       data     extern C:\MCC18\SRC\TRADIT~1\PROC\p18f8722.asm
                   CCPR1H   0x000fbf       data     extern C:\MCC18\SRC\TRADIT~1\PROC\p18f8722.asm
               ADCON2bits   0x000fc0       data     extern C:\MCC18\SRC\TRADIT~1\PROC\p18f8722.asm
                   ADCON2   0x000fc0       data     extern C:\MCC18\SRC\TRADIT~1\PROC\p18f8722.asm
               ADCON1bits   0x000fc1       data     extern C:\MCC18\SRC\TRADIT~1\PROC\p18f8722.asm
                   ADCON1   0x000fc1       data     extern C:\MCC18\SRC\TRADIT~1\PROC\p18f8722.asm
               ADCON0bits   0x000fc2       data     extern C:\MCC18\SRC\TRADIT~1\PROC\p18f8722.asm
                   ADCON0   0x000fc2       data     extern C:\MCC18\SRC\TRADIT~1\PROC\p18f8722.asm
                   ADRESL   0x000fc3       data     extern C:\MCC18\SRC\TRADIT~1\PROC\p18f8722.asm
                    ADRES   0x000fc3       data     extern C:\MCC18\SRC\TRADIT~1\PROC\p18f8722.asm
                   ADRESH   0x000fc4       data     extern C:\MCC18\SRC\TRADIT~1\PROC\p18f8722.asm
              SSPCON2bits   0x000fc5       data     extern C:\MCC18\SRC\TRADIT~1\PROC\p18f8722.asm
                  SSPCON2   0x000fc5       data     extern C:\MCC18\SRC\TRADIT~1\PROC\p18f8722.asm
             SSP1CON2bits   0x000fc5       data     extern C:\MCC18\SRC\TRADIT~1\PROC\p18f8722.asm
                 SSP1CON2   0x000fc5       data     extern C:\MCC18\SRC\TRADIT~1\PROC\p18f8722.asm
                 SSP1CON1   0x000fc6       data     extern C:\MCC18\SRC\TRADIT~1\PROC\p18f8722.asm
                  SSPCON1   0x000fc6       data     extern C:\MCC18\SRC\TRADIT~1\PROC\p18f8722.asm
              SSPCON1bits   0x000fc6       data     extern C:\MCC18\SRC\TRADIT~1\PROC\p18f8722.asm
             SSP1CON1bits   0x000fc6       data     extern C:\MCC18\SRC\TRADIT~1\PROC\p18f8722.asm
             SSP1STATbits   0x000fc7       data     extern C:\MCC18\SRC\TRADIT~1\PROC\p18f8722.asm
              SSPSTATbits   0x000fc7       data     extern C:\MCC18\SRC\TRADIT~1\PROC\p18f8722.asm
                 SSP1STAT   0x000fc7       data     extern C:\MCC18\SRC\TRADIT~1\PROC\p18f8722.asm
                  SSPSTAT   0x000fc7       data     extern C:\MCC18\SRC\TRADIT~1\PROC\p18f8722.asm
                  SSP1ADD   0x000fc8       data     extern C:\MCC18\SRC\TRADIT~1\PROC\p18f8722.asm
                   SSPADD   0x000fc8       data     extern C:\MCC18\SRC\TRADIT~1\PROC\p18f8722.asm
                   SSPBUF   0x000fc9       data     extern C:\MCC18\SRC\TRADIT~1\PROC\p18f8722.asm
                  SSP1BUF   0x000fc9       data     extern C:\MCC18\SRC\TRADIT~1\PROC\p18f8722.asm
                    T2CON   0x000fca       data     extern C:\MCC18\SRC\TRADIT~1\PROC\p18f8722.asm
                T2CONbits   0x000fca       data     extern C:\MCC18\SRC\TRADIT~1\PROC\p18f8722.asm
                      PR2   0x000fcb       data     extern C:\MCC18\SRC\TRADIT~1\PROC\p18f8722.asm
                     TMR2   0x000fcc       data     extern C:\MCC18\SRC\TRADIT~1\PROC\p18f8722.asm
                    T1CON   0x000fcd       data     extern C:\MCC18\SRC\TRADIT~1\PROC\p18f8722.asm
                T1CONbits   0x000fcd       data     extern C:\MCC18\SRC\TRADIT~1\PROC\p18f8722.asm
                    TMR1L   0x000fce       data     extern C:\MCC18\SRC\TRADIT~1\PROC\p18f8722.asm
                    TMR1H   0x000fcf       data     extern C:\MCC18\SRC\TRADIT~1\PROC\p18f8722.asm
                     RCON   0x000fd0       data     extern C:\MCC18\SRC\TRADIT~1\PROC\p18f8722.asm
                 RCONbits   0x000fd0       data     extern C:\MCC18\SRC\TRADIT~1\PROC\p18f8722.asm
               WDTCONbits   0x000fd1       data     extern C:\MCC18\SRC\TRADIT~1\PROC\p18f8722.asm
                   WDTCON   0x000fd1       data     extern C:\MCC18\SRC\TRADIT~1\PROC\p18f8722.asm
                   LVDCON   0x000fd2       data     extern C:\MCC18\SRC\TRADIT~1\PROC\p18f8722.asm
               LVDCONbits   0x000fd2       data     extern C:\MCC18\SRC\TRADIT~1\PROC\p18f8722.asm
              HLVDCONbits   0x000fd2       data     extern C:\MCC18\SRC\TRADIT~1\PROC\p18f8722.asm
                  HLVDCON   0x000fd2       data     extern C:\MCC18\SRC\TRADIT~1\PROC\p18f8722.asm
                   OSCCON   0x000fd3       data     extern C:\MCC18\SRC\TRADIT~1\PROC\p18f8722.asm
               OSCCONbits   0x000fd3       data     extern C:\MCC18\SRC\TRADIT~1\PROC\p18f8722.asm
                T0CONbits   0x000fd5       data     extern C:\MCC18\SRC\TRADIT~1\PROC\p18f8722.asm
                    T0CON   0x000fd5       data     extern C:\MCC18\SRC\TRADIT~1\PROC\p18f8722.asm
                    TMR0L   0x000fd6       data     extern C:\MCC18\SRC\TRADIT~1\PROC\p18f8722.asm
                    TMR0H   0x000fd7       data     extern C:\MCC18\SRC\TRADIT~1\PROC\p18f8722.asm
                   STATUS   0x000fd8       data     extern C:\MCC18\SRC\TRADIT~1\PROC\p18f8722.asm
               STATUSbits   0x000fd8       data     extern C:\MCC18\SRC\TRADIT~1\PROC\p18f8722.asm
                    FSR2L   0x000fd9       data     extern C:\MCC18\SRC\TRADIT~1\PROC\p18f8722.asm
                     FSR2   0x000fd9       data     extern C:\MCC18\SRC\TRADIT~1\PROC\p18f8722.asm
                    FSR2H   0x000fda       data     extern C:\MCC18\SRC\TRADIT~1\PROC\p18f8722.asm
                   PLUSW2   0x000fdb       data     extern C:\MCC18\SRC\TRADIT~1\PROC\p18f8722.asm
                  PREINC2   0x000fdc       data     extern C:\MCC18\SRC\TRADIT~1\PROC\p18f8722.asm
                 POSTDEC2   0x000fdd       data     extern C:\MCC18\SRC\TRADIT~1\PROC\p18f8722.asm
                 POSTINC2   0x000fde       data     extern C:\MCC18\SRC\TRADIT~1\PROC\p18f8722.asm
                    INDF2   0x000fdf       data     extern C:\MCC18\SRC\TRADIT~1\PROC\p18f8722.asm
                      BSR   0x000fe0       data     extern C:\MCC18\SRC\TRADIT~1\PROC\p18f8722.asm
                     FSR1   0x000fe1       data     extern C:\MCC18\SRC\TRADIT~1\PROC\p18f8722.asm
                    FSR1L   0x000fe1       data     extern C:\MCC18\SRC\TRADIT~1\PROC\p18f8722.asm
                    FSR1H   0x000fe2       data     extern C:\MCC18\SRC\TRADIT~1\PROC\p18f8722.asm
                   PLUSW1   0x000fe3       data     extern C:\MCC18\SRC\TRADIT~1\PROC\p18f8722.asm
                  PREINC1   0x000fe4       data     extern C:\MCC18\SRC\TRADIT~1\PROC\p18f8722.asm
                 POSTDEC1   0x000fe5       data     extern C:\MCC18\SRC\TRADIT~1\PROC\p18f8722.asm
                 POSTINC1   0x000fe6       data     extern C:\MCC18\SRC\TRADIT~1\PROC\p18f8722.asm
                    INDF1   0x000fe7       data     extern C:\MCC18\SRC\TRADIT~1\PROC\p18f8722.asm
                     WREG   0x000fe8       data     extern C:\MCC18\SRC\TRADIT~1\PROC\p18f8722.asm
                     FSR0   0x000fe9       data     extern C:\MCC18\SRC\TRADIT~1\PROC\p18f8722.asm
                    FSR0L   0x000fe9       data     extern C:\MCC18\SRC\TRADIT~1\PROC\p18f8722.asm
                    FSR0H   0x000fea       data     extern C:\MCC18\SRC\TRADIT~1\PROC\p18f8722.asm
                   PLUSW0   0x000feb       data     extern C:\MCC18\SRC\TRADIT~1\PROC\p18f8722.asm
                  PREINC0   0x000fec       data     extern C:\MCC18\SRC\TRADIT~1\PROC\p18f8722.asm
                 POSTDEC0   0x000fed       data     extern C:\MCC18\SRC\TRADIT~1\PROC\p18f8722.asm
                 POSTINC0   0x000fee       data     extern C:\MCC18\SRC\TRADIT~1\PROC\p18f8722.asm
                    INDF0   0x000fef       data     extern C:\MCC18\SRC\TRADIT~1\PROC\p18f8722.asm
                  INTCON3   0x000ff0       data     extern C:\MCC18\SRC\TRADIT~1\PROC\p18f8722.asm
              INTCON3bits   0x000ff0       data     extern C:\MCC18\SRC\TRADIT~1\PROC\p18f8722.asm
                  INTCON2   0x000ff1       data     extern C:\MCC18\SRC\TRADIT~1\PROC\p18f8722.asm
              INTCON2bits   0x000ff1       data     extern C:\MCC18\SRC\TRADIT~1\PROC\p18f8722.asm
               INTCONbits   0x000ff2       data     extern C:\MCC18\SRC\TRADIT~1\PROC\p18f8722.asm
                   INTCON   0x000ff2       data     extern C:\MCC18\SRC\TRADIT~1\PROC\p18f8722.asm
                    PRODL   0x000ff3       data     extern C:\MCC18\SRC\TRADIT~1\PROC\p18f8722.asm
                     PROD   0x000ff3       data     extern C:\MCC18\SRC\TRADIT~1\PROC\p18f8722.asm
                    PRODH   0x000ff4       data     extern C:\MCC18\SRC\TRADIT~1\PROC\p18f8722.asm
                   TABLAT   0x000ff5       data     extern C:\MCC18\SRC\TRADIT~1\PROC\p18f8722.asm
                   TBLPTR   0x000ff6       data     extern C:\MCC18\SRC\TRADIT~1\PROC\p18f8722.asm
                  TBLPTRL   0x000ff6       data     extern C:\MCC18\SRC\TRADIT~1\PROC\p18f8722.asm
                  TBLPTRH   0x000ff7       data     extern C:\MCC18\SRC\TRADIT~1\PROC\p18f8722.asm
                  TBLPTRU   0x000ff8       data     extern C:\MCC18\SRC\TRADIT~1\PROC\p18f8722.asm
                       PC   0x000ff9       data     extern C:\MCC18\SRC\TRADIT~1\PROC\p18f8722.asm
                      PCL   0x000ff9       data     extern C:\MCC18\SRC\TRADIT~1\PROC\p18f8722.asm
                   PCLATH   0x000ffa       data     extern C:\MCC18\SRC\TRADIT~1\PROC\p18f8722.asm
                   PCLATU   0x000ffb       data     extern C:\MCC18\SRC\TRADIT~1\PROC\p18f8722.asm
               STKPTRbits   0x000ffc       data     extern C:\MCC18\SRC\TRADIT~1\PROC\p18f8722.asm
                   STKPTR   0x000ffc       data     extern C:\MCC18\SRC\TRADIT~1\PROC\p18f8722.asm
                     TOSL   0x000ffd       data     extern C:\MCC18\SRC\TRADIT~1\PROC\p18f8722.asm
                      TOS   0x000ffd       data     extern C:\MCC18\SRC\TRADIT~1\PROC\p18f8722.asm
                     TOSH   0x000ffe       data     extern C:\MCC18\SRC\TRADIT~1\PROC\p18f8722.asm
                     TOSU   0x000fff       data     extern C:\MCC18\SRC\TRADIT~1\PROC\p18f8722.asm


