MPLINK 3.90, Linker
Linker Map File - Created Fri Mar  2 08:35:44 2007

                                 Section Info
                  Section       Type    Address   Location Size(Bytes)
                ---------  ---------  ---------  ---------  ---------
               _entry_scn       code   0x000800    program   0x000006
        .idata_stdout.o_i    romdata   0x000806    program   0x000002
      InterruptVectorHigh       code   0x000808    program   0x000006
          .code_adcbusy.o       code   0x00080e    program   0x00000a
       InterruptVectorLow       code   0x000818    program   0x000006
                   .cinit    romdata   0x00081e    program   0x0000c2
    .code_user_routines.o       code   0x0008e0    program   0x0010ca
         .code_vfprintf.o       code   0x0019aa    program   0x000c22
      .code_ifi_library.o       code   0x0025cc    program   0x000736
                     PROG       code   0x002d02    program   0x0006d2
       .code_controller.o       code   0x0033d4    program   0x0006ae
    .code_traj_straight.o       code   0x003a82    program   0x00058e
           .code_camera.o       code   0x004010    program   0x0004a0
         .code_velocity.o       code   0x0044b0    program   0x000494
 .code_traj_turn_radius.o       code   0x004944    program   0x000424
                 UTIL_LIB       code   0x004d68    program   0x000396
         .code_tracking.o       code   0x0050fe    program   0x00035e
              .code_adc.o       code   0x00545c    program   0x000352
         .code_traj_ram.o       code   0x0057ae    program   0x0002b8
.code_user_routines_fast.o       code   0x005a66    program   0x0002a4
     .code_serial_ports.o       code   0x005d0a    program   0x00027e
             .stringtable    romdata   0x005f88    program   0x000243
     .romdata_OurCamera.o    romdata   0x0061cb    program   0x000000
   .romdata_ifi_startup.o    romdata   0x0061cb    program   0x000000
      .romdata_terminal.o    romdata   0x0061cb    program   0x000000
       .romdata_adcconv.o    romdata   0x0061cb    program   0x000000
       .idata_adcbusy.o_i    romdata   0x0061cb    program   0x000000
       .idata_adcconv.o_i    romdata   0x0061cb    program   0x000000
    .idata_trajectory.o_i    romdata   0x0061cb    program   0x000000
    .romdata_trajectory.o    romdata   0x0061cb    program   0x000000
      .idata_adcclose.o_i    romdata   0x0061cb    program   0x000000
       .romdata_adcbusy.o    romdata   0x0061cb    program   0x000000
          .idata_main.o_i    romdata   0x0061cb    program   0x000000
      .idata_velocity.o_i    romdata   0x0061cb    program   0x000000
      .romdata_velocity.o    romdata   0x0061cb    program   0x000000
          .idata_gyro.o_i    romdata   0x0061cb    program   0x000000
          .romdata_gyro.o    romdata   0x0061cb    program   0x000000
          .idata_putc.o_i    romdata   0x0061cb    program   0x000000
           .idata_pwm.o_i    romdata   0x0061cb    program   0x000000
           .romdata_pwm.o    romdata   0x0061cb    program   0x000000
 .romdata_traj_straight.o    romdata   0x0061cb    program   0x000000
        .romdata_printf.o    romdata   0x0061cb    program   0x000000
        .idata_printf.o_i    romdata   0x0061cb    program   0x000000
       .romdata_adcread.o    romdata   0x0061cb    program   0x000000
    .romdata_controller.o    romdata   0x0061cb    program   0x000000
       .idata_adcread.o_i    romdata   0x0061cb    program   0x000000
      .romdata_spi1open.o    romdata   0x0061cb    program   0x000000
      .idata_spi1open.o_i    romdata   0x0061cb    program   0x000000
     .romdata_traj_null.o    romdata   0x0061cb    program   0x000000
       .idata_adcopen.o_i    romdata   0x0061cb    program   0x000000
        .idata_u1open.o_i    romdata   0x0061cb    program   0x000000
    .romdata_interrupts.o    romdata   0x0061cb    program   0x000000
   .idata_ifi_library.o_i    romdata   0x0061cb    program   0x000000
       .idata_fxm3232.o_i    romdata   0x0061cb    program   0x000000
 .romdata_user_routines.o    romdata   0x0061cb    program   0x000000
           .idata_adc.o_i    romdata   0x0061cb    program   0x000001
      .romdata_fxd3232u.o    romdata   0x0061cb    program   0x000000
      .idata_fxd3232u.o_i    romdata   0x0061cb    program   0x000000
      .idata_fxd1616u.o_i    romdata   0x0061cb    program   0x000000
   .idata_ifi_startup.o_i    romdata   0x0061cb    program   0x000000
             .code_gyro.o       code   0x0061cc    program   0x00021a
    .code_ifi_utilities.o       code   0x0063e6    program   0x00018e
         .code_terminal.o       code   0x006574    program   0x00014c
        .code_OurCamera.o       code   0x0066c0    program   0x000128
              .code_pwm.o       code   0x0067e8    program   0x000126
        .code_traj_null.o       code   0x00690e    program   0x0000e2
       .code_interrupts.o       code   0x0069f0    program   0x0000d8
                   STRING       code   0x006ac8    program   0x0000bc
               _cinit_scn       code   0x006b84    program   0x00009e
           .code_printf.o       code   0x006c22    program   0x000094
             .code_putc.o       code   0x006cb6    program   0x000084
          .code_fxm3232.o       code   0x006d3a    program   0x000070
          .code_adcopen.o       code   0x006daa    program   0x000068
         .code_spi1open.o       code   0x006e12    program   0x000066
           .code_u1open.o       code   0x006e78    program   0x000064
         .code_fxd3232u.o       code   0x006edc    program   0x000048
          .code_adcread.o       code   0x006f24    program   0x00003e
         .code_fxd1616u.o       code   0x006f62    program   0x00002c
             .code_main.o       code   0x006f8e    program   0x000026
                    CTYPE       code   0x006fb4    program   0x000024
             _startup_scn       code   0x006fd8    program   0x000020
              D1KTCYXCODE       code   0x006ff8    program   0x000020
                    STDIO       code   0x007018    program   0x00001c
              D10TCYXCODE       code   0x007034    program   0x000016
      .romdata_vfprintf.o    romdata   0x00704a    program   0x000011
  .romdata_serial_ports.o    romdata   0x00705b    program   0x000000
 .romdata_ifi_utilities.o    romdata   0x00705b    program   0x000000
       .romdata_adcopen.o    romdata   0x00705b    program   0x000000
.romdata_traj_turn_radius.o    romdata   0x00705b    program   0x000000
        .romdata_stdout.o    romdata   0x00705b    program   0x000000
        .romdata_u1open.o    romdata   0x00705b    program   0x000000
      .idata_vfprintf.o_i    romdata   0x00705b    program   0x000000
      .romdata_tracking.o    romdata   0x00705b    program   0x000000
      .romdata_traj_ram.o    romdata   0x00705b    program   0x000000
   .romdata_ifi_library.o    romdata   0x00705b    program   0x000000
          .romdata_main.o    romdata   0x00705b    program   0x000000
       .romdata_fxm3232.o    romdata   0x00705b    program   0x000000
           .romdata_adc.o    romdata   0x00705b    program   0x000000
          .romdata_putc.o    romdata   0x00705b    program   0x000000
      .romdata_fxd1616u.o    romdata   0x00705b    program   0x000000
        .romdata_camera.o    romdata   0x00705b    program   0x000000
.romdata_user_routines_fast.o    romdata   0x00705b    program   0x000000
      .romdata_adcclose.o    romdata   0x00705b    program   0x000000
.idata_user_routines_fast.o_i    romdata   0x00705b    program   0x000001
       .code_trajectory.o       code   0x00705c    program   0x000010
         .code_adcclose.o       code   0x00706c    program   0x000006
          .code_adcconv.o       code   0x007072    program   0x000004
 .idata_user_routines.o_i    romdata   0x007076    program   0x000013
.idata_traj_turn_radius.o_i    romdata   0x007089    program   0x000004
 .idata_traj_straight.o_i    romdata   0x00708d    program   0x000004
      .idata_traj_ram.o_i    romdata   0x007091    program   0x00000a
     .idata_traj_null.o_i    romdata   0x00709b    program   0x000004
      .idata_tracking.o_i    romdata   0x00709f    program   0x000006
      .idata_terminal.o_i    romdata   0x0070a5    program   0x000003
  .idata_serial_ports.o_i    romdata   0x0070a8    program   0x000019
    .idata_interrupts.o_i    romdata   0x0070c1    program   0x00000c
 .idata_ifi_utilities.o_i    romdata   0x0070cd    program   0x000004
    .idata_controller.o_i    romdata   0x0070d1    program   0x000008
        .idata_camera.o_i    romdata   0x0070d9    program   0x00000a
     .idata_OurCamera.o_i    romdata   0x0070e3    program   0x000004
           .code_stdout.o       code   0x0070e8    program   0x000000
      .code_ifi_startup.o       code   0x0070e8    program   0x000000
                  .config       code   0x300000    program   0x00000e
                 .tmpdata      udata   0x000000       data   0x00001e
                  SPI_VAR      udata   0x00001e       data   0x000017
                MATH_DATA      udata   0x000035       data   0x000014
                DELAYDAT1      udata   0x000049       data   0x000001
                 COPY_VAR      udata   0x000080       data   0x000080
   .udata_user_routines.o      udata   0x000100       data   0x0000b3
.udata_traj_turn_radius.o      udata   0x0001b3       data   0x00004c
.idata_user_routines_fast.o      idata   0x0001ff       data   0x000001
    .udata_serial_ports.o      udata   0x000200       data   0x000080
            .udata_main.o      udata   0x000280       data   0x000041
       .udata_traj_null.o      udata   0x0002c1       data   0x000038
        .idata_tracking.o      idata   0x0002f9       data   0x000006
             .idata_adc.o      idata   0x0002ff       data   0x000001
        .udata_traj_ram.o      udata   0x000300       data   0x000036
          .udata_camera.o      udata   0x000336       data   0x000031
        .udata_velocity.o      udata   0x000367       data   0x000024
      .udata_trajectory.o      udata   0x00038b       data   0x00001e
    .idata_serial_ports.o      idata   0x0003a9       data   0x000019
             .udata_adc.o      udata   0x0003c2       data   0x000015
   .idata_user_routines.o      idata   0x0003d7       data   0x000013
            .udata_gyro.o      udata   0x0003ea       data   0x00000f
   .udata_ifi_utilities.o      udata   0x0003f9       data   0x000004
        .idata_terminal.o      idata   0x0003fd       data   0x000003
     .udata_ifi_library.o      udata   0x000400       data   0x00000d
      .idata_interrupts.o      idata   0x00040d       data   0x00000c
        .idata_traj_ram.o      idata   0x000419       data   0x00000a
          .idata_camera.o      idata   0x000423       data   0x00000a
      .idata_controller.o      idata   0x00042d       data   0x000008
.idata_traj_turn_radius.o      idata   0x000435       data   0x000004
   .idata_traj_straight.o      idata   0x000439       data   0x000004
       .idata_traj_null.o      idata   0x00043d       data   0x000004
   .idata_ifi_utilities.o      idata   0x000441       data   0x000004
       .idata_OurCamera.o      idata   0x000445       data   0x000004
      .udata_controller.o      udata   0x000449       data   0x000002
          .idata_stdout.o      idata   0x00044b       data   0x000002
        .idata_fxd3232u.o      idata   0x00044d       data   0x000000
         .udata_fxm3232.o      udata   0x00044d       data   0x000000
         .idata_fxm3232.o      idata   0x00044d       data   0x000000
            .idata_putc.o      idata   0x00044d       data   0x000000
     .idata_ifi_library.o      idata   0x00044d       data   0x000000
          .udata_u1open.o      udata   0x00044d       data   0x000000
          .idata_u1open.o      idata   0x00044d       data   0x000000
        .udata_fxd3232u.o      udata   0x00044d       data   0x000000
            .udata_putc.o      udata   0x00044d       data   0x000000
        .idata_vfprintf.o      idata   0x00044d       data   0x000000
         .udata_adcopen.o      udata   0x00044d       data   0x000000
        .udata_vfprintf.o      udata   0x00044d       data   0x000000
         .idata_adcopen.o      idata   0x00044d       data   0x000000
        .udata_spi1open.o      udata   0x00044d       data   0x000000
        .idata_spi1open.o      idata   0x00044d       data   0x000000
         .udata_adcread.o      udata   0x00044d       data   0x000000
         .idata_adcread.o      idata   0x00044d       data   0x000000
          .udata_printf.o      udata   0x00044d       data   0x000000
          .idata_printf.o      idata   0x00044d       data   0x000000
          .udata_stdout.o      udata   0x00044d       data   0x000000
             .udata_pwm.o      udata   0x00044d       data   0x000000
             .idata_pwm.o      idata   0x00044d       data   0x000000
        .udata_tracking.o      udata   0x00044d       data   0x000000
      .udata_interrupts.o      udata   0x00044d       data   0x000000
     .idata_ifi_startup.o      idata   0x00044d       data   0x000000
      .idata_trajectory.o      idata   0x00044d       data   0x000000
        .idata_velocity.o      idata   0x00044d       data   0x000000
            .idata_gyro.o      idata   0x00044d       data   0x000000
.udata_user_routines_fast.o      udata   0x00044d       data   0x000000
            .idata_main.o      idata   0x00044d       data   0x000000
        .udata_terminal.o      udata   0x00044d       data   0x000000
       .udata_OurCamera.o      udata   0x00044d       data   0x000000
         .udata_adcbusy.o      udata   0x00044d       data   0x000000
         .idata_adcbusy.o      idata   0x00044d       data   0x000000
        .udata_adcclose.o      udata   0x00044d       data   0x000000
        .idata_adcclose.o      idata   0x00044d       data   0x000000
         .udata_adcconv.o      udata   0x00044d       data   0x000000
         .idata_adcconv.o      idata   0x00044d       data   0x000000
        .udata_fxd1616u.o      udata   0x00044d       data   0x000000
        .idata_fxd1616u.o      idata   0x00044d       data   0x000000
                   .stack      udata   0x000e00       data   0x000100
   .udata_traj_straight.o      udata   0x000f00       data   0x000056
     .udata_ifi_startup.o      udata   0x000f56       data   0x00000a
            SFR_UNBANKED0      udata   0x000f62       data   0x00009e



                              Program Memory Usage 
                               Start         End      
                           ---------   ---------      
                            0x000800    0x0070e6      
                            0x300000    0x30000d      
            26869 out of 132120 program addresses used, program memory utilization is 20%



                              Symbols - Sorted by Name
                     Name    Address   Location    Storage File                     
                ---------  ---------  ---------  --------- ---------                
          ADC_Int_Handler   0x005630    program     extern Z:\home\prog\code\robo2007\trunk\adc.c
                  Adj_lp4   0x0050f4    program     static C:\mcc18\Projects\EduCode\Util_lib.asm
                  Adjust4   0x0050f0    program     static C:\mcc18\Projects\EduCode\Util_lib.asm
                  BusyADC   0x00080e    program     extern C:\mcc18\src\TRADIT~1\pmc\ADC\adcbusy.c
           Camera_Handler   0x004010    program     extern Z:\home\prog\code\robo2007\trunk\camera.c
              Camera_Idle   0x0043c4    program     extern Z:\home\prog\code\robo2007\trunk\camera.c
Camera_Serial_Port_Byte_Count   0x004416    program     extern Z:\home\prog\code\robo2007\trunk\camera.c
     Camera_State_Machine   0x004074    program     extern Z:\home\prog\code\robo2007\trunk\camera.c
       Check_4_Violations   0x002928    program     extern C:\mcc18\Projects\EduCode\ifi_library.c
               Clear_Bank   0x004d82    program     static C:\mcc18\Projects\EduCode\Util_lib.asm
               Clear_Loop   0x004d6e    program     static C:\mcc18\Projects\EduCode\Util_lib.asm
             Clear_Memory   0x004d68    program     extern C:\mcc18\Projects\EduCode\Util_lib.asm
       Clear_SPIdata_flag   0x00289a    program     extern C:\mcc18\Projects\EduCode\ifi_library.c
                 CloseADC   0x00706c    program     extern C:\mcc18\src\TRADIT~1\pmc\ADC\adcclose.c
               ConvertADC   0x007072    program     extern C:\mcc18\src\TRADIT~1\pmc\ADC\adcconv.c
        Convert_ADC_to_mV   0x005596    program     extern Z:\home\prog\code\robo2007\trunk\adc.c
                    D10_1   0x007044    program     static C:\MCC18\SRC\TRADIT~1\DELAYS\d10tcyx.asm
                     D10x   0x00703c    program     static C:\MCC18\SRC\TRADIT~1\DELAYS\d10tcyx.asm
                   D1616S   0x003054    program     static C:\MCC18\SRC\TRADIT~1\MATH\fxd1616s.asm
                D1616SNEG   0x003062    program     static C:\MCC18\SRC\TRADIT~1\MATH\fxd1616s.asm
                 D1616SOK   0x00305e    program     static C:\MCC18\SRC\TRADIT~1\MATH\fxd1616s.asm
                  D1616SX   0x003074    program     static C:\MCC18\SRC\TRADIT~1\MATH\fxd1616s.asm
                    D1K_1   0x007004    program     static C:\MCC18\SRC\TRADIT~1\DELAYS\d1ktcyx.asm
                     D1Kx   0x007002    program     static C:\MCC18\SRC\TRADIT~1\DELAYS\d1ktcyx.asm
                   D3232S   0x0030ae    program     static C:\MCC18\SRC\TRADIT~1\MATH\fxd3232s.asm
                D3232SNEG   0x0030bc    program     static C:\MCC18\SRC\TRADIT~1\MATH\fxd3232s.asm
                 D3232SOK   0x0030b8    program     static C:\MCC18\SRC\TRADIT~1\MATH\fxd3232s.asm
                  D3232SX   0x0030dc    program     static C:\MCC18\SRC\TRADIT~1\MATH\fxd3232s.asm
                  DA1616S   0x003044    program     static C:\MCC18\SRC\TRADIT~1\MATH\fxd1616s.asm
                  DA3232S   0x003098    program     static C:\MCC18\SRC\TRADIT~1\MATH\fxd3232s.asm
                      DL1   0x0050b0    program     static C:\mcc18\Projects\EduCode\Util_lib.asm
                      DL2   0x0050c6    program     static C:\mcc18\Projects\EduCode\Util_lib.asm
          Dead_Space_Loop   0x0050ac    program     static C:\mcc18\Projects\EduCode\Util_lib.asm
              Delay10TCYx   0x007034    program     extern C:\MCC18\SRC\TRADIT~1\DELAYS\d10tcyx.asm
              Delay1KTCYx   0x006ff8    program     extern C:\MCC18\SRC\TRADIT~1\DELAYS\d1ktcyx.asm
              Disable_ADC   0x0054b6    program     extern Z:\home\prog\code\robo2007\trunk\adc.c
          Disable_Timer_2   0x005548    program     extern Z:\home\prog\code\robo2007\trunk\adc.c
              DisplayBufr   0x006426    program     extern Z:\home\prog\code\robo2007\trunk\ifi_utilities.c
                 FLO0832S   0x002d06    program     extern C:\MCC18\SRC\TRADIT~1\MATH\cast08FP.asm
                 FLO0832U   0x002d02    program     extern C:\MCC18\SRC\TRADIT~1\MATH\cast08FP.asm
                 FLO1632S   0x002d28    program     extern C:\MCC18\SRC\TRADIT~1\MATH\cast16FP.asm
                 FLO1632U   0x002d24    program     extern C:\MCC18\SRC\TRADIT~1\MATH\cast16FP.asm
                 FLO3232S   0x002d52    program     extern C:\MCC18\SRC\TRADIT~1\MATH\cast32FP.asm
                 FLO3232U   0x002d4e    program     extern C:\MCC18\SRC\TRADIT~1\MATH\cast32FP.asm
                    FPA32   0x002d86    program     extern C:\MCC18\SRC\TRADIT~1\MATH\addFP.asm
                    FPD32   0x002eb2    program     extern C:\MCC18\SRC\TRADIT~1\MATH\divFP.asm
                    FPM32   0x002f58    program     extern C:\MCC18\SRC\TRADIT~1\MATH\mulFP.asm
                    FPS32   0x002d84    program     extern C:\MCC18\SRC\TRADIT~1\MATH\addFP.asm
                 FXD1616S   0x003032    program     extern C:\MCC18\SRC\TRADIT~1\MATH\fxd1616s.asm
                 FXD1616U   0x006f62    program     extern C:\mcc18\src\TRADIT~1\math\fxd1616u.c
                 FXD3232S   0x00307e    program     extern C:\MCC18\SRC\TRADIT~1\MATH\fxd3232s.asm
                 FXD3232U   0x006edc    program     extern C:\mcc18\src\TRADIT~1\math\fxd3232u.c
                 FXM1616S   0x0030e6    program     extern C:\MCC18\SRC\TRADIT~1\MATH\fxm1616s.asm
                  FXM3232   0x006d3a    program     extern C:\mcc18\src\TRADIT~1\math\fxm3232.c
            Generate_Pwms   0x005006    program     extern C:\mcc18\Projects\EduCode\Util_lib.asm
       Generate_Pwms_Cont   0x00504a    program     static C:\mcc18\Projects\EduCode\Util_lib.asm
        GetDataFromMaster   0x004ede    program     extern C:\mcc18\Projects\EduCode\Util_lib.asm
           Get_ADC_Result   0x00554e    program     extern Z:\home\prog\code\robo2007\trunk\adc.c
     Get_ADC_Result_Count   0x005610    program     extern Z:\home\prog\code\robo2007\trunk\adc.c
         Get_Analog_Value   0x0064dc    program     extern Z:\home\prog\code\robo2007\trunk\ifi_utilities.c
         Get_Camera_State   0x0043d0    program     extern Z:\home\prog\code\robo2007\trunk\camera.c
           Get_Gyro_Angle   0x006236    program     extern Z:\home\prog\code\robo2007\trunk\gyro.c
            Get_Gyro_Bias   0x0062bc    program     extern Z:\home\prog\code\robo2007\trunk\gyro.c
            Get_Gyro_Rate   0x0061da    program     extern Z:\home\prog\code\robo2007\trunk\gyro.c
                  Getdata   0x0027ee    program     extern C:\mcc18\Projects\EduCode\ifi_library.c
           Handle_Spi_Int   0x002796    program     extern C:\mcc18\Projects\EduCode\ifi_library.c
               Hex_output   0x004d8c    program     extern C:\mcc18\Projects\EduCode\Util_lib.asm
       IFI_Initialization   0x00269c    program     extern C:\mcc18\Projects\EduCode\ifi_library.c
                  INT3208   0x003140    program     extern C:\MCC18\SRC\TRADIT~1\MATH\castFP08.asm
                  INT3216   0x00318e    program     extern C:\MCC18\SRC\TRADIT~1\MATH\castFP16.asm
     Init_Serial_Port_One   0x005d0a    program     extern Z:\home\prog\code\robo2007\trunk\serial_ports.c
     Init_Serial_Port_Two   0x005d3c    program     extern Z:\home\prog\code\robo2007\trunk\serial_ports.c
           Initialize_ADC   0x00545c    program     extern Z:\home\prog\code\robo2007\trunk\adc.c
        Initialize_Camera   0x0041c0    program     extern Z:\home\prog\code\robo2007\trunk\camera.c
          Initialize_Gyro   0x0061cc    program     extern Z:\home\prog\code\robo2007\trunk\gyro.c
    Initialize_Interrupts   0x0069f0    program     extern Z:\home\prog\code\robo2007\trunk\interrupts.c
           Initialize_PWM   0x0067e8    program     extern Z:\home\prog\code\robo2007\tags\trentonfriday\pwm.c
     Initialize_Registers   0x002624    program     extern C:\mcc18\Projects\EduCode\ifi_library.c
  Initialize_Serial_Comms   0x0064b6    program     extern Z:\home\prog\code\robo2007\trunk\ifi_utilities.c
       Initialize_Timer_0   0x006a18    program     extern Z:\home\prog\code\robo2007\trunk\interrupts.c
       Initialize_Timer_1   0x006a34    program     extern Z:\home\prog\code\robo2007\trunk\interrupts.c
       Initialize_Timer_2   0x0054c4    program     extern Z:\home\prog\code\robo2007\trunk\adc.c
       Initialize_Timer_3   0x006a4c    program     extern Z:\home\prog\code\robo2007\trunk\interrupts.c
       Initialize_Timer_4   0x006a64    program     extern Z:\home\prog\code\robo2007\trunk\interrupts.c
            Int_1_Handler   0x006a94    program     extern Z:\home\prog\code\robo2007\trunk\interrupts.c
            Int_2_Handler   0x006aa4    program     extern Z:\home\prog\code\robo2007\trunk\interrupts.c
            Int_3_Handler   0x006ab4    program     extern Z:\home\prog\code\robo2007\trunk\interrupts.c
            Int_4_Handler   0x006ab6    program     extern Z:\home\prog\code\robo2007\trunk\interrupts.c
            Int_5_Handler   0x006ab8    program     extern Z:\home\prog\code\robo2007\trunk\interrupts.c
            Int_6_Handler   0x006aba    program     extern Z:\home\prog\code\robo2007\trunk\interrupts.c
     InterruptHandlerHigh   0x0025cc    program     extern C:\mcc18\Projects\EduCode\ifi_library.c
      InterruptHandlerLow   0x005a66    program     extern Z:\home\prog\code\robo2007\trunk\user_routines_fast.c
      InterruptVectorHigh   0x000808    program     extern C:\mcc18\Projects\EduCode\ifi_library.c
       InterruptVectorLow   0x000818    program     extern Z:\home\prog\code\robo2007\trunk\user_routines_fast.c
                LED_Reset   0x00133c    program     extern Z:\home\prog\code\robo2007\trunk\user_routines.c
                      LP4   0x00504e    program     static C:\mcc18\Projects\EduCode\Util_lib.asm
                LP4_Cont1   0x005058    program     static C:\mcc18\Projects\EduCode\Util_lib.asm
                LP4_Cont2   0x005062    program     static C:\mcc18\Projects\EduCode\Util_lib.asm
                LP4_Cont3   0x00506c    program     static C:\mcc18\Projects\EduCode\Util_lib.asm
                LP4_Cont4   0x005078    program     static C:\mcc18\Projects\EduCode\Util_lib.asm
                LP4_Cont5   0x005082    program     static C:\mcc18\Projects\EduCode\Util_lib.asm
                LP4_Cont6   0x00508c    program     static C:\mcc18\Projects\EduCode\Util_lib.asm
                LP4_Cont7   0x005096    program     static C:\mcc18\Projects\EduCode\Util_lib.asm
                LP4_Cont8   0x0050a0    program     static C:\mcc18\Projects\EduCode\Util_lib.asm
           MoveData4Buff0   0x004e54    program     static C:\mcc18\Projects\EduCode\Util_lib.asm
        MoveDataFromBuff1   0x004f7c    program     static C:\mcc18\Projects\EduCode\Util_lib.asm
             Noise_Filter   0x0043f2    program     extern Z:\home\prog\code\robo2007\trunk\camera.c
               Open1USART   0x006e78    program     extern C:\mcc18\src\TRADIT~1\pmc\USART\u1open.c
                  OpenADC   0x006daa    program     extern C:\mcc18\src\TRADIT~1\pmc\ADC\adcopen.c
                 OpenSPI1   0x006e12    program     extern C:\mcc18\src\TRADIT~1\pmc\SPI\spi1open.c
      Our_Autonomous_Code   0x000ae8    program     extern Z:\home\prog\code\robo2007\trunk\user_routines.c
            Our_User_Code   0x000b20    program     extern Z:\home\prog\code\robo2007\trunk\user_routines.c
                      PWM   0x006800    program     extern Z:\home\prog\code\robo2007\tags\trentonfriday\pwm.c
          PacketNum_Check   0x00644e    program     extern Z:\home\prog\code\robo2007\trunk\ifi_utilities.c
              Polled_Mode   0x004456    program     extern Z:\home\prog\code\robo2007\trunk\camera.c
    Prep_SPI_4_First_Byte   0x002738    program     extern C:\mcc18\Projects\EduCode\ifi_library.c
                PrintByte   0x0063ec    program     extern Z:\home\prog\code\robo2007\trunk\ifi_utilities.c
                PrintWord   0x0063fc    program     extern Z:\home\prog\code\robo2007\trunk\ifi_utilities.c
Process_Data_From_Local_IO   0x005d08    program     extern Z:\home\prog\code\robo2007\trunk\user_routines_fast.c
Process_Data_From_Master_uP   0x00099e    program     extern Z:\home\prog\code\robo2007\trunk\user_routines.c
        Process_Gyro_Data   0x0062ee    program     extern Z:\home\prog\code\robo2007\trunk\gyro.c
                  Putdata   0x002820    program     extern C:\mcc18\Projects\EduCode\ifi_library.c
                Pwm_Delay   0x0050dc    program     static C:\mcc18\Projects\EduCode\Util_lib.asm
                 Raw_Mode   0x0043d6    program     extern Z:\home\prog\code\robo2007\trunk\camera.c
                  ReadADC   0x006f24    program     extern C:\mcc18\src\TRADIT~1\pmc\ADC\adcread.c
  Read_Camera_Serial_Port   0x00441a    program     extern Z:\home\prog\code\robo2007\trunk\camera.c
     Read_Serial_Port_One   0x005d92    program     extern Z:\home\prog\code\robo2007\trunk\serial_ports.c
     Read_Serial_Port_Two   0x005dce    program     extern Z:\home\prog\code\robo2007\trunk\serial_ports.c
Read_Terminal_Serial_Port   0x004432    program     extern Z:\home\prog\code\robo2007\trunk\camera.c
   Reset_ADC_Result_Count   0x005622    program     extern Z:\home\prog\code\robo2007\trunk\adc.c
         Reset_Gyro_Angle   0x0062e2    program     extern Z:\home\prog\code\robo2007\trunk\gyro.c
           Restart_Camera   0x0043ca    program     extern Z:\home\prog\code\robo2007\trunk\camera.c
         Rx_1_Int_Handler   0x005e72    program     extern Z:\home\prog\code\robo2007\trunk\serial_ports.c
         Rx_2_Int_Handler   0x005eb0    program     extern Z:\home\prog\code\robo2007\trunk\serial_ports.c
         SendDataToMaster   0x004dba    program     extern C:\mcc18\Projects\EduCode\Util_lib.asm
Serial_Port_One_Byte_Count   0x005d6e    program     extern Z:\home\prog\code\robo2007\trunk\serial_ports.c
Serial_Port_Two_Byte_Count   0x005d80    program     extern Z:\home\prog\code\robo2007\trunk\serial_ports.c
              Servo_Track   0x0050fe    program     extern Z:\home\prog\code\robo2007\trunk\tracking.c
              Set_Arm_Pos   0x001428    program     extern Z:\home\prog\code\robo2007\trunk\user_routines.c
            Set_Gyro_Bias   0x0062c6    program     extern Z:\home\prog\code\robo2007\trunk\gyro.c
Set_Number_of_Analog_Channels   0x0064d2    program     extern Z:\home\prog\code\robo2007\trunk\ifi_utilities.c
    Setup_PWM_Output_Type   0x0028a4    program     extern C:\mcc18\Projects\EduCode\ifi_library.c
          Setup_Spi_Slave   0x00260e    program     extern C:\mcc18\Projects\EduCode\ifi_library.c
           Standard_Drive   0x000bc0    program     extern Z:\home\prog\code\robo2007\trunk\user_routines.c
     Start_Gyro_Bias_Calc   0x006260    program     extern Z:\home\prog\code\robo2007\trunk\gyro.c
      Stop_Gyro_Bias_Calc   0x006278    program     extern Z:\home\prog\code\robo2007\trunk\gyro.c
                  TAEQB32   0x0031ec    program     extern C:\MCC18\SRC\TRADIT~1\MATH\eqFP.asm
                  TAGTB32   0x0031fa    program     extern C:\MCC18\SRC\TRADIT~1\MATH\gtFP.asm
                  TALTB32   0x00320c    program     extern C:\MCC18\SRC\TRADIT~1\MATH\ltFP.asm
               TSIGN1616A   0x003132    program     static C:\MCC18\SRC\TRADIT~1\MATH\fxm1616s.asm
Terminal_Serial_Port_Byte_Count   0x00442e    program     extern Z:\home\prog\code\robo2007\trunk\camera.c
             TerminateGet   0x004ffc    program     static C:\mcc18\Projects\EduCode\Util_lib.asm
            TerminateSend   0x004ed4    program     static C:\mcc18\Projects\EduCode\Util_lib.asm
      Timer_0_Int_Handler   0x006a80    program     extern Z:\home\prog\code\robo2007\trunk\interrupts.c
      Timer_1_Int_Handler   0x006a82    program     extern Z:\home\prog\code\robo2007\trunk\interrupts.c
      Timer_2_Int_Handler   0x00562c    program     extern Z:\home\prog\code\robo2007\trunk\adc.c
      Timer_3_Int_Handler   0x006a84    program     extern Z:\home\prog\code\robo2007\trunk\interrupts.c
      Timer_4_Int_Handler   0x006a86    program     extern Z:\home\prog\code\robo2007\trunk\interrupts.c
              Track_Color   0x0043ac    program     extern Z:\home\prog\code\robo2007\trunk\camera.c
   Tracking_Info_Terminal   0x006574    program     extern Z:\home\prog\code\robo2007\trunk\terminal.c
         Tx_1_Int_Handler   0x005eee    program     extern Z:\home\prog\code\robo2007\trunk\serial_ports.c
         Tx_2_Int_Handler   0x005f1e    program     extern Z:\home\prog\code\robo2007\trunk\serial_ports.c
  UpdateLocalPWMDirection   0x004db8    program     extern C:\mcc18\Projects\EduCode\Util_lib.asm
     User_Autonomous_Code   0x005c74    program     extern Z:\home\prog\code\robo2007\trunk\user_routines_fast.c
      User_Initialization   0x0008e0    program     extern Z:\home\prog\code\robo2007\trunk\user_routines.c
       User_Proc_Is_Ready   0x00272e    program     extern C:\mcc18\Projects\EduCode\ifi_library.c
           Virtual_Window   0x004446    program     extern Z:\home\prog\code\robo2007\trunk\camera.c
             Wait4TXEmpty   0x0063e6    program     extern Z:\home\prog\code\robo2007\trunk\ifi_utilities.c
Write_Camera_Module_Register   0x004406    program     extern Z:\home\prog\code\robo2007\trunk\camera.c
 Write_Camera_Serial_Port   0x00441e    program     extern Z:\home\prog\code\robo2007\trunk\camera.c
    Write_Serial_Port_One   0x005e0a    program     extern Z:\home\prog\code\robo2007\trunk\serial_ports.c
    Write_Serial_Port_Two   0x005e3e    program     extern Z:\home\prog\code\robo2007\trunk\serial_ports.c
Write_Terminal_Serial_Port   0x004436    program     extern Z:\home\prog\code\robo2007\trunk\camera.c
                   _2jEnd   0x006b6e    program     static C:\MCC18\SRC\TRADIT~1\STDCLIB\slenpgm.asm
              _4jContinue   0x006afc    program     static C:\MCC18\SRC\TRADIT~1\STDCLIB\memcpy.asm
                   _5jEnd   0x006b06    program     static C:\MCC18\SRC\TRADIT~1\STDCLIB\memcpy.asm
        _D10TCYXCODE_000A   0x00703e    program     static C:\MCC18\SRC\TRADIT~1\DELAYS\d10tcyx.asm
        _D10TCYXCODE_000C   0x007040    program     static C:\MCC18\SRC\TRADIT~1\DELAYS\d10tcyx.asm
        _D10TCYXCODE_000E   0x007042    program     static C:\MCC18\SRC\TRADIT~1\DELAYS\d10tcyx.asm
        _D1KTCYXCODE_0010   0x007008    program     static C:\MCC18\SRC\TRADIT~1\DELAYS\d1ktcyx.asm
        _D1KTCYXCODE_0016   0x00700e    program     static C:\MCC18\SRC\TRADIT~1\DELAYS\d1ktcyx.asm
              __FpCompare   0x00321e    program     extern C:\MCC18\SRC\TRADIT~1\MATH\compFP.asm
                 __FpExit   0x0032d4    program     extern C:\MCC18\SRC\TRADIT~1\MATH\packFP.asm
                 __FpPack   0x003300    program     extern C:\MCC18\SRC\TRADIT~1\MATH\packFP.asm
            __FpReturnNaN   0x0032c8    program     extern C:\MCC18\SRC\TRADIT~1\MATH\packFP.asm
         __FpReturnNegInf   0x0032da    program     extern C:\MCC18\SRC\TRADIT~1\MATH\packFP.asm
        __FpReturnNegZero   0x0032f2    program     extern C:\MCC18\SRC\TRADIT~1\MATH\packFP.asm
         __FpReturnPosInf   0x0032e0    program     extern C:\MCC18\SRC\TRADIT~1\MATH\packFP.asm
        __FpReturnPosZero   0x0032fa    program     extern C:\MCC18\SRC\TRADIT~1\MATH\packFP.asm
        __FpReturnSignInf   0x0032d6    program     extern C:\MCC18\SRC\TRADIT~1\MATH\packFP.asm
       __FpReturnSignZero   0x0032ee    program     extern C:\MCC18\SRC\TRADIT~1\MATH\packFP.asm
              __FpReturnW   0x003358    program     extern C:\MCC18\SRC\TRADIT~1\MATH\packFP.asm
              __FpUnPackA   0x003378    program     extern C:\MCC18\SRC\TRADIT~1\MATH\UnpackFP.asm
              __FpUnPackB   0x0033a8    program     extern C:\MCC18\SRC\TRADIT~1\MATH\UnpackFP.asm
       ___return_lbl00000   0x000804    program     static                          
       ___return_lbl00000   0x00081c    program     static                          
       ___return_lbl00000   0x006f8c    program     static                          
       ___return_lbl00000   0x006f22    program     static                          
       ___return_lbl00000   0x006da8    program     static                          
       ___return_lbl00000   0x00080c    program     static                          
       ___return_lbl00001   0x006ff6    program     static                          
       ___return_lbl00002   0x006c20    program     static                          
                   __pa_0   0x0053b6    program     static Z:\home\prog\code\robo2007\trunk\tracking.c
                   __pa_0   0x004468    program     static Z:\home\prog\code\robo2007\trunk\camera.c
                   __pa_0   0x003e8c    program     static Z:\home\prog\code\robo2007\trunk\traj_straight.c
                   __pa_0   0x0063ac    program     static Z:\home\prog\code\robo2007\trunk\gyro.c
                   __pa_0   0x006642    program     static Z:\home\prog\code\robo2007\trunk\terminal.c
                   __pa_0   0x0069c2    program     static Z:\home\prog\code\robo2007\tags\trentonfriday\traj_null.c
                   __pa_0   0x00573e    program     static Z:\home\prog\code\robo2007\trunk\adc.c
                   __pa_0   0x00654e    program     static Z:\home\prog\code\robo2007\trunk\ifi_utilities.c
                   __pa_0   0x005f76    program     static Z:\home\prog\code\robo2007\trunk\serial_ports.c
                   __pa_0   0x006abc    program     static Z:\home\prog\code\robo2007\trunk\interrupts.c
                   __pa_0   0x0022ea    program     static C:\mcc18\src\TRADIT~1\stdclib\vfprintf.c
                   __pa_0   0x004c18    program     static Z:\home\prog\code\robo2007\trunk\traj_turn_radius.c
                   __pa_0   0x0068ce    program     static Z:\home\prog\code\robo2007\tags\trentonfriday\pwm.c
                   __pa_0   0x003832    program     static Z:\home\prog\code\robo2007\tags\trentonfriday\controller.c
                   __pa_0   0x00488a    program     static Z:\home\prog\code\robo2007\trunk\velocity.c
                   __pa_0   0x0014b6    program     static Z:\home\prog\code\robo2007\trunk\user_routines.c
                   __pa_1   0x0068f0    program     static Z:\home\prog\code\robo2007\tags\trentonfriday\pwm.c
                   __pa_1   0x0069d0    program     static Z:\home\prog\code\robo2007\tags\trentonfriday\traj_null.c
                   __pa_1   0x0053e2    program     static Z:\home\prog\code\robo2007\trunk\tracking.c
                   __pa_1   0x00665e    program     static Z:\home\prog\code\robo2007\trunk\terminal.c
                   __pa_1   0x005756    program     static Z:\home\prog\code\robo2007\trunk\adc.c
                   __pa_1   0x004c54    program     static Z:\home\prog\code\robo2007\trunk\traj_turn_radius.c
                   __pa_1   0x003840    program     static Z:\home\prog\code\robo2007\tags\trentonfriday\controller.c
                   __pa_1   0x003eb0    program     static Z:\home\prog\code\robo2007\trunk\traj_straight.c
                   __pa_1   0x0063c6    program     static Z:\home\prog\code\robo2007\trunk\gyro.c
                   __pa_1   0x004474    program     static Z:\home\prog\code\robo2007\trunk\camera.c
                   __pa_1   0x006556    program     static Z:\home\prog\code\robo2007\trunk\ifi_utilities.c
                   __pa_1   0x0014c4    program     static Z:\home\prog\code\robo2007\trunk\user_routines.c
                   __pa_1   0x0022f2    program     static C:\mcc18\src\TRADIT~1\stdclib\vfprintf.c
                   __pa_1   0x0048aa    program     static Z:\home\prog\code\robo2007\trunk\velocity.c
                   __pa_1   0x005f7e    program     static Z:\home\prog\code\robo2007\trunk\serial_ports.c
                  __pa_10   0x004d2a    program     static Z:\home\prog\code\robo2007\trunk\traj_turn_radius.c
                  __pa_10   0x003f54    program     static Z:\home\prog\code\robo2007\trunk\traj_straight.c
                  __pa_10   0x001550    program     static Z:\home\prog\code\robo2007\trunk\user_routines.c
                  __pa_10   0x0023a6    program     static C:\mcc18\src\TRADIT~1\stdclib\vfprintf.c
                  __pa_10   0x00493c    program     static Z:\home\prog\code\robo2007\trunk\velocity.c
                  __pa_10   0x003964    program     static Z:\home\prog\code\robo2007\tags\trentonfriday\controller.c
                  __pa_11   0x004d3a    program     static Z:\home\prog\code\robo2007\trunk\traj_turn_radius.c
                  __pa_11   0x00155a    program     static Z:\home\prog\code\robo2007\trunk\user_routines.c
                  __pa_11   0x003976    program     static Z:\home\prog\code\robo2007\tags\trentonfriday\controller.c
                  __pa_11   0x0023b4    program     static C:\mcc18\src\TRADIT~1\stdclib\vfprintf.c
                  __pa_11   0x003f66    program     static Z:\home\prog\code\robo2007\trunk\traj_straight.c
                  __pa_12   0x003988    program     static Z:\home\prog\code\robo2007\tags\trentonfriday\controller.c
                  __pa_12   0x0023ca    program     static C:\mcc18\src\TRADIT~1\stdclib\vfprintf.c
                  __pa_12   0x001590    program     static Z:\home\prog\code\robo2007\trunk\user_routines.c
                  __pa_12   0x004d44    program     static Z:\home\prog\code\robo2007\trunk\traj_turn_radius.c
                  __pa_12   0x003f70    program     static Z:\home\prog\code\robo2007\trunk\traj_straight.c
                  __pa_13   0x003992    program     static Z:\home\prog\code\robo2007\tags\trentonfriday\controller.c
                  __pa_13   0x0015c6    program     static Z:\home\prog\code\robo2007\trunk\user_routines.c
                  __pa_13   0x004d4e    program     static Z:\home\prog\code\robo2007\trunk\traj_turn_radius.c
                  __pa_13   0x0023e4    program     static C:\mcc18\src\TRADIT~1\stdclib\vfprintf.c
                  __pa_13   0x003f7c    program     static Z:\home\prog\code\robo2007\trunk\traj_straight.c
                  __pa_14   0x0015d4    program     static Z:\home\prog\code\robo2007\trunk\user_routines.c
                  __pa_14   0x0023fc    program     static C:\mcc18\src\TRADIT~1\stdclib\vfprintf.c
                  __pa_14   0x004d5c    program     static Z:\home\prog\code\robo2007\trunk\traj_turn_radius.c
                  __pa_14   0x003f8a    program     static Z:\home\prog\code\robo2007\trunk\traj_straight.c
                  __pa_14   0x0039a2    program     static Z:\home\prog\code\robo2007\tags\trentonfriday\controller.c
                  __pa_15   0x0015fe    program     static Z:\home\prog\code\robo2007\trunk\user_routines.c
                  __pa_15   0x00240c    program     static C:\mcc18\src\TRADIT~1\stdclib\vfprintf.c
                  __pa_15   0x003f96    program     static Z:\home\prog\code\robo2007\trunk\traj_straight.c
                  __pa_15   0x0039b0    program     static Z:\home\prog\code\robo2007\tags\trentonfriday\controller.c
                  __pa_16   0x002422    program     static C:\mcc18\src\TRADIT~1\stdclib\vfprintf.c
                  __pa_16   0x003fa4    program     static Z:\home\prog\code\robo2007\trunk\traj_straight.c
                  __pa_16   0x0039be    program     static Z:\home\prog\code\robo2007\tags\trentonfriday\controller.c
                  __pa_16   0x001616    program     static Z:\home\prog\code\robo2007\trunk\user_routines.c
                  __pa_17   0x002434    program     static C:\mcc18\src\TRADIT~1\stdclib\vfprintf.c
                  __pa_17   0x0039c4    program     static Z:\home\prog\code\robo2007\tags\trentonfriday\controller.c
                  __pa_17   0x003fb6    program     static Z:\home\prog\code\robo2007\trunk\traj_straight.c
                  __pa_17   0x00161c    program     static Z:\home\prog\code\robo2007\trunk\user_routines.c
                  __pa_18   0x0039ce    program     static Z:\home\prog\code\robo2007\tags\trentonfriday\controller.c
                  __pa_18   0x003fd8    program     static Z:\home\prog\code\robo2007\trunk\traj_straight.c
                  __pa_18   0x00163a    program     static Z:\home\prog\code\robo2007\trunk\user_routines.c
                  __pa_18   0x002446    program     static C:\mcc18\src\TRADIT~1\stdclib\vfprintf.c
                  __pa_19   0x0039d8    program     static Z:\home\prog\code\robo2007\tags\trentonfriday\controller.c
                  __pa_19   0x001646    program     static Z:\home\prog\code\robo2007\trunk\user_routines.c
                  __pa_19   0x003fe6    program     static Z:\home\prog\code\robo2007\trunk\traj_straight.c
                  __pa_19   0x002450    program     static C:\mcc18\src\TRADIT~1\stdclib\vfprintf.c
                   __pa_2   0x0022fc    program     static C:\mcc18\src\TRADIT~1\stdclib\vfprintf.c
                   __pa_2   0x0069e0    program     static Z:\home\prog\code\robo2007\tags\trentonfriday\traj_null.c
                   __pa_2   0x006900    program     static Z:\home\prog\code\robo2007\tags\trentonfriday\pwm.c
                   __pa_2   0x00447c    program     static Z:\home\prog\code\robo2007\trunk\camera.c
                   __pa_2   0x004c9a    program     static Z:\home\prog\code\robo2007\trunk\traj_turn_radius.c
                   __pa_2   0x0053ea    program     static Z:\home\prog\code\robo2007\trunk\tracking.c
                   __pa_2   0x0014d2    program     static Z:\home\prog\code\robo2007\trunk\user_routines.c
                   __pa_2   0x006670    program     static Z:\home\prog\code\robo2007\trunk\terminal.c
                   __pa_2   0x0038aa    program     static Z:\home\prog\code\robo2007\tags\trentonfriday\controller.c
                   __pa_2   0x003ed2    program     static Z:\home\prog\code\robo2007\trunk\traj_straight.c
                   __pa_2   0x0048c4    program     static Z:\home\prog\code\robo2007\trunk\velocity.c
                   __pa_2   0x006560    program     static Z:\home\prog\code\robo2007\trunk\ifi_utilities.c
                   __pa_2   0x0063d0    program     static Z:\home\prog\code\robo2007\trunk\gyro.c
                   __pa_2   0x005760    program     static Z:\home\prog\code\robo2007\trunk\adc.c
                  __pa_20   0x002460    program     static C:\mcc18\src\TRADIT~1\stdclib\vfprintf.c
                  __pa_20   0x001650    program     static Z:\home\prog\code\robo2007\trunk\user_routines.c
                  __pa_20   0x0039e0    program     static Z:\home\prog\code\robo2007\tags\trentonfriday\controller.c
                  __pa_20   0x003ffc    program     static Z:\home\prog\code\robo2007\trunk\traj_straight.c
                  __pa_21   0x0039ea    program     static Z:\home\prog\code\robo2007\tags\trentonfriday\controller.c
                  __pa_21   0x004004    program     static Z:\home\prog\code\robo2007\trunk\traj_straight.c
                  __pa_21   0x002470    program     static C:\mcc18\src\TRADIT~1\stdclib\vfprintf.c
                  __pa_21   0x001660    program     static Z:\home\prog\code\robo2007\trunk\user_routines.c
                  __pa_22   0x0039f2    program     static Z:\home\prog\code\robo2007\tags\trentonfriday\controller.c
                  __pa_22   0x002480    program     static C:\mcc18\src\TRADIT~1\stdclib\vfprintf.c
                  __pa_22   0x00166c    program     static Z:\home\prog\code\robo2007\trunk\user_routines.c
                  __pa_23   0x003a04    program     static Z:\home\prog\code\robo2007\tags\trentonfriday\controller.c
                  __pa_23   0x00248c    program     static C:\mcc18\src\TRADIT~1\stdclib\vfprintf.c
                  __pa_23   0x001678    program     static Z:\home\prog\code\robo2007\trunk\user_routines.c
                  __pa_24   0x00167e    program     static Z:\home\prog\code\robo2007\trunk\user_routines.c
                  __pa_24   0x003a16    program     static Z:\home\prog\code\robo2007\tags\trentonfriday\controller.c
                  __pa_24   0x00249a    program     static C:\mcc18\src\TRADIT~1\stdclib\vfprintf.c
                  __pa_25   0x001690    program     static Z:\home\prog\code\robo2007\trunk\user_routines.c
                  __pa_25   0x003a28    program     static Z:\home\prog\code\robo2007\tags\trentonfriday\controller.c
                  __pa_25   0x0024a2    program     static C:\mcc18\src\TRADIT~1\stdclib\vfprintf.c
                  __pa_26   0x00169a    program     static Z:\home\prog\code\robo2007\trunk\user_routines.c
                  __pa_26   0x003a30    program     static Z:\home\prog\code\robo2007\tags\trentonfriday\controller.c
                  __pa_26   0x0024ac    program     static C:\mcc18\src\TRADIT~1\stdclib\vfprintf.c
                  __pa_27   0x003a38    program     static Z:\home\prog\code\robo2007\tags\trentonfriday\controller.c
                  __pa_27   0x0024b6    program     static C:\mcc18\src\TRADIT~1\stdclib\vfprintf.c
                  __pa_27   0x0016a4    program     static Z:\home\prog\code\robo2007\trunk\user_routines.c
                  __pa_28   0x0016aa    program     static Z:\home\prog\code\robo2007\trunk\user_routines.c
                  __pa_28   0x0024be    program     static C:\mcc18\src\TRADIT~1\stdclib\vfprintf.c
                  __pa_28   0x003a40    program     static Z:\home\prog\code\robo2007\tags\trentonfriday\controller.c
                  __pa_29   0x003a4c    program     static Z:\home\prog\code\robo2007\tags\trentonfriday\controller.c
                  __pa_29   0x0016b8    program     static Z:\home\prog\code\robo2007\trunk\user_routines.c
                  __pa_29   0x0024cc    program     static C:\mcc18\src\TRADIT~1\stdclib\vfprintf.c
                   __pa_3   0x0048cc    program     static Z:\home\prog\code\robo2007\trunk\velocity.c
                   __pa_3   0x0053fa    program     static Z:\home\prog\code\robo2007\trunk\tracking.c
                   __pa_3   0x002306    program     static C:\mcc18\src\TRADIT~1\stdclib\vfprintf.c
                   __pa_3   0x0038c8    program     static Z:\home\prog\code\robo2007\tags\trentonfriday\controller.c
                   __pa_3   0x003ee0    program     static Z:\home\prog\code\robo2007\trunk\traj_straight.c
                   __pa_3   0x0014da    program     static Z:\home\prog\code\robo2007\trunk\user_routines.c
                   __pa_3   0x006692    program     static Z:\home\prog\code\robo2007\trunk\terminal.c
                   __pa_3   0x004486    program     static Z:\home\prog\code\robo2007\trunk\camera.c
                   __pa_3   0x00656c    program     static Z:\home\prog\code\robo2007\trunk\ifi_utilities.c
                   __pa_3   0x005768    program     static Z:\home\prog\code\robo2007\trunk\adc.c
                   __pa_3   0x004cac    program     static Z:\home\prog\code\robo2007\trunk\traj_turn_radius.c
                  __pa_30   0x003a58    program     static Z:\home\prog\code\robo2007\tags\trentonfriday\controller.c
                  __pa_30   0x0024e8    program     static C:\mcc18\src\TRADIT~1\stdclib\vfprintf.c
                  __pa_30   0x0016c2    program     static Z:\home\prog\code\robo2007\trunk\user_routines.c
                  __pa_31   0x0016d4    program     static Z:\home\prog\code\robo2007\trunk\user_routines.c
                  __pa_31   0x002502    program     static C:\mcc18\src\TRADIT~1\stdclib\vfprintf.c
                  __pa_31   0x003a64    program     static Z:\home\prog\code\robo2007\tags\trentonfriday\controller.c
                  __pa_32   0x003a72    program     static Z:\home\prog\code\robo2007\tags\trentonfriday\controller.c
                  __pa_32   0x0016e0    program     static Z:\home\prog\code\robo2007\trunk\user_routines.c
                  __pa_32   0x00251c    program     static C:\mcc18\src\TRADIT~1\stdclib\vfprintf.c
                  __pa_33   0x002534    program     static C:\mcc18\src\TRADIT~1\stdclib\vfprintf.c
                  __pa_33   0x0016ea    program     static Z:\home\prog\code\robo2007\trunk\user_routines.c
                  __pa_33   0x003a7a    program     static Z:\home\prog\code\robo2007\tags\trentonfriday\controller.c
                  __pa_34   0x00253e    program     static C:\mcc18\src\TRADIT~1\stdclib\vfprintf.c
                  __pa_34   0x0016f4    program     static Z:\home\prog\code\robo2007\trunk\user_routines.c
                  __pa_35   0x00254c    program     static C:\mcc18\src\TRADIT~1\stdclib\vfprintf.c
                  __pa_35   0x001704    program     static Z:\home\prog\code\robo2007\trunk\user_routines.c
                  __pa_36   0x001712    program     static Z:\home\prog\code\robo2007\trunk\user_routines.c
                  __pa_36   0x002554    program     static C:\mcc18\src\TRADIT~1\stdclib\vfprintf.c
                  __pa_37   0x00171c    program     static Z:\home\prog\code\robo2007\trunk\user_routines.c
                  __pa_37   0x00255e    program     static C:\mcc18\src\TRADIT~1\stdclib\vfprintf.c
                  __pa_38   0x001724    program     static Z:\home\prog\code\robo2007\trunk\user_routines.c
                  __pa_38   0x00256e    program     static C:\mcc18\src\TRADIT~1\stdclib\vfprintf.c
                  __pa_39   0x00177a    program     static Z:\home\prog\code\robo2007\trunk\user_routines.c
                  __pa_39   0x00257c    program     static C:\mcc18\src\TRADIT~1\stdclib\vfprintf.c
                   __pa_4   0x00577c    program     static Z:\home\prog\code\robo2007\trunk\adc.c
                   __pa_4   0x0014e8    program     static Z:\home\prog\code\robo2007\trunk\user_routines.c
                   __pa_4   0x0066a4    program     static Z:\home\prog\code\robo2007\trunk\terminal.c
                   __pa_4   0x00231e    program     static C:\mcc18\src\TRADIT~1\stdclib\vfprintf.c
                   __pa_4   0x0048e2    program     static Z:\home\prog\code\robo2007\trunk\velocity.c
                   __pa_4   0x0038d0    program     static Z:\home\prog\code\robo2007\tags\trentonfriday\controller.c
                   __pa_4   0x004cba    program     static Z:\home\prog\code\robo2007\trunk\traj_turn_radius.c
                   __pa_4   0x005404    program     static Z:\home\prog\code\robo2007\trunk\tracking.c
                   __pa_4   0x003efa    program     static Z:\home\prog\code\robo2007\trunk\traj_straight.c
                   __pa_4   0x004490    program     static Z:\home\prog\code\robo2007\trunk\camera.c
                  __pa_40   0x002588    program     static C:\mcc18\src\TRADIT~1\stdclib\vfprintf.c
                  __pa_40   0x0017b6    program     static Z:\home\prog\code\robo2007\trunk\user_routines.c
                  __pa_41   0x002594    program     static C:\mcc18\src\TRADIT~1\stdclib\vfprintf.c
                  __pa_41   0x0017f2    program     static Z:\home\prog\code\robo2007\trunk\user_routines.c
                  __pa_42   0x00259c    program     static C:\mcc18\src\TRADIT~1\stdclib\vfprintf.c
                  __pa_42   0x0017f8    program     static Z:\home\prog\code\robo2007\trunk\user_routines.c
                  __pa_43   0x0025a6    program     static C:\mcc18\src\TRADIT~1\stdclib\vfprintf.c
                  __pa_43   0x001800    program     static Z:\home\prog\code\robo2007\trunk\user_routines.c
                  __pa_44   0x001808    program     static Z:\home\prog\code\robo2007\trunk\user_routines.c
                  __pa_44   0x0025ac    program     static C:\mcc18\src\TRADIT~1\stdclib\vfprintf.c
                  __pa_45   0x001810    program     static Z:\home\prog\code\robo2007\trunk\user_routines.c
                  __pa_45   0x0025b6    program     static C:\mcc18\src\TRADIT~1\stdclib\vfprintf.c
                  __pa_46   0x001818    program     static Z:\home\prog\code\robo2007\trunk\user_routines.c
                  __pa_46   0x0025c2    program     static C:\mcc18\src\TRADIT~1\stdclib\vfprintf.c
                  __pa_47   0x001820    program     static Z:\home\prog\code\robo2007\trunk\user_routines.c
                  __pa_48   0x001840    program     static Z:\home\prog\code\robo2007\trunk\user_routines.c
                  __pa_49   0x001846    program     static Z:\home\prog\code\robo2007\trunk\user_routines.c
                   __pa_5   0x003902    program     static Z:\home\prog\code\robo2007\tags\trentonfriday\controller.c
                   __pa_5   0x005790    program     static Z:\home\prog\code\robo2007\trunk\adc.c
                   __pa_5   0x002332    program     static C:\mcc18\src\TRADIT~1\stdclib\vfprintf.c
                   __pa_5   0x0066b4    program     static Z:\home\prog\code\robo2007\trunk\terminal.c
                   __pa_5   0x005412    program     static Z:\home\prog\code\robo2007\trunk\tracking.c
                   __pa_5   0x004cd2    program     static Z:\home\prog\code\robo2007\trunk\traj_turn_radius.c
                   __pa_5   0x004498    program     static Z:\home\prog\code\robo2007\trunk\camera.c
                   __pa_5   0x003f0c    program     static Z:\home\prog\code\robo2007\trunk\traj_straight.c
                   __pa_5   0x0048f8    program     static Z:\home\prog\code\robo2007\trunk\velocity.c
                   __pa_5   0x0014f2    program     static Z:\home\prog\code\robo2007\trunk\user_routines.c
                  __pa_50   0x001852    program     static Z:\home\prog\code\robo2007\trunk\user_routines.c
                  __pa_51   0x00185c    program     static Z:\home\prog\code\robo2007\trunk\user_routines.c
                  __pa_52   0x001870    program     static Z:\home\prog\code\robo2007\trunk\user_routines.c
                  __pa_53   0x00187a    program     static Z:\home\prog\code\robo2007\trunk\user_routines.c
                  __pa_54   0x001882    program     static Z:\home\prog\code\robo2007\trunk\user_routines.c
                  __pa_55   0x001892    program     static Z:\home\prog\code\robo2007\trunk\user_routines.c
                  __pa_56   0x00189a    program     static Z:\home\prog\code\robo2007\trunk\user_routines.c
                  __pa_57   0x0018ac    program     static Z:\home\prog\code\robo2007\trunk\user_routines.c
                  __pa_58   0x0018b4    program     static Z:\home\prog\code\robo2007\trunk\user_routines.c
                  __pa_59   0x0018bc    program     static Z:\home\prog\code\robo2007\trunk\user_routines.c
                   __pa_6   0x003918    program     static Z:\home\prog\code\robo2007\tags\trentonfriday\controller.c
                   __pa_6   0x004ce6    program     static Z:\home\prog\code\robo2007\trunk\traj_turn_radius.c
                   __pa_6   0x0044a4    program     static Z:\home\prog\code\robo2007\trunk\camera.c
                   __pa_6   0x0057a0    program     static Z:\home\prog\code\robo2007\trunk\adc.c
                   __pa_6   0x00234e    program     static C:\mcc18\src\TRADIT~1\stdclib\vfprintf.c
                   __pa_6   0x004906    program     static Z:\home\prog\code\robo2007\trunk\velocity.c
                   __pa_6   0x005420    program     static Z:\home\prog\code\robo2007\trunk\tracking.c
                   __pa_6   0x001504    program     static Z:\home\prog\code\robo2007\trunk\user_routines.c
                   __pa_6   0x003f20    program     static Z:\home\prog\code\robo2007\trunk\traj_straight.c
                  __pa_60   0x0018c4    program     static Z:\home\prog\code\robo2007\trunk\user_routines.c
                  __pa_61   0x0018cc    program     static Z:\home\prog\code\robo2007\trunk\user_routines.c
                  __pa_62   0x0018d6    program     static Z:\home\prog\code\robo2007\trunk\user_routines.c
                  __pa_63   0x0018de    program     static Z:\home\prog\code\robo2007\trunk\user_routines.c
                  __pa_64   0x0018e8    program     static Z:\home\prog\code\robo2007\trunk\user_routines.c
                  __pa_65   0x0018f4    program     static Z:\home\prog\code\robo2007\trunk\user_routines.c
                  __pa_66   0x0018fe    program     static Z:\home\prog\code\robo2007\trunk\user_routines.c
                  __pa_67   0x00190a    program     static Z:\home\prog\code\robo2007\trunk\user_routines.c
                  __pa_68   0x001918    program     static Z:\home\prog\code\robo2007\trunk\user_routines.c
                  __pa_69   0x00191e    program     static Z:\home\prog\code\robo2007\trunk\user_routines.c
                   __pa_7   0x003f28    program     static Z:\home\prog\code\robo2007\trunk\traj_straight.c
                   __pa_7   0x004912    program     static Z:\home\prog\code\robo2007\trunk\velocity.c
                   __pa_7   0x001516    program     static Z:\home\prog\code\robo2007\trunk\user_routines.c
                   __pa_7   0x005432    program     static Z:\home\prog\code\robo2007\trunk\tracking.c
                   __pa_7   0x004cfa    program     static Z:\home\prog\code\robo2007\trunk\traj_turn_radius.c
                   __pa_7   0x002358    program     static C:\mcc18\src\TRADIT~1\stdclib\vfprintf.c
                   __pa_7   0x003934    program     static Z:\home\prog\code\robo2007\tags\trentonfriday\controller.c
                  __pa_70   0x001926    program     static Z:\home\prog\code\robo2007\trunk\user_routines.c
                  __pa_71   0x001930    program     static Z:\home\prog\code\robo2007\trunk\user_routines.c
                  __pa_72   0x00193a    program     static Z:\home\prog\code\robo2007\trunk\user_routines.c
                  __pa_73   0x001942    program     static Z:\home\prog\code\robo2007\trunk\user_routines.c
                  __pa_74   0x00194c    program     static Z:\home\prog\code\robo2007\trunk\user_routines.c
                  __pa_75   0x001952    program     static Z:\home\prog\code\robo2007\trunk\user_routines.c
                  __pa_76   0x00195e    program     static Z:\home\prog\code\robo2007\trunk\user_routines.c
                  __pa_77   0x001968    program     static Z:\home\prog\code\robo2007\trunk\user_routines.c
                  __pa_78   0x001972    program     static Z:\home\prog\code\robo2007\trunk\user_routines.c
                  __pa_79   0x001980    program     static Z:\home\prog\code\robo2007\trunk\user_routines.c
                   __pa_8   0x003f30    program     static Z:\home\prog\code\robo2007\trunk\traj_straight.c
                   __pa_8   0x004920    program     static Z:\home\prog\code\robo2007\trunk\velocity.c
                   __pa_8   0x001528    program     static Z:\home\prog\code\robo2007\trunk\user_routines.c
                   __pa_8   0x002364    program     static C:\mcc18\src\TRADIT~1\stdclib\vfprintf.c
                   __pa_8   0x00394c    program     static Z:\home\prog\code\robo2007\tags\trentonfriday\controller.c
                   __pa_8   0x005442    program     static Z:\home\prog\code\robo2007\trunk\tracking.c
                   __pa_8   0x004d10    program     static Z:\home\prog\code\robo2007\trunk\traj_turn_radius.c
                  __pa_80   0x00198a    program     static Z:\home\prog\code\robo2007\trunk\user_routines.c
                  __pa_81   0x001990    program     static Z:\home\prog\code\robo2007\trunk\user_routines.c
                  __pa_82   0x001996    program     static Z:\home\prog\code\robo2007\trunk\user_routines.c
                  __pa_83   0x00199c    program     static Z:\home\prog\code\robo2007\trunk\user_routines.c
                  __pa_84   0x0019a4    program     static Z:\home\prog\code\robo2007\trunk\user_routines.c
                   __pa_9   0x004d1a    program     static Z:\home\prog\code\robo2007\trunk\traj_turn_radius.c
                   __pa_9   0x003f42    program     static Z:\home\prog\code\robo2007\trunk\traj_straight.c
                   __pa_9   0x003956    program     static Z:\home\prog\code\robo2007\tags\trentonfriday\controller.c
                   __pa_9   0x002386    program     static C:\mcc18\src\TRADIT~1\stdclib\vfprintf.c
                   __pa_9   0x001530    program     static Z:\home\prog\code\robo2007\trunk\user_routines.c
                   __pa_9   0x00544e    program     static Z:\home\prog\code\robo2007\trunk\tracking.c
                   __pa_9   0x00492e    program     static Z:\home\prog\code\robo2007\trunk\velocity.c
               __string_0   0x00619f    program     static Z:\home\prog\code\robo2007\trunk\OurCamera.c
               __string_0   0x0060c4    program     static Z:\home\prog\code\robo2007\trunk\velocity.c
               __string_0   0x0061a9    program     static Z:\home\prog\code\robo2007\trunk\traj_ram.c
               __string_0   0x006179    program     static Z:\home\prog\code\robo2007\trunk\terminal.c
               __string_0   0x006099    program     static Z:\home\prog\code\robo2007\trunk\user_routines.c
               __string_1   0x006071    program     static Z:\home\prog\code\robo2007\trunk\user_routines.c
               __string_1   0x0060b6    program     static Z:\home\prog\code\robo2007\trunk\velocity.c
               __string_1   0x006188    program     static Z:\home\prog\code\robo2007\trunk\OurCamera.c
               __string_1   0x006176    program     static Z:\home\prog\code\robo2007\trunk\terminal.c
              __string_10   0x005fad    program     static Z:\home\prog\code\robo2007\trunk\user_routines.c
              __string_11   0x005fa6    program     static Z:\home\prog\code\robo2007\trunk\user_routines.c
              __string_12   0x005f9f    program     static Z:\home\prog\code\robo2007\trunk\user_routines.c
              __string_13   0x005f98    program     static Z:\home\prog\code\robo2007\trunk\user_routines.c
              __string_14   0x005f88    program     static Z:\home\prog\code\robo2007\trunk\user_routines.c
               __string_2   0x00615a    program     static Z:\home\prog\code\robo2007\trunk\terminal.c
               __string_2   0x0060aa    program     static Z:\home\prog\code\robo2007\trunk\velocity.c
               __string_2   0x006057    program     static Z:\home\prog\code\robo2007\trunk\user_routines.c
               __string_3   0x006051    program     static Z:\home\prog\code\robo2007\trunk\user_routines.c
               __string_3   0x00613e    program     static Z:\home\prog\code\robo2007\trunk\terminal.c
               __string_4   0x006031    program     static Z:\home\prog\code\robo2007\trunk\user_routines.c
               __string_4   0x006122    program     static Z:\home\prog\code\robo2007\trunk\terminal.c
               __string_5   0x00601a    program     static Z:\home\prog\code\robo2007\trunk\user_routines.c
               __string_5   0x006106    program     static Z:\home\prog\code\robo2007\trunk\terminal.c
               __string_6   0x005fd9    program     static Z:\home\prog\code\robo2007\trunk\user_routines.c
               __string_6   0x0060ea    program     static Z:\home\prog\code\robo2007\trunk\terminal.c
               __string_7   0x005fd2    program     static Z:\home\prog\code\robo2007\trunk\user_routines.c
               __string_7   0x0060ce    program     static Z:\home\prog\code\robo2007\trunk\terminal.c
               __string_8   0x005fc2    program     static Z:\home\prog\code\robo2007\trunk\user_routines.c
               __string_9   0x005fb4    program     static Z:\home\prog\code\robo2007\trunk\user_routines.c
              __tmplbl_21   0x001616    program     static                          
              __tmplbl_31   0x001616    program     static                          
              __tmplbl_42   0x002480    program     static                          
              __tmplbl_43   0x0022cc    program     static                          
              __tmplbl_44   0x0022b2    program     static                          
              __tmplbl_86   0x001a00    program     static                          
                _do_cinit   0x006b84    program     extern Z:\home\prog\code\robo2007\trunk\ifi_startup.c
                   _entry   0x000800    program     extern Z:\home\prog\code\robo2007\trunk\ifi_startup.c
                   _false   0x006f1e    program     static                          
                 _startup   0x006fd8    program     extern Z:\home\prog\code\robo2007\trunk\ifi_startup.c
              _usart_putc   0x007018    program     extern C:\MCC18\SRC\TRADIT~1\PMC\USART\_usartpc.asm
               _user_putc   0x005f4e    program     extern Z:\home\prog\code\robo2007\trunk\serial_ports.c
                      abs   0x001350    program     extern Z:\home\prog\code\robo2007\trunk\user_routines.c
    check_multiple_lights   0x0066c0    program     extern Z:\home\prog\code\robo2007\trunk\OurCamera.c
                  control   0x000de0    program     extern Z:\home\prog\code\robo2007\trunk\user_routines.c
               controller   0x0034ce    program     extern Z:\home\prog\code\robo2007\tags\trentonfriday\controller.c
                copy_loop   0x006bf6    program     static                          
            copy_one_byte   0x006bfc    program     static                          
                     done   0x006c20    program     static                          
             done_copying   0x006c0a    program     static                          
                  endloop   0x006f88    program     static                          
               get_rpm_1k   0x0044b0    program     extern Z:\home\prog\code\robo2007\trunk\velocity.c
             get_velocity   0x004604    program     extern Z:\home\prog\code\robo2007\trunk\velocity.c
                 guidance   0x000ef4    program     extern Z:\home\prog\code\robo2007\trunk\user_routines.c
          init_controller   0x0033d4    program     extern Z:\home\prog\code\robo2007\tags\trentonfriday\controller.c
  init_controller_divisor   0x0034b6    program     extern Z:\home\prog\code\robo2007\tags\trentonfriday\controller.c
  init_controller_integer   0x0034c2    program     extern Z:\home\prog\code\robo2007\tags\trentonfriday\controller.c
                init_null   0x00690e    program     extern Z:\home\prog\code\robo2007\tags\trentonfriday\traj_null.c
                 init_ram   0x0057ae    program     extern Z:\home\prog\code\robo2007\trunk\traj_ram.c
            init_straight   0x003a82    program     extern Z:\home\prog\code\robo2007\trunk\traj_straight.c
                init_traj   0x00705c    program     extern Z:\home\prog\code\robo2007\trunk\trajectory.c
         init_turn_radius   0x004944    program     extern Z:\home\prog\code\robo2007\trunk\traj_turn_radius.c
                  isdigit   0x006fb4    program     extern C:\MCC18\SRC\TRADIT~1\STDCLIB\isdigit.asm
                 jANotInf   0x002f76    program     static C:\MCC18\SRC\TRADIT~1\MATH\mulFP.asm
                 jANotInf   0x002ed0    program     static C:\MCC18\SRC\TRADIT~1\MATH\divFP.asm
                 jANotInf   0x002dae    program     static C:\MCC18\SRC\TRADIT~1\MATH\addFP.asm
                 jANotNeg   0x002e42    program     static C:\MCC18\SRC\TRADIT~1\MATH\addFP.asm
                jANotZero   0x002ee4    program     static C:\MCC18\SRC\TRADIT~1\MATH\divFP.asm
              jAandWsetup   0x002e12    program     static C:\MCC18\SRC\TRADIT~1\MATH\addFP.asm
                  jAisNeg   0x00329a    program     static C:\MCC18\SRC\TRADIT~1\MATH\compFP.asm
                 jAltBexp   0x002e00    program     static C:\MCC18\SRC\TRADIT~1\MATH\addFP.asm
                jBANotInf   0x002da4    program     static C:\MCC18\SRC\TRADIT~1\MATH\addFP.asm
                 jBNotInf   0x002dbc    program     static C:\MCC18\SRC\TRADIT~1\MATH\addFP.asm
              jBothFinite   0x002f84    program     static C:\MCC18\SRC\TRADIT~1\MATH\mulFP.asm
             jBothNotZero   0x00323c    program     static C:\MCC18\SRC\TRADIT~1\MATH\compFP.asm
             jBothNotZero   0x002f90    program     static C:\MCC18\SRC\TRADIT~1\MATH\mulFP.asm
            jDifOrPosSign   0x002dd0    program     static C:\MCC18\SRC\TRADIT~1\MATH\addFP.asm
                      jEQ   0x003258    program     static C:\MCC18\SRC\TRADIT~1\MATH\compFP.asm
                     jEnd   0x006b38    program     static C:\MCC18\SRC\TRADIT~1\STDCLIB\strlen.asm
                     jEnd   0x006b0c    program     static C:\MCC18\SRC\TRADIT~1\STDCLIB\memcpy.asm
                     jEnd   0x006b70    program     static C:\MCC18\SRC\TRADIT~1\STDCLIB\slenpgm.asm
                    jExch   0x003264    program     static C:\MCC18\SRC\TRADIT~1\MATH\compFP.asm
                    jExit   0x00318c    program     static C:\MCC18\SRC\TRADIT~1\MATH\castFP08.asm
                    jExit   0x0031ea    program     static C:\MCC18\SRC\TRADIT~1\MATH\castFP16.asm
                   jExpEQ   0x0032aa    program     static C:\MCC18\SRC\TRADIT~1\MATH\compFP.asm
                   jFinal   0x00328e    program     static C:\MCC18\SRC\TRADIT~1\MATH\compFP.asm
               jFinalSign   0x002eaa    program     static C:\MCC18\SRC\TRADIT~1\MATH\addFP.asm
                jHaveZero   0x002f8c    program     static C:\MCC18\SRC\TRADIT~1\MATH\mulFP.asm
                jI2F08Beg   0x002d10    program     static C:\MCC18\SRC\TRADIT~1\MATH\cast08FP.asm
                jI2F16Beg   0x002d38    program     static C:\MCC18\SRC\TRADIT~1\MATH\cast16FP.asm
                jI2F32Beg   0x002d6a    program     static C:\MCC18\SRC\TRADIT~1\MATH\cast32FP.asm
                    jLoop   0x002f0c    program     static C:\MCC18\SRC\TRADIT~1\MATH\divFP.asm
                    jLoop   0x003174    program     static C:\MCC18\SRC\TRADIT~1\MATH\castFP08.asm
                    jLoop   0x0031ca    program     static C:\MCC18\SRC\TRADIT~1\MATH\castFP16.asm
                    jLoop   0x006af0    program     static C:\MCC18\SRC\TRADIT~1\STDCLIB\memcpy.asm
                    jLoop   0x006b2e    program     static C:\MCC18\SRC\TRADIT~1\STDCLIB\strlen.asm
                    jLoop   0x006b58    program     static C:\MCC18\SRC\TRADIT~1\STDCLIB\slenpgm.asm
                jLoopExit   0x003182    program     static C:\MCC18\SRC\TRADIT~1\MATH\castFP08.asm
                jLoopExit   0x0031da    program     static C:\MCC18\SRC\TRADIT~1\MATH\castFP16.asm
                   jMatch   0x006fd4    program     static C:\MCC18\SRC\TRADIT~1\STDCLIB\isdigit.asm
                     jMax   0x00319e    program     static C:\MCC18\SRC\TRADIT~1\MATH\castFP16.asm
                     jMax   0x003150    program     static C:\MCC18\SRC\TRADIT~1\MATH\castFP08.asm
                  jMaxNeg   0x00315a    program     static C:\MCC18\SRC\TRADIT~1\MATH\castFP08.asm
                  jMaxNeg   0x0031ac    program     static C:\MCC18\SRC\TRADIT~1\MATH\castFP16.asm
                  jMaxPos   0x0031a2    program     static C:\MCC18\SRC\TRADIT~1\MATH\castFP16.asm
                  jMaxPos   0x003154    program     static C:\MCC18\SRC\TRADIT~1\MATH\castFP08.asm
                      jNE   0x00325c    program     static C:\MCC18\SRC\TRADIT~1\MATH\compFP.asm
                    jNext   0x002f32    program     static C:\MCC18\SRC\TRADIT~1\MATH\divFP.asm
                jNoAdjust   0x002f30    program     static C:\MCC18\SRC\TRADIT~1\MATH\divFP.asm
                  jNoExch   0x003284    program     static C:\MCC18\SRC\TRADIT~1\MATH\compFP.asm
                 jNoMatch   0x006fd6    program     static C:\MCC18\SRC\TRADIT~1\STDCLIB\isdigit.asm
             jNotBothZero   0x002dd4    program     static C:\MCC18\SRC\TRADIT~1\MATH\addFP.asm
                  jNotInf   0x0031ba    program     static C:\MCC18\SRC\TRADIT~1\MATH\castFP16.asm
                  jNotInf   0x003164    program     static C:\MCC18\SRC\TRADIT~1\MATH\castFP08.asm
                  jPkLoop   0x00330e    program     static C:\MCC18\SRC\TRADIT~1\MATH\packFP.asm
             jPkRoundDone   0x003358    program     static C:\MCC18\SRC\TRADIT~1\MATH\packFP.asm
               jPkRoundIt   0x003340    program     static C:\MCC18\SRC\TRADIT~1\MATH\packFP.asm
             jPkShiftDone   0x00332a    program     static C:\MCC18\SRC\TRADIT~1\MATH\packFP.asm
           jReturnPosInf0   0x0032e4    program     static C:\MCC18\SRC\TRADIT~1\MATH\packFP.asm
                  jRotate   0x0032b6    program     static C:\MCC18\SRC\TRADIT~1\MATH\compFP.asm
                   jShift   0x0032a0    program     static C:\MCC18\SRC\TRADIT~1\MATH\compFP.asm
               jShiftDone   0x002e6a    program     static C:\MCC18\SRC\TRADIT~1\MATH\addFP.asm
               jShiftLoop   0x002e5c    program     static C:\MCC18\SRC\TRADIT~1\MATH\addFP.asm
                jSignDone   0x002e9a    program     static C:\MCC18\SRC\TRADIT~1\MATH\addFP.asm
              jSignedZero   0x002eda    program     static C:\MCC18\SRC\TRADIT~1\MATH\divFP.asm
                 jSignsEQ   0x003240    program     static C:\MCC18\SRC\TRADIT~1\MATH\compFP.asm
                  jUnpkA1   0x003382    program     static C:\MCC18\SRC\TRADIT~1\MATH\UnpackFP.asm
                  jUnpkA2   0x00339a    program     static C:\MCC18\SRC\TRADIT~1\MATH\UnpackFP.asm
                 jUnpkANZ   0x003390    program     static C:\MCC18\SRC\TRADIT~1\MATH\UnpackFP.asm
                  jUnpkB1   0x0033b2    program     static C:\MCC18\SRC\TRADIT~1\MATH\UnpackFP.asm
                  jUnpkB2   0x0033ca    program     static C:\MCC18\SRC\TRADIT~1\MATH\UnpackFP.asm
                 jUnpkBNZ   0x0033c0    program     static C:\MCC18\SRC\TRADIT~1\MATH\UnpackFP.asm
                 jUnpkNaN   0x0033a4    program     static C:\MCC18\SRC\TRADIT~1\MATH\UnpackFP.asm
                 jWNotNeg   0x002e56    program     static C:\MCC18\SRC\TRADIT~1\MATH\addFP.asm
                    jZero   0x003160    program     static C:\MCC18\SRC\TRADIT~1\MATH\castFP08.asm
                    jZero   0x0031b4    program     static C:\MCC18\SRC\TRADIT~1\MATH\castFP16.asm
               jZero1and2   0x0032e8    program     static C:\MCC18\SRC\TRADIT~1\MATH\packFP.asm
                     loop   0x007028    program     static C:\MCC18\SRC\TRADIT~1\PMC\USART\_usartpc.asm
                     loop   0x006fe8    program     static                          
                     loop   0x006eea    program     static                          
                     loop   0x006f6c    program     static                          
                     main   0x006f8e    program     extern Z:\home\prog\code\robo2007\trunk\main.c
                   memcpy   0x006ac8    program     extern C:\MCC18\SRC\TRADIT~1\STDCLIB\memcpy.asm
                   output   0x00105e    program     extern Z:\home\prog\code\robo2007\trunk\user_routines.c
           pd_vel_control   0x003652    program     extern Z:\home\prog\code\robo2007\tags\trentonfriday\controller.c
                   printf   0x006c22    program     extern C:\mcc18\src\TRADIT~1\stdclib\printf.c
                     putc   0x006cb6    program     extern C:\mcc18\src\TRADIT~1\stdclib\putc.c
         ramp_coefficient   0x003744    program     extern Z:\home\prog\code\robo2007\tags\trentonfriday\controller.c
                ramp_feet   0x00373e    program     extern Z:\home\prog\code\robo2007\tags\trentonfriday\controller.c
               robo_reset   0x001276    program     extern Z:\home\prog\code\robo2007\trunk\user_routines.c
                      run   0x004b42    program     static Z:\home\prog\code\robo2007\trunk\traj_turn_radius.c
                      run   0x006970    program     static Z:\home\prog\code\robo2007\tags\trentonfriday\traj_null.c
                      run   0x00581e    program     static Z:\home\prog\code\robo2007\trunk\traj_ram.c
                      run   0x003bd4    program     static Z:\home\prog\code\robo2007\trunk\traj_straight.c
                  s_delay   0x0050e2    program     static C:\mcc18\Projects\EduCode\Util_lib.asm
                 s_digits   0x00704a    program     static C:\mcc18\src\TRADIT~1\stdclib\vfprintf.c
            s_put_n_chars   0x0019aa    program     static C:\mcc18\src\TRADIT~1\stdclib\vfprintf.c
             split_window   0x0066e6    program     extern Z:\home\prog\code\robo2007\trunk\OurCamera.c
                    start   0x004960    program     static Z:\home\prog\code\robo2007\trunk\traj_turn_radius.c
                    start   0x003a9e    program     static Z:\home\prog\code\robo2007\trunk\traj_straight.c
[...]
                 DDRCbits   0x000f94       data     extern C:\MCC18\SRC\TRADIT~1\PROC\p18f8722.asm
                TRISDbits   0x000f95       data     extern C:\MCC18\SRC\TRADIT~1\PROC\p18f8722.asm
                    TRISD   0x000f95       data     extern C:\MCC18\SRC\TRADIT~1\PROC\p18f8722.asm
                 DDRDbits   0x000f95       data     extern C:\MCC18\SRC\TRADIT~1\PROC\p18f8722.asm
                     DDRD   0x000f95       data     extern C:\MCC18\SRC\TRADIT~1\PROC\p18f8722.asm
                TRISEbits   0x000f96       data     extern C:\MCC18\SRC\TRADIT~1\PROC\p18f8722.asm
                    TRISE   0x000f96       data     extern C:\MCC18\SRC\TRADIT~1\PROC\p18f8722.asm
                 DDREbits   0x000f96       data     extern C:\MCC18\SRC\TRADIT~1\PROC\p18f8722.asm
                     DDRE   0x000f96       data     extern C:\MCC18\SRC\TRADIT~1\PROC\p18f8722.asm
                TRISFbits   0x000f97       data     extern C:\MCC18\SRC\TRADIT~1\PROC\p18f8722.asm
                    TRISF   0x000f97       data     extern C:\MCC18\SRC\TRADIT~1\PROC\p18f8722.asm
                     DDRF   0x000f97       data     extern C:\MCC18\SRC\TRADIT~1\PROC\p18f8722.asm
                 DDRFbits   0x000f97       data     extern C:\MCC18\SRC\TRADIT~1\PROC\p18f8722.asm
                     DDRG   0x000f98       data     extern C:\MCC18\SRC\TRADIT~1\PROC\p18f8722.asm
                 DDRGbits   0x000f98       data     extern C:\MCC18\SRC\TRADIT~1\PROC\p18f8722.asm
                    TRISG   0x000f98       data     extern C:\MCC18\SRC\TRADIT~1\PROC\p18f8722.asm
                TRISGbits   0x000f98       data     extern C:\MCC18\SRC\TRADIT~1\PROC\p18f8722.asm
                    TRISH   0x000f99       data     extern C:\MCC18\SRC\TRADIT~1\PROC\p18f8722.asm
                TRISHbits   0x000f99       data     extern C:\MCC18\SRC\TRADIT~1\PROC\p18f8722.asm
                     DDRH   0x000f99       data     extern C:\MCC18\SRC\TRADIT~1\PROC\p18f8722.asm
                 DDRHbits   0x000f99       data     extern C:\MCC18\SRC\TRADIT~1\PROC\p18f8722.asm
                    TRISJ   0x000f9a       data     extern C:\MCC18\SRC\TRADIT~1\PROC\p18f8722.asm
                TRISJbits   0x000f9a       data     extern C:\MCC18\SRC\TRADIT~1\PROC\p18f8722.asm
                     DDRJ   0x000f9a       data     extern C:\MCC18\SRC\TRADIT~1\PROC\p18f8722.asm
                 DDRJbits   0x000f9a       data     extern C:\MCC18\SRC\TRADIT~1\PROC\p18f8722.asm
                  OSCTUNE   0x000f9b       data     extern C:\MCC18\SRC\TRADIT~1\PROC\p18f8722.asm
              OSCTUNEbits   0x000f9b       data     extern C:\MCC18\SRC\TRADIT~1\PROC\p18f8722.asm
                   MEMCON   0x000f9c       data     extern C:\MCC18\SRC\TRADIT~1\PROC\p18f8722.asm
               MEMCONbits   0x000f9c       data     extern C:\MCC18\SRC\TRADIT~1\PROC\p18f8722.asm
                 PIE1bits   0x000f9d       data     extern C:\MCC18\SRC\TRADIT~1\PROC\p18f8722.asm
                     PIE1   0x000f9d       data     extern C:\MCC18\SRC\TRADIT~1\PROC\p18f8722.asm
                     PIR1   0x000f9e       data     extern C:\MCC18\SRC\TRADIT~1\PROC\p18f8722.asm
                 PIR1bits   0x000f9e       data     extern C:\MCC18\SRC\TRADIT~1\PROC\p18f8722.asm
                 IPR1bits   0x000f9f       data     extern C:\MCC18\SRC\TRADIT~1\PROC\p18f8722.asm
                     IPR1   0x000f9f       data     extern C:\MCC18\SRC\TRADIT~1\PROC\p18f8722.asm
                     PIE2   0x000fa0       data     extern C:\MCC18\SRC\TRADIT~1\PROC\p18f8722.asm
                 PIE2bits   0x000fa0       data     extern C:\MCC18\SRC\TRADIT~1\PROC\p18f8722.asm
                 PIR2bits   0x000fa1       data     extern C:\MCC18\SRC\TRADIT~1\PROC\p18f8722.asm
                     PIR2   0x000fa1       data     extern C:\MCC18\SRC\TRADIT~1\PROC\p18f8722.asm
                 IPR2bits   0x000fa2       data     extern C:\MCC18\SRC\TRADIT~1\PROC\p18f8722.asm
                     IPR2   0x000fa2       data     extern C:\MCC18\SRC\TRADIT~1\PROC\p18f8722.asm
                     PIE3   0x000fa3       data     extern C:\MCC18\SRC\TRADIT~1\PROC\p18f8722.asm
                 PIE3bits   0x000fa3       data     extern C:\MCC18\SRC\TRADIT~1\PROC\p18f8722.asm
                 PIR3bits   0x000fa4       data     extern C:\MCC18\SRC\TRADIT~1\PROC\p18f8722.asm
                     PIR3   0x000fa4       data     extern C:\MCC18\SRC\TRADIT~1\PROC\p18f8722.asm
                     IPR3   0x000fa5       data     extern C:\MCC18\SRC\TRADIT~1\PROC\p18f8722.asm
                 IPR3bits   0x000fa5       data     extern C:\MCC18\SRC\TRADIT~1\PROC\p18f8722.asm
                   EECON1   0x000fa6       data     extern C:\MCC18\SRC\TRADIT~1\PROC\p18f8722.asm
               EECON1bits   0x000fa6       data     extern C:\MCC18\SRC\TRADIT~1\PROC\p18f8722.asm
                   EECON2   0x000fa7       data     extern C:\MCC18\SRC\TRADIT~1\PROC\p18f8722.asm
                   EEDATA   0x000fa8       data     extern C:\MCC18\SRC\TRADIT~1\PROC\p18f8722.asm
                    EEADR   0x000fa9       data     extern C:\MCC18\SRC\TRADIT~1\PROC\p18f8722.asm
                   EEADRH   0x000faa       data     extern C:\MCC18\SRC\TRADIT~1\PROC\p18f8722.asm
                    RCSTA   0x000fab       data     extern C:\MCC18\SRC\TRADIT~1\PROC\p18f8722.asm
                   RCSTA1   0x000fab       data     extern C:\MCC18\SRC\TRADIT~1\PROC\p18f8722.asm
               RCSTA1bits   0x000fab       data     extern C:\MCC18\SRC\TRADIT~1\PROC\p18f8722.asm
                RCSTAbits   0x000fab       data     extern C:\MCC18\SRC\TRADIT~1\PROC\p18f8722.asm
                TXSTAbits   0x000fac       data     extern C:\MCC18\SRC\TRADIT~1\PROC\p18f8722.asm
               TXSTA1bits   0x000fac       data     extern C:\MCC18\SRC\TRADIT~1\PROC\p18f8722.asm
                   TXSTA1   0x000fac       data     extern C:\MCC18\SRC\TRADIT~1\PROC\p18f8722.asm
                    TXSTA   0x000fac       data     extern C:\MCC18\SRC\TRADIT~1\PROC\p18f8722.asm
                   TXREG1   0x000fad       data     extern C:\MCC18\SRC\TRADIT~1\PROC\p18f8722.asm
                    TXREG   0x000fad       data     extern C:\MCC18\SRC\TRADIT~1\PROC\p18f8722.asm
                   RCREG1   0x000fae       data     extern C:\MCC18\SRC\TRADIT~1\PROC\p18f8722.asm
                    RCREG   0x000fae       data     extern C:\MCC18\SRC\TRADIT~1\PROC\p18f8722.asm
                    SPBRG   0x000faf       data     extern C:\MCC18\SRC\TRADIT~1\PROC\p18f8722.asm
                   SPBRG1   0x000faf       data     extern C:\MCC18\SRC\TRADIT~1\PROC\p18f8722.asm
               PSPCONbits   0x000fb0       data     extern C:\MCC18\SRC\TRADIT~1\PROC\p18f8722.asm
                   PSPCON   0x000fb0       data     extern C:\MCC18\SRC\TRADIT~1\PROC\p18f8722.asm
                T3CONbits   0x000fb1       data     extern C:\MCC18\SRC\TRADIT~1\PROC\p18f8722.asm
                    T3CON   0x000fb1       data     extern C:\MCC18\SRC\TRADIT~1\PROC\p18f8722.asm
                    TMR3L   0x000fb2       data     extern C:\MCC18\SRC\TRADIT~1\PROC\p18f8722.asm
                    TMR3H   0x000fb3       data     extern C:\MCC18\SRC\TRADIT~1\PROC\p18f8722.asm
                    CMCON   0x000fb4       data     extern C:\MCC18\SRC\TRADIT~1\PROC\p18f8722.asm
                CMCONbits   0x000fb4       data     extern C:\MCC18\SRC\TRADIT~1\PROC\p18f8722.asm
                   CVRCON   0x000fb5       data     extern C:\MCC18\SRC\TRADIT~1\PROC\p18f8722.asm
               CVRCONbits   0x000fb5       data     extern C:\MCC18\SRC\TRADIT~1\PROC\p18f8722.asm
                  ECCP1AS   0x000fb6       data     extern C:\MCC18\SRC\TRADIT~1\PROC\p18f8722.asm
              ECCP1ASbits   0x000fb6       data     extern C:\MCC18\SRC\TRADIT~1\PROC\p18f8722.asm
              CCP3CONbits   0x000fb7       data     extern C:\MCC18\SRC\TRADIT~1\PROC\p18f8722.asm
                 ECCP3CON   0x000fb7       data     extern C:\MCC18\SRC\TRADIT~1\PROC\p18f8722.asm
             ECCP3CONbits   0x000fb7       data     extern C:\MCC18\SRC\TRADIT~1\PROC\p18f8722.asm
                  CCP3CON   0x000fb7       data     extern C:\MCC18\SRC\TRADIT~1\PROC\p18f8722.asm
                   CCPR3L   0x000fb8       data     extern C:\MCC18\SRC\TRADIT~1\PROC\p18f8722.asm
                    CCPR3   0x000fb8       data     extern C:\MCC18\SRC\TRADIT~1\PROC\p18f8722.asm
                   CCPR3H   0x000fb9       data     extern C:\MCC18\SRC\TRADIT~1\PROC\p18f8722.asm
             ECCP2CONbits   0x000fba       data     extern C:\MCC18\SRC\TRADIT~1\PROC\p18f8722.asm
                 ECCP2CON   0x000fba       data     extern C:\MCC18\SRC\TRADIT~1\PROC\p18f8722.asm
                  CCP2CON   0x000fba       data     extern C:\MCC18\SRC\TRADIT~1\PROC\p18f8722.asm
              CCP2CONbits   0x000fba       data     extern C:\MCC18\SRC\TRADIT~1\PROC\p18f8722.asm
                    CCPR2   0x000fbb       data     extern C:\MCC18\SRC\TRADIT~1\PROC\p18f8722.asm
                   CCPR2L   0x000fbb       data     extern C:\MCC18\SRC\TRADIT~1\PROC\p18f8722.asm
                   CCPR2H   0x000fbc       data     extern C:\MCC18\SRC\TRADIT~1\PROC\p18f8722.asm
                  CCP1CON   0x000fbd       data     extern C:\MCC18\SRC\TRADIT~1\PROC\p18f8722.asm
                 ECCP1CON   0x000fbd       data     extern C:\MCC18\SRC\TRADIT~1\PROC\p18f8722.asm
              CCP1CONbits   0x000fbd       data     extern C:\MCC18\SRC\TRADIT~1\PROC\p18f8722.asm
             ECCP1CONbits   0x000fbd       data     extern C:\MCC18\SRC\TRADIT~1\PROC\p18f8722.asm
                    CCPR1   0x000fbe       data     extern C:\MCC18\SRC\TRADIT~1\PROC\p18f8722.asm
                   CCPR1L   0x000fbe       data     extern C:\MCC18\SRC\TRADIT~1\PROC\p18f8722.asm
                   CCPR1H   0x000fbf       data     extern C:\MCC18\SRC\TRADIT~1\PROC\p18f8722.asm
                   ADCON2   0x000fc0       data     extern C:\MCC18\SRC\TRADIT~1\PROC\p18f8722.asm
               ADCON2bits   0x000fc0       data     extern C:\MCC18\SRC\TRADIT~1\PROC\p18f8722.asm
                   ADCON1   0x000fc1       data     extern C:\MCC18\SRC\TRADIT~1\PROC\p18f8722.asm
               ADCON1bits   0x000fc1       data     extern C:\MCC18\SRC\TRADIT~1\PROC\p18f8722.asm
                   ADCON0   0x000fc2       data     extern C:\MCC18\SRC\TRADIT~1\PROC\p18f8722.asm
               ADCON0bits   0x000fc2       data     extern C:\MCC18\SRC\TRADIT~1\PROC\p18f8722.asm
                   ADRESL   0x000fc3       data     extern C:\MCC18\SRC\TRADIT~1\PROC\p18f8722.asm
                    ADRES   0x000fc3       data     extern C:\MCC18\SRC\TRADIT~1\PROC\p18f8722.asm
                   ADRESH   0x000fc4       data     extern C:\MCC18\SRC\TRADIT~1\PROC\p18f8722.asm
             SSP1CON2bits   0x000fc5       data     extern C:\MCC18\SRC\TRADIT~1\PROC\p18f8722.asm
                 SSP1CON2   0x000fc5       data     extern C:\MCC18\SRC\TRADIT~1\PROC\p18f8722.asm
                  SSPCON2   0x000fc5       data     extern C:\MCC18\SRC\TRADIT~1\PROC\p18f8722.asm
              SSPCON2bits   0x000fc5       data     extern C:\MCC18\SRC\TRADIT~1\PROC\p18f8722.asm
                  SSPCON1   0x000fc6       data     extern C:\MCC18\SRC\TRADIT~1\PROC\p18f8722.asm
             SSP1CON1bits   0x000fc6       data     extern C:\MCC18\SRC\TRADIT~1\PROC\p18f8722.asm
                 SSP1CON1   0x000fc6       data     extern C:\MCC18\SRC\TRADIT~1\PROC\p18f8722.asm
              SSPCON1bits   0x000fc6       data     extern C:\MCC18\SRC\TRADIT~1\PROC\p18f8722.asm
             SSP1STATbits   0x000fc7       data     extern C:\MCC18\SRC\TRADIT~1\PROC\p18f8722.asm
                 SSP1STAT   0x000fc7       data     extern C:\MCC18\SRC\TRADIT~1\PROC\p18f8722.asm
              SSPSTATbits   0x000fc7       data     extern C:\MCC18\SRC\TRADIT~1\PROC\p18f8722.asm
                  SSPSTAT   0x000fc7       data     extern C:\MCC18\SRC\TRADIT~1\PROC\p18f8722.asm
                   SSPADD   0x000fc8       data     extern C:\MCC18\SRC\TRADIT~1\PROC\p18f8722.asm
                  SSP1ADD   0x000fc8       data     extern C:\MCC18\SRC\TRADIT~1\PROC\p18f8722.asm
                   SSPBUF   0x000fc9       data     extern C:\MCC18\SRC\TRADIT~1\PROC\p18f8722.asm
                  SSP1BUF   0x000fc9       data     extern C:\MCC18\SRC\TRADIT~1\PROC\p18f8722.asm
                    T2CON   0x000fca       data     extern C:\MCC18\SRC\TRADIT~1\PROC\p18f8722.asm
                T2CONbits   0x000fca       data     extern C:\MCC18\SRC\TRADIT~1\PROC\p18f8722.asm
                      PR2   0x000fcb       data     extern C:\MCC18\SRC\TRADIT~1\PROC\p18f8722.asm
                     TMR2   0x000fcc       data     extern C:\MCC18\SRC\TRADIT~1\PROC\p18f8722.asm
                T1CONbits   0x000fcd       data     extern C:\MCC18\SRC\TRADIT~1\PROC\p18f8722.asm
                    T1CON   0x000fcd       data     extern C:\MCC18\SRC\TRADIT~1\PROC\p18f8722.asm
                    TMR1L   0x000fce       data     extern C:\MCC18\SRC\TRADIT~1\PROC\p18f8722.asm
                    TMR1H   0x000fcf       data     extern C:\MCC18\SRC\TRADIT~1\PROC\p18f8722.asm
                 RCONbits   0x000fd0       data     extern C:\MCC18\SRC\TRADIT~1\PROC\p18f8722.asm
                     RCON   0x000fd0       data     extern C:\MCC18\SRC\TRADIT~1\PROC\p18f8722.asm
                   WDTCON   0x000fd1       data     extern C:\MCC18\SRC\TRADIT~1\PROC\p18f8722.asm
               WDTCONbits   0x000fd1       data     extern C:\MCC18\SRC\TRADIT~1\PROC\p18f8722.asm
                   LVDCON   0x000fd2       data     extern C:\MCC18\SRC\TRADIT~1\PROC\p18f8722.asm
               LVDCONbits   0x000fd2       data     extern C:\MCC18\SRC\TRADIT~1\PROC\p18f8722.asm
              HLVDCONbits   0x000fd2       data     extern C:\MCC18\SRC\TRADIT~1\PROC\p18f8722.asm
                  HLVDCON   0x000fd2       data     extern C:\MCC18\SRC\TRADIT~1\PROC\p18f8722.asm
               OSCCONbits   0x000fd3       data     extern C:\MCC18\SRC\TRADIT~1\PROC\p18f8722.asm
                   OSCCON   0x000fd3       data     extern C:\MCC18\SRC\TRADIT~1\PROC\p18f8722.asm
                    T0CON   0x000fd5       data     extern C:\MCC18\SRC\TRADIT~1\PROC\p18f8722.asm
                T0CONbits   0x000fd5       data     extern C:\MCC18\SRC\TRADIT~1\PROC\p18f8722.asm
                    TMR0L   0x000fd6       data     extern C:\MCC18\SRC\TRADIT~1\PROC\p18f8722.asm
                    TMR0H   0x000fd7       data     extern C:\MCC18\SRC\TRADIT~1\PROC\p18f8722.asm
               STATUSbits   0x000fd8       data     extern C:\MCC18\SRC\TRADIT~1\PROC\p18f8722.asm
                   STATUS   0x000fd8       data     extern C:\MCC18\SRC\TRADIT~1\PROC\p18f8722.asm
                    FSR2L   0x000fd9       data     extern C:\MCC18\SRC\TRADIT~1\PROC\p18f8722.asm
                     FSR2   0x000fd9       data     extern C:\MCC18\SRC\TRADIT~1\PROC\p18f8722.asm
                    FSR2H   0x000fda       data     extern C:\MCC18\SRC\TRADIT~1\PROC\p18f8722.asm
                   PLUSW2   0x000fdb       data     extern C:\MCC18\SRC\TRADIT~1\PROC\p18f8722.asm
                  PREINC2   0x000fdc       data     extern C:\MCC18\SRC\TRADIT~1\PROC\p18f8722.asm
                 POSTDEC2   0x000fdd       data     extern C:\MCC18\SRC\TRADIT~1\PROC\p18f8722.asm
                 POSTINC2   0x000fde       data     extern C:\MCC18\SRC\TRADIT~1\PROC\p18f8722.asm
                    INDF2   0x000fdf       data     extern C:\MCC18\SRC\TRADIT~1\PROC\p18f8722.asm
                      BSR   0x000fe0       data     extern C:\MCC18\SRC\TRADIT~1\PROC\p18f8722.asm
                    FSR1L   0x000fe1       data     extern C:\MCC18\SRC\TRADIT~1\PROC\p18f8722.asm
                     FSR1   0x000fe1       data     extern C:\MCC18\SRC\TRADIT~1\PROC\p18f8722.asm
                    FSR1H   0x000fe2       data     extern C:\MCC18\SRC\TRADIT~1\PROC\p18f8722.asm
                   PLUSW1   0x000fe3       data     extern C:\MCC18\SRC\TRADIT~1\PROC\p18f8722.asm
                  PREINC1   0x000fe4       data     extern C:\MCC18\SRC\TRADIT~1\PROC\p18f8722.asm
                 POSTDEC1   0x000fe5       data     extern C:\MCC18\SRC\TRADIT~1\PROC\p18f8722.asm
                 POSTINC1   0x000fe6       data     extern C:\MCC18\SRC\TRADIT~1\PROC\p18f8722.asm
                    INDF1   0x000fe7       data     extern C:\MCC18\SRC\TRADIT~1\PROC\p18f8722.asm
                     WREG   0x000fe8       data     extern C:\MCC18\SRC\TRADIT~1\PROC\p18f8722.asm
                    FSR0L   0x000fe9       data     extern C:\MCC18\SRC\TRADIT~1\PROC\p18f8722.asm
                     FSR0   0x000fe9       data     extern C:\MCC18\SRC\TRADIT~1\PROC\p18f8722.asm
                    FSR0H   0x000fea       data     extern C:\MCC18\SRC\TRADIT~1\PROC\p18f8722.asm
                   PLUSW0   0x000feb       data     extern C:\MCC18\SRC\TRADIT~1\PROC\p18f8722.asm
                  PREINC0   0x000fec       data     extern C:\MCC18\SRC\TRADIT~1\PROC\p18f8722.asm
                 POSTDEC0   0x000fed       data     extern C:\MCC18\SRC\TRADIT~1\PROC\p18f8722.asm
                 POSTINC0   0x000fee       data     extern C:\MCC18\SRC\TRADIT~1\PROC\p18f8722.asm
                    INDF0   0x000fef       data     extern C:\MCC18\SRC\TRADIT~1\PROC\p18f8722.asm
                  INTCON3   0x000ff0       data     extern C:\MCC18\SRC\TRADIT~1\PROC\p18f8722.asm
              INTCON3bits   0x000ff0       data     extern C:\MCC18\SRC\TRADIT~1\PROC\p18f8722.asm
              INTCON2bits   0x000ff1       data     extern C:\MCC18\SRC\TRADIT~1\PROC\p18f8722.asm
                  INTCON2   0x000ff1       data     extern C:\MCC18\SRC\TRADIT~1\PROC\p18f8722.asm
                   INTCON   0x000ff2       data     extern C:\MCC18\SRC\TRADIT~1\PROC\p18f8722.asm
               INTCONbits   0x000ff2       data     extern C:\MCC18\SRC\TRADIT~1\PROC\p18f8722.asm
                     PROD   0x000ff3       data     extern C:\MCC18\SRC\TRADIT~1\PROC\p18f8722.asm
                    PRODL   0x000ff3       data     extern C:\MCC18\SRC\TRADIT~1\PROC\p18f8722.asm
                    PRODH   0x000ff4       data     extern C:\MCC18\SRC\TRADIT~1\PROC\p18f8722.asm
                   TABLAT   0x000ff5       data     extern C:\MCC18\SRC\TRADIT~1\PROC\p18f8722.asm
                  TBLPTRL   0x000ff6       data     extern C:\MCC18\SRC\TRADIT~1\PROC\p18f8722.asm
                   TBLPTR   0x000ff6       data     extern C:\MCC18\SRC\TRADIT~1\PROC\p18f8722.asm
                  TBLPTRH   0x000ff7       data     extern C:\MCC18\SRC\TRADIT~1\PROC\p18f8722.asm
                  TBLPTRU   0x000ff8       data     extern C:\MCC18\SRC\TRADIT~1\PROC\p18f8722.asm
                      PCL   0x000ff9       data     extern C:\MCC18\SRC\TRADIT~1\PROC\p18f8722.asm
                       PC   0x000ff9       data     extern C:\MCC18\SRC\TRADIT~1\PROC\p18f8722.asm
                   PCLATH   0x000ffa       data     extern C:\MCC18\SRC\TRADIT~1\PROC\p18f8722.asm
                   PCLATU   0x000ffb       data     extern C:\MCC18\SRC\TRADIT~1\PROC\p18f8722.asm
               STKPTRbits   0x000ffc       data     extern C:\MCC18\SRC\TRADIT~1\PROC\p18f8722.asm
                   STKPTR   0x000ffc       data     extern C:\MCC18\SRC\TRADIT~1\PROC\p18f8722.asm
                      TOS   0x000ffd       data     extern C:\MCC18\SRC\TRADIT~1\PROC\p18f8722.asm
                     TOSL   0x000ffd       data     extern C:\MCC18\SRC\TRADIT~1\PROC\p18f8722.asm
                     TOSH   0x000ffe       data     extern C:\MCC18\SRC\TRADIT~1\PROC\p18f8722.asm
                     TOSU   0x000fff       data     extern C:\MCC18\SRC\TRADIT~1\PROC\p18f8722.asm


