MPLINK 3.90, Linker
Linker Map File - Created Thu Jan  3 18:05:26 2008

                                 Section Info
                  Section       Type    Address   Location Size(Bytes)
                ---------  ---------  ---------  ---------  ---------
               _entry_scn       code   0x000800    program   0x000006
        .idata_stdout.o_i    romdata   0x000806    program   0x000002
      InterruptVectorHigh       code   0x000808    program   0x000006
          .code_adcbusy.o       code   0x00080e    program   0x00000a
       InterruptVectorLow       code   0x000818    program   0x000006
                   .cinit    romdata   0x00081e    program   0x000086
    .code_user_routines.o       code   0x0008a4    program   0x000f1c
         .code_vfprintf.o       code   0x0017c0    program   0x000c22
      .code_ifi_library.o       code   0x0023e2    program   0x000736
                     PROG       code   0x002b18    program   0x0006d2
       .code_controller.o       code   0x0031ea    program   0x0006a8
.code_traj_straight_nogyro.o       code   0x003892    program   0x000526
         .code_velocity.o       code   0x003db8    program   0x000494
                 UTIL_LIB       code   0x00424c    program   0x000396
              .code_adc.o       code   0x0045e2    program   0x000352
.code_user_routines_fast.o       code   0x004934    program   0x000288
     .code_serial_ports.o       code   0x004bbc    program   0x00027e
             .code_gyro.o       code   0x004e3a    program   0x00021a
        .code_traj_turn.o       code   0x005054    program   0x0001f8
    .code_ifi_utilities.o       code   0x00524c    program   0x00018e
             .stringtable    romdata   0x0053da    program   0x00013d
 .romdata_ifi_utilities.o    romdata   0x005517    program   0x000000
.idata_user_routines_fast.o_i    romdata   0x005517    program   0x000001
      .romdata_velocity.o    romdata   0x005517    program   0x000000
          .romdata_putc.o    romdata   0x005517    program   0x000000
          .romdata_main.o    romdata   0x005517    program   0x000000
.romdata_traj_straight_nogyro.o    romdata   0x005517    program   0x000000
      .idata_vfprintf.o_i    romdata   0x005517    program   0x000000
        .romdata_stdout.o    romdata   0x005517    program   0x000000
       .romdata_adcbusy.o    romdata   0x005517    program   0x000000
  .romdata_serial_ports.o    romdata   0x005517    program   0x000000
       .romdata_adcread.o    romdata   0x005517    program   0x000000
       .romdata_adcconv.o    romdata   0x005517    program   0x000000
    .romdata_trajectory.o    romdata   0x005517    program   0x000000
 .romdata_user_routines.o    romdata   0x005517    program   0x000000
   .romdata_ifi_library.o    romdata   0x005517    program   0x000000
      .romdata_fxd1616u.o    romdata   0x005517    program   0x000000
       .romdata_fxm3232.o    romdata   0x005517    program   0x000000
              .code_pwm.o       code   0x005518    program   0x000126
        .romdata_joymap.o    romdata   0x00563e    program   0x000100
       .code_interrupts.o       code   0x00573e    program   0x0000e4
        .code_traj_null.o       code   0x005822    program   0x0000e2
                   STRING       code   0x005904    program   0x0000bc
               _cinit_scn       code   0x0059c0    program   0x00009e
           .code_printf.o       code   0x005a5e    program   0x000094
             .code_putc.o       code   0x005af2    program   0x000084
          .code_fxm3232.o       code   0x005b76    program   0x000070
          .code_adcopen.o       code   0x005be6    program   0x000068
         .code_spi1open.o       code   0x005c4e    program   0x000066
           .code_u1open.o       code   0x005cb4    program   0x000064
         .code_fxd3232u.o       code   0x005d18    program   0x000048
           .code_joymap.o       code   0x005d60    program   0x00003e
          .code_adcread.o       code   0x005d9e    program   0x00003e
         .code_fxd1616u.o       code   0x005ddc    program   0x00002c
             .code_main.o       code   0x005e08    program   0x000026
                    CTYPE       code   0x005e2e    program   0x000024
             _startup_scn       code   0x005e52    program   0x000020
              D1KTCYXCODE       code   0x005e72    program   0x000020
                    STDIO       code   0x005e92    program   0x00001c
              D10TCYXCODE       code   0x005eae    program   0x000016
      .romdata_vfprintf.o    romdata   0x005ec4    program   0x000011
        .idata_printf.o_i    romdata   0x005ed5    program   0x000000
           .idata_pwm.o_i    romdata   0x005ed5    program   0x000000
   .idata_ifi_library.o_i    romdata   0x005ed5    program   0x000000
    .idata_trajectory.o_i    romdata   0x005ed5    program   0x000000
          .idata_putc.o_i    romdata   0x005ed5    program   0x000000
    .romdata_interrupts.o    romdata   0x005ed5    program   0x000000
        .idata_u1open.o_i    romdata   0x005ed5    program   0x000000
        .romdata_u1open.o    romdata   0x005ed5    program   0x000000
           .romdata_pwm.o    romdata   0x005ed5    program   0x000000
       .idata_adcread.o_i    romdata   0x005ed5    program   0x000000
       .idata_adcopen.o_i    romdata   0x005ed5    program   0x000000
       .romdata_adcopen.o    romdata   0x005ed5    program   0x000000
    .romdata_controller.o    romdata   0x005ed5    program   0x000000
      .idata_spi1open.o_i    romdata   0x005ed5    program   0x000000
      .romdata_spi1open.o    romdata   0x005ed5    program   0x000000
        .romdata_printf.o    romdata   0x005ed5    program   0x000000
        .idata_joymap.o_i    romdata   0x005ed5    program   0x000000
          .idata_main.o_i    romdata   0x005ed5    program   0x000000
     .romdata_traj_null.o    romdata   0x005ed5    program   0x000000
      .idata_velocity.o_i    romdata   0x005ed5    program   0x000000
       .idata_adcbusy.o_i    romdata   0x005ed5    program   0x000000
   .romdata_ifi_startup.o    romdata   0x005ed5    program   0x000000
   .idata_ifi_startup.o_i    romdata   0x005ed5    program   0x000000
.romdata_user_routines_fast.o    romdata   0x005ed5    program   0x000000
          .idata_gyro.o_i    romdata   0x005ed5    program   0x000000
           .romdata_adc.o    romdata   0x005ed5    program   0x000000
      .idata_adcclose.o_i    romdata   0x005ed5    program   0x000000
      .romdata_adcclose.o    romdata   0x005ed5    program   0x000000
       .idata_adcconv.o_i    romdata   0x005ed5    program   0x000000
           .idata_adc.o_i    romdata   0x005ed5    program   0x000001
      .idata_fxd1616u.o_i    romdata   0x005ed5    program   0x000000
     .romdata_traj_turn.o    romdata   0x005ed5    program   0x000000
      .idata_fxd3232u.o_i    romdata   0x005ed5    program   0x000000
      .romdata_fxd3232u.o    romdata   0x005ed5    program   0x000000
       .idata_fxm3232.o_i    romdata   0x005ed5    program   0x000000
          .romdata_gyro.o    romdata   0x005ed5    program   0x000000
       .code_trajectory.o       code   0x005ed6    program   0x00000c
         .code_adcclose.o       code   0x005ee2    program   0x000006
          .code_adcconv.o       code   0x005ee8    program   0x000004
 .idata_user_routines.o_i    romdata   0x005eec    program   0x000017
     .idata_traj_turn.o_i    romdata   0x005f03    program   0x000004
.idata_traj_straight_nogyro.o_i    romdata   0x005f07    program   0x000008
     .idata_traj_null.o_i    romdata   0x005f0f    program   0x000004
  .idata_serial_ports.o_i    romdata   0x005f13    program   0x000019
    .idata_interrupts.o_i    romdata   0x005f2c    program   0x000010
 .idata_ifi_utilities.o_i    romdata   0x005f3c    program   0x000004
    .idata_controller.o_i    romdata   0x005f40    program   0x000008
           .code_stdout.o       code   0x005f48    program   0x000000
      .code_ifi_startup.o       code   0x005f48    program   0x000000
                  .config       code   0x300000    program   0x00000e
                 .tmpdata      udata   0x000000       data   0x000018
                  SPI_VAR      udata   0x000018       data   0x000017
                MATH_DATA      udata   0x00002f       data   0x000014
                DELAYDAT1      udata   0x000043       data   0x000001
                 COPY_VAR      udata   0x000080       data   0x000080
    .udata_serial_ports.o      udata   0x000100       data   0x000080
   .udata_user_routines.o      udata   0x000180       data   0x000072
     .udata_ifi_library.o      udata   0x0001f2       data   0x00000d
.idata_user_routines_fast.o      idata   0x0001ff       data   0x000001
.udata_traj_straight_nogyro.o      udata   0x000200       data   0x000047
            .udata_main.o      udata   0x000247       data   0x000041
       .udata_traj_null.o      udata   0x000288       data   0x00003c
        .udata_velocity.o      udata   0x0002c4       data   0x000024
   .idata_user_routines.o      idata   0x0002e8       data   0x000017
             .idata_adc.o      idata   0x0002ff       data   0x000001
    .idata_serial_ports.o      idata   0x000300       data   0x000019
             .udata_adc.o      udata   0x000319       data   0x000015
      .udata_trajectory.o      udata   0x00032e       data   0x000012
      .idata_interrupts.o      idata   0x000340       data   0x000010
            .udata_gyro.o      udata   0x000350       data   0x00000f
.idata_traj_straight_nogyro.o      idata   0x00035f       data   0x000008
      .idata_controller.o      idata   0x000367       data   0x000008
   .udata_ifi_utilities.o      udata   0x00036f       data   0x000004
       .idata_traj_turn.o      idata   0x000373       data   0x000004
       .idata_traj_null.o      idata   0x000377       data   0x000004
   .idata_ifi_utilities.o      idata   0x00037b       data   0x000004
      .udata_controller.o      udata   0x00037f       data   0x000002
          .idata_stdout.o      idata   0x000381       data   0x000002
                   .stack      udata   0x000e00       data   0x000100
       .udata_traj_turn.o      udata   0x000f00       data   0x000055
     .udata_ifi_startup.o      udata   0x000f55       data   0x00000a
         .udata_fxm3232.o      udata   0x000f5f       data   0x000000
         .idata_fxm3232.o      idata   0x000f5f       data   0x000000
            .idata_putc.o      idata   0x000f5f       data   0x000000
     .idata_ifi_library.o      idata   0x000f5f       data   0x000000
          .udata_u1open.o      udata   0x000f5f       data   0x000000
          .idata_u1open.o      idata   0x000f5f       data   0x000000
         .udata_adcopen.o      udata   0x000f5f       data   0x000000
         .idata_adcopen.o      idata   0x000f5f       data   0x000000
        .udata_spi1open.o      udata   0x000f5f       data   0x000000
        .idata_spi1open.o      idata   0x000f5f       data   0x000000
         .udata_adcread.o      udata   0x000f5f       data   0x000000
         .idata_adcread.o      idata   0x000f5f       data   0x000000
            .udata_putc.o      udata   0x000f5f       data   0x000000
        .idata_vfprintf.o      idata   0x000f5f       data   0x000000
          .udata_printf.o      udata   0x000f5f       data   0x000000
          .idata_printf.o      idata   0x000f5f       data   0x000000
          .udata_stdout.o      udata   0x000f5f       data   0x000000
        .udata_vfprintf.o      udata   0x000f5f       data   0x000000
          .idata_joymap.o      idata   0x000f5f       data   0x000000
          .udata_joymap.o      udata   0x000f5f       data   0x000000
        .idata_velocity.o      idata   0x000f5f       data   0x000000
     .idata_ifi_startup.o      idata   0x000f5f       data   0x000000
            .idata_gyro.o      idata   0x000f5f       data   0x000000
.udata_user_routines_fast.o      udata   0x000f5f       data   0x000000
            .idata_main.o      idata   0x000f5f       data   0x000000
      .idata_trajectory.o      idata   0x000f5f       data   0x000000
      .udata_interrupts.o      udata   0x000f5f       data   0x000000
         .udata_adcbusy.o      udata   0x000f5f       data   0x000000
         .idata_adcbusy.o      idata   0x000f5f       data   0x000000
             .idata_pwm.o      idata   0x000f5f       data   0x000000
             .udata_pwm.o      udata   0x000f5f       data   0x000000
        .udata_adcclose.o      udata   0x000f5f       data   0x000000
        .idata_adcclose.o      idata   0x000f5f       data   0x000000
         .udata_adcconv.o      udata   0x000f5f       data   0x000000
         .idata_adcconv.o      idata   0x000f5f       data   0x000000
        .udata_fxd1616u.o      udata   0x000f5f       data   0x000000
        .idata_fxd1616u.o      idata   0x000f5f       data   0x000000
        .udata_fxd3232u.o      udata   0x000f5f       data   0x000000
        .idata_fxd3232u.o      idata   0x000f5f       data   0x000000
            SFR_UNBANKED0      udata   0x000f62       data   0x00009e



                              Program Memory Usage 
                               Start         End      
                           ---------   ---------      
                            0x000800    0x005f47      
                            0x300000    0x30000d      
            22358 out of 132120 program addresses used, program memory utilization is 16%



                              Symbols - Sorted by Name
                     Name    Address   Location    Storage File                     
                ---------  ---------  ---------  --------- ---------                
          ADC_Int_Handler   0x0047b6    program     extern Z:\home\prog\code\robo2007\trunk\adc.c
                  Adj_lp4   0x0045d8    program     static C:\mcc18\Projects\EduCode\Util_lib.asm
                  Adjust4   0x0045d4    program     static C:\mcc18\Projects\EduCode\Util_lib.asm
                  BusyADC   0x00080e    program     extern C:\mcc18\src\TRADIT~1\pmc\ADC\adcbusy.c
       Check_4_Violations   0x00273e    program     extern C:\mcc18\Projects\EduCode\ifi_library.c
               Clear_Bank   0x004266    program     static C:\mcc18\Projects\EduCode\Util_lib.asm
               Clear_Loop   0x004252    program     static C:\mcc18\Projects\EduCode\Util_lib.asm
             Clear_Memory   0x00424c    program     extern C:\mcc18\Projects\EduCode\Util_lib.asm
       Clear_SPIdata_flag   0x0026b0    program     extern C:\mcc18\Projects\EduCode\ifi_library.c
                 CloseADC   0x005ee2    program     extern C:\mcc18\src\TRADIT~1\pmc\ADC\adcclose.c
               ConvertADC   0x005ee8    program     extern C:\mcc18\src\TRADIT~1\pmc\ADC\adcconv.c
        Convert_ADC_to_mV   0x00471c    program     extern Z:\home\prog\code\robo2007\trunk\adc.c
                    D10_1   0x005ebe    program     static C:\MCC18\SRC\TRADIT~1\DELAYS\d10tcyx.asm
                     D10x   0x005eb6    program     static C:\MCC18\SRC\TRADIT~1\DELAYS\d10tcyx.asm
                   D1616S   0x002e6a    program     static C:\MCC18\SRC\TRADIT~1\MATH\fxd1616s.asm
                D1616SNEG   0x002e78    program     static C:\MCC18\SRC\TRADIT~1\MATH\fxd1616s.asm
                 D1616SOK   0x002e74    program     static C:\MCC18\SRC\TRADIT~1\MATH\fxd1616s.asm
                  D1616SX   0x002e8a    program     static C:\MCC18\SRC\TRADIT~1\MATH\fxd1616s.asm
                    D1K_1   0x005e7e    program     static C:\MCC18\SRC\TRADIT~1\DELAYS\d1ktcyx.asm
                     D1Kx   0x005e7c    program     static C:\MCC18\SRC\TRADIT~1\DELAYS\d1ktcyx.asm
                   D3232S   0x002ec4    program     static C:\MCC18\SRC\TRADIT~1\MATH\fxd3232s.asm
                D3232SNEG   0x002ed2    program     static C:\MCC18\SRC\TRADIT~1\MATH\fxd3232s.asm
                 D3232SOK   0x002ece    program     static C:\MCC18\SRC\TRADIT~1\MATH\fxd3232s.asm
                  D3232SX   0x002ef2    program     static C:\MCC18\SRC\TRADIT~1\MATH\fxd3232s.asm
                  DA1616S   0x002e5a    program     static C:\MCC18\SRC\TRADIT~1\MATH\fxd1616s.asm
                  DA3232S   0x002eae    program     static C:\MCC18\SRC\TRADIT~1\MATH\fxd3232s.asm
                      DL1   0x004594    program     static C:\mcc18\Projects\EduCode\Util_lib.asm
                      DL2   0x0045aa    program     static C:\mcc18\Projects\EduCode\Util_lib.asm
          Dead_Space_Loop   0x004590    program     static C:\mcc18\Projects\EduCode\Util_lib.asm
              Delay10TCYx   0x005eae    program     extern C:\MCC18\SRC\TRADIT~1\DELAYS\d10tcyx.asm
              Delay1KTCYx   0x005e72    program     extern C:\MCC18\SRC\TRADIT~1\DELAYS\d1ktcyx.asm
             Deploy_Ramps   0x0012e2    program     extern Z:\home\prog\code\robo2007\trunk\user_routines.c
              Disable_ADC   0x00463c    program     extern Z:\home\prog\code\robo2007\trunk\adc.c
          Disable_Timer_2   0x0046ce    program     extern Z:\home\prog\code\robo2007\trunk\adc.c
              DisplayBufr   0x00528c    program     extern Z:\home\prog\code\robo2007\trunk\ifi_utilities.c
                 FLO0832S   0x002b1c    program     extern C:\MCC18\SRC\TRADIT~1\MATH\cast08FP.asm
                 FLO0832U   0x002b18    program     extern C:\MCC18\SRC\TRADIT~1\MATH\cast08FP.asm
                 FLO1632S   0x002b3e    program     extern C:\MCC18\SRC\TRADIT~1\MATH\cast16FP.asm
                 FLO1632U   0x002b3a    program     extern C:\MCC18\SRC\TRADIT~1\MATH\cast16FP.asm
                 FLO3232S   0x002b68    program     extern C:\MCC18\SRC\TRADIT~1\MATH\cast32FP.asm
                 FLO3232U   0x002b64    program     extern C:\MCC18\SRC\TRADIT~1\MATH\cast32FP.asm
                    FPA32   0x002b9c    program     extern C:\MCC18\SRC\TRADIT~1\MATH\addFP.asm
                    FPD32   0x002cc8    program     extern C:\MCC18\SRC\TRADIT~1\MATH\divFP.asm
                    FPM32   0x002d6e    program     extern C:\MCC18\SRC\TRADIT~1\MATH\mulFP.asm
                    FPS32   0x002b9a    program     extern C:\MCC18\SRC\TRADIT~1\MATH\addFP.asm
                 FXD1616S   0x002e48    program     extern C:\MCC18\SRC\TRADIT~1\MATH\fxd1616s.asm
                 FXD1616U   0x005ddc    program     extern C:\mcc18\src\TRADIT~1\math\fxd1616u.c
                 FXD3232S   0x002e94    program     extern C:\MCC18\SRC\TRADIT~1\MATH\fxd3232s.asm
                 FXD3232U   0x005d18    program     extern C:\mcc18\src\TRADIT~1\math\fxd3232u.c
                 FXM1616S   0x002efc    program     extern C:\MCC18\SRC\TRADIT~1\MATH\fxm1616s.asm
                  FXM3232   0x005b76    program     extern C:\mcc18\src\TRADIT~1\math\fxm3232.c
               Gear_Input   0x001266    program     extern Z:\home\prog\code\robo2007\trunk\user_routines.c
            Generate_Pwms   0x0044ea    program     extern C:\mcc18\Projects\EduCode\Util_lib.asm
       Generate_Pwms_Cont   0x00452e    program     static C:\mcc18\Projects\EduCode\Util_lib.asm
        GetDataFromMaster   0x0043c2    program     extern C:\mcc18\Projects\EduCode\Util_lib.asm
           Get_ADC_Result   0x0046d4    program     extern Z:\home\prog\code\robo2007\trunk\adc.c
     Get_ADC_Result_Count   0x004796    program     extern Z:\home\prog\code\robo2007\trunk\adc.c
         Get_Analog_Value   0x005342    program     extern Z:\home\prog\code\robo2007\trunk\ifi_utilities.c
           Get_Gyro_Angle   0x004ea4    program     extern Z:\home\prog\code\robo2007\trunk\gyro.c
            Get_Gyro_Bias   0x004f2a    program     extern Z:\home\prog\code\robo2007\trunk\gyro.c
            Get_Gyro_Rate   0x004e48    program     extern Z:\home\prog\code\robo2007\trunk\gyro.c
                  Getdata   0x002604    program     extern C:\mcc18\Projects\EduCode\ifi_library.c
           Handle_Spi_Int   0x0025ac    program     extern C:\mcc18\Projects\EduCode\ifi_library.c
               Hex_output   0x004270    program     extern C:\mcc18\Projects\EduCode\Util_lib.asm
       IFI_Initialization   0x0024b2    program     extern C:\mcc18\Projects\EduCode\ifi_library.c
                  INT3208   0x002f56    program     extern C:\MCC18\SRC\TRADIT~1\MATH\castFP08.asm
                  INT3216   0x002fa4    program     extern C:\MCC18\SRC\TRADIT~1\MATH\castFP16.asm
     Init_Serial_Port_One   0x004bbc    program     extern Z:\home\prog\code\robo2007\trunk\serial_ports.c
     Init_Serial_Port_Two   0x004bee    program     extern Z:\home\prog\code\robo2007\trunk\serial_ports.c
           Initialize_ADC   0x0045e2    program     extern Z:\home\prog\code\robo2007\trunk\adc.c
          Initialize_Gyro   0x004e3a    program     extern Z:\home\prog\code\robo2007\trunk\gyro.c
    Initialize_Interrupts   0x00573e    program     extern Z:\home\prog\code\robo2007\trunk\interrupts.c
           Initialize_PWM   0x005518    program     extern Z:\home\prog\code\robo2007\trunk\pwm.c
     Initialize_Registers   0x00243a    program     extern C:\mcc18\Projects\EduCode\ifi_library.c
  Initialize_Serial_Comms   0x00531c    program     extern Z:\home\prog\code\robo2007\trunk\ifi_utilities.c
       Initialize_Timer_0   0x005766    program     extern Z:\home\prog\code\robo2007\trunk\interrupts.c
       Initialize_Timer_1   0x005782    program     extern Z:\home\prog\code\robo2007\trunk\interrupts.c
       Initialize_Timer_2   0x00464a    program     extern Z:\home\prog\code\robo2007\trunk\adc.c
       Initialize_Timer_3   0x00579a    program     extern Z:\home\prog\code\robo2007\trunk\interrupts.c
       Initialize_Timer_4   0x0057b2    program     extern Z:\home\prog\code\robo2007\trunk\interrupts.c
            Int_1_Handler   0x0057e2    program     extern Z:\home\prog\code\robo2007\trunk\interrupts.c
            Int_2_Handler   0x0057f8    program     extern Z:\home\prog\code\robo2007\trunk\interrupts.c
            Int_3_Handler   0x00580e    program     extern Z:\home\prog\code\robo2007\trunk\interrupts.c
            Int_4_Handler   0x005810    program     extern Z:\home\prog\code\robo2007\trunk\interrupts.c
            Int_5_Handler   0x005812    program     extern Z:\home\prog\code\robo2007\trunk\interrupts.c
            Int_6_Handler   0x005814    program     extern Z:\home\prog\code\robo2007\trunk\interrupts.c
     InterruptHandlerHigh   0x0023e2    program     extern C:\mcc18\Projects\EduCode\ifi_library.c
      InterruptHandlerLow   0x004934    program     extern Z:\home\prog\code\robo2007\trunk\user_routines_fast.c
      InterruptVectorHigh   0x000808    program     extern C:\mcc18\Projects\EduCode\ifi_library.c
       InterruptVectorLow   0x000818    program     extern Z:\home\prog\code\robo2007\trunk\user_routines_fast.c
                LED_Reset   0x00107e    program     extern Z:\home\prog\code\robo2007\trunk\user_routines.c
                      LP4   0x004532    program     static C:\mcc18\Projects\EduCode\Util_lib.asm
                LP4_Cont1   0x00453c    program     static C:\mcc18\Projects\EduCode\Util_lib.asm
                LP4_Cont2   0x004546    program     static C:\mcc18\Projects\EduCode\Util_lib.asm
                LP4_Cont3   0x004550    program     static C:\mcc18\Projects\EduCode\Util_lib.asm
                LP4_Cont4   0x00455c    program     static C:\mcc18\Projects\EduCode\Util_lib.asm
                LP4_Cont5   0x004566    program     static C:\mcc18\Projects\EduCode\Util_lib.asm
                LP4_Cont6   0x004570    program     static C:\mcc18\Projects\EduCode\Util_lib.asm
                LP4_Cont7   0x00457a    program     static C:\mcc18\Projects\EduCode\Util_lib.asm
                LP4_Cont8   0x004584    program     static C:\mcc18\Projects\EduCode\Util_lib.asm
            Lower_Grabber   0x0012a6    program     extern Z:\home\prog\code\robo2007\trunk\user_routines.c
           MoveData4Buff0   0x004338    program     static C:\mcc18\Projects\EduCode\Util_lib.asm
        MoveDataFromBuff1   0x004460    program     static C:\mcc18\Projects\EduCode\Util_lib.asm
               Open1USART   0x005cb4    program     extern C:\mcc18\src\TRADIT~1\pmc\USART\u1open.c
                  OpenADC   0x005be6    program     extern C:\mcc18\src\TRADIT~1\pmc\ADC\adcopen.c
                 OpenSPI1   0x005c4e    program     extern C:\mcc18\src\TRADIT~1\pmc\SPI\spi1open.c
      Our_Autonomous_Code   0x0009f6    program     extern Z:\home\prog\code\robo2007\trunk\user_routines.c
            Our_User_Code   0x000a3c    program     extern Z:\home\prog\code\robo2007\trunk\user_routines.c
                      PWM   0x005530    program     extern Z:\home\prog\code\robo2007\trunk\pwm.c
          PacketNum_Check   0x0052b4    program     extern Z:\home\prog\code\robo2007\trunk\ifi_utilities.c
    Prep_SPI_4_First_Byte   0x00254e    program     extern C:\mcc18\Projects\EduCode\ifi_library.c
                PrintByte   0x005252    program     extern Z:\home\prog\code\robo2007\trunk\ifi_utilities.c
                PrintWord   0x005262    program     extern Z:\home\prog\code\robo2007\trunk\ifi_utilities.c
Process_Data_From_Local_IO   0x004bba    program     extern Z:\home\prog\code\robo2007\trunk\user_routines_fast.c
Process_Data_From_Master_uP   0x000964    program     extern Z:\home\prog\code\robo2007\trunk\user_routines.c
        Process_Gyro_Data   0x004f5c    program     extern Z:\home\prog\code\robo2007\trunk\gyro.c
                  Putdata   0x002636    program     extern C:\mcc18\Projects\EduCode\ifi_library.c
                Pwm_Delay   0x0045c0    program     static C:\mcc18\Projects\EduCode\Util_lib.asm
            Raise_Grabber   0x0012c4    program     extern Z:\home\prog\code\robo2007\trunk\user_routines.c
                  ReadADC   0x005d9e    program     extern C:\mcc18\src\TRADIT~1\pmc\ADC\adcread.c
     Read_Serial_Port_One   0x004c44    program     extern Z:\home\prog\code\robo2007\trunk\serial_ports.c
     Read_Serial_Port_Two   0x004c80    program     extern Z:\home\prog\code\robo2007\trunk\serial_ports.c
   Reset_ADC_Result_Count   0x0047a8    program     extern Z:\home\prog\code\robo2007\trunk\adc.c
         Reset_Gyro_Angle   0x004f50    program     extern Z:\home\prog\code\robo2007\trunk\gyro.c
         Rx_1_Int_Handler   0x004d24    program     extern Z:\home\prog\code\robo2007\trunk\serial_ports.c
         Rx_2_Int_Handler   0x004d62    program     extern Z:\home\prog\code\robo2007\trunk\serial_ports.c
         SendDataToMaster   0x00429e    program     extern C:\mcc18\Projects\EduCode\Util_lib.asm
Serial_Port_One_Byte_Count   0x004c20    program     extern Z:\home\prog\code\robo2007\trunk\serial_ports.c
Serial_Port_Two_Byte_Count   0x004c32    program     extern Z:\home\prog\code\robo2007\trunk\serial_ports.c
            Set_Gyro_Bias   0x004f34    program     extern Z:\home\prog\code\robo2007\trunk\gyro.c
Set_Number_of_Analog_Channels   0x005338    program     extern Z:\home\prog\code\robo2007\trunk\ifi_utilities.c
    Setup_PWM_Output_Type   0x0026ba    program     extern C:\mcc18\Projects\EduCode\ifi_library.c
          Setup_Spi_Slave   0x002424    program     extern C:\mcc18\Projects\EduCode\ifi_library.c
               Shift_Gear   0x001232    program     extern Z:\home\prog\code\robo2007\trunk\user_routines.c
           Standard_Drive   0x000acc    program     extern Z:\home\prog\code\robo2007\trunk\user_routines.c
     Start_Gyro_Bias_Calc   0x004ece    program     extern Z:\home\prog\code\robo2007\trunk\gyro.c
      Stop_Gyro_Bias_Calc   0x004ee6    program     extern Z:\home\prog\code\robo2007\trunk\gyro.c
                  TAEQB32   0x003002    program     extern C:\MCC18\SRC\TRADIT~1\MATH\eqFP.asm
                  TAGTB32   0x003010    program     extern C:\MCC18\SRC\TRADIT~1\MATH\gtFP.asm
                  TALTB32   0x003022    program     extern C:\MCC18\SRC\TRADIT~1\MATH\ltFP.asm
               TSIGN1616A   0x002f48    program     static C:\MCC18\SRC\TRADIT~1\MATH\fxm1616s.asm
             TerminateGet   0x0044e0    program     static C:\mcc18\Projects\EduCode\Util_lib.asm
            TerminateSend   0x0043b8    program     static C:\mcc18\Projects\EduCode\Util_lib.asm
      Timer_0_Int_Handler   0x0057ce    program     extern Z:\home\prog\code\robo2007\trunk\interrupts.c
      Timer_1_Int_Handler   0x0057d0    program     extern Z:\home\prog\code\robo2007\trunk\interrupts.c
      Timer_2_Int_Handler   0x0047b2    program     extern Z:\home\prog\code\robo2007\trunk\adc.c
      Timer_3_Int_Handler   0x0057d2    program     extern Z:\home\prog\code\robo2007\trunk\interrupts.c
      Timer_4_Int_Handler   0x0057d4    program     extern Z:\home\prog\code\robo2007\trunk\interrupts.c
         Tx_1_Int_Handler   0x004da0    program     extern Z:\home\prog\code\robo2007\trunk\serial_ports.c
         Tx_2_Int_Handler   0x004dd0    program     extern Z:\home\prog\code\robo2007\trunk\serial_ports.c
  UpdateLocalPWMDirection   0x00429c    program     extern C:\mcc18\Projects\EduCode\Util_lib.asm
     User_Autonomous_Code   0x004b42    program     extern Z:\home\prog\code\robo2007\trunk\user_routines_fast.c
      User_Initialization   0x0008a4    program     extern Z:\home\prog\code\robo2007\trunk\user_routines.c
       User_Proc_Is_Ready   0x002544    program     extern C:\mcc18\Projects\EduCode\ifi_library.c
             Wait4TXEmpty   0x00524c    program     extern Z:\home\prog\code\robo2007\trunk\ifi_utilities.c
    Write_Serial_Port_One   0x004cbc    program     extern Z:\home\prog\code\robo2007\trunk\serial_ports.c
    Write_Serial_Port_Two   0x004cf0    program     extern Z:\home\prog\code\robo2007\trunk\serial_ports.c
                   _2jEnd   0x0059aa    program     static C:\MCC18\SRC\TRADIT~1\STDCLIB\slenpgm.asm
              _4jContinue   0x005938    program     static C:\MCC18\SRC\TRADIT~1\STDCLIB\memcpy.asm
                   _5jEnd   0x005942    program     static C:\MCC18\SRC\TRADIT~1\STDCLIB\memcpy.asm
        _D10TCYXCODE_000A   0x005eb8    program     static C:\MCC18\SRC\TRADIT~1\DELAYS\d10tcyx.asm
        _D10TCYXCODE_000C   0x005eba    program     static C:\MCC18\SRC\TRADIT~1\DELAYS\d10tcyx.asm
        _D10TCYXCODE_000E   0x005ebc    program     static C:\MCC18\SRC\TRADIT~1\DELAYS\d10tcyx.asm
        _D1KTCYXCODE_0010   0x005e82    program     static C:\MCC18\SRC\TRADIT~1\DELAYS\d1ktcyx.asm
        _D1KTCYXCODE_0016   0x005e88    program     static C:\MCC18\SRC\TRADIT~1\DELAYS\d1ktcyx.asm
              __FpCompare   0x003034    program     extern C:\MCC18\SRC\TRADIT~1\MATH\compFP.asm
                 __FpExit   0x0030ea    program     extern C:\MCC18\SRC\TRADIT~1\MATH\packFP.asm
                 __FpPack   0x003116    program     extern C:\MCC18\SRC\TRADIT~1\MATH\packFP.asm
            __FpReturnNaN   0x0030de    program     extern C:\MCC18\SRC\TRADIT~1\MATH\packFP.asm
         __FpReturnNegInf   0x0030f0    program     extern C:\MCC18\SRC\TRADIT~1\MATH\packFP.asm
        __FpReturnNegZero   0x003108    program     extern C:\MCC18\SRC\TRADIT~1\MATH\packFP.asm
         __FpReturnPosInf   0x0030f6    program     extern C:\MCC18\SRC\TRADIT~1\MATH\packFP.asm
        __FpReturnPosZero   0x003110    program     extern C:\MCC18\SRC\TRADIT~1\MATH\packFP.asm
        __FpReturnSignInf   0x0030ec    program     extern C:\MCC18\SRC\TRADIT~1\MATH\packFP.asm
       __FpReturnSignZero   0x003104    program     extern C:\MCC18\SRC\TRADIT~1\MATH\packFP.asm
              __FpReturnW   0x00316e    program     extern C:\MCC18\SRC\TRADIT~1\MATH\packFP.asm
              __FpUnPackA   0x00318e    program     extern C:\MCC18\SRC\TRADIT~1\MATH\UnpackFP.asm
              __FpUnPackB   0x0031be    program     extern C:\MCC18\SRC\TRADIT~1\MATH\UnpackFP.asm
       ___return_lbl00000   0x000804    program     static                          
       ___return_lbl00000   0x00080c    program     static                          
       ___return_lbl00000   0x00081c    program     static                          
       ___return_lbl00000   0x005e06    program     static                          
       ___return_lbl00000   0x005d5e    program     static                          
       ___return_lbl00000   0x005be4    program     static                          
       ___return_lbl00001   0x005e70    program     static                          
       ___return_lbl00002   0x005a5c    program     static                          
                   __pa_0   0x005816    program     static Z:\home\prog\code\robo2007\trunk\interrupts.c
                   __pa_0   0x004e28    program     static Z:\home\prog\code\robo2007\trunk\serial_ports.c
                   __pa_0   0x0051ca    program     static Z:\home\prog\code\robo2007\trunk\traj_turn.c
                   __pa_0   0x001328    program     static Z:\home\prog\code\robo2007\trunk\user_routines.c
                   __pa_0   0x0048c4    program     static Z:\home\prog\code\robo2007\trunk\adc.c
                   __pa_0   0x0058d6    program     static Z:\home\prog\code\robo2007\trunk\traj_null.c
                   __pa_0   0x004192    program     static Z:\home\prog\code\robo2007\trunk\velocity.c
                   __pa_0   0x003642    program     static Z:\home\prog\code\robo2007\trunk\controller.c
                   __pa_0   0x002100    program     static C:\mcc18\src\TRADIT~1\stdclib\vfprintf.c
                   __pa_0   0x003c8c    program     static Z:\home\prog\code\robo2007\trunk\traj_straight_nogyro.c
                   __pa_0   0x0055fe    program     static Z:\home\prog\code\robo2007\trunk\pwm.c
                   __pa_0   0x00501a    program     static Z:\home\prog\code\robo2007\trunk\gyro.c
                   __pa_0   0x0053b4    program     static Z:\home\prog\code\robo2007\trunk\ifi_utilities.c
                   __pa_1   0x0058e4    program     static Z:\home\prog\code\robo2007\trunk\traj_null.c
                   __pa_1   0x001336    program     static Z:\home\prog\code\robo2007\trunk\user_routines.c
                   __pa_1   0x0048dc    program     static Z:\home\prog\code\robo2007\trunk\adc.c
                   __pa_1   0x0041b2    program     static Z:\home\prog\code\robo2007\trunk\velocity.c
                   __pa_1   0x0051da    program     static Z:\home\prog\code\robo2007\trunk\traj_turn.c
                   __pa_1   0x003ccc    program     static Z:\home\prog\code\robo2007\trunk\traj_straight_nogyro.c
                   __pa_1   0x004e30    program     static Z:\home\prog\code\robo2007\trunk\serial_ports.c
                   __pa_1   0x005034    program     static Z:\home\prog\code\robo2007\trunk\gyro.c
                   __pa_1   0x0053bc    program     static Z:\home\prog\code\robo2007\trunk\ifi_utilities.c
                   __pa_1   0x005620    program     static Z:\home\prog\code\robo2007\trunk\pwm.c
                   __pa_1   0x002108    program     static C:\mcc18\src\TRADIT~1\stdclib\vfprintf.c
                   __pa_1   0x003650    program     static Z:\home\prog\code\robo2007\trunk\controller.c
                  __pa_10   0x004244    program     static Z:\home\prog\code\robo2007\trunk\velocity.c
                  __pa_10   0x0021bc    program     static C:\mcc18\src\TRADIT~1\stdclib\vfprintf.c
                  __pa_10   0x001416    program     static Z:\home\prog\code\robo2007\trunk\user_routines.c
                  __pa_10   0x003774    program     static Z:\home\prog\code\robo2007\trunk\controller.c
                  __pa_10   0x003d68    program     static Z:\home\prog\code\robo2007\trunk\traj_straight_nogyro.c
                  __pa_11   0x0021ca    program     static C:\mcc18\src\TRADIT~1\stdclib\vfprintf.c
                  __pa_11   0x00144e    program     static Z:\home\prog\code\robo2007\trunk\user_routines.c
                  __pa_11   0x003d76    program     static Z:\home\prog\code\robo2007\trunk\traj_straight_nogyro.c
                  __pa_11   0x003786    program     static Z:\home\prog\code\robo2007\trunk\controller.c
                  __pa_12   0x0021e0    program     static C:\mcc18\src\TRADIT~1\stdclib\vfprintf.c
                  __pa_12   0x001462    program     static Z:\home\prog\code\robo2007\trunk\user_routines.c
                  __pa_12   0x003798    program     static Z:\home\prog\code\robo2007\trunk\controller.c
                  __pa_12   0x003d84    program     static Z:\home\prog\code\robo2007\trunk\traj_straight_nogyro.c
                  __pa_13   0x0037a2    program     static Z:\home\prog\code\robo2007\trunk\controller.c
                  __pa_13   0x003d92    program     static Z:\home\prog\code\robo2007\trunk\traj_straight_nogyro.c
                  __pa_13   0x001476    program     static Z:\home\prog\code\robo2007\trunk\user_routines.c
                  __pa_13   0x0021fa    program     static C:\mcc18\src\TRADIT~1\stdclib\vfprintf.c
                  __pa_14   0x002212    program     static C:\mcc18\src\TRADIT~1\stdclib\vfprintf.c
                  __pa_14   0x003da4    program     static Z:\home\prog\code\robo2007\trunk\traj_straight_nogyro.c
                  __pa_14   0x00147e    program     static Z:\home\prog\code\robo2007\trunk\user_routines.c
                  __pa_14   0x0037b2    program     static Z:\home\prog\code\robo2007\trunk\controller.c
                  __pa_15   0x002222    program     static C:\mcc18\src\TRADIT~1\stdclib\vfprintf.c
                  __pa_15   0x001488    program     static Z:\home\prog\code\robo2007\trunk\user_routines.c
                  __pa_15   0x003dac    program     static Z:\home\prog\code\robo2007\trunk\traj_straight_nogyro.c
                  __pa_15   0x0037c0    program     static Z:\home\prog\code\robo2007\trunk\controller.c
                  __pa_16   0x00148e    program     static Z:\home\prog\code\robo2007\trunk\user_routines.c
                  __pa_16   0x002238    program     static C:\mcc18\src\TRADIT~1\stdclib\vfprintf.c
                  __pa_16   0x0037ce    program     static Z:\home\prog\code\robo2007\trunk\controller.c
                  __pa_17   0x0037d4    program     static Z:\home\prog\code\robo2007\trunk\controller.c
                  __pa_17   0x00149c    program     static Z:\home\prog\code\robo2007\trunk\user_routines.c
                  __pa_17   0x00224a    program     static C:\mcc18\src\TRADIT~1\stdclib\vfprintf.c
                  __pa_18   0x0014b6    program     static Z:\home\prog\code\robo2007\trunk\user_routines.c
                  __pa_18   0x0037de    program     static Z:\home\prog\code\robo2007\trunk\controller.c
                  __pa_18   0x00225c    program     static C:\mcc18\src\TRADIT~1\stdclib\vfprintf.c
                  __pa_19   0x0014c8    program     static Z:\home\prog\code\robo2007\trunk\user_routines.c
                  __pa_19   0x002266    program     static C:\mcc18\src\TRADIT~1\stdclib\vfprintf.c
                  __pa_19   0x0037e8    program     static Z:\home\prog\code\robo2007\trunk\controller.c
                   __pa_2   0x0053c6    program     static Z:\home\prog\code\robo2007\trunk\ifi_utilities.c
                   __pa_2   0x00503e    program     static Z:\home\prog\code\robo2007\trunk\gyro.c
                   __pa_2   0x005630    program     static Z:\home\prog\code\robo2007\trunk\pwm.c
                   __pa_2   0x002112    program     static C:\mcc18\src\TRADIT~1\stdclib\vfprintf.c
                   __pa_2   0x003cda    program     static Z:\home\prog\code\robo2007\trunk\traj_straight_nogyro.c
                   __pa_2   0x0051f2    program     static Z:\home\prog\code\robo2007\trunk\traj_turn.c
                   __pa_2   0x001344    program     static Z:\home\prog\code\robo2007\trunk\user_routines.c
                   __pa_2   0x0036ba    program     static Z:\home\prog\code\robo2007\trunk\controller.c
                   __pa_2   0x0058f4    program     static Z:\home\prog\code\robo2007\trunk\traj_null.c
                   __pa_2   0x0041cc    program     static Z:\home\prog\code\robo2007\trunk\velocity.c
                   __pa_2   0x0048e6    program     static Z:\home\prog\code\robo2007\trunk\adc.c
                  __pa_20   0x0037f0    program     static Z:\home\prog\code\robo2007\trunk\controller.c
                  __pa_20   0x002276    program     static C:\mcc18\src\TRADIT~1\stdclib\vfprintf.c
                  __pa_20   0x0014da    program     static Z:\home\prog\code\robo2007\trunk\user_routines.c
                  __pa_21   0x0037fa    program     static Z:\home\prog\code\robo2007\trunk\controller.c
                  __pa_21   0x0014e8    program     static Z:\home\prog\code\robo2007\trunk\user_routines.c
                  __pa_21   0x002286    program     static C:\mcc18\src\TRADIT~1\stdclib\vfprintf.c
                  __pa_22   0x0014fa    program     static Z:\home\prog\code\robo2007\trunk\user_routines.c
                  __pa_22   0x00380c    program     static Z:\home\prog\code\robo2007\trunk\controller.c
                  __pa_22   0x002296    program     static C:\mcc18\src\TRADIT~1\stdclib\vfprintf.c
                  __pa_23   0x001502    program     static Z:\home\prog\code\robo2007\trunk\user_routines.c
                  __pa_23   0x00381e    program     static Z:\home\prog\code\robo2007\trunk\controller.c
                  __pa_23   0x0022a2    program     static C:\mcc18\src\TRADIT~1\stdclib\vfprintf.c
                  __pa_24   0x001514    program     static Z:\home\prog\code\robo2007\trunk\user_routines.c
                  __pa_24   0x003830    program     static Z:\home\prog\code\robo2007\trunk\controller.c
                  __pa_24   0x0022b0    program     static C:\mcc18\src\TRADIT~1\stdclib\vfprintf.c
                  __pa_25   0x00151a    program     static Z:\home\prog\code\robo2007\trunk\user_routines.c
                  __pa_25   0x003838    program     static Z:\home\prog\code\robo2007\trunk\controller.c
                  __pa_25   0x0022b8    program     static C:\mcc18\src\TRADIT~1\stdclib\vfprintf.c
                  __pa_26   0x003840    program     static Z:\home\prog\code\robo2007\trunk\controller.c
                  __pa_26   0x0022c2    program     static C:\mcc18\src\TRADIT~1\stdclib\vfprintf.c
                  __pa_26   0x001524    program     static Z:\home\prog\code\robo2007\trunk\user_routines.c
                  __pa_27   0x0022cc    program     static C:\mcc18\src\TRADIT~1\stdclib\vfprintf.c
                  __pa_27   0x003848    program     static Z:\home\prog\code\robo2007\trunk\controller.c
                  __pa_27   0x001532    program     static Z:\home\prog\code\robo2007\trunk\user_routines.c
                  __pa_28   0x0022d4    program     static C:\mcc18\src\TRADIT~1\stdclib\vfprintf.c
                  __pa_28   0x003850    program     static Z:\home\prog\code\robo2007\trunk\controller.c
                  __pa_28   0x00153c    program     static Z:\home\prog\code\robo2007\trunk\user_routines.c
                  __pa_29   0x001542    program     static Z:\home\prog\code\robo2007\trunk\user_routines.c
                  __pa_29   0x0022e2    program     static C:\mcc18\src\TRADIT~1\stdclib\vfprintf.c
                  __pa_29   0x00385c    program     static Z:\home\prog\code\robo2007\trunk\controller.c
                   __pa_3   0x0048ee    program     static Z:\home\prog\code\robo2007\trunk\adc.c
                   __pa_3   0x0053d2    program     static Z:\home\prog\code\robo2007\trunk\ifi_utilities.c
                   __pa_3   0x0036d8    program     static Z:\home\prog\code\robo2007\trunk\controller.c
                   __pa_3   0x0051fe    program     static Z:\home\prog\code\robo2007\trunk\traj_turn.c
                   __pa_3   0x003cfe    program     static Z:\home\prog\code\robo2007\trunk\traj_straight_nogyro.c
                   __pa_3   0x00211c    program     static C:\mcc18\src\TRADIT~1\stdclib\vfprintf.c
                   __pa_3   0x0041d4    program     static Z:\home\prog\code\robo2007\trunk\velocity.c
                   __pa_3   0x0013b8    program     static Z:\home\prog\code\robo2007\trunk\user_routines.c
                  __pa_30   0x003868    program     static Z:\home\prog\code\robo2007\trunk\controller.c
                  __pa_30   0x001548    program     static Z:\home\prog\code\robo2007\trunk\user_routines.c
                  __pa_30   0x0022fe    program     static C:\mcc18\src\TRADIT~1\stdclib\vfprintf.c
                  __pa_31   0x002318    program     static C:\mcc18\src\TRADIT~1\stdclib\vfprintf.c
                  __pa_31   0x00155a    program     static Z:\home\prog\code\robo2007\trunk\user_routines.c
                  __pa_31   0x003874    program     static Z:\home\prog\code\robo2007\trunk\controller.c
                  __pa_32   0x003882    program     static Z:\home\prog\code\robo2007\trunk\controller.c
                  __pa_32   0x001560    program     static Z:\home\prog\code\robo2007\trunk\user_routines.c
                  __pa_32   0x002332    program     static C:\mcc18\src\TRADIT~1\stdclib\vfprintf.c
                  __pa_33   0x00388a    program     static Z:\home\prog\code\robo2007\trunk\controller.c
                  __pa_33   0x001570    program     static Z:\home\prog\code\robo2007\trunk\user_routines.c
                  __pa_33   0x00234a    program     static C:\mcc18\src\TRADIT~1\stdclib\vfprintf.c
                  __pa_34   0x001576    program     static Z:\home\prog\code\robo2007\trunk\user_routines.c
                  __pa_34   0x002354    program     static C:\mcc18\src\TRADIT~1\stdclib\vfprintf.c
                  __pa_35   0x002362    program     static C:\mcc18\src\TRADIT~1\stdclib\vfprintf.c
                  __pa_35   0x001584    program     static Z:\home\prog\code\robo2007\trunk\user_routines.c
                  __pa_36   0x00158e    program     static Z:\home\prog\code\robo2007\trunk\user_routines.c
                  __pa_36   0x00236a    program     static C:\mcc18\src\TRADIT~1\stdclib\vfprintf.c
                  __pa_37   0x002374    program     static C:\mcc18\src\TRADIT~1\stdclib\vfprintf.c
                  __pa_37   0x001594    program     static Z:\home\prog\code\robo2007\trunk\user_routines.c
                  __pa_38   0x002384    program     static C:\mcc18\src\TRADIT~1\stdclib\vfprintf.c
                  __pa_38   0x00159e    program     static Z:\home\prog\code\robo2007\trunk\user_routines.c
                  __pa_39   0x0015a8    program     static Z:\home\prog\code\robo2007\trunk\user_routines.c
                  __pa_39   0x002392    program     static C:\mcc18\src\TRADIT~1\stdclib\vfprintf.c
                   __pa_4   0x0013c6    program     static Z:\home\prog\code\robo2007\trunk\user_routines.c
                   __pa_4   0x004902    program     static Z:\home\prog\code\robo2007\trunk\adc.c
                   __pa_4   0x003d12    program     static Z:\home\prog\code\robo2007\trunk\traj_straight_nogyro.c
                   __pa_4   0x002134    program     static C:\mcc18\src\TRADIT~1\stdclib\vfprintf.c
                   __pa_4   0x0041ea    program     static Z:\home\prog\code\robo2007\trunk\velocity.c
                   __pa_4   0x0036e0    program     static Z:\home\prog\code\robo2007\trunk\controller.c
                   __pa_4   0x00520e    program     static Z:\home\prog\code\robo2007\trunk\traj_turn.c
                  __pa_40   0x0015e8    program     static Z:\home\prog\code\robo2007\trunk\user_routines.c
                  __pa_40   0x00239e    program     static C:\mcc18\src\TRADIT~1\stdclib\vfprintf.c
                  __pa_41   0x00162c    program     static Z:\home\prog\code\robo2007\trunk\user_routines.c
                  __pa_41   0x0023aa    program     static C:\mcc18\src\TRADIT~1\stdclib\vfprintf.c
                  __pa_42   0x001648    program     static Z:\home\prog\code\robo2007\trunk\user_routines.c
                  __pa_42   0x0023b2    program     static C:\mcc18\src\TRADIT~1\stdclib\vfprintf.c
                  __pa_43   0x001656    program     static Z:\home\prog\code\robo2007\trunk\user_routines.c
                  __pa_43   0x0023bc    program     static C:\mcc18\src\TRADIT~1\stdclib\vfprintf.c
                  __pa_44   0x001668    program     static Z:\home\prog\code\robo2007\trunk\user_routines.c
                  __pa_44   0x0023c2    program     static C:\mcc18\src\TRADIT~1\stdclib\vfprintf.c
                  __pa_45   0x0023cc    program     static C:\mcc18\src\TRADIT~1\stdclib\vfprintf.c
                  __pa_45   0x001682    program     static Z:\home\prog\code\robo2007\trunk\user_routines.c
                  __pa_46   0x00168c    program     static Z:\home\prog\code\robo2007\trunk\user_routines.c
                  __pa_46   0x0023d8    program     static C:\mcc18\src\TRADIT~1\stdclib\vfprintf.c
                  __pa_47   0x001692    program     static Z:\home\prog\code\robo2007\trunk\user_routines.c
                  __pa_48   0x00169e    program     static Z:\home\prog\code\robo2007\trunk\user_routines.c
                  __pa_49   0x0016a4    program     static Z:\home\prog\code\robo2007\trunk\user_routines.c
                   __pa_5   0x004916    program     static Z:\home\prog\code\robo2007\trunk\adc.c
                   __pa_5   0x002148    program     static C:\mcc18\src\TRADIT~1\stdclib\vfprintf.c
                   __pa_5   0x0013d6    program     static Z:\home\prog\code\robo2007\trunk\user_routines.c
                   __pa_5   0x004200    program     static Z:\home\prog\code\robo2007\trunk\velocity.c
                   __pa_5   0x003712    program     static Z:\home\prog\code\robo2007\trunk\controller.c
                   __pa_5   0x00521c    program     static Z:\home\prog\code\robo2007\trunk\traj_turn.c
                   __pa_5   0x003d1a    program     static Z:\home\prog\code\robo2007\trunk\traj_straight_nogyro.c
                  __pa_50   0x0016aa    program     static Z:\home\prog\code\robo2007\trunk\user_routines.c
                  __pa_51   0x0016bc    program     static Z:\home\prog\code\robo2007\trunk\user_routines.c
                  __pa_52   0x0016ce    program     static Z:\home\prog\code\robo2007\trunk\user_routines.c
                  __pa_53   0x0016d6    program     static Z:\home\prog\code\robo2007\trunk\user_routines.c
                  __pa_54   0x0016dc    program     static Z:\home\prog\code\robo2007\trunk\user_routines.c
                  __pa_55   0x0016e2    program     static Z:\home\prog\code\robo2007\trunk\user_routines.c
                  __pa_56   0x0016ee    program     static Z:\home\prog\code\robo2007\trunk\user_routines.c
                  __pa_57   0x0016f6    program     static Z:\home\prog\code\robo2007\trunk\user_routines.c
                  __pa_58   0x001700    program     static Z:\home\prog\code\robo2007\trunk\user_routines.c
                  __pa_59   0x001708    program     static Z:\home\prog\code\robo2007\trunk\user_routines.c
                   __pa_6   0x003728    program     static Z:\home\prog\code\robo2007\trunk\controller.c
                   __pa_6   0x004926    program     static Z:\home\prog\code\robo2007\trunk\adc.c
                   __pa_6   0x0013dc    program     static Z:\home\prog\code\robo2007\trunk\user_routines.c
                   __pa_6   0x003d22    program     static Z:\home\prog\code\robo2007\trunk\traj_straight_nogyro.c
                   __pa_6   0x00522a    program     static Z:\home\prog\code\robo2007\trunk\traj_turn.c
                   __pa_6   0x00420e    program     static Z:\home\prog\code\robo2007\trunk\velocity.c
                   __pa_6   0x002164    program     static C:\mcc18\src\TRADIT~1\stdclib\vfprintf.c
                  __pa_60   0x001714    program     static Z:\home\prog\code\robo2007\trunk\user_routines.c
                  __pa_61   0x001720    program     static Z:\home\prog\code\robo2007\trunk\user_routines.c
                  __pa_62   0x00172a    program     static Z:\home\prog\code\robo2007\trunk\user_routines.c
                  __pa_63   0x001734    program     static Z:\home\prog\code\robo2007\trunk\user_routines.c
                  __pa_64   0x00173a    program     static Z:\home\prog\code\robo2007\trunk\user_routines.c
                  __pa_65   0x001744    program     static Z:\home\prog\code\robo2007\trunk\user_routines.c
                  __pa_66   0x00174a    program     static Z:\home\prog\code\robo2007\trunk\user_routines.c
                  __pa_67   0x001750    program     static Z:\home\prog\code\robo2007\trunk\user_routines.c
                  __pa_68   0x001756    program     static Z:\home\prog\code\robo2007\trunk\user_routines.c
                  __pa_69   0x00175c    program     static Z:\home\prog\code\robo2007\trunk\user_routines.c
                   __pa_7   0x00216e    program     static C:\mcc18\src\TRADIT~1\stdclib\vfprintf.c
                   __pa_7   0x00523e    program     static Z:\home\prog\code\robo2007\trunk\traj_turn.c
                   __pa_7   0x003d38    program     static Z:\home\prog\code\robo2007\trunk\traj_straight_nogyro.c
                   __pa_7   0x0013ee    program     static Z:\home\prog\code\robo2007\trunk\user_routines.c
                   __pa_7   0x00421a    program     static Z:\home\prog\code\robo2007\trunk\velocity.c
                   __pa_7   0x003744    program     static Z:\home\prog\code\robo2007\trunk\controller.c
                  __pa_70   0x001766    program     static Z:\home\prog\code\robo2007\trunk\user_routines.c
                  __pa_71   0x00176c    program     static Z:\home\prog\code\robo2007\trunk\user_routines.c
                  __pa_72   0x001774    program     static Z:\home\prog\code\robo2007\trunk\user_routines.c
                  __pa_73   0x001780    program     static Z:\home\prog\code\robo2007\trunk\user_routines.c
                  __pa_74   0x001792    program     static Z:\home\prog\code\robo2007\trunk\user_routines.c
                  __pa_75   0x0017a4    program     static Z:\home\prog\code\robo2007\trunk\user_routines.c
                  __pa_76   0x0017ae    program     static Z:\home\prog\code\robo2007\trunk\user_routines.c
                  __pa_77   0x0017b4    program     static Z:\home\prog\code\robo2007\trunk\user_routines.c
                  __pa_78   0x0017ba    program     static Z:\home\prog\code\robo2007\trunk\user_routines.c
                   __pa_8   0x004228    program     static Z:\home\prog\code\robo2007\trunk\velocity.c
                   __pa_8   0x003d4a    program     static Z:\home\prog\code\robo2007\trunk\traj_straight_nogyro.c
                   __pa_8   0x00375c    program     static Z:\home\prog\code\robo2007\trunk\controller.c
                   __pa_8   0x00217a    program     static C:\mcc18\src\TRADIT~1\stdclib\vfprintf.c
                   __pa_8   0x0013f8    program     static Z:\home\prog\code\robo2007\trunk\user_routines.c
                   __pa_9   0x003766    program     static Z:\home\prog\code\robo2007\trunk\controller.c
                   __pa_9   0x00219c    program     static C:\mcc18\src\TRADIT~1\stdclib\vfprintf.c
                   __pa_9   0x004236    program     static Z:\home\prog\code\robo2007\trunk\velocity.c
                   __pa_9   0x00140a    program     static Z:\home\prog\code\robo2007\trunk\user_routines.c
                   __pa_9   0x003d5c    program     static Z:\home\prog\code\robo2007\trunk\traj_straight_nogyro.c
               __string_0   0x0054e6    program     static Z:\home\prog\code\robo2007\trunk\velocity.c
               __string_0   0x005502    program     static Z:\home\prog\code\robo2007\trunk\traj_straight_nogyro.c
               __string_0   0x0054bb    program     static Z:\home\prog\code\robo2007\trunk\user_routines.c
               __string_0   0x0053da    program     static Z:\home\prog\code\robo2007\trunk\traj_turn.c
               __string_1   0x0054f0    program     static Z:\home\prog\code\robo2007\trunk\traj_straight_nogyro.c
               __string_1   0x005493    program     static Z:\home\prog\code\robo2007\trunk\user_routines.c
               __string_1   0x0054d8    program     static Z:\home\prog\code\robo2007\trunk\velocity.c
              __string_10   0x0053eb    program     static Z:\home\prog\code\robo2007\trunk\user_routines.c
               __string_2   0x005479    program     static Z:\home\prog\code\robo2007\trunk\user_routines.c
               __string_2   0x0054cc    program     static Z:\home\prog\code\robo2007\trunk\velocity.c
               __string_3   0x005473    program     static Z:\home\prog\code\robo2007\trunk\user_routines.c
               __string_4   0x00546c    program     static Z:\home\prog\code\robo2007\trunk\user_routines.c
               __string_5   0x00545d    program     static Z:\home\prog\code\robo2007\trunk\user_routines.c
               __string_6   0x005432    program     static Z:\home\prog\code\robo2007\trunk\user_routines.c
               __string_7   0x005412    program     static Z:\home\prog\code\robo2007\trunk\user_routines.c
               __string_8   0x005403    program     static Z:\home\prog\code\robo2007\trunk\user_routines.c
               __string_9   0x0053f1    program     static Z:\home\prog\code\robo2007\trunk\user_routines.c
              __tmplbl_27   0x001476    program     static                          
              __tmplbl_42   0x002296    program     static                          
              __tmplbl_43   0x0020e2    program     static                          
              __tmplbl_44   0x0020c8    program     static                          
              __tmplbl_86   0x001816    program     static                          
                _do_cinit   0x0059c0    program     extern Z:\home\prog\code\robo2007\trunk\ifi_startup.c
                   _entry   0x000800    program     extern Z:\home\prog\code\robo2007\trunk\ifi_startup.c
                   _false   0x005d5a    program     static                          
                 _startup   0x005e52    program     extern Z:\home\prog\code\robo2007\trunk\ifi_startup.c
              _usart_putc   0x005e92    program     extern C:\MCC18\SRC\TRADIT~1\PMC\USART\_usartpc.asm
               _user_putc   0x004e00    program     extern Z:\home\prog\code\robo2007\trunk\serial_ports.c
                      abs   0x001092    program     extern Z:\home\prog\code\robo2007\trunk\user_routines.c
                  control   0x000c94    program     extern Z:\home\prog\code\robo2007\trunk\user_routines.c
               controller   0x0032e4    program     extern Z:\home\prog\code\robo2007\trunk\controller.c
                copy_loop   0x005a32    program     static                          
            copy_one_byte   0x005a38    program     static                          
                     done   0x005a5c    program     static                          
             done_copying   0x005a46    program     static                          
                  endloop   0x005e02    program     static                          
               get_rpm_1k   0x003db8    program     extern Z:\home\prog\code\robo2007\trunk\velocity.c
             get_velocity   0x003f0c    program     extern Z:\home\prog\code\robo2007\trunk\velocity.c
                 guidance   0x000d26    program     extern Z:\home\prog\code\robo2007\trunk\user_routines.c
          init_controller   0x0031ea    program     extern Z:\home\prog\code\robo2007\trunk\controller.c
  init_controller_divisor   0x0032cc    program     extern Z:\home\prog\code\robo2007\trunk\controller.c
  init_controller_integer   0x0032d8    program     extern Z:\home\prog\code\robo2007\trunk\controller.c
                init_null   0x005822    program     extern Z:\home\prog\code\robo2007\trunk\traj_null.c
     init_straight_nogyro   0x003892    program     extern Z:\home\prog\code\robo2007\trunk\traj_straight_nogyro.c
                init_traj   0x005ed6    program     extern Z:\home\prog\code\robo2007\trunk\trajectory.c
                init_turn   0x005054    program     extern Z:\home\prog\code\robo2007\trunk\traj_turn.c
                  isdigit   0x005e2e    program     extern C:\MCC18\SRC\TRADIT~1\STDCLIB\isdigit.asm
                 jANotInf   0x002ce6    program     static C:\MCC18\SRC\TRADIT~1\MATH\divFP.asm
                 jANotInf   0x002d8c    program     static C:\MCC18\SRC\TRADIT~1\MATH\mulFP.asm
                 jANotInf   0x002bc4    program     static C:\MCC18\SRC\TRADIT~1\MATH\addFP.asm
                 jANotNeg   0x002c58    program     static C:\MCC18\SRC\TRADIT~1\MATH\addFP.asm
                jANotZero   0x002cfa    program     static C:\MCC18\SRC\TRADIT~1\MATH\divFP.asm
              jAandWsetup   0x002c28    program     static C:\MCC18\SRC\TRADIT~1\MATH\addFP.asm
                  jAisNeg   0x0030b0    program     static C:\MCC18\SRC\TRADIT~1\MATH\compFP.asm
                 jAltBexp   0x002c16    program     static C:\MCC18\SRC\TRADIT~1\MATH\addFP.asm
                jBANotInf   0x002bba    program     static C:\MCC18\SRC\TRADIT~1\MATH\addFP.asm
                 jBNotInf   0x002bd2    program     static C:\MCC18\SRC\TRADIT~1\MATH\addFP.asm
              jBothFinite   0x002d9a    program     static C:\MCC18\SRC\TRADIT~1\MATH\mulFP.asm
             jBothNotZero   0x002da6    program     static C:\MCC18\SRC\TRADIT~1\MATH\mulFP.asm
             jBothNotZero   0x003052    program     static C:\MCC18\SRC\TRADIT~1\MATH\compFP.asm
            jDifOrPosSign   0x002be6    program     static C:\MCC18\SRC\TRADIT~1\MATH\addFP.asm
                      jEQ   0x00306e    program     static C:\MCC18\SRC\TRADIT~1\MATH\compFP.asm
                     jEnd   0x005974    program     static C:\MCC18\SRC\TRADIT~1\STDCLIB\strlen.asm
                     jEnd   0x005948    program     static C:\MCC18\SRC\TRADIT~1\STDCLIB\memcpy.asm
                     jEnd   0x0059ac    program     static C:\MCC18\SRC\TRADIT~1\STDCLIB\slenpgm.asm
                    jExch   0x00307a    program     static C:\MCC18\SRC\TRADIT~1\MATH\compFP.asm
                    jExit   0x002fa2    program     static C:\MCC18\SRC\TRADIT~1\MATH\castFP08.asm
                    jExit   0x003000    program     static C:\MCC18\SRC\TRADIT~1\MATH\castFP16.asm
                   jExpEQ   0x0030c0    program     static C:\MCC18\SRC\TRADIT~1\MATH\compFP.asm
                   jFinal   0x0030a4    program     static C:\MCC18\SRC\TRADIT~1\MATH\compFP.asm
               jFinalSign   0x002cc0    program     static C:\MCC18\SRC\TRADIT~1\MATH\addFP.asm
                jHaveZero   0x002da2    program     static C:\MCC18\SRC\TRADIT~1\MATH\mulFP.asm
                jI2F08Beg   0x002b26    program     static C:\MCC18\SRC\TRADIT~1\MATH\cast08FP.asm
                jI2F16Beg   0x002b4e    program     static C:\MCC18\SRC\TRADIT~1\MATH\cast16FP.asm
                jI2F32Beg   0x002b80    program     static C:\MCC18\SRC\TRADIT~1\MATH\cast32FP.asm
                    jLoop   0x002d22    program     static C:\MCC18\SRC\TRADIT~1\MATH\divFP.asm
                    jLoop   0x002fe0    program     static C:\MCC18\SRC\TRADIT~1\MATH\castFP16.asm
                    jLoop   0x005994    program     static C:\MCC18\SRC\TRADIT~1\STDCLIB\slenpgm.asm
                    jLoop   0x00592c    program     static C:\MCC18\SRC\TRADIT~1\STDCLIB\memcpy.asm
                    jLoop   0x002f8a    program     static C:\MCC18\SRC\TRADIT~1\MATH\castFP08.asm
                    jLoop   0x00596a    program     static C:\MCC18\SRC\TRADIT~1\STDCLIB\strlen.asm
                jLoopExit   0x002ff0    program     static C:\MCC18\SRC\TRADIT~1\MATH\castFP16.asm
                jLoopExit   0x002f98    program     static C:\MCC18\SRC\TRADIT~1\MATH\castFP08.asm
                   jMatch   0x005e4e    program     static C:\MCC18\SRC\TRADIT~1\STDCLIB\isdigit.asm
                     jMax   0x002f66    program     static C:\MCC18\SRC\TRADIT~1\MATH\castFP08.asm
                     jMax   0x002fb4    program     static C:\MCC18\SRC\TRADIT~1\MATH\castFP16.asm
                  jMaxNeg   0x002fc2    program     static C:\MCC18\SRC\TRADIT~1\MATH\castFP16.asm
                  jMaxNeg   0x002f70    program     static C:\MCC18\SRC\TRADIT~1\MATH\castFP08.asm
                  jMaxPos   0x002f6a    program     static C:\MCC18\SRC\TRADIT~1\MATH\castFP08.asm
                  jMaxPos   0x002fb8    program     static C:\MCC18\SRC\TRADIT~1\MATH\castFP16.asm
                      jNE   0x003072    program     static C:\MCC18\SRC\TRADIT~1\MATH\compFP.asm
                    jNext   0x002d48    program     static C:\MCC18\SRC\TRADIT~1\MATH\divFP.asm
                jNoAdjust   0x002d46    program     static C:\MCC18\SRC\TRADIT~1\MATH\divFP.asm
                  jNoExch   0x00309a    program     static C:\MCC18\SRC\TRADIT~1\MATH\compFP.asm
                 jNoMatch   0x005e50    program     static C:\MCC18\SRC\TRADIT~1\STDCLIB\isdigit.asm
             jNotBothZero   0x002bea    program     static C:\MCC18\SRC\TRADIT~1\MATH\addFP.asm
                  jNotInf   0x002f7a    program     static C:\MCC18\SRC\TRADIT~1\MATH\castFP08.asm
                  jNotInf   0x002fd0    program     static C:\MCC18\SRC\TRADIT~1\MATH\castFP16.asm
                  jPkLoop   0x003124    program     static C:\MCC18\SRC\TRADIT~1\MATH\packFP.asm
             jPkRoundDone   0x00316e    program     static C:\MCC18\SRC\TRADIT~1\MATH\packFP.asm
               jPkRoundIt   0x003156    program     static C:\MCC18\SRC\TRADIT~1\MATH\packFP.asm
             jPkShiftDone   0x003140    program     static C:\MCC18\SRC\TRADIT~1\MATH\packFP.asm
           jReturnPosInf0   0x0030fa    program     static C:\MCC18\SRC\TRADIT~1\MATH\packFP.asm
                  jRotate   0x0030cc    program     static C:\MCC18\SRC\TRADIT~1\MATH\compFP.asm
                   jShift   0x0030b6    program     static C:\MCC18\SRC\TRADIT~1\MATH\compFP.asm
               jShiftDone   0x002c80    program     static C:\MCC18\SRC\TRADIT~1\MATH\addFP.asm
               jShiftLoop   0x002c72    program     static C:\MCC18\SRC\TRADIT~1\MATH\addFP.asm
                jSignDone   0x002cb0    program     static C:\MCC18\SRC\TRADIT~1\MATH\addFP.asm
              jSignedZero   0x002cf0    program     static C:\MCC18\SRC\TRADIT~1\MATH\divFP.asm
                 jSignsEQ   0x003056    program     static C:\MCC18\SRC\TRADIT~1\MATH\compFP.asm
                  jUnpkA1   0x003198    program     static C:\MCC18\SRC\TRADIT~1\MATH\UnpackFP.asm
                  jUnpkA2   0x0031b0    program     static C:\MCC18\SRC\TRADIT~1\MATH\UnpackFP.asm
                 jUnpkANZ   0x0031a6    program     static C:\MCC18\SRC\TRADIT~1\MATH\UnpackFP.asm
                  jUnpkB1   0x0031c8    program     static C:\MCC18\SRC\TRADIT~1\MATH\UnpackFP.asm
                  jUnpkB2   0x0031e0    program     static C:\MCC18\SRC\TRADIT~1\MATH\UnpackFP.asm
                 jUnpkBNZ   0x0031d6    program     static C:\MCC18\SRC\TRADIT~1\MATH\UnpackFP.asm
                 jUnpkNaN   0x0031ba    program     static C:\MCC18\SRC\TRADIT~1\MATH\UnpackFP.asm
                 jWNotNeg   0x002c6c    program     static C:\MCC18\SRC\TRADIT~1\MATH\addFP.asm
                    jZero   0x002f76    program     static C:\MCC18\SRC\TRADIT~1\MATH\castFP08.asm
                    jZero   0x002fca    program     static C:\MCC18\SRC\TRADIT~1\MATH\castFP16.asm
               jZero1and2   0x0030fe    program     static C:\MCC18\SRC\TRADIT~1\MATH\packFP.asm
                   joymap   0x005d60    program     extern Z:\home\prog\code\robo2007\trunk\joymap.c
                   lookup   0x00563e    program     extern Z:\home\prog\code\robo2007\trunk\joymap.c
                     loop   0x005e62    program     static                          
                     loop   0x005ea2    program     static C:\MCC18\SRC\TRADIT~1\PMC\USART\_usartpc.asm
                     loop   0x005d26    program     static                          
                     loop   0x005de6    program     static                          
                     main   0x005e08    program     extern Z:\home\prog\code\robo2007\trunk\main.c
              mckee_auton   0x0010c6    program     extern Z:\home\prog\code\robo2007\trunk\user_routines.c
                   memcpy   0x005904    program     extern C:\MCC18\SRC\TRADIT~1\STDCLIB\memcpy.asm
                   output   0x000e7e    program     extern Z:\home\prog\code\robo2007\trunk\user_routines.c
           pd_vel_control   0x003468    program     extern Z:\home\prog\code\robo2007\trunk\controller.c
                   printf   0x005a5e    program     extern C:\mcc18\src\TRADIT~1\stdclib\printf.c
                     putc   0x005af2    program     extern C:\mcc18\src\TRADIT~1\stdclib\putc.c
         ramp_coefficient   0x003554    program     extern Z:\home\prog\code\robo2007\trunk\controller.c
               robo_reset   0x000fd4    program     extern Z:\home\prog\code\robo2007\trunk\user_routines.c
                      run   0x005884    program     static Z:\home\prog\code\robo2007\trunk\traj_null.c
                      run   0x00399c    program     static Z:\home\prog\code\robo2007\trunk\traj_straight_nogyro.c
                      run   0x0050f8    program     static Z:\home\prog\code\robo2007\trunk\traj_turn.c
                  s_delay   0x0045c6    program     static C:\mcc18\Projects\EduCode\Util_lib.asm
                 s_digits   0x005ec4    program     static C:\mcc18\src\TRADIT~1\stdclib\vfprintf.c
            s_put_n_chars   0x0017c0    program     static C:\mcc18\src\TRADIT~1\stdclib\vfprintf.c
                    start   0x00583e    program     static Z:\home\prog\code\robo2007\trunk\traj_null.c
                    start   0x005070    program     static Z:\home\prog\code\robo2007\trunk\traj_turn.c
                    start   0x0038ae    program     static Z:\home\prog\code\robo2007\trunk\traj_straight_nogyro.c
                     stop   0x0051c0    program     static Z:\home\prog\code\robo2007\trunk\traj_turn.c
                     stop   0x003c82    program     static Z:\home\prog\code\robo2007\trunk\traj_straight_nogyro.c
                     stop   0x0058cc    program     static Z:\home\prog\code\robo2007\trunk\traj_null.c
                   strlen   0x00595a    program     extern C:\MCC18\SRC\TRADIT~1\STDCLIB\strlen.asm
                strlenpgm   0x005976    program     extern C:\MCC18\SRC\TRADIT~1\STDCLIB\slenpgm.asm
                     test   0x0059da    program     static                          
             update_state   0x000ed0    program     extern Z:\home\prog\code\robo2007\trunk\user_routines.c
                 vfprintf   0x0017ec    program     extern C:\mcc18\src\TRADIT~1\stdclib\vfprintf.c
                   AARGB0   0x000036       data     extern C:\MCC18\SRC\TRADIT~1\MATH\aarg.asm
                   AARGB1   0x000035       data     extern C:\MCC18\SRC\TRADIT~1\MATH\aarg.asm
                   AARGB2   0x000034       data     extern C:\MCC18\SRC\TRADIT~1\MATH\aarg.asm
                   AARGB3   0x000033       data     extern C:\MCC18\SRC\TRADIT~1\MATH\aarg.asm
                   AARGB4   0x000032       data     extern C:\MCC18\SRC\TRADIT~1\MATH\aarg.asm
                   AARGB5   0x000031       data     extern C:\MCC18\SRC\TRADIT~1\MATH\aarg.asm
                   AARGB6   0x000030       data     extern C:\MCC18\SRC\TRADIT~1\MATH\aarg.asm
                   AARGB7   0x00002f       data     extern C:\MCC18\SRC\TRADIT~1\MATH\aarg.asm
                   ADCON0   0x000fc2       data     extern C:\MCC18\SRC\TRADIT~1\PROC\p18f8722.asm
               ADCON0bits   0x000fc2       data     extern C:\MCC18\SRC\TRADIT~1\PROC\p18f8722.asm
                   ADCON1   0x000fc1       data     extern C:\MCC18\SRC\TRADIT~1\PROC\p18f8722.asm
               ADCON1bits   0x000fc1       data     extern C:\MCC18\SRC\TRADIT~1\PROC\p18f8722.asm
                   ADCON2   0x000fc0       data     extern C:\MCC18\SRC\TRADIT~1\PROC\p18f8722.asm
               ADCON2bits   0x000fc0       data     extern C:\MCC18\SRC\TRADIT~1\PROC\p18f8722.asm
                    ADRES   0x000fc3       data     extern C:\MCC18\SRC\TRADIT~1\PROC\p18f8722.asm
                   ADRESH   0x000fc4       data     extern C:\MCC18\SRC\TRADIT~1\PROC\p18f8722.asm
                   ADRESL   0x000fc3       data     extern C:\MCC18\SRC\TRADIT~1\PROC\p18f8722.asm
                     AEXP   0x000037       data     extern C:\MCC18\SRC\TRADIT~1\MATH\aarg.asm
                   BARGB0   0x00003b       data     extern C:\MCC18\SRC\TRADIT~1\MATH\barg.asm
                   BARGB1   0x00003a       data     extern C:\MCC18\SRC\TRADIT~1\MATH\barg.asm
                   BARGB2   0x000039       data     extern C:\MCC18\SRC\TRADIT~1\MATH\barg.asm
                   BARGB3   0x000038       data     extern C:\MCC18\SRC\TRADIT~1\MATH\barg.asm
                  BAUDCON   0x000f7e       data     extern C:\MCC18\SRC\TRADIT~1\PROC\p18f8722.asm
                 BAUDCON1   0x000f7e       data     extern C:\MCC18\SRC\TRADIT~1\PROC\p18f8722.asm
             BAUDCON1bits   0x000f7e       data     extern C:\MCC18\SRC\TRADIT~1\PROC\p18f8722.asm
                 BAUDCON2   0x000f7c       data     extern C:\MCC18\SRC\TRADIT~1\PROC\p18f8722.asm
             BAUDCON2bits   0x000f7c       data     extern C:\MCC18\SRC\TRADIT~1\PROC\p18f8722.asm
              BAUDCONbits   0x000f7e       data     extern C:\MCC18\SRC\TRADIT~1\PROC\p18f8722.asm
                     BEXP   0x00003c       data     extern C:\MCC18\SRC\TRADIT~1\MATH\barg.asm
                      BSR   0x000fe0       data     extern C:\MCC18\SRC\TRADIT~1\PROC\p18f8722.asm
                  CCP1CON   0x000fbd       data     extern C:\MCC18\SRC\TRADIT~1\PROC\p18f8722.asm
              CCP1CONbits   0x000fbd       data     extern C:\MCC18\SRC\TRADIT~1\PROC\p18f8722.asm
                  CCP2CON   0x000fba       data     extern C:\MCC18\SRC\TRADIT~1\PROC\p18f8722.asm
              CCP2CONbits   0x000fba       data     extern C:\MCC18\SRC\TRADIT~1\PROC\p18f8722.asm
                  CCP3CON   0x000fb7       data     extern C:\MCC18\SRC\TRADIT~1\PROC\p18f8722.asm
              CCP3CONbits   0x000fb7       data     extern C:\MCC18\SRC\TRADIT~1\PROC\p18f8722.asm
                  CCP4CON   0x000f73       data     extern C:\MCC18\SRC\TRADIT~1\PROC\p18f8722.asm
              CCP4CONbits   0x000f73       data     extern C:\MCC18\SRC\TRADIT~1\PROC\p18f8722.asm
                  CCP5CON   0x000f70       data     extern C:\MCC18\SRC\TRADIT~1\PROC\p18f8722.asm
              CCP5CONbits   0x000f70       data     extern C:\MCC18\SRC\TRADIT~1\PROC\p18f8722.asm
                    CCPR1   0x000fbe       data     extern C:\MCC18\SRC\TRADIT~1\PROC\p18f8722.asm
                   CCPR1H   0x000fbf       data     extern C:\MCC18\SRC\TRADIT~1\PROC\p18f8722.asm
                   CCPR1L   0x000fbe       data     extern C:\MCC18\SRC\TRADIT~1\PROC\p18f8722.asm
                    CCPR2   0x000fbb       data     extern C:\MCC18\SRC\TRADIT~1\PROC\p18f8722.asm
                   CCPR2H   0x000fbc       data     extern C:\MCC18\SRC\TRADIT~1\PROC\p18f8722.asm
                   CCPR2L   0x000fbb       data     extern C:\MCC18\SRC\TRADIT~1\PROC\p18f8722.asm
                    CCPR3   0x000fb8       data     extern C:\MCC18\SRC\TRADIT~1\PROC\p18f8722.asm
                   CCPR3H   0x000fb9       data     extern C:\MCC18\SRC\TRADIT~1\PROC\p18f8722.asm
                   CCPR3L   0x000fb8       data     extern C:\MCC18\SRC\TRADIT~1\PROC\p18f8722.asm
                    CCPR4   0x000f74       data     extern C:\MCC18\SRC\TRADIT~1\PROC\p18f8722.asm
                   CCPR4H   0x000f75       data     extern C:\MCC18\SRC\TRADIT~1\PROC\p18f8722.asm
                   CCPR4L   0x000f74       data     extern C:\MCC18\SRC\TRADIT~1\PROC\p18f8722.asm
                    CCPR5   0x000f71       data     extern C:\MCC18\SRC\TRADIT~1\PROC\p18f8722.asm
                   CCPR5H   0x000f72       data     extern C:\MCC18\SRC\TRADIT~1\PROC\p18f8722.asm
                   CCPR5L   0x000f71       data     extern C:\MCC18\SRC\TRADIT~1\PROC\p18f8722.asm
                    CMCON   0x000fb4       data     extern C:\MCC18\SRC\TRADIT~1\PROC\p18f8722.asm
                CMCONbits   0x000fb4       data     extern C:\MCC18\SRC\TRADIT~1\PROC\p18f8722.asm
                   CVRCON   0x000fb5       data     extern C:\MCC18\SRC\TRADIT~1\PROC\p18f8722.asm
               CVRCONbits   0x000fb5       data     extern C:\MCC18\SRC\TRADIT~1\PROC\p18f8722.asm
                      Cnt   0x00002b       data     static C:\mcc18\Projects\EduCode\Util_lib.asm
                     Cnt1   0x00002c       data     static C:\mcc18\Projects\EduCode\Util_lib.asm
                     DDRA   0x000f92       data     extern C:\MCC18\SRC\TRADIT~1\PROC\p18f8722.asm
                 DDRAbits   0x000f92       data     extern C:\MCC18\SRC\TRADIT~1\PROC\p18f8722.asm
                     DDRB   0x000f93       data     extern C:\MCC18\SRC\TRADIT~1\PROC\p18f8722.asm
                 DDRBbits   0x000f93       data     extern C:\MCC18\SRC\TRADIT~1\PROC\p18f8722.asm
                     DDRC   0x000f94       data     extern C:\MCC18\SRC\TRADIT~1\PROC\p18f8722.asm
                 DDRCbits   0x000f94       data     extern C:\MCC18\SRC\TRADIT~1\PROC\p18f8722.asm
                     DDRD   0x000f95       data     extern C:\MCC18\SRC\TRADIT~1\PROC\p18f8722.asm
                 DDRDbits   0x000f95       data     extern C:\MCC18\SRC\TRADIT~1\PROC\p18f8722.asm
                     DDRE   0x000f96       data     extern C:\MCC18\SRC\TRADIT~1\PROC\p18f8722.asm
                 DDREbits   0x000f96       data     extern C:\MCC18\SRC\TRADIT~1\PROC\p18f8722.asm
                     DDRF   0x000f97       data     extern C:\MCC18\SRC\TRADIT~1\PROC\p18f8722.asm
                 DDRFbits   0x000f97       data     extern C:\MCC18\SRC\TRADIT~1\PROC\p18f8722.asm
                     DDRG   0x000f98       data     extern C:\MCC18\SRC\TRADIT~1\PROC\p18f8722.asm
                 DDRGbits   0x000f98       data     extern C:\MCC18\SRC\TRADIT~1\PROC\p18f8722.asm
                     DDRH   0x000f99       data     extern C:\MCC18\SRC\TRADIT~1\PROC\p18f8722.asm
                 DDRHbits   0x000f99       data     extern C:\MCC18\SRC\TRADIT~1\PROC\p18f8722.asm
                     DDRJ   0x000f9a       data     extern C:\MCC18\SRC\TRADIT~1\PROC\p18f8722.asm
                 DDRJbits   0x000f9a       data     extern C:\MCC18\SRC\TRADIT~1\PROC\p18f8722.asm
            DelayCounter1   0x000043       data     extern C:\MCC18\SRC\TRADIT~1\DELAYS\delayd1.asm
                  ECCP1AS   0x000fb6       data     extern C:\MCC18\SRC\TRADIT~1\PROC\p18f8722.asm
              ECCP1ASbits   0x000fb6       data     extern C:\MCC18\SRC\TRADIT~1\PROC\p18f8722.asm
                 ECCP1CON   0x000fbd       data     extern C:\MCC18\SRC\TRADIT~1\PROC\p18f8722.asm
             ECCP1CONbits   0x000fbd       data     extern C:\MCC18\SRC\TRADIT~1\PROC\p18f8722.asm
                 ECCP1DEL   0x000f79       data     extern C:\MCC18\SRC\TRADIT~1\PROC\p18f8722.asm
             ECCP1DELbits   0x000f79       data     extern C:\MCC18\SRC\TRADIT~1\PROC\p18f8722.asm
                  ECCP2AS   0x000f68       data     extern C:\MCC18\SRC\TRADIT~1\PROC\p18f8722.asm
              ECCP2ASbits   0x000f68       data     extern C:\MCC18\SRC\TRADIT~1\PROC\p18f8722.asm
[...]
                TRISCbits   0x000f94       data     extern C:\MCC18\SRC\TRADIT~1\PROC\p18f8722.asm
                    TRISD   0x000f95       data     extern C:\MCC18\SRC\TRADIT~1\PROC\p18f8722.asm
                TRISDbits   0x000f95       data     extern C:\MCC18\SRC\TRADIT~1\PROC\p18f8722.asm
                     DDRD   0x000f95       data     extern C:\MCC18\SRC\TRADIT~1\PROC\p18f8722.asm
                 DDRDbits   0x000f95       data     extern C:\MCC18\SRC\TRADIT~1\PROC\p18f8722.asm
                 DDREbits   0x000f96       data     extern C:\MCC18\SRC\TRADIT~1\PROC\p18f8722.asm
                    TRISE   0x000f96       data     extern C:\MCC18\SRC\TRADIT~1\PROC\p18f8722.asm
                TRISEbits   0x000f96       data     extern C:\MCC18\SRC\TRADIT~1\PROC\p18f8722.asm
                     DDRE   0x000f96       data     extern C:\MCC18\SRC\TRADIT~1\PROC\p18f8722.asm
                 DDRFbits   0x000f97       data     extern C:\MCC18\SRC\TRADIT~1\PROC\p18f8722.asm
                     DDRF   0x000f97       data     extern C:\MCC18\SRC\TRADIT~1\PROC\p18f8722.asm
                    TRISF   0x000f97       data     extern C:\MCC18\SRC\TRADIT~1\PROC\p18f8722.asm
                TRISFbits   0x000f97       data     extern C:\MCC18\SRC\TRADIT~1\PROC\p18f8722.asm
                 DDRGbits   0x000f98       data     extern C:\MCC18\SRC\TRADIT~1\PROC\p18f8722.asm
                     DDRG   0x000f98       data     extern C:\MCC18\SRC\TRADIT~1\PROC\p18f8722.asm
                TRISGbits   0x000f98       data     extern C:\MCC18\SRC\TRADIT~1\PROC\p18f8722.asm
                    TRISG   0x000f98       data     extern C:\MCC18\SRC\TRADIT~1\PROC\p18f8722.asm
                    TRISH   0x000f99       data     extern C:\MCC18\SRC\TRADIT~1\PROC\p18f8722.asm
                TRISHbits   0x000f99       data     extern C:\MCC18\SRC\TRADIT~1\PROC\p18f8722.asm
                     DDRH   0x000f99       data     extern C:\MCC18\SRC\TRADIT~1\PROC\p18f8722.asm
                 DDRHbits   0x000f99       data     extern C:\MCC18\SRC\TRADIT~1\PROC\p18f8722.asm
                     DDRJ   0x000f9a       data     extern C:\MCC18\SRC\TRADIT~1\PROC\p18f8722.asm
                 DDRJbits   0x000f9a       data     extern C:\MCC18\SRC\TRADIT~1\PROC\p18f8722.asm
                TRISJbits   0x000f9a       data     extern C:\MCC18\SRC\TRADIT~1\PROC\p18f8722.asm
                    TRISJ   0x000f9a       data     extern C:\MCC18\SRC\TRADIT~1\PROC\p18f8722.asm
              OSCTUNEbits   0x000f9b       data     extern C:\MCC18\SRC\TRADIT~1\PROC\p18f8722.asm
                  OSCTUNE   0x000f9b       data     extern C:\MCC18\SRC\TRADIT~1\PROC\p18f8722.asm
                   MEMCON   0x000f9c       data     extern C:\MCC18\SRC\TRADIT~1\PROC\p18f8722.asm
               MEMCONbits   0x000f9c       data     extern C:\MCC18\SRC\TRADIT~1\PROC\p18f8722.asm
                     PIE1   0x000f9d       data     extern C:\MCC18\SRC\TRADIT~1\PROC\p18f8722.asm
                 PIE1bits   0x000f9d       data     extern C:\MCC18\SRC\TRADIT~1\PROC\p18f8722.asm
                 PIR1bits   0x000f9e       data     extern C:\MCC18\SRC\TRADIT~1\PROC\p18f8722.asm
                     PIR1   0x000f9e       data     extern C:\MCC18\SRC\TRADIT~1\PROC\p18f8722.asm
                 IPR1bits   0x000f9f       data     extern C:\MCC18\SRC\TRADIT~1\PROC\p18f8722.asm
                     IPR1   0x000f9f       data     extern C:\MCC18\SRC\TRADIT~1\PROC\p18f8722.asm
                     PIE2   0x000fa0       data     extern C:\MCC18\SRC\TRADIT~1\PROC\p18f8722.asm
                 PIE2bits   0x000fa0       data     extern C:\MCC18\SRC\TRADIT~1\PROC\p18f8722.asm
                 PIR2bits   0x000fa1       data     extern C:\MCC18\SRC\TRADIT~1\PROC\p18f8722.asm
                     PIR2   0x000fa1       data     extern C:\MCC18\SRC\TRADIT~1\PROC\p18f8722.asm
                 IPR2bits   0x000fa2       data     extern C:\MCC18\SRC\TRADIT~1\PROC\p18f8722.asm
                     IPR2   0x000fa2       data     extern C:\MCC18\SRC\TRADIT~1\PROC\p18f8722.asm
                     PIE3   0x000fa3       data     extern C:\MCC18\SRC\TRADIT~1\PROC\p18f8722.asm
                 PIE3bits   0x000fa3       data     extern C:\MCC18\SRC\TRADIT~1\PROC\p18f8722.asm
                     PIR3   0x000fa4       data     extern C:\MCC18\SRC\TRADIT~1\PROC\p18f8722.asm
                 PIR3bits   0x000fa4       data     extern C:\MCC18\SRC\TRADIT~1\PROC\p18f8722.asm
                 IPR3bits   0x000fa5       data     extern C:\MCC18\SRC\TRADIT~1\PROC\p18f8722.asm
                     IPR3   0x000fa5       data     extern C:\MCC18\SRC\TRADIT~1\PROC\p18f8722.asm
                   EECON1   0x000fa6       data     extern C:\MCC18\SRC\TRADIT~1\PROC\p18f8722.asm
               EECON1bits   0x000fa6       data     extern C:\MCC18\SRC\TRADIT~1\PROC\p18f8722.asm
                   EECON2   0x000fa7       data     extern C:\MCC18\SRC\TRADIT~1\PROC\p18f8722.asm
                   EEDATA   0x000fa8       data     extern C:\MCC18\SRC\TRADIT~1\PROC\p18f8722.asm
                    EEADR   0x000fa9       data     extern C:\MCC18\SRC\TRADIT~1\PROC\p18f8722.asm
                   EEADRH   0x000faa       data     extern C:\MCC18\SRC\TRADIT~1\PROC\p18f8722.asm
                    RCSTA   0x000fab       data     extern C:\MCC18\SRC\TRADIT~1\PROC\p18f8722.asm
                RCSTAbits   0x000fab       data     extern C:\MCC18\SRC\TRADIT~1\PROC\p18f8722.asm
               RCSTA1bits   0x000fab       data     extern C:\MCC18\SRC\TRADIT~1\PROC\p18f8722.asm
                   RCSTA1   0x000fab       data     extern C:\MCC18\SRC\TRADIT~1\PROC\p18f8722.asm
               TXSTA1bits   0x000fac       data     extern C:\MCC18\SRC\TRADIT~1\PROC\p18f8722.asm
                   TXSTA1   0x000fac       data     extern C:\MCC18\SRC\TRADIT~1\PROC\p18f8722.asm
                    TXSTA   0x000fac       data     extern C:\MCC18\SRC\TRADIT~1\PROC\p18f8722.asm
                TXSTAbits   0x000fac       data     extern C:\MCC18\SRC\TRADIT~1\PROC\p18f8722.asm
                   TXREG1   0x000fad       data     extern C:\MCC18\SRC\TRADIT~1\PROC\p18f8722.asm
                    TXREG   0x000fad       data     extern C:\MCC18\SRC\TRADIT~1\PROC\p18f8722.asm
                   RCREG1   0x000fae       data     extern C:\MCC18\SRC\TRADIT~1\PROC\p18f8722.asm
                    RCREG   0x000fae       data     extern C:\MCC18\SRC\TRADIT~1\PROC\p18f8722.asm
                    SPBRG   0x000faf       data     extern C:\MCC18\SRC\TRADIT~1\PROC\p18f8722.asm
                   SPBRG1   0x000faf       data     extern C:\MCC18\SRC\TRADIT~1\PROC\p18f8722.asm
               PSPCONbits   0x000fb0       data     extern C:\MCC18\SRC\TRADIT~1\PROC\p18f8722.asm
                   PSPCON   0x000fb0       data     extern C:\MCC18\SRC\TRADIT~1\PROC\p18f8722.asm
                    T3CON   0x000fb1       data     extern C:\MCC18\SRC\TRADIT~1\PROC\p18f8722.asm
                T3CONbits   0x000fb1       data     extern C:\MCC18\SRC\TRADIT~1\PROC\p18f8722.asm
                    TMR3L   0x000fb2       data     extern C:\MCC18\SRC\TRADIT~1\PROC\p18f8722.asm
                    TMR3H   0x000fb3       data     extern C:\MCC18\SRC\TRADIT~1\PROC\p18f8722.asm
                CMCONbits   0x000fb4       data     extern C:\MCC18\SRC\TRADIT~1\PROC\p18f8722.asm
                    CMCON   0x000fb4       data     extern C:\MCC18\SRC\TRADIT~1\PROC\p18f8722.asm
                   CVRCON   0x000fb5       data     extern C:\MCC18\SRC\TRADIT~1\PROC\p18f8722.asm
               CVRCONbits   0x000fb5       data     extern C:\MCC18\SRC\TRADIT~1\PROC\p18f8722.asm
              ECCP1ASbits   0x000fb6       data     extern C:\MCC18\SRC\TRADIT~1\PROC\p18f8722.asm
                  ECCP1AS   0x000fb6       data     extern C:\MCC18\SRC\TRADIT~1\PROC\p18f8722.asm
                 ECCP3CON   0x000fb7       data     extern C:\MCC18\SRC\TRADIT~1\PROC\p18f8722.asm
             ECCP3CONbits   0x000fb7       data     extern C:\MCC18\SRC\TRADIT~1\PROC\p18f8722.asm
              CCP3CONbits   0x000fb7       data     extern C:\MCC18\SRC\TRADIT~1\PROC\p18f8722.asm
                  CCP3CON   0x000fb7       data     extern C:\MCC18\SRC\TRADIT~1\PROC\p18f8722.asm
                    CCPR3   0x000fb8       data     extern C:\MCC18\SRC\TRADIT~1\PROC\p18f8722.asm
                   CCPR3L   0x000fb8       data     extern C:\MCC18\SRC\TRADIT~1\PROC\p18f8722.asm
                   CCPR3H   0x000fb9       data     extern C:\MCC18\SRC\TRADIT~1\PROC\p18f8722.asm
              CCP2CONbits   0x000fba       data     extern C:\MCC18\SRC\TRADIT~1\PROC\p18f8722.asm
                  CCP2CON   0x000fba       data     extern C:\MCC18\SRC\TRADIT~1\PROC\p18f8722.asm
             ECCP2CONbits   0x000fba       data     extern C:\MCC18\SRC\TRADIT~1\PROC\p18f8722.asm
                 ECCP2CON   0x000fba       data     extern C:\MCC18\SRC\TRADIT~1\PROC\p18f8722.asm
                   CCPR2L   0x000fbb       data     extern C:\MCC18\SRC\TRADIT~1\PROC\p18f8722.asm
                    CCPR2   0x000fbb       data     extern C:\MCC18\SRC\TRADIT~1\PROC\p18f8722.asm
                   CCPR2H   0x000fbc       data     extern C:\MCC18\SRC\TRADIT~1\PROC\p18f8722.asm
                  CCP1CON   0x000fbd       data     extern C:\MCC18\SRC\TRADIT~1\PROC\p18f8722.asm
             ECCP1CONbits   0x000fbd       data     extern C:\MCC18\SRC\TRADIT~1\PROC\p18f8722.asm
                 ECCP1CON   0x000fbd       data     extern C:\MCC18\SRC\TRADIT~1\PROC\p18f8722.asm
              CCP1CONbits   0x000fbd       data     extern C:\MCC18\SRC\TRADIT~1\PROC\p18f8722.asm
                   CCPR1L   0x000fbe       data     extern C:\MCC18\SRC\TRADIT~1\PROC\p18f8722.asm
                    CCPR1   0x000fbe       data     extern C:\MCC18\SRC\TRADIT~1\PROC\p18f8722.asm
                   CCPR1H   0x000fbf       data     extern C:\MCC18\SRC\TRADIT~1\PROC\p18f8722.asm
               ADCON2bits   0x000fc0       data     extern C:\MCC18\SRC\TRADIT~1\PROC\p18f8722.asm
                   ADCON2   0x000fc0       data     extern C:\MCC18\SRC\TRADIT~1\PROC\p18f8722.asm
                   ADCON1   0x000fc1       data     extern C:\MCC18\SRC\TRADIT~1\PROC\p18f8722.asm
               ADCON1bits   0x000fc1       data     extern C:\MCC18\SRC\TRADIT~1\PROC\p18f8722.asm
               ADCON0bits   0x000fc2       data     extern C:\MCC18\SRC\TRADIT~1\PROC\p18f8722.asm
                   ADCON0   0x000fc2       data     extern C:\MCC18\SRC\TRADIT~1\PROC\p18f8722.asm
                    ADRES   0x000fc3       data     extern C:\MCC18\SRC\TRADIT~1\PROC\p18f8722.asm
                   ADRESL   0x000fc3       data     extern C:\MCC18\SRC\TRADIT~1\PROC\p18f8722.asm
                   ADRESH   0x000fc4       data     extern C:\MCC18\SRC\TRADIT~1\PROC\p18f8722.asm
              SSPCON2bits   0x000fc5       data     extern C:\MCC18\SRC\TRADIT~1\PROC\p18f8722.asm
                  SSPCON2   0x000fc5       data     extern C:\MCC18\SRC\TRADIT~1\PROC\p18f8722.asm
                 SSP1CON2   0x000fc5       data     extern C:\MCC18\SRC\TRADIT~1\PROC\p18f8722.asm
             SSP1CON2bits   0x000fc5       data     extern C:\MCC18\SRC\TRADIT~1\PROC\p18f8722.asm
                 SSP1CON1   0x000fc6       data     extern C:\MCC18\SRC\TRADIT~1\PROC\p18f8722.asm
             SSP1CON1bits   0x000fc6       data     extern C:\MCC18\SRC\TRADIT~1\PROC\p18f8722.asm
              SSPCON1bits   0x000fc6       data     extern C:\MCC18\SRC\TRADIT~1\PROC\p18f8722.asm
                  SSPCON1   0x000fc6       data     extern C:\MCC18\SRC\TRADIT~1\PROC\p18f8722.asm
              SSPSTATbits   0x000fc7       data     extern C:\MCC18\SRC\TRADIT~1\PROC\p18f8722.asm
                  SSPSTAT   0x000fc7       data     extern C:\MCC18\SRC\TRADIT~1\PROC\p18f8722.asm
                 SSP1STAT   0x000fc7       data     extern C:\MCC18\SRC\TRADIT~1\PROC\p18f8722.asm
             SSP1STATbits   0x000fc7       data     extern C:\MCC18\SRC\TRADIT~1\PROC\p18f8722.asm
                   SSPADD   0x000fc8       data     extern C:\MCC18\SRC\TRADIT~1\PROC\p18f8722.asm
                  SSP1ADD   0x000fc8       data     extern C:\MCC18\SRC\TRADIT~1\PROC\p18f8722.asm
                   SSPBUF   0x000fc9       data     extern C:\MCC18\SRC\TRADIT~1\PROC\p18f8722.asm
                  SSP1BUF   0x000fc9       data     extern C:\MCC18\SRC\TRADIT~1\PROC\p18f8722.asm
                T2CONbits   0x000fca       data     extern C:\MCC18\SRC\TRADIT~1\PROC\p18f8722.asm
                    T2CON   0x000fca       data     extern C:\MCC18\SRC\TRADIT~1\PROC\p18f8722.asm
                      PR2   0x000fcb       data     extern C:\MCC18\SRC\TRADIT~1\PROC\p18f8722.asm
                     TMR2   0x000fcc       data     extern C:\MCC18\SRC\TRADIT~1\PROC\p18f8722.asm
                T1CONbits   0x000fcd       data     extern C:\MCC18\SRC\TRADIT~1\PROC\p18f8722.asm
                    T1CON   0x000fcd       data     extern C:\MCC18\SRC\TRADIT~1\PROC\p18f8722.asm
                    TMR1L   0x000fce       data     extern C:\MCC18\SRC\TRADIT~1\PROC\p18f8722.asm
                    TMR1H   0x000fcf       data     extern C:\MCC18\SRC\TRADIT~1\PROC\p18f8722.asm
                 RCONbits   0x000fd0       data     extern C:\MCC18\SRC\TRADIT~1\PROC\p18f8722.asm
                     RCON   0x000fd0       data     extern C:\MCC18\SRC\TRADIT~1\PROC\p18f8722.asm
               WDTCONbits   0x000fd1       data     extern C:\MCC18\SRC\TRADIT~1\PROC\p18f8722.asm
                   WDTCON   0x000fd1       data     extern C:\MCC18\SRC\TRADIT~1\PROC\p18f8722.asm
               LVDCONbits   0x000fd2       data     extern C:\MCC18\SRC\TRADIT~1\PROC\p18f8722.asm
                   LVDCON   0x000fd2       data     extern C:\MCC18\SRC\TRADIT~1\PROC\p18f8722.asm
              HLVDCONbits   0x000fd2       data     extern C:\MCC18\SRC\TRADIT~1\PROC\p18f8722.asm
                  HLVDCON   0x000fd2       data     extern C:\MCC18\SRC\TRADIT~1\PROC\p18f8722.asm
                   OSCCON   0x000fd3       data     extern C:\MCC18\SRC\TRADIT~1\PROC\p18f8722.asm
               OSCCONbits   0x000fd3       data     extern C:\MCC18\SRC\TRADIT~1\PROC\p18f8722.asm
                    T0CON   0x000fd5       data     extern C:\MCC18\SRC\TRADIT~1\PROC\p18f8722.asm
                T0CONbits   0x000fd5       data     extern C:\MCC18\SRC\TRADIT~1\PROC\p18f8722.asm
                    TMR0L   0x000fd6       data     extern C:\MCC18\SRC\TRADIT~1\PROC\p18f8722.asm
                    TMR0H   0x000fd7       data     extern C:\MCC18\SRC\TRADIT~1\PROC\p18f8722.asm
                   STATUS   0x000fd8       data     extern C:\MCC18\SRC\TRADIT~1\PROC\p18f8722.asm
               STATUSbits   0x000fd8       data     extern C:\MCC18\SRC\TRADIT~1\PROC\p18f8722.asm
                    FSR2L   0x000fd9       data     extern C:\MCC18\SRC\TRADIT~1\PROC\p18f8722.asm
                     FSR2   0x000fd9       data     extern C:\MCC18\SRC\TRADIT~1\PROC\p18f8722.asm
                    FSR2H   0x000fda       data     extern C:\MCC18\SRC\TRADIT~1\PROC\p18f8722.asm
                   PLUSW2   0x000fdb       data     extern C:\MCC18\SRC\TRADIT~1\PROC\p18f8722.asm
                  PREINC2   0x000fdc       data     extern C:\MCC18\SRC\TRADIT~1\PROC\p18f8722.asm
                 POSTDEC2   0x000fdd       data     extern C:\MCC18\SRC\TRADIT~1\PROC\p18f8722.asm
                 POSTINC2   0x000fde       data     extern C:\MCC18\SRC\TRADIT~1\PROC\p18f8722.asm
                    INDF2   0x000fdf       data     extern C:\MCC18\SRC\TRADIT~1\PROC\p18f8722.asm
                      BSR   0x000fe0       data     extern C:\MCC18\SRC\TRADIT~1\PROC\p18f8722.asm
                    FSR1L   0x000fe1       data     extern C:\MCC18\SRC\TRADIT~1\PROC\p18f8722.asm
                     FSR1   0x000fe1       data     extern C:\MCC18\SRC\TRADIT~1\PROC\p18f8722.asm
                    FSR1H   0x000fe2       data     extern C:\MCC18\SRC\TRADIT~1\PROC\p18f8722.asm
                   PLUSW1   0x000fe3       data     extern C:\MCC18\SRC\TRADIT~1\PROC\p18f8722.asm
                  PREINC1   0x000fe4       data     extern C:\MCC18\SRC\TRADIT~1\PROC\p18f8722.asm
                 POSTDEC1   0x000fe5       data     extern C:\MCC18\SRC\TRADIT~1\PROC\p18f8722.asm
                 POSTINC1   0x000fe6       data     extern C:\MCC18\SRC\TRADIT~1\PROC\p18f8722.asm
                    INDF1   0x000fe7       data     extern C:\MCC18\SRC\TRADIT~1\PROC\p18f8722.asm
                     WREG   0x000fe8       data     extern C:\MCC18\SRC\TRADIT~1\PROC\p18f8722.asm
                     FSR0   0x000fe9       data     extern C:\MCC18\SRC\TRADIT~1\PROC\p18f8722.asm
                    FSR0L   0x000fe9       data     extern C:\MCC18\SRC\TRADIT~1\PROC\p18f8722.asm
                    FSR0H   0x000fea       data     extern C:\MCC18\SRC\TRADIT~1\PROC\p18f8722.asm
                   PLUSW0   0x000feb       data     extern C:\MCC18\SRC\TRADIT~1\PROC\p18f8722.asm
                  PREINC0   0x000fec       data     extern C:\MCC18\SRC\TRADIT~1\PROC\p18f8722.asm
                 POSTDEC0   0x000fed       data     extern C:\MCC18\SRC\TRADIT~1\PROC\p18f8722.asm
                 POSTINC0   0x000fee       data     extern C:\MCC18\SRC\TRADIT~1\PROC\p18f8722.asm
                    INDF0   0x000fef       data     extern C:\MCC18\SRC\TRADIT~1\PROC\p18f8722.asm
              INTCON3bits   0x000ff0       data     extern C:\MCC18\SRC\TRADIT~1\PROC\p18f8722.asm
                  INTCON3   0x000ff0       data     extern C:\MCC18\SRC\TRADIT~1\PROC\p18f8722.asm
              INTCON2bits   0x000ff1       data     extern C:\MCC18\SRC\TRADIT~1\PROC\p18f8722.asm
                  INTCON2   0x000ff1       data     extern C:\MCC18\SRC\TRADIT~1\PROC\p18f8722.asm
               INTCONbits   0x000ff2       data     extern C:\MCC18\SRC\TRADIT~1\PROC\p18f8722.asm
                   INTCON   0x000ff2       data     extern C:\MCC18\SRC\TRADIT~1\PROC\p18f8722.asm
                     PROD   0x000ff3       data     extern C:\MCC18\SRC\TRADIT~1\PROC\p18f8722.asm
                    PRODL   0x000ff3       data     extern C:\MCC18\SRC\TRADIT~1\PROC\p18f8722.asm
                    PRODH   0x000ff4       data     extern C:\MCC18\SRC\TRADIT~1\PROC\p18f8722.asm
                   TABLAT   0x000ff5       data     extern C:\MCC18\SRC\TRADIT~1\PROC\p18f8722.asm
                  TBLPTRL   0x000ff6       data     extern C:\MCC18\SRC\TRADIT~1\PROC\p18f8722.asm
                   TBLPTR   0x000ff6       data     extern C:\MCC18\SRC\TRADIT~1\PROC\p18f8722.asm
                  TBLPTRH   0x000ff7       data     extern C:\MCC18\SRC\TRADIT~1\PROC\p18f8722.asm
                  TBLPTRU   0x000ff8       data     extern C:\MCC18\SRC\TRADIT~1\PROC\p18f8722.asm
                       PC   0x000ff9       data     extern C:\MCC18\SRC\TRADIT~1\PROC\p18f8722.asm
                      PCL   0x000ff9       data     extern C:\MCC18\SRC\TRADIT~1\PROC\p18f8722.asm
                   PCLATH   0x000ffa       data     extern C:\MCC18\SRC\TRADIT~1\PROC\p18f8722.asm
                   PCLATU   0x000ffb       data     extern C:\MCC18\SRC\TRADIT~1\PROC\p18f8722.asm
               STKPTRbits   0x000ffc       data     extern C:\MCC18\SRC\TRADIT~1\PROC\p18f8722.asm
                   STKPTR   0x000ffc       data     extern C:\MCC18\SRC\TRADIT~1\PROC\p18f8722.asm
                      TOS   0x000ffd       data     extern C:\MCC18\SRC\TRADIT~1\PROC\p18f8722.asm
                     TOSL   0x000ffd       data     extern C:\MCC18\SRC\TRADIT~1\PROC\p18f8722.asm
                     TOSH   0x000ffe       data     extern C:\MCC18\SRC\TRADIT~1\PROC\p18f8722.asm
                     TOSU   0x000fff       data     extern C:\MCC18\SRC\TRADIT~1\PROC\p18f8722.asm


